Archive member included to satisfy reference by file (symbol)

.\ARM_GCC_541\Debug\DualTone MultiFrequency Coder.a(ADC_DelSig_1.o)
                              .\ARM_GCC_541\Debug\main.o (ADC_DelSig_1_Start)
.\ARM_GCC_541\Debug\DualTone MultiFrequency Coder.a(ADC_DelSig_1_INT.o)
                              .\ARM_GCC_541\Debug\DualTone MultiFrequency Coder.a(ADC_DelSig_1.o) (ADC_DelSig_1_ISR1)
.\ARM_GCC_541\Debug\DualTone MultiFrequency Coder.a(ADC_DelSig_1_AMux.o)
                              .\ARM_GCC_541\Debug\DualTone MultiFrequency Coder.a(ADC_DelSig_1.o) (ADC_DelSig_1_AMux_Select)
.\ARM_GCC_541\Debug\DualTone MultiFrequency Coder.a(ADC_DelSig_1_Ext_CP_Clk.o)
                              .\ARM_GCC_541\Debug\DualTone MultiFrequency Coder.a(ADC_DelSig_1.o) (ADC_DelSig_1_Ext_CP_Clk_SetDividerRegister)
.\ARM_GCC_541\Debug\DualTone MultiFrequency Coder.a(ADC_DelSig_1_theACLK.o)
                              .\ARM_GCC_541\Debug\DualTone MultiFrequency Coder.a(ADC_DelSig_1.o) (ADC_DelSig_1_theACLK_SetDividerRegister)
.\ARM_GCC_541\Debug\DualTone MultiFrequency Coder.a(CyDmac.o)
                              .\ARM_GCC_541\Debug\Cm3Start.o (CyDmacConfigure)
.\ARM_GCC_541\Debug\DualTone MultiFrequency Coder.a(CyLib.o)
                              .\ARM_GCC_541\Debug\Cm3Start.o (CyResetStatus)
.\ARM_GCC_541\Debug\DualTone MultiFrequency Coder.a(cyPm.o)
                              .\ARM_GCC_541\Debug\DualTone MultiFrequency Coder.a(CyLib.o) (CyPmReadStatus)
.\ARM_GCC_541\Debug\DualTone MultiFrequency Coder.a(UART_1.o)
                              .\ARM_GCC_541\Debug\main.o (UART_1_Start)
.\ARM_GCC_541\Debug\DualTone MultiFrequency Coder.a(UART_1_IntClock.o)
                              .\ARM_GCC_541\Debug\DualTone MultiFrequency Coder.a(UART_1.o) (UART_1_IntClock_Start)
.\ARM_GCC_541\Debug\DualTone MultiFrequency Coder.a(Timer.o)
                              .\ARM_GCC_541\Debug\main.o (Timer_Start)
.\ARM_GCC_541\Debug\DualTone MultiFrequency Coder.a(isr.o)
                              .\ARM_GCC_541\Debug\main.o (isr_StartEx)
.\ARM_GCC_541\Debug\DualTone MultiFrequency Coder.a(HF_SW1.o)
                              .\ARM_GCC_541\Debug\main.o (HF_SW1_Write)
.\ARM_GCC_541\Debug\DualTone MultiFrequency Coder.a(HF_SW2.o)
                              .\ARM_GCC_541\Debug\main.o (HF_SW2_Write)
.\ARM_GCC_541\Debug\DualTone MultiFrequency Coder.a(LF_SW1.o)
                              .\ARM_GCC_541\Debug\main.o (LF_SW1_Write)
.\ARM_GCC_541\Debug\DualTone MultiFrequency Coder.a(LF_SW2.o)
                              .\ARM_GCC_541\Debug\main.o (LF_SW2_Write)
.\ARM_GCC_541\Debug\DualTone MultiFrequency Coder.a(HF_DAC_1.o)
                              .\ARM_GCC_541\Debug\main.o (HF_DAC_1_Start)
.\ARM_GCC_541\Debug\DualTone MultiFrequency Coder.a(HF_DAC_1_PM.o)
                              .\ARM_GCC_541\Debug\main.o (HF_DAC_1_Sleep)
.\ARM_GCC_541\Debug\DualTone MultiFrequency Coder.a(LF_DAC_1.o)
                              .\ARM_GCC_541\Debug\main.o (LF_DAC_1_Start)
.\ARM_GCC_541\Debug\DualTone MultiFrequency Coder.a(LF_DAC_1_PM.o)
                              .\ARM_GCC_541\Debug\main.o (LF_DAC_1_Sleep)
.\ARM_GCC_541\Debug\DualTone MultiFrequency Coder.a(HF_DAC_2.o)
                              .\ARM_GCC_541\Debug\main.o (HF_DAC_2_Start)
.\ARM_GCC_541\Debug\DualTone MultiFrequency Coder.a(HF_DAC_2_PM.o)
                              .\ARM_GCC_541\Debug\main.o (HF_DAC_2_Sleep)
.\ARM_GCC_541\Debug\DualTone MultiFrequency Coder.a(LF_DAC_2.o)
                              .\ARM_GCC_541\Debug\main.o (LF_DAC_2_Start)
.\ARM_GCC_541\Debug\DualTone MultiFrequency Coder.a(LF_DAC_2_PM.o)
                              .\ARM_GCC_541\Debug\main.o (LF_DAC_2_Sleep)
.\ARM_GCC_541\Debug\DualTone MultiFrequency Coder.a(HF_DAC_1_DacClk.o)
                              .\ARM_GCC_541\Debug\DualTone MultiFrequency Coder.a(HF_DAC_1.o) (HF_DAC_1_DacClk_Start)
.\ARM_GCC_541\Debug\DualTone MultiFrequency Coder.a(HF_DAC_1_Wave1_DMA_dma.o)
                              .\ARM_GCC_541\Debug\DualTone MultiFrequency Coder.a(HF_DAC_1.o) (HF_DAC_1_Wave1_DMA_DmaInitialize)
.\ARM_GCC_541\Debug\DualTone MultiFrequency Coder.a(HF_DAC_1_Wave2_DMA_dma.o)
                              .\ARM_GCC_541\Debug\DualTone MultiFrequency Coder.a(HF_DAC_1.o) (HF_DAC_1_Wave2_DMA_DmaInitialize)
.\ARM_GCC_541\Debug\DualTone MultiFrequency Coder.a(HF_DAC_1_VDAC8.o)
                              .\ARM_GCC_541\Debug\DualTone MultiFrequency Coder.a(HF_DAC_1.o) (HF_DAC_1_VDAC8_Init)
.\ARM_GCC_541\Debug\DualTone MultiFrequency Coder.a(HF_DAC_1_VDAC8_PM.o)
                              .\ARM_GCC_541\Debug\DualTone MultiFrequency Coder.a(HF_DAC_1_PM.o) (HF_DAC_1_VDAC8_SaveConfig)
.\ARM_GCC_541\Debug\DualTone MultiFrequency Coder.a(LF_DAC_1_DacClk.o)
                              .\ARM_GCC_541\Debug\DualTone MultiFrequency Coder.a(LF_DAC_1.o) (LF_DAC_1_DacClk_Start)
.\ARM_GCC_541\Debug\DualTone MultiFrequency Coder.a(LF_DAC_1_Wave1_DMA_dma.o)
[...]
Memory Configuration

Name             Origin             Length             Attributes
rom              0x00000000         0x00040000         xr
ram              0x1fff8000         0x00010000         xrw
*default*        0x00000000         0xffffffff

Linker script and memory map

LOAD c:/program files (x86)/cypress/psoc creator/4.1/psoc creator/import/gnu/arm/5.4.1/bin/../lib/gcc/arm-none-eabi/5.4.1/armv7-m/crti.o
LOAD c:/program files (x86)/cypress/psoc creator/4.1/psoc creator/import/gnu/arm/5.4.1/bin/../lib/gcc/arm-none-eabi/5.4.1/armv7-m/crtbegin.o
LOAD c:/program files (x86)/cypress/psoc creator/4.1/psoc creator/import/gnu/arm/5.4.1/bin/../lib/gcc/arm-none-eabi/5.4.1/../../../../arm-none-eabi/lib/armv7-m/crt0.o
START GROUP
LOAD .\ARM_GCC_541\Debug\main.o
LOAD .\ARM_GCC_541\Debug\cyfitter_cfg.o
LOAD .\ARM_GCC_541\Debug\cymetadata.o
LOAD .\ARM_GCC_541\Debug\Cm3Start.o
LOAD .\ARM_GCC_541\Debug\DualTone MultiFrequency Coder.a
LOAD C:\Program Files (x86)\Cypress\PSoC Creator\4.1\PSoC Creator\psoc\content\cycomponentlibrary\CyComponentLibrary.cylib\CortexM3\ARM_GCC_541\Debug\CyComponentLibrary.a
LOAD c:/program files (x86)/cypress/psoc creator/4.1/psoc creator/import/gnu/arm/5.4.1/bin/../lib/gcc/arm-none-eabi/5.4.1/../../../../arm-none-eabi/lib/armv7-m\libm.a
END GROUP
START GROUP
LOAD c:/program files (x86)/cypress/psoc creator/4.1/psoc creator/import/gnu/arm/5.4.1/bin/../lib/gcc/arm-none-eabi/5.4.1/armv7-m\libgcc.a
LOAD c:/program files (x86)/cypress/psoc creator/4.1/psoc creator/import/gnu/arm/5.4.1/bin/../lib/gcc/arm-none-eabi/5.4.1/../../../../arm-none-eabi/lib/armv7-m\libg_nano.a
LOAD c:/program files (x86)/cypress/psoc creator/4.1/psoc creator/import/gnu/arm/5.4.1/bin/../lib/gcc/arm-none-eabi/5.4.1/../../../../arm-none-eabi/lib/armv7-m\libc_nano.a
END GROUP
START GROUP
LOAD c:/program files (x86)/cypress/psoc creator/4.1/psoc creator/import/gnu/arm/5.4.1/bin/../lib/gcc/arm-none-eabi/5.4.1/armv7-m\libgcc.a
LOAD c:/program files (x86)/cypress/psoc creator/4.1/psoc creator/import/gnu/arm/5.4.1/bin/../lib/gcc/arm-none-eabi/5.4.1/../../../../arm-none-eabi/lib/armv7-m\libc_nano.a
END GROUP
LOAD c:/program files (x86)/cypress/psoc creator/4.1/psoc creator/import/gnu/arm/5.4.1/bin/../lib/gcc/arm-none-eabi/5.4.1/armv7-m/crtend.o
LOAD c:/program files (x86)/cypress/psoc creator/4.1/psoc creator/import/gnu/arm/5.4.1/bin/../lib/gcc/arm-none-eabi/5.4.1/armv7-m/crtn.o
START GROUP
LOAD c:/program files (x86)/cypress/psoc creator/4.1/psoc creator/import/gnu/arm/5.4.1/bin/../lib/gcc/arm-none-eabi/5.4.1/armv7-m\libgcc.a
LOAD c:/program files (x86)/cypress/psoc creator/4.1/psoc creator/import/gnu/arm/5.4.1/bin/../lib/gcc/arm-none-eabi/5.4.1/../../../../arm-none-eabi/lib/armv7-m\libc.a
LOAD c:/program files (x86)/cypress/psoc creator/4.1/psoc creator/import/gnu/arm/5.4.1/bin/../lib/gcc/arm-none-eabi/5.4.1/../../../../arm-none-eabi/lib/armv7-m\libnosys.a
END GROUP
                0x00000000                CY_APPL_ORIGIN = 0x0
                0x00000100                CY_FLASH_ROW_SIZE = 0x100
                0x00000020                CY_ECC_ROW_SIZE = 0x20
                0x00000000                CY_EE_IN_BTLDR = 0x0
                0x00000000                CY_APPL_LOADABLE = 0x0
                0x00000800                CY_EE_SIZE = 0x800
                0x00000001                CY_APPL_NUM = 0x1
                0x00000001                CY_APPL_MAX = 0x1
                0x00000040                CY_METADATA_SIZE = 0x40
                0x00000000                CY_APPL_LOADABLE = 0x0
                0x00000000                CY_CHECKSUM_EXCLUDE_SIZE = ALIGN (0x0, CY_FLASH_ROW_SIZE)
                [!provide]                PROVIDE (__cy_heap_start, _end)
                0x00000001                PROVIDE (__cy_region_num, ((__cy_regions_end - __cy_regions) / 0x10))
                0x20008000                PROVIDE (__cy_stack, (ORIGIN (ram) + LENGTH (ram)))
                [!provide]                PROVIDE (__cy_heap_end, (__cy_stack - 0x800))

.cybootloader   0x00000000        0x0
 *(.cybootloader)
                0x00000000                appl1_start = CY_APPL_ORIGIN?CY_APPL_ORIGIN:ALIGN (CY_FLASH_ROW_SIZE)
                0x0001ff00                appl2_start = (appl1_start + ALIGN ((((LENGTH (rom) - appl1_start) - (0x2 * CY_FLASH_ROW_SIZE)) / 0x2), CY_FLASH_ROW_SIZE))
                0x00000000                appl_start = (CY_APPL_NUM == 0x1)?appl1_start:appl2_start
                0x00000000                ecc_offset = ((appl_start / CY_FLASH_ROW_SIZE) * CY_ECC_ROW_SIZE)
                0x00000000                ee_offset = (CY_APPL_LOADABLE && ! (CY_EE_IN_BTLDR))?((CY_EE_SIZE / CY_APPL_MAX) * (CY_APPL_NUM - 0x1)):0x0
                0x00000800                ee_size = (CY_APPL_LOADABLE && ! (CY_EE_IN_BTLDR))?(CY_EE_SIZE / CY_APPL_MAX):CY_EE_SIZE
                [!provide]                PROVIDE (CY_ECC_OFFSET, ecc_offset)

.text           0x00000000     0x6214
 CREATE_OBJECT_SYMBOLS
                0x00000000                PROVIDE (__cy_interrupt_vector, RomVectors)
 *(.romvectors)
 .romvectors    0x00000000       0x10 .\ARM_GCC_541\Debug\Cm3Start.o
                0x00000000                RomVectors
                0x00000001                ASSERT ((. != __cy_interrupt_vector), No interrupt vector)
                0x00000001                ASSERT (CY_APPL_ORIGIN?(SIZEOF (.cybootloader) <= CY_APPL_ORIGIN):0x1, Wrong image location)
                0x00000010                PROVIDE (__cy_reset, Reset)
 *(.text.Reset)
 .text.Reset    0x00000010       0x18 .\ARM_GCC_541\Debug\Cm3Start.o
                0x00000010                Reset
                0x00000001                ASSERT ((. != __cy_reset), No reset code)
 *(.dma_init)
                0x00000001                ASSERT ((((appl_start + .) <= 0x10000) || 0x1), DMA Init must be within the first 64k of flash)
 *(.text .text.* .gnu.linkonce.t.*)
 .text          0x00000028       0x5c c:/program files (x86)/cypress/psoc creator/4.1/psoc creator/import/gnu/arm/5.4.1/bin/../lib/gcc/arm-none-eabi/5.4.1/armv7-m/crtbegin.o
 .text.Transmit
                0x00000084       0xb8 .\ARM_GCC_541\Debug\main.o
                0x00000084                Transmit
 .text.UserInput
                0x0000013c        0xc .\ARM_GCC_541\Debug\main.o
                0x0000013c                UserInput
 .text.DisableAllDigitalToAnalogConverters
                0x00000148       0x38 .\ARM_GCC_541\Debug\main.o
                0x00000148                DisableAllDigitalToAnalogConverters
 .text.main     0x00000180      0x444 .\ARM_GCC_541\Debug\main.o
                0x00000180                main
 .text.DTMF     0x000005c4      0x2cc .\ARM_GCC_541\Debug\main.o
                0x000005c4                DTMF
 .text.Goertzel
                0x00000890      0x21c .\ARM_GCC_541\Debug\main.o
                0x00000890                Goertzel
 .text.getMaxValue
                0x00000aac       0x64 .\ARM_GCC_541\Debug\main.o
                0x00000aac                getMaxValue
 .text.CYMEMZERO
                0x00000b10       0x1c .\ARM_GCC_541\Debug\cyfitter_cfg.o
 .text.CYCONFIGCPY
                0x00000b2c       0x20 .\ARM_GCC_541\Debug\cyfitter_cfg.o
 .text.CyClockStartupError
                0x00000b4c        0xc .\ARM_GCC_541\Debug\cyfitter_cfg.o
 .text.cfg_write_bytes32
                0x00000b58       0x74 .\ARM_GCC_541\Debug\cyfitter_cfg.o
 .text.ClockSetup
                0x00000bcc      0x1bc .\ARM_GCC_541\Debug\cyfitter_cfg.o
 .text.AnalogSetDefault
                0x00000d88       0x94 .\ARM_GCC_541\Debug\cyfitter_cfg.o
 .text.ADC_DelSig_1_AMux_Set
                0x00000e1c       0x40 .\ARM_GCC_541\Debug\cyfitter_cfg.o
                0x00000e1c                ADC_DelSig_1_AMux_Set
 .text.ADC_DelSig_1_AMux_Unset
                0x00000e5c       0x44 .\ARM_GCC_541\Debug\cyfitter_cfg.o
                0x00000e5c                ADC_DelSig_1_AMux_Unset
 .text.cyfitter_cfg
                0x00000ea0      0x1fc .\ARM_GCC_541\Debug\cyfitter_cfg.o
                0x00000ea0                cyfitter_cfg
 .text.IntDefaultHandler
                0x0000109c       0x14 .\ARM_GCC_541\Debug\Cm3Start.o
                0x0000109c                IntDefaultHandler
 .text._sbrk    0x000010b0       0x50 .\ARM_GCC_541\Debug\Cm3Start.o
                0x000010b0                _sbrk
 .text.Start_c  0x00001100       0x98 .\ARM_GCC_541\Debug\Cm3Start.o
                0x00001100                Start_c
 .text.initialize_psoc
                0x00001198       0x94 .\ARM_GCC_541\Debug\Cm3Start.o
                0x00001198                initialize_psoc
 .text.ADC_DelSig_1_Init
                0x0000122c      0x11c .\ARM_GCC_541\Debug\DualTone MultiFrequency Coder.a(ADC_DelSig_1.o)
                0x0000122c                ADC_DelSig_1_Init
 .text.ADC_DelSig_1_Enable
                0x00001348      0x158 .\ARM_GCC_541\Debug\DualTone MultiFrequency Coder.a(ADC_DelSig_1.o)
                0x00001348                ADC_DelSig_1_Enable
 .text.ADC_DelSig_1_Start
                0x000014a0       0x30 .\ARM_GCC_541\Debug\DualTone MultiFrequency Coder.a(ADC_DelSig_1.o)
                0x000014a0                ADC_DelSig_1_Start
 .text.ADC_DelSig_1_StartConvert
                0x000014d0       0x20 .\ARM_GCC_541\Debug\DualTone MultiFrequency Coder.a(ADC_DelSig_1.o)
                0x000014d0                ADC_DelSig_1_StartConvert
 .text.ADC_DelSig_1_IsEndConversion
                0x000014f0       0x4c .\ARM_GCC_541\Debug\DualTone MultiFrequency Coder.a(ADC_DelSig_1.o)
                0x000014f0                ADC_DelSig_1_IsEndConversion
 .text.ADC_DelSig_1_GetResult16
                0x0000153c       0x7c .\ARM_GCC_541\Debug\DualTone MultiFrequency Coder.a(ADC_DelSig_1.o)
                0x0000153c                ADC_DelSig_1_GetResult16
 .text.ADC_DelSig_1_InitConfig
                0x000015b8      0x164 .\ARM_GCC_541\Debug\DualTone MultiFrequency Coder.a(ADC_DelSig_1.o)
 .text.ADC_DelSig_1_GainCompensation
                0x0000171c      0x170 .\ARM_GCC_541\Debug\DualTone MultiFrequency Coder.a(ADC_DelSig_1.o)
 .text.ADC_DelSig_1_SetDSMRef0Reg
                0x0000188c       0x7c .\ARM_GCC_541\Debug\DualTone MultiFrequency Coder.a(ADC_DelSig_1.o)
 .text.ADC_DelSig_1_ISR1
                0x00001908        0xc .\ARM_GCC_541\Debug\DualTone MultiFrequency Coder.a(ADC_DelSig_1_INT.o)
                0x00001908                ADC_DelSig_1_ISR1
 .text.ADC_DelSig_1_AMux_Start
                0x00001914       0x34 .\ARM_GCC_541\Debug\DualTone MultiFrequency Coder.a(ADC_DelSig_1_AMux.o)
                0x00001914                ADC_DelSig_1_AMux_Start
 .text.ADC_DelSig_1_AMux_Select
                0x00001948       0x28 .\ARM_GCC_541\Debug\DualTone MultiFrequency Coder.a(ADC_DelSig_1_AMux.o)
                0x00001948                ADC_DelSig_1_AMux_Select
 .text.ADC_DelSig_1_Ext_CP_Clk_SetDividerRegister
                0x00001970      0x164 .\ARM_GCC_541\Debug\DualTone MultiFrequency Coder.a(ADC_DelSig_1_Ext_CP_Clk.o)
                0x00001970                ADC_DelSig_1_Ext_CP_Clk_SetDividerRegister
 .text.ADC_DelSig_1_Ext_CP_Clk_GetDividerRegister
                0x00001ad4       0x18 .\ARM_GCC_541\Debug\DualTone MultiFrequency Coder.a(ADC_DelSig_1_Ext_CP_Clk.o)
                0x00001ad4                ADC_DelSig_1_Ext_CP_Clk_GetDividerRegister
 .text.ADC_DelSig_1_Ext_CP_Clk_SetModeRegister
                0x00001aec       0x34 .\ARM_GCC_541\Debug\DualTone MultiFrequency Coder.a(ADC_DelSig_1_Ext_CP_Clk.o)
                0x00001aec                ADC_DelSig_1_Ext_CP_Clk_SetModeRegister
 .text.ADC_DelSig_1_Ext_CP_Clk_GetSourceRegister
                0x00001b20       0x1c .\ARM_GCC_541\Debug\DualTone MultiFrequency Coder.a(ADC_DelSig_1_Ext_CP_Clk.o)
                0x00001b20                ADC_DelSig_1_Ext_CP_Clk_GetSourceRegister
 .text.ADC_DelSig_1_theACLK_SetDividerRegister
                0x00001b3c      0x164 .\ARM_GCC_541\Debug\DualTone MultiFrequency Coder.a(ADC_DelSig_1_theACLK.o)
                0x00001b3c                ADC_DelSig_1_theACLK_SetDividerRegister
 .text.ADC_DelSig_1_theACLK_GetDividerRegister
                0x00001ca0       0x18 .\ARM_GCC_541\Debug\DualTone MultiFrequency Coder.a(ADC_DelSig_1_theACLK.o)
                0x00001ca0                ADC_DelSig_1_theACLK_GetDividerRegister
 .text.ADC_DelSig_1_theACLK_SetModeRegister
                0x00001cb8       0x34 .\ARM_GCC_541\Debug\DualTone MultiFrequency Coder.a(ADC_DelSig_1_theACLK.o)
                0x00001cb8                ADC_DelSig_1_theACLK_SetModeRegister
 .text.ADC_DelSig_1_theACLK_GetSourceRegister
                0x00001cec       0x1c .\ARM_GCC_541\Debug\DualTone MultiFrequency Coder.a(ADC_DelSig_1_theACLK.o)
                0x00001cec                ADC_DelSig_1_theACLK_GetSourceRegister
 .text.CyDmacConfigure
                0x00001d08       0x5c .\ARM_GCC_541\Debug\DualTone MultiFrequency Coder.a(CyDmac.o)
                0x00001d08                CyDmacConfigure
 .text.CyDmaChEnable
                0x00001d64       0x8c .\ARM_GCC_541\Debug\DualTone MultiFrequency Coder.a(CyDmac.o)
                0x00001d64                CyDmaChEnable
 .text.CyDmaChDisable
                0x00001df0       0x60 .\ARM_GCC_541\Debug\DualTone MultiFrequency Coder.a(CyDmac.o)
                0x00001df0                CyDmaChDisable
 .text.CyDmaChPriority
                0x00001e50       0x64 .\ARM_GCC_541\Debug\DualTone MultiFrequency Coder.a(CyDmac.o)
                0x00001e50                CyDmaChPriority
 .text.CyDmaChSetExtendedAddress
                0x00001eb4       0x78 .\ARM_GCC_541\Debug\DualTone MultiFrequency Coder.a(CyDmac.o)
                0x00001eb4                CyDmaChSetExtendedAddress
 .text.CyDmaChSetInitialTd
                0x00001f2c       0x3c .\ARM_GCC_541\Debug\DualTone MultiFrequency Coder.a(CyDmac.o)
                0x00001f2c                CyDmaChSetInitialTd
 .text.CyDmaChSetConfiguration
                0x00001f68       0xa0 .\ARM_GCC_541\Debug\DualTone MultiFrequency Coder.a(CyDmac.o)
                0x00001f68                CyDmaChSetConfiguration
 .text.CyDmaTdAllocate
                0x00002008       0x5c .\ARM_GCC_541\Debug\DualTone MultiFrequency Coder.a(CyDmac.o)
                0x00002008                CyDmaTdAllocate
 .text.CyDmaTdSetConfiguration
                0x00002064       0x80 .\ARM_GCC_541\Debug\DualTone MultiFrequency Coder.a(CyDmac.o)
                0x00002064                CyDmaTdSetConfiguration
 .text.CyDmaTdSetAddress
                0x000020e4       0x5c .\ARM_GCC_541\Debug\DualTone MultiFrequency Coder.a(CyDmac.o)
                0x000020e4                CyDmaTdSetAddress
 .text.CyHalt   0x00002140       0x18 .\ARM_GCC_541\Debug\DualTone MultiFrequency Coder.a(CyLib.o)
                0x00002140                CyHalt
 .text.CyDelayUs
                0x00002158       0x28 .\ARM_GCC_541\Debug\DualTone MultiFrequency Coder.a(CyLib.o)
                0x00002158                CyDelayUs
 .text.CyIntSetVector
                0x00002180       0x50 .\ARM_GCC_541\Debug\DualTone MultiFrequency Coder.a(CyLib.o)
                0x00002180                CyIntSetVector
 .text.CyIntSetPriority
                0x000021d0       0x48 .\ARM_GCC_541\Debug\DualTone MultiFrequency Coder.a(CyLib.o)
                0x000021d0                CyIntSetPriority
 .text.UART_1_Start
                0x00002218       0x24 .\ARM_GCC_541\Debug\DualTone MultiFrequency Coder.a(UART_1.o)
                0x00002218                UART_1_Start
 .text.UART_1_Init
                0x0000223c       0x40 .\ARM_GCC_541\Debug\DualTone MultiFrequency Coder.a(UART_1.o)
                0x0000223c                UART_1_Init
 .text.UART_1_Enable
                0x0000227c       0x60 .\ARM_GCC_541\Debug\DualTone MultiFrequency Coder.a(UART_1.o)
                0x0000227c                UART_1_Enable
 .text.UART_1_GetChar
                0x000022dc       0x44 .\ARM_GCC_541\Debug\DualTone MultiFrequency Coder.a(UART_1.o)
                0x000022dc                UART_1_GetChar
 .text.UART_1_PutChar
                0x00002320       0x34 .\ARM_GCC_541\Debug\DualTone MultiFrequency Coder.a(UART_1.o)
                0x00002320                UART_1_PutChar
 .text.UART_1_PutString
                0x00002354       0x44 .\ARM_GCC_541\Debug\DualTone MultiFrequency Coder.a(UART_1.o)
                0x00002354                UART_1_PutString
 .text.UART_1_IntClock_Start
                0x00002398       0x34 .\ARM_GCC_541\Debug\DualTone MultiFrequency Coder.a(UART_1_IntClock.o)
                0x00002398                UART_1_IntClock_Start
 .text.Timer_Init
                0x000023cc       0xa0 .\ARM_GCC_541\Debug\DualTone MultiFrequency Coder.a(Timer.o)
                0x000023cc                Timer_Init
 .text.Timer_Enable
                0x0000246c       0x48 .\ARM_GCC_541\Debug\DualTone MultiFrequency Coder.a(Timer.o)
                0x0000246c                Timer_Enable
 .text.Timer_Start
                0x000024b4       0x24 .\ARM_GCC_541\Debug\DualTone MultiFrequency Coder.a(Timer.o)
                0x000024b4                Timer_Start
 .text.Timer_SetInterruptMode
                0x000024d8       0x20 .\ARM_GCC_541\Debug\DualTone MultiFrequency Coder.a(Timer.o)
                0x000024d8                Timer_SetInterruptMode
 .text.Timer_WritePeriod
                0x000024f8       0x24 .\ARM_GCC_541\Debug\DualTone MultiFrequency Coder.a(Timer.o)
                0x000024f8                Timer_WritePeriod
 .text.Timer_WriteCounter
                0x0000251c       0x20 .\ARM_GCC_541\Debug\DualTone MultiFrequency Coder.a(Timer.o)
                0x0000251c                Timer_WriteCounter
 .text.isr_StartEx
                0x0000253c       0x24 .\ARM_GCC_541\Debug\DualTone MultiFrequency Coder.a(isr.o)
                0x0000253c                isr_StartEx
 .text.isr_SetVector
                0x00002560       0x24 .\ARM_GCC_541\Debug\DualTone MultiFrequency Coder.a(isr.o)
                0x00002560                isr_SetVector
 .text.isr_SetPriority
                0x00002584       0x24 .\ARM_GCC_541\Debug\DualTone MultiFrequency Coder.a(isr.o)
                0x00002584                isr_SetPriority
 .text.isr_Enable
                0x000025a8       0x18 .\ARM_GCC_541\Debug\DualTone MultiFrequency Coder.a(isr.o)
                0x000025a8                isr_Enable
 .text.isr_Disable
                0x000025c0       0x18 .\ARM_GCC_541\Debug\DualTone MultiFrequency Coder.a(isr.o)
                0x000025c0                isr_Disable
 .text.HF_SW1_Write
                0x000025d8       0x3c .\ARM_GCC_541\Debug\DualTone MultiFrequency Coder.a(HF_SW1.o)
                0x000025d8                HF_SW1_Write
 .text.HF_SW2_Write
                0x00002614       0x38 .\ARM_GCC_541\Debug\DualTone MultiFrequency Coder.a(HF_SW2.o)
                0x00002614                HF_SW2_Write
 .text.LF_SW1_Write
                0x0000264c       0x3c .\ARM_GCC_541\Debug\DualTone MultiFrequency Coder.a(LF_SW1.o)
                0x0000264c                LF_SW1_Write
 .text.LF_SW2_Write
                0x00002688       0x3c .\ARM_GCC_541\Debug\DualTone MultiFrequency Coder.a(LF_SW2.o)
                0x00002688                LF_SW2_Write
 .text.HF_DAC_1_Init
                0x000026c4       0x54 .\ARM_GCC_541\Debug\DualTone MultiFrequency Coder.a(HF_DAC_1.o)
                0x000026c4                HF_DAC_1_Init
 .text.HF_DAC_1_Enable
                0x00002718       0x38 .\ARM_GCC_541\Debug\DualTone MultiFrequency Coder.a(HF_DAC_1.o)
                0x00002718                HF_DAC_1_Enable
 .text.HF_DAC_1_Start
                0x00002750       0x24 .\ARM_GCC_541\Debug\DualTone MultiFrequency Coder.a(HF_DAC_1.o)
                0x00002750                HF_DAC_1_Start
 .text.HF_DAC_1_Stop
                0x00002774       0x2c .\ARM_GCC_541\Debug\DualTone MultiFrequency Coder.a(HF_DAC_1.o)
                0x00002774                HF_DAC_1_Stop
 .text.HF_DAC_1_Wave1Setup
                0x000027a0       0x68 .\ARM_GCC_541\Debug\DualTone MultiFrequency Coder.a(HF_DAC_1.o)
                0x000027a0                HF_DAC_1_Wave1Setup
 .text.HF_DAC_1_Wave2Setup
                0x00002808       0x68 .\ARM_GCC_541\Debug\DualTone MultiFrequency Coder.a(HF_DAC_1.o)
                0x00002808                HF_DAC_1_Wave2Setup
 .text.HF_DAC_1_Sleep
                0x00002870       0x30 .\ARM_GCC_541\Debug\DualTone MultiFrequency Coder.a(HF_DAC_1_PM.o)
                0x00002870                HF_DAC_1_Sleep
 .text.LF_DAC_1_Init
                0x000028a0       0x54 .\ARM_GCC_541\Debug\DualTone MultiFrequency Coder.a(LF_DAC_1.o)
                0x000028a0                LF_DAC_1_Init
 .text.LF_DAC_1_Enable
                0x000028f4       0x38 .\ARM_GCC_541\Debug\DualTone MultiFrequency Coder.a(LF_DAC_1.o)
                0x000028f4                LF_DAC_1_Enable
 .text.LF_DAC_1_Start
                0x0000292c       0x24 .\ARM_GCC_541\Debug\DualTone MultiFrequency Coder.a(LF_DAC_1.o)
                0x0000292c                LF_DAC_1_Start
 .text.LF_DAC_1_Stop
                0x00002950       0x2c .\ARM_GCC_541\Debug\DualTone MultiFrequency Coder.a(LF_DAC_1.o)
                0x00002950                LF_DAC_1_Stop
 .text.LF_DAC_1_Wave1Setup
                0x0000297c       0x68 .\ARM_GCC_541\Debug\DualTone MultiFrequency Coder.a(LF_DAC_1.o)
                0x0000297c                LF_DAC_1_Wave1Setup
 .text.LF_DAC_1_Wave2Setup
                0x000029e4       0x68 .\ARM_GCC_541\Debug\DualTone MultiFrequency Coder.a(LF_DAC_1.o)
                0x000029e4                LF_DAC_1_Wave2Setup
 .text.LF_DAC_1_Sleep
                0x00002a4c       0x30 .\ARM_GCC_541\Debug\DualTone MultiFrequency Coder.a(LF_DAC_1_PM.o)
                0x00002a4c                LF_DAC_1_Sleep
 .text.HF_DAC_2_Init
                0x00002a7c       0x54 .\ARM_GCC_541\Debug\DualTone MultiFrequency Coder.a(HF_DAC_2.o)
                0x00002a7c                HF_DAC_2_Init
 .text.HF_DAC_2_Enable
                0x00002ad0       0x38 .\ARM_GCC_541\Debug\DualTone MultiFrequency Coder.a(HF_DAC_2.o)
                0x00002ad0                HF_DAC_2_Enable
 .text.HF_DAC_2_Start
                0x00002b08       0x24 .\ARM_GCC_541\Debug\DualTone MultiFrequency Coder.a(HF_DAC_2.o)
                0x00002b08                HF_DAC_2_Start
 .text.HF_DAC_2_Stop
                0x00002b2c       0x2c .\ARM_GCC_541\Debug\DualTone MultiFrequency Coder.a(HF_DAC_2.o)
                0x00002b2c                HF_DAC_2_Stop
 .text.HF_DAC_2_Wave1Setup
                0x00002b58       0x68 .\ARM_GCC_541\Debug\DualTone MultiFrequency Coder.a(HF_DAC_2.o)
                0x00002b58                HF_DAC_2_Wave1Setup
 .text.HF_DAC_2_Wave2Setup
                0x00002bc0       0x68 .\ARM_GCC_541\Debug\DualTone MultiFrequency Coder.a(HF_DAC_2.o)
                0x00002bc0                HF_DAC_2_Wave2Setup
 .text.HF_DAC_2_Sleep
                0x00002c28       0x28 .\ARM_GCC_541\Debug\DualTone MultiFrequency Coder.a(HF_DAC_2_PM.o)
                0x00002c28                HF_DAC_2_Sleep
 .text.LF_DAC_2_Init
                0x00002c50       0x54 .\ARM_GCC_541\Debug\DualTone MultiFrequency Coder.a(LF_DAC_2.o)
                0x00002c50                LF_DAC_2_Init
 .text.LF_DAC_2_Enable
                0x00002ca4       0x38 .\ARM_GCC_541\Debug\DualTone MultiFrequency Coder.a(LF_DAC_2.o)
                0x00002ca4                LF_DAC_2_Enable
 .text.LF_DAC_2_Start
                0x00002cdc       0x24 .\ARM_GCC_541\Debug\DualTone MultiFrequency Coder.a(LF_DAC_2.o)
                0x00002cdc                LF_DAC_2_Start
 .text.LF_DAC_2_Stop
                0x00002d00       0x2c .\ARM_GCC_541\Debug\DualTone MultiFrequency Coder.a(LF_DAC_2.o)
                0x00002d00                LF_DAC_2_Stop
 .text.LF_DAC_2_Wave1Setup
                0x00002d2c       0x68 .\ARM_GCC_541\Debug\DualTone MultiFrequency Coder.a(LF_DAC_2.o)
                0x00002d2c                LF_DAC_2_Wave1Setup
 .text.LF_DAC_2_Wave2Setup
                0x00002d94       0x68 .\ARM_GCC_541\Debug\DualTone MultiFrequency Coder.a(LF_DAC_2.o)
                0x00002d94                LF_DAC_2_Wave2Setup
 .text.LF_DAC_2_Sleep
                0x00002dfc       0x30 .\ARM_GCC_541\Debug\DualTone MultiFrequency Coder.a(LF_DAC_2_PM.o)
                0x00002dfc                LF_DAC_2_Sleep
 .text.HF_DAC_1_DacClk_Start
                0x00002e2c       0x34 .\ARM_GCC_541\Debug\DualTone MultiFrequency Coder.a(HF_DAC_1_DacClk.o)
                0x00002e2c                HF_DAC_1_DacClk_Start
 .text.HF_DAC_1_DacClk_Stop
                0x00002e60       0x34 .\ARM_GCC_541\Debug\DualTone MultiFrequency Coder.a(HF_DAC_1_DacClk.o)
                0x00002e60                HF_DAC_1_DacClk_Stop
 .text.HF_DAC_1_Wave1_DMA_DmaInitialize
                0x00002e94       0x64 .\ARM_GCC_541\Debug\DualTone MultiFrequency Coder.a(HF_DAC_1_Wave1_DMA_dma.o)
                0x00002e94                HF_DAC_1_Wave1_DMA_DmaInitialize
 .text.HF_DAC_1_Wave2_DMA_DmaInitialize
                0x00002ef8       0x64 .\ARM_GCC_541\Debug\DualTone MultiFrequency Coder.a(HF_DAC_1_Wave2_DMA_dma.o)
                0x00002ef8                HF_DAC_1_Wave2_DMA_DmaInitialize
 .text.HF_DAC_1_VDAC8_Init
                0x00002f5c       0x3c .\ARM_GCC_541\Debug\DualTone MultiFrequency Coder.a(HF_DAC_1_VDAC8.o)
                0x00002f5c                HF_DAC_1_VDAC8_Init
 .text.HF_DAC_1_VDAC8_Enable
                0x00002f98       0x34 .\ARM_GCC_541\Debug\DualTone MultiFrequency Coder.a(HF_DAC_1_VDAC8.o)
                0x00002f98                HF_DAC_1_VDAC8_Enable
 .text.HF_DAC_1_VDAC8_Stop
                0x00002fcc       0x34 .\ARM_GCC_541\Debug\DualTone MultiFrequency Coder.a(HF_DAC_1_VDAC8.o)
                0x00002fcc                HF_DAC_1_VDAC8_Stop
 .text.HF_DAC_1_VDAC8_SetSpeed
                0x00003000       0x40 .\ARM_GCC_541\Debug\DualTone MultiFrequency Coder.a(HF_DAC_1_VDAC8.o)
                0x00003000                HF_DAC_1_VDAC8_SetSpeed
 .text.HF_DAC_1_VDAC8_SetRange
                0x00003040       0x40 .\ARM_GCC_541\Debug\DualTone MultiFrequency Coder.a(HF_DAC_1_VDAC8.o)
                0x00003040                HF_DAC_1_VDAC8_SetRange
 .text.HF_DAC_1_VDAC8_SetValue
                0x00003080       0x20 .\ARM_GCC_541\Debug\DualTone MultiFrequency Coder.a(HF_DAC_1_VDAC8.o)
                0x00003080                HF_DAC_1_VDAC8_SetValue
 .text.HF_DAC_1_VDAC8_DacTrim
                0x000030a0       0x3c .\ARM_GCC_541\Debug\DualTone MultiFrequency Coder.a(HF_DAC_1_VDAC8.o)
                0x000030a0                HF_DAC_1_VDAC8_DacTrim
 .text.HF_DAC_1_VDAC8_SaveConfig
                0x000030dc       0x30 .\ARM_GCC_541\Debug\DualTone MultiFrequency Coder.a(HF_DAC_1_VDAC8_PM.o)
                0x000030dc                HF_DAC_1_VDAC8_SaveConfig
 .text.LF_DAC_1_DacClk_Start
                0x0000310c       0x34 .\ARM_GCC_541\Debug\DualTone MultiFrequency Coder.a(LF_DAC_1_DacClk.o)
                0x0000310c                LF_DAC_1_DacClk_Start
 .text.LF_DAC_1_DacClk_Stop
                0x00003140       0x34 .\ARM_GCC_541\Debug\DualTone MultiFrequency Coder.a(LF_DAC_1_DacClk.o)
                0x00003140                LF_DAC_1_DacClk_Stop
 .text.LF_DAC_1_Wave1_DMA_DmaInitialize
                0x00003174       0x64 .\ARM_GCC_541\Debug\DualTone MultiFrequency Coder.a(LF_DAC_1_Wave1_DMA_dma.o)
                0x00003174                LF_DAC_1_Wave1_DMA_DmaInitialize
 .text.LF_DAC_1_Wave2_DMA_DmaInitialize
                0x000031d8       0x64 .\ARM_GCC_541\Debug\DualTone MultiFrequency Coder.a(LF_DAC_1_Wave2_DMA_dma.o)
                0x000031d8                LF_DAC_1_Wave2_DMA_DmaInitialize
 .text.LF_DAC_1_VDAC8_Init
                0x0000323c       0x3c .\ARM_GCC_541\Debug\DualTone MultiFrequency Coder.a(LF_DAC_1_VDAC8.o)
                0x0000323c                LF_DAC_1_VDAC8_Init
 .text.LF_DAC_1_VDAC8_Enable
                0x00003278       0x34 .\ARM_GCC_541\Debug\DualTone MultiFrequency Coder.a(LF_DAC_1_VDAC8.o)
                0x00003278                LF_DAC_1_VDAC8_Enable
 .text.LF_DAC_1_VDAC8_Stop
                0x000032ac       0x34 .\ARM_GCC_541\Debug\DualTone MultiFrequency Coder.a(LF_DAC_1_VDAC8.o)
                0x000032ac                LF_DAC_1_VDAC8_Stop
 .text.LF_DAC_1_VDAC8_SetSpeed
                0x000032e0       0x40 .\ARM_GCC_541\Debug\DualTone MultiFrequency Coder.a(LF_DAC_1_VDAC8.o)
                0x000032e0                LF_DAC_1_VDAC8_SetSpeed
 .text.LF_DAC_1_VDAC8_SetRange
                0x00003320       0x40 .\ARM_GCC_541\Debug\DualTone MultiFrequency Coder.a(LF_DAC_1_VDAC8.o)
                0x00003320                LF_DAC_1_VDAC8_SetRange
 .text.LF_DAC_1_VDAC8_SetValue
                0x00003360       0x20 .\ARM_GCC_541\Debug\DualTone MultiFrequency Coder.a(LF_DAC_1_VDAC8.o)
                0x00003360                LF_DAC_1_VDAC8_SetValue
 .text.LF_DAC_1_VDAC8_DacTrim
                0x00003380       0x3c .\ARM_GCC_541\Debug\DualTone MultiFrequency Coder.a(LF_DAC_1_VDAC8.o)
                0x00003380                LF_DAC_1_VDAC8_DacTrim
 .text.LF_DAC_1_VDAC8_SaveConfig
                0x000033bc       0x30 .\ARM_GCC_541\Debug\DualTone MultiFrequency Coder.a(LF_DAC_1_VDAC8_PM.o)
                0x000033bc                LF_DAC_1_VDAC8_SaveConfig
 .text.HF_DAC_2_DacClk_Start
                0x000033ec       0x34 .\ARM_GCC_541\Debug\DualTone MultiFrequency Coder.a(HF_DAC_2_DacClk.o)
                0x000033ec                HF_DAC_2_DacClk_Start
 .text.HF_DAC_2_DacClk_Stop
                0x00003420       0x34 .\ARM_GCC_541\Debug\DualTone MultiFrequency Coder.a(HF_DAC_2_DacClk.o)
                0x00003420                HF_DAC_2_DacClk_Stop
 .text.HF_DAC_2_Wave1_DMA_DmaInitialize
                0x00003454       0x64 .\ARM_GCC_541\Debug\DualTone MultiFrequency Coder.a(HF_DAC_2_Wave1_DMA_dma.o)
                0x00003454                HF_DAC_2_Wave1_DMA_DmaInitialize
 .text.HF_DAC_2_Wave2_DMA_DmaInitialize
                0x000034b8       0x64 .\ARM_GCC_541\Debug\DualTone MultiFrequency Coder.a(HF_DAC_2_Wave2_DMA_dma.o)
                0x000034b8                HF_DAC_2_Wave2_DMA_DmaInitialize
 .text.HF_DAC_2_VDAC8_Init
                0x0000351c       0x3c .\ARM_GCC_541\Debug\DualTone MultiFrequency Coder.a(HF_DAC_2_VDAC8.o)
                0x0000351c                HF_DAC_2_VDAC8_Init
 .text.HF_DAC_2_VDAC8_Enable
                0x00003558       0x34 .\ARM_GCC_541\Debug\DualTone MultiFrequency Coder.a(HF_DAC_2_VDAC8.o)
                0x00003558                HF_DAC_2_VDAC8_Enable
 .text.HF_DAC_2_VDAC8_Stop
                0x0000358c       0x34 .\ARM_GCC_541\Debug\DualTone MultiFrequency Coder.a(HF_DAC_2_VDAC8.o)
                0x0000358c                HF_DAC_2_VDAC8_Stop
 .text.HF_DAC_2_VDAC8_SetSpeed
                0x000035c0       0x40 .\ARM_GCC_541\Debug\DualTone MultiFrequency Coder.a(HF_DAC_2_VDAC8.o)
                0x000035c0                HF_DAC_2_VDAC8_SetSpeed
 .text.HF_DAC_2_VDAC8_SetRange
                0x00003600       0x40 .\ARM_GCC_541\Debug\DualTone MultiFrequency Coder.a(HF_DAC_2_VDAC8.o)
                0x00003600                HF_DAC_2_VDAC8_SetRange
 .text.HF_DAC_2_VDAC8_SetValue
                0x00003640       0x20 .\ARM_GCC_541\Debug\DualTone MultiFrequency Coder.a(HF_DAC_2_VDAC8.o)
                0x00003640                HF_DAC_2_VDAC8_SetValue
 .text.HF_DAC_2_VDAC8_DacTrim
                0x00003660       0x3c .\ARM_GCC_541\Debug\DualTone MultiFrequency Coder.a(HF_DAC_2_VDAC8.o)
                0x00003660                HF_DAC_2_VDAC8_DacTrim
 .text.HF_DAC_2_VDAC8_SaveConfig
                0x0000369c       0x30 .\ARM_GCC_541\Debug\DualTone MultiFrequency Coder.a(HF_DAC_2_VDAC8_PM.o)
                0x0000369c                HF_DAC_2_VDAC8_SaveConfig
 .text.LF_DAC_2_DacClk_Start
                0x000036cc       0x34 .\ARM_GCC_541\Debug\DualTone MultiFrequency Coder.a(LF_DAC_2_DacClk.o)
                0x000036cc                LF_DAC_2_DacClk_Start
 .text.LF_DAC_2_DacClk_Stop
                0x00003700       0x34 .\ARM_GCC_541\Debug\DualTone MultiFrequency Coder.a(LF_DAC_2_DacClk.o)
                0x00003700                LF_DAC_2_DacClk_Stop
 .text.LF_DAC_2_Wave1_DMA_DmaInitialize
                0x00003734       0x64 .\ARM_GCC_541\Debug\DualTone MultiFrequency Coder.a(LF_DAC_2_Wave1_DMA_dma.o)
                0x00003734                LF_DAC_2_Wave1_DMA_DmaInitialize
 .text.LF_DAC_2_Wave2_DMA_DmaInitialize
                0x00003798       0x64 .\ARM_GCC_541\Debug\DualTone MultiFrequency Coder.a(LF_DAC_2_Wave2_DMA_dma.o)
                0x00003798                LF_DAC_2_Wave2_DMA_DmaInitialize
 .text.LF_DAC_2_VDAC8_Init
                0x000037fc       0x3c .\ARM_GCC_541\Debug\DualTone MultiFrequency Coder.a(LF_DAC_2_VDAC8.o)
                0x000037fc                LF_DAC_2_VDAC8_Init
 .text.LF_DAC_2_VDAC8_Enable
                0x00003838       0x34 .\ARM_GCC_541\Debug\DualTone MultiFrequency Coder.a(LF_DAC_2_VDAC8.o)
                0x00003838                LF_DAC_2_VDAC8_Enable
 .text.LF_DAC_2_VDAC8_Stop
                0x0000386c       0x34 .\ARM_GCC_541\Debug\DualTone MultiFrequency Coder.a(LF_DAC_2_VDAC8.o)
                0x0000386c                LF_DAC_2_VDAC8_Stop
 .text.LF_DAC_2_VDAC8_SetSpeed
                0x000038a0       0x40 .\ARM_GCC_541\Debug\DualTone MultiFrequency Coder.a(LF_DAC_2_VDAC8.o)
                0x000038a0                LF_DAC_2_VDAC8_SetSpeed
 .text.LF_DAC_2_VDAC8_SetRange
                0x000038e0       0x40 .\ARM_GCC_541\Debug\DualTone MultiFrequency Coder.a(LF_DAC_2_VDAC8.o)
                0x000038e0                LF_DAC_2_VDAC8_SetRange
 .text.LF_DAC_2_VDAC8_SetValue
                0x00003920       0x20 .\ARM_GCC_541\Debug\DualTone MultiFrequency Coder.a(LF_DAC_2_VDAC8.o)
                0x00003920                LF_DAC_2_VDAC8_SetValue
 .text.LF_DAC_2_VDAC8_DacTrim
                0x00003940       0x3c .\ARM_GCC_541\Debug\DualTone MultiFrequency Coder.a(LF_DAC_2_VDAC8.o)
                0x00003940                LF_DAC_2_VDAC8_DacTrim
 .text.LF_DAC_2_VDAC8_SaveConfig
                0x0000397c       0x30 .\ARM_GCC_541\Debug\DualTone MultiFrequency Coder.a(LF_DAC_2_VDAC8_PM.o)
                0x0000397c                LF_DAC_2_VDAC8_SaveConfig
 .text.Input_ISR_StartEx
                0x000039ac       0x24 .\ARM_GCC_541\Debug\DualTone MultiFrequency Coder.a(Input_ISR.o)
                0x000039ac                Input_ISR_StartEx
 .text.Input_ISR_SetVector
                0x000039d0       0x24 .\ARM_GCC_541\Debug\DualTone MultiFrequency Coder.a(Input_ISR.o)
                0x000039d0                Input_ISR_SetVector
 .text.Input_ISR_SetPriority
                0x000039f4       0x24 .\ARM_GCC_541\Debug\DualTone MultiFrequency Coder.a(Input_ISR.o)
                0x000039f4                Input_ISR_SetPriority
 .text.Input_ISR_Enable
                0x00003a18       0x18 .\ARM_GCC_541\Debug\DualTone MultiFrequency Coder.a(Input_ISR.o)
                0x00003a18                Input_ISR_Enable
 .text.Input_ISR_Disable
                0x00003a30       0x18 .\ARM_GCC_541\Debug\DualTone MultiFrequency Coder.a(Input_ISR.o)
                0x00003a30                Input_ISR_Disable
 .text.Input_Flag_Write
                0x00003a48       0x3c .\ARM_GCC_541\Debug\DualTone MultiFrequency Coder.a(Input_Flag.o)
                0x00003a48                Input_Flag_Write
 *fill*         0x00003a84        0x4 
 .text          0x00003a88       0x54 .\ARM_GCC_541\Debug\DualTone MultiFrequency Coder.a(CyBootAsmGnu.o)
                0x00003a88                CyDelayCycles
                0x00003ac6                CyEnterCriticalSection
                0x00003ace                CyExitCriticalSection
 .text.cos      0x00003adc       0x90 c:/program files (x86)/cypress/psoc creator/4.1/psoc creator/import/gnu/arm/5.4.1/bin/../lib/gcc/arm-none-eabi/5.4.1/../../../../arm-none-eabi/lib/armv7-m\libm.a(lib_a-s_cos.o)
                0x00003adc                cos
 .text.sin      0x00003b6c       0x90 c:/program files (x86)/cypress/psoc creator/4.1/psoc creator/import/gnu/arm/5.4.1/bin/../lib/gcc/arm-none-eabi/5.4.1/../../../../arm-none-eabi/lib/armv7-m\libm.a(lib_a-s_sin.o)
                0x00003b6c                sin
 .text.sqrt     0x00003bfc       0xb8 c:/program files (x86)/cypress/psoc creator/4.1/psoc creator/import/gnu/arm/5.4.1/bin/../lib/gcc/arm-none-eabi/5.4.1/../../../../arm-none-eabi/lib/armv7-m\libm.a(lib_a-w_sqrt.o)
                0x00003bfc                sqrt
 *fill*         0x00003cb4        0x4 
 .text.__ieee754_rem_pio2
                0x00003cb8      0x42c c:/program files (x86)/cypress/psoc creator/4.1/psoc creator/import/gnu/arm/5.4.1/bin/../lib/gcc/arm-none-eabi/5.4.1/../../../../arm-none-eabi/lib/armv7-m\libm.a(lib_a-e_rem_pio2.o)
                0x00003cb8                __ieee754_rem_pio2
 .text.__ieee754_sqrt
                0x000040e4      0x188 c:/program files (x86)/cypress/psoc creator/4.1/psoc creator/import/gnu/arm/5.4.1/bin/../lib/gcc/arm-none-eabi/5.4.1/../../../../arm-none-eabi/lib/armv7-m\libm.a(lib_a-e_sqrt.o)
                0x000040e4                __ieee754_sqrt
 *fill*         0x0000426c        0x4 
 .text.__kernel_cos
                0x00004270      0x248 c:/program files (x86)/cypress/psoc creator/4.1/psoc creator/import/gnu/arm/5.4.1/bin/../lib/gcc/arm-none-eabi/5.4.1/../../../../arm-none-eabi/lib/armv7-m\libm.a(lib_a-k_cos.o)
                0x00004270                __kernel_cos
 .text.__kernel_rem_pio2
                0x000044b8      0x7f0 c:/program files (x86)/cypress/psoc creator/4.1/psoc creator/import/gnu/arm/5.4.1/bin/../lib/gcc/arm-none-eabi/5.4.1/../../../../arm-none-eabi/lib/armv7-m\libm.a(lib_a-k_rem_pio2.o)
                0x000044b8                __kernel_rem_pio2
 .text.__kernel_sin
                0x00004ca8      0x16c c:/program files (x86)/cypress/psoc creator/4.1/psoc creator/import/gnu/arm/5.4.1/bin/../lib/gcc/arm-none-eabi/5.4.1/../../../../arm-none-eabi/lib/armv7-m\libm.a(lib_a-k_sin.o)
                0x00004ca8                __kernel_sin
 .text.fabs     0x00004e14        0x8 c:/program files (x86)/cypress/psoc creator/4.1/psoc creator/import/gnu/arm/5.4.1/bin/../lib/gcc/arm-none-eabi/5.4.1/../../../../arm-none-eabi/lib/armv7-m\libm.a(lib_a-s_fabs.o)
                0x00004e14                fabs
 *fill*         0x00004e1c        0x4 
 .text.floor    0x00004e20      0x110 c:/program files (x86)/cypress/psoc creator/4.1/psoc creator/import/gnu/arm/5.4.1/bin/../lib/gcc/arm-none-eabi/5.4.1/../../../../arm-none-eabi/lib/armv7-m\libm.a(lib_a-s_floor.o)
                0x00004e20                floor
 .text.matherr  0x00004f30        0x4 c:/program files (x86)/cypress/psoc creator/4.1/psoc creator/import/gnu/arm/5.4.1/bin/../lib/gcc/arm-none-eabi/5.4.1/../../../../arm-none-eabi/lib/armv7-m\libm.a(lib_a-s_matherr.o)
                0x00004f30                matherr
 *fill*         0x00004f34        0x4 
 .text.scalbn   0x00004f38       0xe4 c:/program files (x86)/cypress/psoc creator/4.1/psoc creator/import/gnu/arm/5.4.1/bin/../lib/gcc/arm-none-eabi/5.4.1/../../../../arm-none-eabi/lib/armv7-m\libm.a(lib_a-s_scalbn.o)
                0x00004f38                scalbn
 .text.copysign
                0x0000501c       0x10 c:/program files (x86)/cypress/psoc creator/4.1/psoc creator/import/gnu/arm/5.4.1/bin/../lib/gcc/arm-none-eabi/5.4.1/../../../../arm-none-eabi/lib/armv7-m\libm.a(lib_a-s_copysign.o)
                0x0000501c                copysign
 .text          0x0000502c      0x370 c:/program files (x86)/cypress/psoc creator/4.1/psoc creator/import/gnu/arm/5.4.1/bin/../lib/gcc/arm-none-eabi/5.4.1/armv7-m\libgcc.a(_arm_addsubdf3.o)
                0x0000502c                __aeabi_drsub
                0x00005034                __aeabi_dsub
                0x00005034                __subdf3
                0x00005038                __aeabi_dadd
                0x00005038                __adddf3
                0x000052b0                __floatunsidf
                0x000052b0                __aeabi_ui2d
                0x000052d0                __floatsidf
                0x000052d0                __aeabi_i2d
                0x000052f4                __aeabi_f2d
                0x000052f4                __extendsfdf2
                0x00005330                __floatundidf
                0x00005330                __aeabi_ul2d
                0x00005340                __floatdidf
                0x00005340                __aeabi_l2d
 .text          0x0000539c      0x424 c:/program files (x86)/cypress/psoc creator/4.1/psoc creator/import/gnu/arm/5.4.1/bin/../lib/gcc/arm-none-eabi/5.4.1/armv7-m\libgcc.a(_arm_muldivdf3.o)
                0x0000539c                __aeabi_dmul
                0x0000539c                __muldf3
                0x000055f0                __divdf3
                0x000055f0                __aeabi_ddiv
 .text          0x000057c0      0x110 c:/program files (x86)/cypress/psoc creator/4.1/psoc creator/import/gnu/arm/5.4.1/bin/../lib/gcc/arm-none-eabi/5.4.1/armv7-m\libgcc.a(_arm_cmpdf2.o)
                0x000057c0                __gtdf2
                0x000057c0                __gedf2
                0x000057c8                __ltdf2
                0x000057c8                __ledf2
                0x000057d0                __nedf2
                0x000057d0                __eqdf2
                0x000057d0                __cmpdf2
                0x0000584c                __aeabi_cdrcmple
                0x0000585c                __aeabi_cdcmpeq
                0x0000585c                __aeabi_cdcmple
                0x0000586c                __aeabi_dcmpeq
                0x00005880                __aeabi_dcmplt
                0x00005894                __aeabi_dcmple
                0x000058a8                __aeabi_dcmpge
                0x000058bc                __aeabi_dcmpgt
 .text          0x000058d0       0x2c c:/program files (x86)/cypress/psoc creator/4.1/psoc creator/import/gnu/arm/5.4.1/bin/../lib/gcc/arm-none-eabi/5.4.1/armv7-m\libgcc.a(_arm_unorddf2.o)
                0x000058d0                __unorddf2
                0x000058d0                __aeabi_dcmpun
 .text          0x000058fc       0x50 c:/program files (x86)/cypress/psoc creator/4.1/psoc creator/import/gnu/arm/5.4.1/bin/../lib/gcc/arm-none-eabi/5.4.1/armv7-m\libgcc.a(_arm_fixdfsi.o)
                0x000058fc                __aeabi_d2iz
                0x000058fc                __fixdfsi
 .text.__errno  0x0000594c        0xc c:/program files (x86)/cypress/psoc creator/4.1/psoc creator/import/gnu/arm/5.4.1/bin/../lib/gcc/arm-none-eabi/5.4.1/../../../../arm-none-eabi/lib/armv7-m\libg_nano.a(lib_a-errno.o)
                0x0000594c                __errno
 .text.__libc_init_array
                0x00005958       0x4c c:/program files (x86)/cypress/psoc creator/4.1/psoc creator/import/gnu/arm/5.4.1/bin/../lib/gcc/arm-none-eabi/5.4.1/../../../../arm-none-eabi/lib/armv7-m\libg_nano.a(lib_a-init.o)
                0x00005958                __libc_init_array
 .text.memcpy   0x000059a4       0x16 c:/program files (x86)/cypress/psoc creator/4.1/psoc creator/import/gnu/arm/5.4.1/bin/../lib/gcc/arm-none-eabi/5.4.1/../../../../arm-none-eabi/lib/armv7-m\libg_nano.a(lib_a-memcpy-stub.o)
                0x000059a4                memcpy
 .text.memset   0x000059ba       0x10 c:/program files (x86)/cypress/psoc creator/4.1/psoc creator/import/gnu/arm/5.4.1/bin/../lib/gcc/arm-none-eabi/5.4.1/../../../../arm-none-eabi/lib/armv7-m\libg_nano.a(lib_a-memset.o)
                0x000059ba                memset
 *fill*         0x000059ca        0x2 
 .text.sprintf  0x000059cc       0x48 c:/program files (x86)/cypress/psoc creator/4.1/psoc creator/import/gnu/arm/5.4.1/bin/../lib/gcc/arm-none-eabi/5.4.1/../../../../arm-none-eabi/lib/armv7-m\libg_nano.a(lib_a-sprintf.o)
                0x000059cc                siprintf
                0x000059cc                sprintf
 .text.__ssputs_r
                0x00005a14       0xb2 c:/program files (x86)/cypress/psoc creator/4.1/psoc creator/import/gnu/arm/5.4.1/bin/../lib/gcc/arm-none-eabi/5.4.1/../../../../arm-none-eabi/lib/armv7-m\libg_nano.a(lib_a-nano-svfprintf.o)
                0x00005a14                __ssputs_r
 *fill*         0x00005ac6        0x2 
 .text._svfprintf_r
                0x00005ac8      0x1e8 c:/program files (x86)/cypress/psoc creator/4.1/psoc creator/import/gnu/arm/5.4.1/bin/../lib/gcc/arm-none-eabi/5.4.1/../../../../arm-none-eabi/lib/armv7-m\libg_nano.a(lib_a-nano-svfprintf.o)
                0x00005ac8                _svfiprintf_r
                0x00005ac8                _svfprintf_r
 .text._printf_common
                0x00005cb0       0xec c:/program files (x86)/cypress/psoc creator/4.1/psoc creator/import/gnu/arm/5.4.1/bin/../lib/gcc/arm-none-eabi/5.4.1/../../../../arm-none-eabi/lib/armv7-m\libg_nano.a(lib_a-nano-vfprintf_i.o)
                0x00005cb0                _printf_common
 .text._printf_i
                0x00005d9c      0x24c c:/program files (x86)/cypress/psoc creator/4.1/psoc creator/import/gnu/arm/5.4.1/bin/../lib/gcc/arm-none-eabi/5.4.1/../../../../arm-none-eabi/lib/armv7-m\libg_nano.a(lib_a-nano-vfprintf_i.o)
                0x00005d9c                _printf_i
 .text.memchr   0x00005fe8       0x1c c:/program files (x86)/cypress/psoc creator/4.1/psoc creator/import/gnu/arm/5.4.1/bin/../lib/gcc/arm-none-eabi/5.4.1/../../../../arm-none-eabi/lib/armv7-m\libg_nano.a(lib_a-memchr-stub.o)
                0x00005fe8                memchr
 .text.memmove  0x00006004       0x36 c:/program files (x86)/cypress/psoc creator/4.1/psoc creator/import/gnu/arm/5.4.1/bin/../lib/gcc/arm-none-eabi/5.4.1/../../../../arm-none-eabi/lib/armv7-m\libg_nano.a(lib_a-memmove.o)
                0x00006004                memmove
 *fill*         0x0000603a        0x2 
 .text._free_r  0x0000603c       0x98 c:/program files (x86)/cypress/psoc creator/4.1/psoc creator/import/gnu/arm/5.4.1/bin/../lib/gcc/arm-none-eabi/5.4.1/../../../../arm-none-eabi/lib/armv7-m\libg_nano.a(lib_a-nano-freer.o)
                0x0000603c                _free_r
 .text._malloc_r
                0x000060d4       0xbc c:/program files (x86)/cypress/psoc creator/4.1/psoc creator/import/gnu/arm/5.4.1/bin/../lib/gcc/arm-none-eabi/5.4.1/../../../../arm-none-eabi/lib/armv7-m\libg_nano.a(lib_a-nano-mallocr.o)
                0x000060d4                _malloc_r
 .text._realloc_r
                0x00006190       0x4c c:/program files (x86)/cypress/psoc creator/4.1/psoc creator/import/gnu/arm/5.4.1/bin/../lib/gcc/arm-none-eabi/5.4.1/../../../../arm-none-eabi/lib/armv7-m\libg_nano.a(lib_a-nano-reallocr.o)
                0x00006190                _realloc_r
 .text._sbrk_r  0x000061dc       0x20 c:/program files (x86)/cypress/psoc creator/4.1/psoc creator/import/gnu/arm/5.4.1/bin/../lib/gcc/arm-none-eabi/5.4.1/../../../../arm-none-eabi/lib/armv7-m\libg_nano.a(lib_a-sbrkr.o)
                0x000061dc                _sbrk_r
 .text.__malloc_lock
                0x000061fc        0x2 c:/program files (x86)/cypress/psoc creator/4.1/psoc creator/import/gnu/arm/5.4.1/bin/../lib/gcc/arm-none-eabi/5.4.1/../../../../arm-none-eabi/lib/armv7-m\libg_nano.a(lib_a-mlock.o)
                0x000061fc                __malloc_lock
 .text.__malloc_unlock
                0x000061fe        0x2 c:/program files (x86)/cypress/psoc creator/4.1/psoc creator/import/gnu/arm/5.4.1/bin/../lib/gcc/arm-none-eabi/5.4.1/../../../../arm-none-eabi/lib/armv7-m\libg_nano.a(lib_a-mlock.o)
                0x000061fe                __malloc_unlock
 .text._malloc_usable_size_r
                0x00006200       0x14 c:/program files (x86)/cypress/psoc creator/4.1/psoc creator/import/gnu/arm/5.4.1/bin/../lib/gcc/arm-none-eabi/5.4.1/../../../../arm-none-eabi/lib/armv7-m\libg_nano.a(lib_a-nano-msizer.o)
                0x00006200                _malloc_usable_size_r
 *(.plt)
 *(.gnu.warning)
 *(.glue_7t)
 .glue_7t       0x00006214        0x0 linker stubs
 *(.glue_7)
 .glue_7        0x00006214        0x0 linker stubs
 *(.vfp11_veneer)
 .vfp11_veneer  0x00006214        0x0 linker stubs
 *(.bootloader)
 *(.ARM.extab* .gnu.linkonce.armextab.*)
 *(.gcc_except_table)

.v4_bx          0x00006214        0x0
 .v4_bx         0x00006214        0x0 linker stubs

.iplt           0x00006214        0x0
 .iplt          0x00006214        0x0 c:/program files (x86)/cypress/psoc creator/4.1/psoc creator/import/gnu/arm/5.4.1/bin/../lib/gcc/arm-none-eabi/5.4.1/armv7-m/crtbegin.o

.eh_frame_hdr
 *(.eh_frame_hdr)

.eh_frame       0x00006214        0x4
 *(.eh_frame)
 .eh_frame      0x00006214        0x0 c:/program files (x86)/cypress/psoc creator/4.1/psoc creator/import/gnu/arm/5.4.1/bin/../lib/gcc/arm-none-eabi/5.4.1/armv7-m/crtbegin.o
 .eh_frame      0x00006214        0x4 c:/program files (x86)/cypress/psoc creator/4.1/psoc creator/import/gnu/arm/5.4.1/bin/../lib/gcc/arm-none-eabi/5.4.1/armv7-m/crtend.o
                [!provide]                PROVIDE (__exidx_start, .)

.ARM.exidx
 *(.ARM.exidx* .gnu.linkonce.armexidx.*)
                0x00006218                __exidx_end = .

.rodata         0x00006218     0x1a00
 *(.rodata .rodata.* .gnu.linkonce.r.*)
 .rodata        0x00006218       0xb0 .\ARM_GCC_541\Debug\main.o
 .rodata        0x000062c8       0x5c .\ARM_GCC_541\Debug\cyfitter_cfg.o
                0x000062c8                ADC_DelSig_1_AMux__addrTable
                0x000062d0                ADC_DelSig_1_AMux__maskTable
 .rodata        0x00006324      0x4ee .\ARM_GCC_541\Debug\DualTone MultiFrequency Coder.a(HF_DAC_1.o)
                0x00006324                HF_DAC_1_wave1
                0x000065bc                HF_DAC_1_wave2
 *fill*         0x00006812        0x2 
 .rodata        0x00006814      0x889 .\ARM_GCC_541\Debug\DualTone MultiFrequency Coder.a(LF_DAC_1.o)
                0x00006814                LF_DAC_1_wave1
                0x00006c90                LF_DAC_1_wave2
 *fill*         0x0000709d        0x3 
 .rodata        0x000070a0      0x224 .\ARM_GCC_541\Debug\DualTone MultiFrequency Coder.a(HF_DAC_2.o)
                0x000070a0                HF_DAC_2_wave1
                0x000072c0                HF_DAC_2_wave2
 .rodata        0x000072c4      0x6fd .\ARM_GCC_541\Debug\DualTone MultiFrequency Coder.a(LF_DAC_2.o)
                0x000072c4                LF_DAC_2_wave1
                0x00007670                LF_DAC_2_wave2
 *fill*         0x000079c1        0x3 
 .rodata.str1.4
                0x000079c4        0x8 c:/program files (x86)/cypress/psoc creator/4.1/psoc creator/import/gnu/arm/5.4.1/bin/../lib/gcc/arm-none-eabi/5.4.1/../../../../arm-none-eabi/lib/armv7-m\libm.a(lib_a-w_sqrt.o)
                                  0x5 (size before relaxing)
 .rodata.npio2_hw
                0x000079cc       0x80 c:/program files (x86)/cypress/psoc creator/4.1/psoc creator/import/gnu/arm/5.4.1/bin/../lib/gcc/arm-none-eabi/5.4.1/../../../../arm-none-eabi/lib/armv7-m\libm.a(lib_a-e_rem_pio2.o)
 .rodata.two_over_pi
                0x00007a4c      0x108 c:/program files (x86)/cypress/psoc creator/4.1/psoc creator/import/gnu/arm/5.4.1/bin/../lib/gcc/arm-none-eabi/5.4.1/../../../../arm-none-eabi/lib/armv7-m\libm.a(lib_a-e_rem_pio2.o)
 .rodata.init_jk
                0x00007b54       0x10 c:/program files (x86)/cypress/psoc creator/4.1/psoc creator/import/gnu/arm/5.4.1/bin/../lib/gcc/arm-none-eabi/5.4.1/../../../../arm-none-eabi/lib/armv7-m\libm.a(lib_a-k_rem_pio2.o)
 *fill*         0x00007b64        0x4 
 .rodata.PIo2   0x00007b68       0x40 c:/program files (x86)/cypress/psoc creator/4.1/psoc creator/import/gnu/arm/5.4.1/bin/../lib/gcc/arm-none-eabi/5.4.1/../../../../arm-none-eabi/lib/armv7-m\libm.a(lib_a-k_rem_pio2.o)
 .rodata.str1.1
                0x00007ba8        0x2 c:/program files (x86)/cypress/psoc creator/4.1/psoc creator/import/gnu/arm/5.4.1/bin/../lib/gcc/arm-none-eabi/5.4.1/../../../../arm-none-eabi/lib/armv7-m\libg_nano.a(lib_a-impure.o)
 .rodata.str1.1
                0x00007baa       0x11 c:/program files (x86)/cypress/psoc creator/4.1/psoc creator/import/gnu/arm/5.4.1/bin/../lib/gcc/arm-none-eabi/5.4.1/../../../../arm-none-eabi/lib/armv7-m\libg_nano.a(lib_a-nano-svfprintf.o)
 .rodata.str1.1
                0x00007bbb       0x22 c:/program files (x86)/cypress/psoc creator/4.1/psoc creator/import/gnu/arm/5.4.1/bin/../lib/gcc/arm-none-eabi/5.4.1/../../../../arm-none-eabi/lib/armv7-m\libg_nano.a(lib_a-nano-vfprintf_i.o)
                0x00007be0                . = ALIGN (0x4)
 *fill*         0x00007bdd        0x3 
 *(.init)
 .init          0x00007be0        0x4 c:/program files (x86)/cypress/psoc creator/4.1/psoc creator/import/gnu/arm/5.4.1/bin/../lib/gcc/arm-none-eabi/5.4.1/armv7-m/crti.o
                0x00007be0                _init
 .init          0x00007be4        0x8 c:/program files (x86)/cypress/psoc creator/4.1/psoc creator/import/gnu/arm/5.4.1/bin/../lib/gcc/arm-none-eabi/5.4.1/armv7-m/crtn.o
                0x00007bec                . = ALIGN (0x4)
                0x00007bec                __preinit_array_start = .
 *(.preinit_array)
                0x00007bec                __preinit_array_end = .
                0x00007bec                . = ALIGN (0x4)
                0x00007bec                __init_array_start = .
 *(SORT(.init_array.*))
 *(.init_array)
 .init_array    0x00007bec        0x4 c:/program files (x86)/cypress/psoc creator/4.1/psoc creator/import/gnu/arm/5.4.1/bin/../lib/gcc/arm-none-eabi/5.4.1/armv7-m/crtbegin.o
 .init_array    0x00007bf0        0x4 .\ARM_GCC_541\Debug\Cm3Start.o
                0x00007bf4                __init_array_end = .
                0x00007bf4                . = ALIGN (0x4)
 *(.fini)
 .fini          0x00007bf4        0x4 c:/program files (x86)/cypress/psoc creator/4.1/psoc creator/import/gnu/arm/5.4.1/bin/../lib/gcc/arm-none-eabi/5.4.1/armv7-m/crti.o
                0x00007bf4                _fini
 .fini          0x00007bf8        0x8 c:/program files (x86)/cypress/psoc creator/4.1/psoc creator/import/gnu/arm/5.4.1/bin/../lib/gcc/arm-none-eabi/5.4.1/armv7-m/crtn.o
                0x00007c00                . = ALIGN (0x4)
                0x00007c00                __fini_array_start = .
 *(.fini_array)
 .fini_array    0x00007c00        0x4 c:/program files (x86)/cypress/psoc creator/4.1/psoc creator/import/gnu/arm/5.4.1/bin/../lib/gcc/arm-none-eabi/5.4.1/armv7-m/crtbegin.o
 *(SORT(.fini_array.*))
                0x00007c04                __fini_array_end = .
                0x00007c04                . = ALIGN (0x4)
 *crtbegin.o(.ctors)
 *(EXCLUDE_FILE(*crtend.o) .ctors)
 *(SORT(.ctors.*))
 *crtend.o(.ctors)
                0x00007c04                . = ALIGN (0x4)
 *crtbegin.o(.dtors)
 *(EXCLUDE_FILE(*crtend.o) .dtors)
 *(SORT(.dtors.*))
 *crtend.o(.dtors)
                0x00007c04                . = ALIGN (0x4)
                0x00007c04                __cy_regions = .
                0x00007c04        0x4 LONG 0x7c18 __cy_region_init_ram
                0x00007c08        0x4 LONG 0x1fff80c8 __cy_region_start_data
                0x00007c0c        0x4 LONG 0x98 __cy_region_init_size_ram
                0x00007c10        0x4 LONG 0x1028 __cy_region_zero_size_ram
                0x00007c14                __cy_regions_end = .
                0x00007c18                . = ALIGN (0x8)
 *fill*         0x00007c14        0x4 
                0x00007c18                _etext = .

.cy_checksum_exclude
                0x00007c18        0x0
 *(.cy_checksum_exclude)

.ramvectors     0x1fff8000       0xc0
                0x1fff8000                __cy_region_start_ram = .
 *(.ramvectors)
 .ramvectors    0x1fff8000       0xc0 .\ARM_GCC_541\Debug\Cm3Start.o
                0x1fff8000                CyRamVectors

.noinit         0x1fff80c0        0x5
 *(.noinit)
 .noinit        0x1fff80c0        0x4 .\ARM_GCC_541\Debug\Cm3Start.o
 .noinit        0x1fff80c4        0x1 .\ARM_GCC_541\Debug\DualTone MultiFrequency Coder.a(CyLib.o)
                0x1fff80c4                CyResetStatus

.data           0x1fff80c8       0x98 load address 0x00007c18
                0x1fff80c8                __cy_region_start_data = .
 *(.jcr)
 .jcr           0x1fff80c8        0x0 c:/program files (x86)/cypress/psoc creator/4.1/psoc creator/import/gnu/arm/5.4.1/bin/../lib/gcc/arm-none-eabi/5.4.1/armv7-m/crtbegin.o
 .jcr           0x1fff80c8        0x4 c:/program files (x86)/cypress/psoc creator/4.1/psoc creator/import/gnu/arm/5.4.1/bin/../lib/gcc/arm-none-eabi/5.4.1/armv7-m/crtend.o
 *(.got.plt)
 *(.got)
 *(.shdata)
 *(.data .data.* .gnu.linkonce.d.*)
 .data          0x1fff80cc        0x4 .\ARM_GCC_541\Debug\Cm3Start.o
 .data          0x1fff80d0        0x1 .\ARM_GCC_541\Debug\DualTone MultiFrequency Coder.a(ADC_DelSig_1.o)
                0x1fff80d0                ADC_DelSig_1_Config
 .data          0x1fff80d1        0x1 .\ARM_GCC_541\Debug\DualTone MultiFrequency Coder.a(ADC_DelSig_1_AMux.o)
 *fill*         0x1fff80d2        0x2 
 .data          0x1fff80d4        0x8 .\ARM_GCC_541\Debug\DualTone MultiFrequency Coder.a(CyDmac.o)
 .data          0x1fff80dc       0x10 .\ARM_GCC_541\Debug\DualTone MultiFrequency Coder.a(CyLib.o)
                0x1fff80dc                cydelay_freq_hz
                0x1fff80e0                cydelay_freq_khz
                0x1fff80e4                cydelay_freq_mhz
                0x1fff80e8                cydelay_32k_ms
 .data          0x1fff80ec        0x1 .\ARM_GCC_541\Debug\DualTone MultiFrequency Coder.a(HF_DAC_1_Wave1_DMA_dma.o)
                0x1fff80ec                HF_DAC_1_Wave1_DMA_DmaHandle
 .data          0x1fff80ed        0x1 .\ARM_GCC_541\Debug\DualTone MultiFrequency Coder.a(HF_DAC_1_Wave2_DMA_dma.o)
                0x1fff80ed                HF_DAC_1_Wave2_DMA_DmaHandle
 .data          0x1fff80ee        0x1 .\ARM_GCC_541\Debug\DualTone MultiFrequency Coder.a(LF_DAC_1_Wave1_DMA_dma.o)
                0x1fff80ee                LF_DAC_1_Wave1_DMA_DmaHandle
 .data          0x1fff80ef        0x1 .\ARM_GCC_541\Debug\DualTone MultiFrequency Coder.a(LF_DAC_1_Wave2_DMA_dma.o)
                0x1fff80ef                LF_DAC_1_Wave2_DMA_DmaHandle
 .data          0x1fff80f0        0x1 .\ARM_GCC_541\Debug\DualTone MultiFrequency Coder.a(HF_DAC_2_Wave1_DMA_dma.o)
                0x1fff80f0                HF_DAC_2_Wave1_DMA_DmaHandle
 .data          0x1fff80f1        0x1 .\ARM_GCC_541\Debug\DualTone MultiFrequency Coder.a(HF_DAC_2_Wave2_DMA_dma.o)
                0x1fff80f1                HF_DAC_2_Wave2_DMA_DmaHandle
 .data          0x1fff80f2        0x1 .\ARM_GCC_541\Debug\DualTone MultiFrequency Coder.a(LF_DAC_2_Wave1_DMA_dma.o)
                0x1fff80f2                LF_DAC_2_Wave1_DMA_DmaHandle
 .data          0x1fff80f3        0x1 .\ARM_GCC_541\Debug\DualTone MultiFrequency Coder.a(LF_DAC_2_Wave2_DMA_dma.o)
                0x1fff80f3                LF_DAC_2_Wave2_DMA_DmaHandle
 .data.__fdlib_version
                0x1fff80f4        0x1 c:/program files (x86)/cypress/psoc creator/4.1/psoc creator/import/gnu/arm/5.4.1/bin/../lib/gcc/arm-none-eabi/5.4.1/../../../../arm-none-eabi/lib/armv7-m\libm.a(lib_a-s_lib_ver.o)
                0x1fff80f4                __fdlib_version
 *fill*         0x1fff80f5        0x3 
 .data.impure_data
                0x1fff80f8       0x60 c:/program files (x86)/cypress/psoc creator/4.1/psoc creator/import/gnu/arm/5.4.1/bin/../lib/gcc/arm-none-eabi/5.4.1/../../../../arm-none-eabi/lib/armv7-m\libg_nano.a(lib_a-impure.o)
 .data._impure_ptr
                0x1fff8158        0x4 c:/program files (x86)/cypress/psoc creator/4.1/psoc creator/import/gnu/arm/5.4.1/bin/../lib/gcc/arm-none-eabi/5.4.1/../../../../arm-none-eabi/lib/armv7-m\libg_nano.a(lib_a-impure.o)
                0x1fff8158                _impure_ptr
                0x1fff8160                . = ALIGN (0x8)
 *fill*         0x1fff815c        0x4 
 *(.ram)
                0x1fff8160                _edata = .

.igot.plt       0x1fff8160        0x0 load address 0x00007cb0
 .igot.plt      0x1fff8160        0x0 c:/program files (x86)/cypress/psoc creator/4.1/psoc creator/import/gnu/arm/5.4.1/bin/../lib/gcc/arm-none-eabi/5.4.1/armv7-m/crtbegin.o

.bss            0x1fff8160     0x1028 load address 0x00007cb0
                0x1fff8160                PROVIDE (__bss_start__, .)
 *(.shbss)
 *(.bss .bss.* .gnu.linkonce.b.*)
 .bss           0x1fff8160       0x1c c:/program files (x86)/cypress/psoc creator/4.1/psoc creator/import/gnu/arm/5.4.1/bin/../lib/gcc/arm-none-eabi/5.4.1/armv7-m/crtbegin.o
 .bss           0x1fff817c        0xc .\ARM_GCC_541\Debug\DualTone MultiFrequency Coder.a(ADC_DelSig_1.o)
                0x1fff817c                ADC_DelSig_1_convDone
                0x1fff817d                ADC_DelSig_1_stopConversion
                0x1fff817e                ADC_DelSig_1_initVar
                0x1fff817f                ADC_DelSig_1_started
                0x1fff8180                ADC_DelSig_1_Offset
 .bss           0x1fff8188        0x2 .\ARM_GCC_541\Debug\DualTone MultiFrequency Coder.a(UART_1.o)
                0x1fff8188                UART_1_initVar
 .bss           0x1fff818a        0x1 .\ARM_GCC_541\Debug\DualTone MultiFrequency Coder.a(Timer.o)
                0x1fff818a                Timer_initVar
 .bss           0x1fff818b        0x5 .\ARM_GCC_541\Debug\DualTone MultiFrequency Coder.a(HF_DAC_1.o)
                0x1fff818b                HF_DAC_1_initVar
 .bss           0x1fff8190        0x1 .\ARM_GCC_541\Debug\DualTone MultiFrequency Coder.a(HF_DAC_1_PM.o)
 .bss           0x1fff8191        0x5 .\ARM_GCC_541\Debug\DualTone MultiFrequency Coder.a(LF_DAC_1.o)
                0x1fff8191                LF_DAC_1_initVar
 *fill*         0x1fff8196        0x2 
 .bss           0x1fff8198        0x1 .\ARM_GCC_541\Debug\DualTone MultiFrequency Coder.a(LF_DAC_1_PM.o)
 .bss           0x1fff8199        0x5 .\ARM_GCC_541\Debug\DualTone MultiFrequency Coder.a(HF_DAC_2.o)
                0x1fff8199                HF_DAC_2_initVar
 *fill*         0x1fff819e        0x2 
 .bss           0x1fff81a0        0x1 .\ARM_GCC_541\Debug\DualTone MultiFrequency Coder.a(HF_DAC_2_PM.o)
 .bss           0x1fff81a1        0x5 .\ARM_GCC_541\Debug\DualTone MultiFrequency Coder.a(LF_DAC_2.o)
                0x1fff81a1                LF_DAC_2_initVar
 *fill*         0x1fff81a6        0x2 
 .bss           0x1fff81a8        0x1 .\ARM_GCC_541\Debug\DualTone MultiFrequency Coder.a(LF_DAC_2_PM.o)
 *fill*         0x1fff81a9        0x3 
 .bss           0x1fff81ac        0x2 .\ARM_GCC_541\Debug\DualTone MultiFrequency Coder.a(HF_DAC_1_VDAC8_PM.o)
 *fill*         0x1fff81ae        0x2 
 .bss           0x1fff81b0        0x2 .\ARM_GCC_541\Debug\DualTone MultiFrequency Coder.a(LF_DAC_1_VDAC8_PM.o)
 *fill*         0x1fff81b2        0x2 
 .bss           0x1fff81b4        0x2 .\ARM_GCC_541\Debug\DualTone MultiFrequency Coder.a(HF_DAC_2_VDAC8_PM.o)
 *fill*         0x1fff81b6        0x2 
 .bss           0x1fff81b8        0x2 .\ARM_GCC_541\Debug\DualTone MultiFrequency Coder.a(LF_DAC_2_VDAC8_PM.o)
 *fill*         0x1fff81ba        0x2 
 .bss.__malloc_sbrk_start
                0x1fff81bc        0x4 c:/program files (x86)/cypress/psoc creator/4.1/psoc creator/import/gnu/arm/5.4.1/bin/../lib/gcc/arm-none-eabi/5.4.1/../../../../arm-none-eabi/lib/armv7-m\libg_nano.a(lib_a-nano-mallocr.o)
                0x1fff81bc                __malloc_sbrk_start
 .bss.__malloc_free_list
                0x1fff81c0        0x4 c:/program files (x86)/cypress/psoc creator/4.1/psoc creator/import/gnu/arm/5.4.1/bin/../lib/gcc/arm-none-eabi/5.4.1/../../../../arm-none-eabi/lib/armv7-m\libg_nano.a(lib_a-nano-mallocr.o)
                0x1fff81c0                __malloc_free_list
 *(COMMON)
 COMMON         0x1fff81c4      0xfb6 .\ARM_GCC_541\Debug\main.o
                0x1fff81c4                TransmitBuffer
                0x1fff81d4                ContinuouslySendData
                0x1fff81d5                SendEmulatedData
                0x1fff81d6                Output
                0x1fff81d8                array
                0x1fff9178                SendSingleByte
                0x1fff9179                EmulatedData
 *fill*         0x1fff917a        0x2 
 COMMON         0x1fff917c        0x4 .\ARM_GCC_541\Debug\DualTone MultiFrequency Coder.a(ADC_DelSig_1.o)
                0x1fff917c                ADC_DelSig_1_CountsPerVolt
 COMMON         0x1fff9180        0x4 c:/program files (x86)/cypress/psoc creator/4.1/psoc creator/import/gnu/arm/5.4.1/bin/../lib/gcc/arm-none-eabi/5.4.1/../../../../arm-none-eabi/lib/armv7-m\libg_nano.a(lib_a-reent.o)
                0x1fff9180                errno
                0x1fff9188                . = ALIGN (0x8)
 *fill*         0x1fff9184        0x4 
 *(.ram.b)
                0x1fff9188                _end = .
                0x1fff9188                __end = .
                0x1fff9188                PROVIDE (end, .)
                0x1fff9188                PROVIDE (__bss_end__, .)
                0x00007c18                __cy_region_init_ram = LOADADDR (.data)
                0x00000098                __cy_region_init_size_ram = (_edata - ADDR (.data))
                0x00001028                __cy_region_zero_size_ram = (_end - _edata)

.heap           0x1fff9188       0x80 load address 0x00007cb0
                0x1fff9188                . = _end
                0x1fff9208                . = (. + 0x80)
 *fill*         0x1fff9188       0x80 
                0x1fff9208                __cy_heap_limit = .

.stack          0x20007800      0x800
                0x20007800                __cy_stack_limit = .
                0x20008000                . = (. + 0x800)
 *fill*         0x20007800      0x800 
                0x00000001                ASSERT ((__cy_stack_limit >= __cy_heap_limit), region RAM overflowed with stack)
                0x00000000                cy_checksum_exclude_size = (CY_APPL_LOADABLE == 0x1)?SIZEOF (.cy_checksum_exclude):0x0
                0x00000001                ASSERT ((cy_checksum_exclude_size <= CY_CHECKSUM_EXCLUDE_SIZE), CY_BOOT: Section .cy_checksum_exclude size exceedes specified limit.)

.cyloadermeta
 *(.cyloadermeta)

.cyloadablemeta
 *(.cyloadablemeta)

.cyconfigecc    0x80000000      0x5c8
 *(.cyconfigecc)
 .cyconfigecc   0x80000000      0x5c8 .\ARM_GCC_541\Debug\cymetadata.o
                0x80000000                cy_meta_configecc

.cycustnvl      0x90000000        0x4
 *(.cycustnvl)
 .cycustnvl     0x90000000        0x4 .\ARM_GCC_541\Debug\cymetadata.o
                0x90000000                cy_meta_custnvl

.cywolatch      0x90100000        0x4
 *(.cywolatch)
 .cywolatch     0x90100000        0x4 .\ARM_GCC_541\Debug\cymetadata.o
                0x90100000                cy_meta_wonvl

.cyeeprom       0x90200000        0x0
 *(.cyeeprom)
                0x00000001                ASSERT ((. <= ((0x90200000 + ee_offset) + ee_size)), .cyeeprom data will not fit in EEPROM)

.cyflashprotect
                0x90400000      0x100
 *(.cyflashprotect)
 .cyflashprotect
                0x90400000      0x100 .\ARM_GCC_541\Debug\cymetadata.o
                0x90400000                cy_meta_flashprotect

.cymeta         0x90500000        0xc
 *(.cymeta)
 .cymeta        0x90500000        0xc .\ARM_GCC_541\Debug\cymetadata.o
                0x90500000                cy_metadata

.rel.dyn        0x00007cb0        0x0 load address 0x9050000c
 .rel.iplt      0x00007cb0        0x0 c:/program files (x86)/cypress/psoc creator/4.1/psoc creator/import/gnu/arm/5.4.1/bin/../lib/gcc/arm-none-eabi/5.4.1/armv7-m/crtbegin.o

.stab
 *(.stab)

.stabstr
 *(.stabstr)

.debug
 *(.debug)

.line
 *(.line)

.debug_srcinfo
 *(.debug_srcinfo)

.debug_sfnames
 *(.debug_sfnames)

.debug_aranges  0x00000000     0x13b0
 *(.debug_aranges)
 .debug_aranges
                0x00000000       0x58 .\ARM_GCC_541\Debug\main.o
 .debug_aranges
                0x00000058       0x70 .\ARM_GCC_541\Debug\cyfitter_cfg.o
 .debug_aranges
                0x000000c8       0x18 .\ARM_GCC_541\Debug\cymetadata.o
 .debug_aranges
                0x000000e0       0x48 .\ARM_GCC_541\Debug\Cm3Start.o
 .debug_aranges
                0x00000128       0xe8 .\ARM_GCC_541\Debug\DualTone MultiFrequency Coder.a(ADC_DelSig_1.o)
 .debug_aranges
                0x00000210       0x38 .\ARM_GCC_541\Debug\DualTone MultiFrequency Coder.a(ADC_DelSig_1_INT.o)
 .debug_aranges
                0x00000248       0x30 .\ARM_GCC_541\Debug\DualTone MultiFrequency Coder.a(ADC_DelSig_1_AMux.o)
 .debug_aranges
                0x00000278       0x70 .\ARM_GCC_541\Debug\DualTone MultiFrequency Coder.a(ADC_DelSig_1_Ext_CP_Clk.o)
 .debug_aranges
                0x000002e8       0x80 .\ARM_GCC_541\Debug\DualTone MultiFrequency Coder.a(ADC_DelSig_1_theACLK.o)
 .debug_aranges
                0x00000368       0xd8 .\ARM_GCC_541\Debug\DualTone MultiFrequency Coder.a(CyDmac.o)
 .debug_aranges
                0x00000440      0x2a0 .\ARM_GCC_541\Debug\DualTone MultiFrequency Coder.a(CyLib.o)
 .debug_aranges
                0x000006e0       0x98 .\ARM_GCC_541\Debug\DualTone MultiFrequency Coder.a(cyPm.o)
 .debug_aranges
                0x00000778       0xf0 .\ARM_GCC_541\Debug\DualTone MultiFrequency Coder.a(UART_1.o)
 .debug_aranges
                0x00000868       0x70 .\ARM_GCC_541\Debug\DualTone MultiFrequency Coder.a(UART_1_IntClock.o)
 .debug_aranges
                0x000008d8       0x88 .\ARM_GCC_541\Debug\DualTone MultiFrequency Coder.a(Timer.o)
 .debug_aranges
                0x00000960       0x80 .\ARM_GCC_541\Debug\DualTone MultiFrequency Coder.a(isr.o)
 .debug_aranges
                0x000009e0       0x38 .\ARM_GCC_541\Debug\DualTone MultiFrequency Coder.a(HF_SW1.o)
 .debug_aranges
                0x00000a18       0x38 .\ARM_GCC_541\Debug\DualTone MultiFrequency Coder.a(HF_SW2.o)
 .debug_aranges
                0x00000a50       0x38 .\ARM_GCC_541\Debug\DualTone MultiFrequency Coder.a(LF_SW1.o)
 .debug_aranges
                0x00000a88       0x38 .\ARM_GCC_541\Debug\DualTone MultiFrequency Coder.a(LF_SW2.o)
 .debug_aranges
                0x00000ac0       0x50 .\ARM_GCC_541\Debug\DualTone MultiFrequency Coder.a(HF_DAC_1.o)
 .debug_aranges
                0x00000b10       0x28 .\ARM_GCC_541\Debug\DualTone MultiFrequency Coder.a(HF_DAC_1_PM.o)
 .debug_aranges
                0x00000b38       0x50 .\ARM_GCC_541\Debug\DualTone MultiFrequency Coder.a(LF_DAC_1.o)
 .debug_aranges
                0x00000b88       0x28 .\ARM_GCC_541\Debug\DualTone MultiFrequency Coder.a(LF_DAC_1_PM.o)
 .debug_aranges
                0x00000bb0       0x50 .\ARM_GCC_541\Debug\DualTone MultiFrequency Coder.a(HF_DAC_2.o)
 .debug_aranges
                0x00000c00       0x28 .\ARM_GCC_541\Debug\DualTone MultiFrequency Coder.a(HF_DAC_2_PM.o)
 .debug_aranges
                0x00000c28       0x50 .\ARM_GCC_541\Debug\DualTone MultiFrequency Coder.a(LF_DAC_2.o)
 .debug_aranges
                0x00000c78       0x28 .\ARM_GCC_541\Debug\DualTone MultiFrequency Coder.a(LF_DAC_2_PM.o)
 .debug_aranges
                0x00000ca0       0x70 .\ARM_GCC_541\Debug\DualTone MultiFrequency Coder.a(HF_DAC_1_DacClk.o)
 .debug_aranges
                0x00000d10       0x28 .\ARM_GCC_541\Debug\DualTone MultiFrequency Coder.a(HF_DAC_1_Wave1_DMA_dma.o)
 .debug_aranges
                0x00000d38       0x28 .\ARM_GCC_541\Debug\DualTone MultiFrequency Coder.a(HF_DAC_1_Wave2_DMA_dma.o)
 .debug_aranges
                0x00000d60       0x58 .\ARM_GCC_541\Debug\DualTone MultiFrequency Coder.a(HF_DAC_1_VDAC8.o)
 .debug_aranges
                0x00000db8       0x38 .\ARM_GCC_541\Debug\DualTone MultiFrequency Coder.a(HF_DAC_1_VDAC8_PM.o)
 .debug_aranges
                0x00000df0       0x70 .\ARM_GCC_541\Debug\DualTone MultiFrequency Coder.a(LF_DAC_1_DacClk.o)
 .debug_aranges
                0x00000e60       0x28 .\ARM_GCC_541\Debug\DualTone MultiFrequency Coder.a(LF_DAC_1_Wave1_DMA_dma.o)
 .debug_aranges
                0x00000e88       0x28 .\ARM_GCC_541\Debug\DualTone MultiFrequency Coder.a(LF_DAC_1_Wave2_DMA_dma.o)
 .debug_aranges
                0x00000eb0       0x58 .\ARM_GCC_541\Debug\DualTone MultiFrequency Coder.a(LF_DAC_1_VDAC8.o)
 .debug_aranges
                0x00000f08       0x38 .\ARM_GCC_541\Debug\DualTone MultiFrequency Coder.a(LF_DAC_1_VDAC8_PM.o)
 .debug_aranges
                0x00000f40       0x70 .\ARM_GCC_541\Debug\DualTone MultiFrequency Coder.a(HF_DAC_2_DacClk.o)
 .debug_aranges
                0x00000fb0       0x28 .\ARM_GCC_541\Debug\DualTone MultiFrequency Coder.a(HF_DAC_2_Wave1_DMA_dma.o)
 .debug_aranges
                0x00000fd8       0x28 .\ARM_GCC_541\Debug\DualTone MultiFrequency Coder.a(HF_DAC_2_Wave2_DMA_dma.o)
 .debug_aranges
                0x00001000       0x58 .\ARM_GCC_541\Debug\DualTone MultiFrequency Coder.a(HF_DAC_2_VDAC8.o)
 .debug_aranges
                0x00001058       0x38 .\ARM_GCC_541\Debug\DualTone MultiFrequency Coder.a(HF_DAC_2_VDAC8_PM.o)
 .debug_aranges
                0x00001090       0x70 .\ARM_GCC_541\Debug\DualTone MultiFrequency Coder.a(LF_DAC_2_DacClk.o)
 .debug_aranges
                0x00001100       0x28 .\ARM_GCC_541\Debug\DualTone MultiFrequency Coder.a(LF_DAC_2_Wave1_DMA_dma.o)
 .debug_aranges
                0x00001128       0x28 .\ARM_GCC_541\Debug\DualTone MultiFrequency Coder.a(LF_DAC_2_Wave2_DMA_dma.o)
 .debug_aranges
                0x00001150       0x58 .\ARM_GCC_541\Debug\DualTone MultiFrequency Coder.a(LF_DAC_2_VDAC8.o)
 .debug_aranges
                0x000011a8       0x38 .\ARM_GCC_541\Debug\DualTone MultiFrequency Coder.a(LF_DAC_2_VDAC8_PM.o)
 .debug_aranges
                0x000011e0       0x80 .\ARM_GCC_541\Debug\DualTone MultiFrequency Coder.a(Input_ISR.o)
 .debug_aranges
                0x00001260       0x38 .\ARM_GCC_541\Debug\DualTone MultiFrequency Coder.a(Input_Flag.o)
 .debug_aranges
                0x00001298       0x20 .\ARM_GCC_541\Debug\DualTone MultiFrequency Coder.a(CyBootAsmGnu.o)
 .debug_aranges
                0x000012b8       0x80 .\ARM_GCC_541\Debug\DualTone MultiFrequency Coder.a(CyFlash.o)
 .debug_aranges
                0x00001338       0x78 .\ARM_GCC_541\Debug\DualTone MultiFrequency Coder.a(CySpc.o)

.debug_pubnames
 *(.debug_pubnames)

.debug_info     0x00000000     0x7fef
 *(.debug_info .gnu.linkonce.wi.*)
 .debug_info    0x00000000      0x53a .\ARM_GCC_541\Debug\main.o
 .debug_info    0x0000053a      0x500 .\ARM_GCC_541\Debug\cyfitter_cfg.o
 .debug_info    0x00000a3a      0x137 .\ARM_GCC_541\Debug\cymetadata.o
 .debug_info    0x00000b71      0x32b .\ARM_GCC_541\Debug\Cm3Start.o
 .debug_info    0x00000e9c      0x72c .\ARM_GCC_541\Debug\DualTone MultiFrequency Coder.a(ADC_DelSig_1.o)
 .debug_info    0x000015c8       0xd3 .\ARM_GCC_541\Debug\DualTone MultiFrequency Coder.a(ADC_DelSig_1_INT.o)
 .debug_info    0x0000169b      0x10a .\ARM_GCC_541\Debug\DualTone MultiFrequency Coder.a(ADC_DelSig_1_AMux.o)
 .debug_info    0x000017a5      0x25d .\ARM_GCC_541\Debug\DualTone MultiFrequency Coder.a(ADC_DelSig_1_Ext_CP_Clk.o)
 .debug_info    0x00001a02      0x299 .\ARM_GCC_541\Debug\DualTone MultiFrequency Coder.a(ADC_DelSig_1_theACLK.o)
 .debug_info    0x00001c9b      0x8c0 .\ARM_GCC_541\Debug\DualTone MultiFrequency Coder.a(CyDmac.o)
 .debug_info    0x0000255b      0xe51 .\ARM_GCC_541\Debug\DualTone MultiFrequency Coder.a(CyLib.o)
 .debug_info    0x000033ac      0x57a .\ARM_GCC_541\Debug\DualTone MultiFrequency Coder.a(cyPm.o)
 .debug_info    0x00003926      0x50a .\ARM_GCC_541\Debug\DualTone MultiFrequency Coder.a(UART_1.o)
 .debug_info    0x00003e30      0x25d .\ARM_GCC_541\Debug\DualTone MultiFrequency Coder.a(UART_1_IntClock.o)
 .debug_info    0x0000408d      0x245 .\ARM_GCC_541\Debug\DualTone MultiFrequency Coder.a(Timer.o)
 .debug_info    0x000042d2      0x241 .\ARM_GCC_541\Debug\DualTone MultiFrequency Coder.a(isr.o)
 .debug_info    0x00004513      0x11e .\ARM_GCC_541\Debug\DualTone MultiFrequency Coder.a(HF_SW1.o)
 .debug_info    0x00004631      0x11e .\ARM_GCC_541\Debug\DualTone MultiFrequency Coder.a(HF_SW2.o)
 .debug_info    0x0000474f      0x11e .\ARM_GCC_541\Debug\DualTone MultiFrequency Coder.a(LF_SW1.o)
 .debug_info    0x0000486d      0x11e .\ARM_GCC_541\Debug\DualTone MultiFrequency Coder.a(LF_SW2.o)
 .debug_info    0x0000498b      0x25a .\ARM_GCC_541\Debug\DualTone MultiFrequency Coder.a(HF_DAC_1.o)
 .debug_info    0x00004be5       0xff .\ARM_GCC_541\Debug\DualTone MultiFrequency Coder.a(HF_DAC_1_PM.o)
 .debug_info    0x00004ce4      0x25a .\ARM_GCC_541\Debug\DualTone MultiFrequency Coder.a(LF_DAC_1.o)
 .debug_info    0x00004f3e       0xff .\ARM_GCC_541\Debug\DualTone MultiFrequency Coder.a(LF_DAC_1_PM.o)
 .debug_info    0x0000503d      0x259 .\ARM_GCC_541\Debug\DualTone MultiFrequency Coder.a(HF_DAC_2.o)
 .debug_info    0x00005296       0xff .\ARM_GCC_541\Debug\DualTone MultiFrequency Coder.a(HF_DAC_2_PM.o)
 .debug_info    0x00005395      0x25a .\ARM_GCC_541\Debug\DualTone MultiFrequency Coder.a(LF_DAC_2.o)
 .debug_info    0x000055ef       0xff .\ARM_GCC_541\Debug\DualTone MultiFrequency Coder.a(LF_DAC_2_PM.o)
 .debug_info    0x000056ee      0x25d .\ARM_GCC_541\Debug\DualTone MultiFrequency Coder.a(HF_DAC_1_DacClk.o)
 .debug_info    0x0000594b      0x11b .\ARM_GCC_541\Debug\DualTone MultiFrequency Coder.a(HF_DAC_1_Wave1_DMA_dma.o)
 .debug_info    0x00005a66      0x11b .\ARM_GCC_541\Debug\DualTone MultiFrequency Coder.a(HF_DAC_1_Wave2_DMA_dma.o)
 .debug_info    0x00005b81      0x185 .\ARM_GCC_541\Debug\DualTone MultiFrequency Coder.a(HF_DAC_1_VDAC8.o)
 .debug_info    0x00005d06      0x11f .\ARM_GCC_541\Debug\DualTone MultiFrequency Coder.a(HF_DAC_1_VDAC8_PM.o)
 .debug_info    0x00005e25      0x25d .\ARM_GCC_541\Debug\DualTone MultiFrequency Coder.a(LF_DAC_1_DacClk.o)
 .debug_info    0x00006082      0x11b .\ARM_GCC_541\Debug\DualTone MultiFrequency Coder.a(LF_DAC_1_Wave1_DMA_dma.o)
 .debug_info    0x0000619d      0x11b .\ARM_GCC_541\Debug\DualTone MultiFrequency Coder.a(LF_DAC_1_Wave2_DMA_dma.o)
 .debug_info    0x000062b8      0x185 .\ARM_GCC_541\Debug\DualTone MultiFrequency Coder.a(LF_DAC_1_VDAC8.o)
 .debug_info    0x0000643d      0x11f .\ARM_GCC_541\Debug\DualTone MultiFrequency Coder.a(LF_DAC_1_VDAC8_PM.o)
 .debug_info    0x0000655c      0x25d .\ARM_GCC_541\Debug\DualTone MultiFrequency Coder.a(HF_DAC_2_DacClk.o)
 .debug_info    0x000067b9      0x11b .\ARM_GCC_541\Debug\DualTone MultiFrequency Coder.a(HF_DAC_2_Wave1_DMA_dma.o)
 .debug_info    0x000068d4      0x11b .\ARM_GCC_541\Debug\DualTone MultiFrequency Coder.a(HF_DAC_2_Wave2_DMA_dma.o)
 .debug_info    0x000069ef      0x185 .\ARM_GCC_541\Debug\DualTone MultiFrequency Coder.a(HF_DAC_2_VDAC8.o)
 .debug_info    0x00006b74      0x11f .\ARM_GCC_541\Debug\DualTone MultiFrequency Coder.a(HF_DAC_2_VDAC8_PM.o)
 .debug_info    0x00006c93      0x25d .\ARM_GCC_541\Debug\DualTone MultiFrequency Coder.a(LF_DAC_2_DacClk.o)
 .debug_info    0x00006ef0      0x11b .\ARM_GCC_541\Debug\DualTone MultiFrequency Coder.a(LF_DAC_2_Wave1_DMA_dma.o)
 .debug_info    0x0000700b      0x11b .\ARM_GCC_541\Debug\DualTone MultiFrequency Coder.a(LF_DAC_2_Wave2_DMA_dma.o)
 .debug_info    0x00007126      0x185 .\ARM_GCC_541\Debug\DualTone MultiFrequency Coder.a(LF_DAC_2_VDAC8.o)
 .debug_info    0x000072ab      0x11f .\ARM_GCC_541\Debug\DualTone MultiFrequency Coder.a(LF_DAC_2_VDAC8_PM.o)
 .debug_info    0x000073ca      0x241 .\ARM_GCC_541\Debug\DualTone MultiFrequency Coder.a(Input_ISR.o)
 .debug_info    0x0000760b      0x11e .\ARM_GCC_541\Debug\DualTone MultiFrequency Coder.a(Input_Flag.o)
 .debug_info    0x00007729       0xfb .\ARM_GCC_541\Debug\DualTone MultiFrequency Coder.a(CyBootAsmGnu.o)
 .debug_info    0x00007824      0x371 .\ARM_GCC_541\Debug\DualTone MultiFrequency Coder.a(CyFlash.o)
 .debug_info    0x00007b95      0x45a .\ARM_GCC_541\Debug\DualTone MultiFrequency Coder.a(CySpc.o)

.debug_abbrev   0x00000000     0x2fe5
 *(.debug_abbrev)
 .debug_abbrev  0x00000000      0x184 .\ARM_GCC_541\Debug\main.o
 .debug_abbrev  0x00000184      0x1ca .\ARM_GCC_541\Debug\cyfitter_cfg.o
 .debug_abbrev  0x0000034e       0x77 .\ARM_GCC_541\Debug\cymetadata.o
 .debug_abbrev  0x000003c5      0x1d6 .\ARM_GCC_541\Debug\Cm3Start.o
 .debug_abbrev  0x0000059b      0x19d .\ARM_GCC_541\Debug\DualTone MultiFrequency Coder.a(ADC_DelSig_1.o)
 .debug_abbrev  0x00000738       0x42 .\ARM_GCC_541\Debug\DualTone MultiFrequency Coder.a(ADC_DelSig_1_INT.o)
 .debug_abbrev  0x0000077a       0x6f .\ARM_GCC_541\Debug\DualTone MultiFrequency Coder.a(ADC_DelSig_1_AMux.o)
 .debug_abbrev  0x000007e9      0x11d .\ARM_GCC_541\Debug\DualTone MultiFrequency Coder.a(ADC_DelSig_1_Ext_CP_Clk.o)
 .debug_abbrev  0x00000906      0x11d .\ARM_GCC_541\Debug\DualTone MultiFrequency Coder.a(ADC_DelSig_1_theACLK.o)
 .debug_abbrev  0x00000a23      0x194 .\ARM_GCC_541\Debug\DualTone MultiFrequency Coder.a(CyDmac.o)
 .debug_abbrev  0x00000bb7      0x217 .\ARM_GCC_541\Debug\DualTone MultiFrequency Coder.a(CyLib.o)
 .debug_abbrev  0x00000dce      0x161 .\ARM_GCC_541\Debug\DualTone MultiFrequency Coder.a(cyPm.o)
 .debug_abbrev  0x00000f2f      0x163 .\ARM_GCC_541\Debug\DualTone MultiFrequency Coder.a(UART_1.o)
 .debug_abbrev  0x00001092      0x11d .\ARM_GCC_541\Debug\DualTone MultiFrequency Coder.a(UART_1_IntClock.o)
 .debug_abbrev  0x000011af       0xe9 .\ARM_GCC_541\Debug\DualTone MultiFrequency Coder.a(Timer.o)
 .debug_abbrev  0x00001298      0x172 .\ARM_GCC_541\Debug\DualTone MultiFrequency Coder.a(isr.o)
 .debug_abbrev  0x0000140a       0x90 .\ARM_GCC_541\Debug\DualTone MultiFrequency Coder.a(HF_SW1.o)
 .debug_abbrev  0x0000149a       0x90 .\ARM_GCC_541\Debug\DualTone MultiFrequency Coder.a(HF_SW2.o)
 .debug_abbrev  0x0000152a       0x90 .\ARM_GCC_541\Debug\DualTone MultiFrequency Coder.a(LF_SW1.o)
 .debug_abbrev  0x000015ba       0x90 .\ARM_GCC_541\Debug\DualTone MultiFrequency Coder.a(LF_SW2.o)
 .debug_abbrev  0x0000164a       0xe3 .\ARM_GCC_541\Debug\DualTone MultiFrequency Coder.a(HF_DAC_1.o)
 .debug_abbrev  0x0000172d       0x8e .\ARM_GCC_541\Debug\DualTone MultiFrequency Coder.a(HF_DAC_1_PM.o)
 .debug_abbrev  0x000017bb       0xe3 .\ARM_GCC_541\Debug\DualTone MultiFrequency Coder.a(LF_DAC_1.o)
 .debug_abbrev  0x0000189e       0x8e .\ARM_GCC_541\Debug\DualTone MultiFrequency Coder.a(LF_DAC_1_PM.o)
 .debug_abbrev  0x0000192c       0xec .\ARM_GCC_541\Debug\DualTone MultiFrequency Coder.a(HF_DAC_2.o)
 .debug_abbrev  0x00001a18       0x8e .\ARM_GCC_541\Debug\DualTone MultiFrequency Coder.a(HF_DAC_2_PM.o)
 .debug_abbrev  0x00001aa6       0xe3 .\ARM_GCC_541\Debug\DualTone MultiFrequency Coder.a(LF_DAC_2.o)
 .debug_abbrev  0x00001b89       0x8e .\ARM_GCC_541\Debug\DualTone MultiFrequency Coder.a(LF_DAC_2_PM.o)
 .debug_abbrev  0x00001c17      0x11d .\ARM_GCC_541\Debug\DualTone MultiFrequency Coder.a(HF_DAC_1_DacClk.o)
 .debug_abbrev  0x00001d34       0x8b .\ARM_GCC_541\Debug\DualTone MultiFrequency Coder.a(HF_DAC_1_Wave1_DMA_dma.o)
 .debug_abbrev  0x00001dbf       0x8b .\ARM_GCC_541\Debug\DualTone MultiFrequency Coder.a(HF_DAC_1_Wave2_DMA_dma.o)
 .debug_abbrev  0x00001e4a       0xeb .\ARM_GCC_541\Debug\DualTone MultiFrequency Coder.a(HF_DAC_1_VDAC8.o)
 .debug_abbrev  0x00001f35       0xa6 .\ARM_GCC_541\Debug\DualTone MultiFrequency Coder.a(HF_DAC_1_VDAC8_PM.o)
 .debug_abbrev  0x00001fdb      0x11d .\ARM_GCC_541\Debug\DualTone MultiFrequency Coder.a(LF_DAC_1_DacClk.o)
 .debug_abbrev  0x000020f8       0x8b .\ARM_GCC_541\Debug\DualTone MultiFrequency Coder.a(LF_DAC_1_Wave1_DMA_dma.o)
 .debug_abbrev  0x00002183       0x8b .\ARM_GCC_541\Debug\DualTone MultiFrequency Coder.a(LF_DAC_1_Wave2_DMA_dma.o)
 .debug_abbrev  0x0000220e       0xeb .\ARM_GCC_541\Debug\DualTone MultiFrequency Coder.a(LF_DAC_1_VDAC8.o)
 .debug_abbrev  0x000022f9       0xa6 .\ARM_GCC_541\Debug\DualTone MultiFrequency Coder.a(LF_DAC_1_VDAC8_PM.o)
 .debug_abbrev  0x0000239f      0x11d .\ARM_GCC_541\Debug\DualTone MultiFrequency Coder.a(HF_DAC_2_DacClk.o)
 .debug_abbrev  0x000024bc       0x8b .\ARM_GCC_541\Debug\DualTone MultiFrequency Coder.a(HF_DAC_2_Wave1_DMA_dma.o)
 .debug_abbrev  0x00002547       0x8b .\ARM_GCC_541\Debug\DualTone MultiFrequency Coder.a(HF_DAC_2_Wave2_DMA_dma.o)
 .debug_abbrev  0x000025d2       0xeb .\ARM_GCC_541\Debug\DualTone MultiFrequency Coder.a(HF_DAC_2_VDAC8.o)
 .debug_abbrev  0x000026bd       0xa6 .\ARM_GCC_541\Debug\DualTone MultiFrequency Coder.a(HF_DAC_2_VDAC8_PM.o)
 .debug_abbrev  0x00002763      0x11d .\ARM_GCC_541\Debug\DualTone MultiFrequency Coder.a(LF_DAC_2_DacClk.o)
 .debug_abbrev  0x00002880       0x8b .\ARM_GCC_541\Debug\DualTone MultiFrequency Coder.a(LF_DAC_2_Wave1_DMA_dma.o)
 .debug_abbrev  0x0000290b       0x8b .\ARM_GCC_541\Debug\DualTone MultiFrequency Coder.a(LF_DAC_2_Wave2_DMA_dma.o)
 .debug_abbrev  0x00002996       0xeb .\ARM_GCC_541\Debug\DualTone MultiFrequency Coder.a(LF_DAC_2_VDAC8.o)
 .debug_abbrev  0x00002a81       0xa6 .\ARM_GCC_541\Debug\DualTone MultiFrequency Coder.a(LF_DAC_2_VDAC8_PM.o)
 .debug_abbrev  0x00002b27      0x172 .\ARM_GCC_541\Debug\DualTone MultiFrequency Coder.a(Input_ISR.o)
 .debug_abbrev  0x00002c99       0x90 .\ARM_GCC_541\Debug\DualTone MultiFrequency Coder.a(Input_Flag.o)
 .debug_abbrev  0x00002d29       0x14 .\ARM_GCC_541\Debug\DualTone MultiFrequency Coder.a(CyBootAsmGnu.o)
 .debug_abbrev  0x00002d3d      0x13c .\ARM_GCC_541\Debug\DualTone MultiFrequency Coder.a(CyFlash.o)
 .debug_abbrev  0x00002e79      0x16c .\ARM_GCC_541\Debug\DualTone MultiFrequency Coder.a(CySpc.o)

.debug_line     0x00000000     0x47df
 *(.debug_line)
 .debug_line    0x00000000      0x36e .\ARM_GCC_541\Debug\main.o
 .debug_line    0x0000036e      0x263 .\ARM_GCC_541\Debug\cyfitter_cfg.o
 .debug_line    0x000005d1      0x141 .\ARM_GCC_541\Debug\cymetadata.o
 .debug_line    0x00000712      0x1db .\ARM_GCC_541\Debug\Cm3Start.o
 .debug_line    0x000008ed      0x365 .\ARM_GCC_541\Debug\DualTone MultiFrequency Coder.a(ADC_DelSig_1.o)
 .debug_line    0x00000c52       0x95 .\ARM_GCC_541\Debug\DualTone MultiFrequency Coder.a(ADC_DelSig_1_INT.o)
 .debug_line    0x00000ce7       0xa6 .\ARM_GCC_541\Debug\DualTone MultiFrequency Coder.a(ADC_DelSig_1_AMux.o)
 .debug_line    0x00000d8d      0x1b6 .\ARM_GCC_541\Debug\DualTone MultiFrequency Coder.a(ADC_DelSig_1_Ext_CP_Clk.o)
 .debug_line    0x00000f43      0x1d7 .\ARM_GCC_541\Debug\DualTone MultiFrequency Coder.a(ADC_DelSig_1_theACLK.o)
 .debug_line    0x0000111a      0x2b6 .\ARM_GCC_541\Debug\DualTone MultiFrequency Coder.a(CyDmac.o)
 .debug_line    0x000013d0      0x883 .\ARM_GCC_541\Debug\DualTone MultiFrequency Coder.a(CyLib.o)
 .debug_line    0x00001c53      0x38e .\ARM_GCC_541\Debug\DualTone MultiFrequency Coder.a(cyPm.o)
 .debug_line    0x00001fe1      0x2e4 .\ARM_GCC_541\Debug\DualTone MultiFrequency Coder.a(UART_1.o)
 .debug_line    0x000022c5      0x1ae .\ARM_GCC_541\Debug\DualTone MultiFrequency Coder.a(UART_1_IntClock.o)
 .debug_line    0x00002473      0x15d .\ARM_GCC_541\Debug\DualTone MultiFrequency Coder.a(Timer.o)
 .debug_line    0x000025d0      0x14e .\ARM_GCC_541\Debug\DualTone MultiFrequency Coder.a(isr.o)
 .debug_line    0x0000271e       0x96 .\ARM_GCC_541\Debug\DualTone MultiFrequency Coder.a(HF_SW1.o)
 .debug_line    0x000027b4       0x96 .\ARM_GCC_541\Debug\DualTone MultiFrequency Coder.a(HF_SW2.o)
 .debug_line    0x0000284a       0x96 .\ARM_GCC_541\Debug\DualTone MultiFrequency Coder.a(LF_SW1.o)
 .debug_line    0x000028e0       0x96 .\ARM_GCC_541\Debug\DualTone MultiFrequency Coder.a(LF_SW2.o)
 .debug_line    0x00002976       0xf2 .\ARM_GCC_541\Debug\DualTone MultiFrequency Coder.a(HF_DAC_1.o)
 .debug_line    0x00002a68       0xa5 .\ARM_GCC_541\Debug\DualTone MultiFrequency Coder.a(HF_DAC_1_PM.o)
 .debug_line    0x00002b0d       0xf2 .\ARM_GCC_541\Debug\DualTone MultiFrequency Coder.a(LF_DAC_1.o)
 .debug_line    0x00002bff       0xa5 .\ARM_GCC_541\Debug\DualTone MultiFrequency Coder.a(LF_DAC_1_PM.o)
 .debug_line    0x00002ca4       0xf2 .\ARM_GCC_541\Debug\DualTone MultiFrequency Coder.a(HF_DAC_2.o)
 .debug_line    0x00002d96       0x88 .\ARM_GCC_541\Debug\DualTone MultiFrequency Coder.a(HF_DAC_2_PM.o)
 .debug_line    0x00002e1e       0xf2 .\ARM_GCC_541\Debug\DualTone MultiFrequency Coder.a(LF_DAC_2.o)
 .debug_line    0x00002f10       0xa5 .\ARM_GCC_541\Debug\DualTone MultiFrequency Coder.a(LF_DAC_2_PM.o)
 .debug_line    0x00002fb5      0x1ae .\ARM_GCC_541\Debug\DualTone MultiFrequency Coder.a(HF_DAC_1_DacClk.o)
 .debug_line    0x00003163       0x85 .\ARM_GCC_541\Debug\DualTone MultiFrequency Coder.a(HF_DAC_1_Wave1_DMA_dma.o)
 .debug_line    0x000031e8       0x85 .\ARM_GCC_541\Debug\DualTone MultiFrequency Coder.a(HF_DAC_1_Wave2_DMA_dma.o)
 .debug_line    0x0000326d       0xf6 .\ARM_GCC_541\Debug\DualTone MultiFrequency Coder.a(HF_DAC_1_VDAC8.o)
 .debug_line    0x00003363       0xc0 .\ARM_GCC_541\Debug\DualTone MultiFrequency Coder.a(HF_DAC_1_VDAC8_PM.o)
 .debug_line    0x00003423      0x1ae .\ARM_GCC_541\Debug\DualTone MultiFrequency Coder.a(LF_DAC_1_DacClk.o)
 .debug_line    0x000035d1       0x85 .\ARM_GCC_541\Debug\DualTone MultiFrequency Coder.a(LF_DAC_1_Wave1_DMA_dma.o)
 .debug_line    0x00003656       0x85 .\ARM_GCC_541\Debug\DualTone MultiFrequency Coder.a(LF_DAC_1_Wave2_DMA_dma.o)
 .debug_line    0x000036db       0xf6 .\ARM_GCC_541\Debug\DualTone MultiFrequency Coder.a(LF_DAC_1_VDAC8.o)
 .debug_line    0x000037d1       0xc0 .\ARM_GCC_541\Debug\DualTone MultiFrequency Coder.a(LF_DAC_1_VDAC8_PM.o)
 .debug_line    0x00003891      0x1ae .\ARM_GCC_541\Debug\DualTone MultiFrequency Coder.a(HF_DAC_2_DacClk.o)
 .debug_line    0x00003a3f       0x85 .\ARM_GCC_541\Debug\DualTone MultiFrequency Coder.a(HF_DAC_2_Wave1_DMA_dma.o)
 .debug_line    0x00003ac4       0x85 .\ARM_GCC_541\Debug\DualTone MultiFrequency Coder.a(HF_DAC_2_Wave2_DMA_dma.o)
 .debug_line    0x00003b49       0xf6 .\ARM_GCC_541\Debug\DualTone MultiFrequency Coder.a(HF_DAC_2_VDAC8.o)
 .debug_line    0x00003c3f       0xc0 .\ARM_GCC_541\Debug\DualTone MultiFrequency Coder.a(HF_DAC_2_VDAC8_PM.o)
 .debug_line    0x00003cff      0x1ae .\ARM_GCC_541\Debug\DualTone MultiFrequency Coder.a(LF_DAC_2_DacClk.o)
 .debug_line    0x00003ead       0x85 .\ARM_GCC_541\Debug\DualTone MultiFrequency Coder.a(LF_DAC_2_Wave1_DMA_dma.o)
 .debug_line    0x00003f32       0x85 .\ARM_GCC_541\Debug\DualTone MultiFrequency Coder.a(LF_DAC_2_Wave2_DMA_dma.o)
 .debug_line    0x00003fb7       0xf6 .\ARM_GCC_541\Debug\DualTone MultiFrequency Coder.a(LF_DAC_2_VDAC8.o)
 .debug_line    0x000040ad       0xc0 .\ARM_GCC_541\Debug\DualTone MultiFrequency Coder.a(LF_DAC_2_VDAC8_PM.o)
 .debug_line    0x0000416d      0x144 .\ARM_GCC_541\Debug\DualTone MultiFrequency Coder.a(Input_ISR.o)
 .debug_line    0x000042b1       0x9a .\ARM_GCC_541\Debug\DualTone MultiFrequency Coder.a(Input_Flag.o)
 .debug_line    0x0000434b       0x7d .\ARM_GCC_541\Debug\DualTone MultiFrequency Coder.a(CyBootAsmGnu.o)
 .debug_line    0x000043c8      0x205 .\ARM_GCC_541\Debug\DualTone MultiFrequency Coder.a(CyFlash.o)
 .debug_line    0x000045cd      0x212 .\ARM_GCC_541\Debug\DualTone MultiFrequency Coder.a(CySpc.o)

.debug_frame    0x00000000     0x4e18
 *(.debug_frame)
 .debug_frame   0x00000000      0x13c .\ARM_GCC_541\Debug\main.o
 .debug_frame   0x0000013c      0x1bc .\ARM_GCC_541\Debug\cyfitter_cfg.o
 .debug_frame   0x000002f8       0xd8 .\ARM_GCC_541\Debug\Cm3Start.o
 .debug_frame   0x000003d0      0x40c .\ARM_GCC_541\Debug\DualTone MultiFrequency Coder.a(ADC_DelSig_1.o)
 .debug_frame   0x000007dc       0xa0 .\ARM_GCC_541\Debug\DualTone MultiFrequency Coder.a(ADC_DelSig_1_INT.o)
 .debug_frame   0x0000087c       0x88 .\ARM_GCC_541\Debug\DualTone MultiFrequency Coder.a(ADC_DelSig_1_AMux.o)
 .debug_frame   0x00000904      0x1b4 .\ARM_GCC_541\Debug\DualTone MultiFrequency Coder.a(ADC_DelSig_1_Ext_CP_Clk.o)
 .debug_frame   0x00000ab8      0x200 .\ARM_GCC_541\Debug\DualTone MultiFrequency Coder.a(ADC_DelSig_1_theACLK.o)
 .debug_frame   0x00000cb8      0x3d0 .\ARM_GCC_541\Debug\DualTone MultiFrequency Coder.a(CyDmac.o)
 .debug_frame   0x00001088      0xc0c .\ARM_GCC_541\Debug\DualTone MultiFrequency Coder.a(CyLib.o)
 .debug_frame   0x00001c94      0x234 .\ARM_GCC_541\Debug\DualTone MultiFrequency Coder.a(cyPm.o)
 .debug_frame   0x00001ec8      0x42c .\ARM_GCC_541\Debug\DualTone MultiFrequency Coder.a(UART_1.o)
 .debug_frame   0x000022f4      0x1b4 .\ARM_GCC_541\Debug\DualTone MultiFrequency Coder.a(UART_1_IntClock.o)
 .debug_frame   0x000024a8      0x208 .\ARM_GCC_541\Debug\DualTone MultiFrequency Coder.a(Timer.o)
 .debug_frame   0x000026b0      0x1e8 .\ARM_GCC_541\Debug\DualTone MultiFrequency Coder.a(isr.o)
 .debug_frame   0x00002898       0xa8 .\ARM_GCC_541\Debug\DualTone MultiFrequency Coder.a(HF_SW1.o)
 .debug_frame   0x00002940       0xa8 .\ARM_GCC_541\Debug\DualTone MultiFrequency Coder.a(HF_SW2.o)
 .debug_frame   0x000029e8       0xa8 .\ARM_GCC_541\Debug\DualTone MultiFrequency Coder.a(LF_SW1.o)
 .debug_frame   0x00002a90       0xa8 .\ARM_GCC_541\Debug\DualTone MultiFrequency Coder.a(LF_SW2.o)
 .debug_frame   0x00002b38       0xf8 .\ARM_GCC_541\Debug\DualTone MultiFrequency Coder.a(HF_DAC_1.o)
 .debug_frame   0x00002c30       0x48 .\ARM_GCC_541\Debug\DualTone MultiFrequency Coder.a(HF_DAC_1_PM.o)
 .debug_frame   0x00002c78       0xf8 .\ARM_GCC_541\Debug\DualTone MultiFrequency Coder.a(LF_DAC_1.o)
 .debug_frame   0x00002d70       0x48 .\ARM_GCC_541\Debug\DualTone MultiFrequency Coder.a(LF_DAC_1_PM.o)
 .debug_frame   0x00002db8       0xf8 .\ARM_GCC_541\Debug\DualTone MultiFrequency Coder.a(HF_DAC_2.o)
 .debug_frame   0x00002eb0       0x48 .\ARM_GCC_541\Debug\DualTone MultiFrequency Coder.a(HF_DAC_2_PM.o)
 .debug_frame   0x00002ef8       0xf8 .\ARM_GCC_541\Debug\DualTone MultiFrequency Coder.a(LF_DAC_2.o)
 .debug_frame   0x00002ff0       0x48 .\ARM_GCC_541\Debug\DualTone MultiFrequency Coder.a(LF_DAC_2_PM.o)
 .debug_frame   0x00003038      0x1b4 .\ARM_GCC_541\Debug\DualTone MultiFrequency Coder.a(HF_DAC_1_DacClk.o)
 .debug_frame   0x000031ec       0x58 .\ARM_GCC_541\Debug\DualTone MultiFrequency Coder.a(HF_DAC_1_Wave1_DMA_dma.o)
 .debug_frame   0x00003244       0x58 .\ARM_GCC_541\Debug\DualTone MultiFrequency Coder.a(HF_DAC_1_Wave2_DMA_dma.o)
 .debug_frame   0x0000329c      0x130 .\ARM_GCC_541\Debug\DualTone MultiFrequency Coder.a(HF_DAC_1_VDAC8.o)
 .debug_frame   0x000033cc       0x90 .\ARM_GCC_541\Debug\DualTone MultiFrequency Coder.a(HF_DAC_1_VDAC8_PM.o)
 .debug_frame   0x0000345c      0x1b4 .\ARM_GCC_541\Debug\DualTone MultiFrequency Coder.a(LF_DAC_1_DacClk.o)
 .debug_frame   0x00003610       0x58 .\ARM_GCC_541\Debug\DualTone MultiFrequency Coder.a(LF_DAC_1_Wave1_DMA_dma.o)
 .debug_frame   0x00003668       0x58 .\ARM_GCC_541\Debug\DualTone MultiFrequency Coder.a(LF_DAC_1_Wave2_DMA_dma.o)
 .debug_frame   0x000036c0      0x130 .\ARM_GCC_541\Debug\DualTone MultiFrequency Coder.a(LF_DAC_1_VDAC8.o)
 .debug_frame   0x000037f0       0x90 .\ARM_GCC_541\Debug\DualTone MultiFrequency Coder.a(LF_DAC_1_VDAC8_PM.o)