Archive member included to satisfy reference by file (symbol)

.\ARM_GCC_541\Debug\DTMF_TX.a(ADC_DelSig_1.o)
                              .\ARM_GCC_541\Debug\main.o (ADC_DelSig_1_Start)
.\ARM_GCC_541\Debug\DTMF_TX.a(ADC_DelSig_1_INT.o)
                              .\ARM_GCC_541\Debug\DTMF_TX.a(ADC_DelSig_1.o) (ADC_DelSig_1_ISR1)
.\ARM_GCC_541\Debug\DTMF_TX.a(ADC_DelSig_1_AMux.o)
                              .\ARM_GCC_541\Debug\DTMF_TX.a(ADC_DelSig_1.o) (ADC_DelSig_1_AMux_Select)
.\ARM_GCC_541\Debug\DTMF_TX.a(ADC_DelSig_1_Ext_CP_Clk.o)
                              .\ARM_GCC_541\Debug\DTMF_TX.a(ADC_DelSig_1.o) (ADC_DelSig_1_Ext_CP_Clk_SetDividerRegister)
.\ARM_GCC_541\Debug\DTMF_TX.a(ADC_DelSig_1_theACLK.o)
                              .\ARM_GCC_541\Debug\DTMF_TX.a(ADC_DelSig_1.o) (ADC_DelSig_1_theACLK_SetDividerRegister)
.\ARM_GCC_541\Debug\DTMF_TX.a(CyDmac.o)
                              .\ARM_GCC_541\Debug\Cm3Start.o (CyDmacConfigure)
.\ARM_GCC_541\Debug\DTMF_TX.a(CyLib.o)
                              .\ARM_GCC_541\Debug\Cm3Start.o (CyResetStatus)
.\ARM_GCC_541\Debug\DTMF_TX.a(cyPm.o)
                              .\ARM_GCC_541\Debug\DTMF_TX.a(CyLib.o) (CyPmReadStatus)
.\ARM_GCC_541\Debug\DTMF_TX.a(UART_1.o)
                              .\ARM_GCC_541\Debug\main.o (UART_1_Start)
.\ARM_GCC_541\Debug\DTMF_TX.a(UART_1_IntClock.o)
                              .\ARM_GCC_541\Debug\DTMF_TX.a(UART_1.o) (UART_1_IntClock_Start)
.\ARM_GCC_541\Debug\DTMF_TX.a(HF_SW1.o)
                              .\ARM_GCC_541\Debug\main.o (HF_SW1_Write)
.\ARM_GCC_541\Debug\DTMF_TX.a(LF_SW1.o)
                              .\ARM_GCC_541\Debug\main.o (LF_SW1_Write)
.\ARM_GCC_541\Debug\DTMF_TX.a(HF_DAC_1.o)
                              .\ARM_GCC_541\Debug\main.o (HF_DAC_1_Start)
.\ARM_GCC_541\Debug\DTMF_TX.a(LF_DAC_1.o)
                              .\ARM_GCC_541\Debug\main.o (LF_DAC_1_Start)
.\ARM_GCC_541\Debug\DTMF_TX.a(HF_DAC_1_Wave1_DMA_dma.o)
                              .\ARM_GCC_541\Debug\DTMF_TX.a(HF_DAC_1.o) (HF_DAC_1_Wave1_DMA_DmaInitialize)
.\ARM_GCC_541\Debug\DTMF_TX.a(HF_DAC_1_Wave2_DMA_dma.o)
                              .\ARM_GCC_541\Debug\DTMF_TX.a(HF_DAC_1.o) (HF_DAC_1_Wave2_DMA_DmaInitialize)
.\ARM_GCC_541\Debug\DTMF_TX.a(HF_DAC_1_VDAC8.o)
                              .\ARM_GCC_541\Debug\DTMF_TX.a(HF_DAC_1.o) (HF_DAC_1_VDAC8_Init)
.\ARM_GCC_541\Debug\DTMF_TX.a(LF_DAC_1_Wave1_DMA_dma.o)
                              .\ARM_GCC_541\Debug\DTMF_TX.a(LF_DAC_1.o) (LF_DAC_1_Wave1_DMA_DmaInitialize)
.\ARM_GCC_541\Debug\DTMF_TX.a(LF_DAC_1_Wave2_DMA_dma.o)
                              .\ARM_GCC_541\Debug\DTMF_TX.a(LF_DAC_1.o) (LF_DAC_1_Wave2_DMA_DmaInitialize)
.\ARM_GCC_541\Debug\DTMF_TX.a(LF_DAC_1_VDAC8.o)
                              .\ARM_GCC_541\Debug\DTMF_TX.a(LF_DAC_1.o) (LF_DAC_1_VDAC8_Init)
.\ARM_GCC_541\Debug\DTMF_TX.a(HF_DAC_CLK.o)
                              .\ARM_GCC_541\Debug\main.o (HF_DAC_CLK_SetDividerRegister)
.\ARM_GCC_541\Debug\DTMF_TX.a(LF_DAC_CLK.o)
                              .\ARM_GCC_541\Debug\main.o (LF_DAC_CLK_SetDividerRegister)
.\ARM_GCC_541\Debug\DTMF_TX.a(CyBootAsmGnu.o)
                              .\ARM_GCC_541\Debug\cyfitter_cfg.o (CyDelayCycles)
.\ARM_GCC_541\Debug\DTMF_TX.a(CyFlash.o)
                              .\ARM_GCC_541\Debug\DTMF_TX.a(cyPm.o) (CyFlash_SetWaitCycles)
.\ARM_GCC_541\Debug\DTMF_TX.a(CySpc.o)
                              .\ARM_GCC_541\Debug\DTMF_TX.a(CyFlash.o) (CySpcStart)
c:/program files (x86)/cypress/psoc creator/4.1/psoc creator/import/gnu/arm/5.4.1/bin/../lib/gcc/arm-none-eabi/5.4.1/../../../../arm-none-eabi/lib/armv7-m\libm.a(lib_a-s_cos.o)
                              .\ARM_GCC_541\Debug\main.o (cos)
c:/program files (x86)/cypress/psoc creator/4.1/psoc creator/import/gnu/arm/5.4.1/bin/../lib/gcc/arm-none-eabi/5.4.1/../../../../arm-none-eabi/lib/armv7-m\libm.a(lib_a-s_sin.o)
                              .\ARM_GCC_541\Debug\main.o (sin)
c:/program files (x86)/cypress/psoc creator/4.1/psoc creator/import/gnu/arm/5.4.1/bin/../lib/gcc/arm-none-eabi/5.4.1/../../../../arm-none-eabi/lib/armv7-m\libm.a(lib_a-w_sqrt.o)
                              .\ARM_GCC_541\Debug\main.o (sqrt)
c:/program files (x86)/cypress/psoc creator/4.1/psoc creator/import/gnu/arm/5.4.1/bin/../lib/gcc/arm-none-eabi/5.4.1/../../../../arm-none-eabi/lib/armv7-m\libm.a(lib_a-e_rem_pio2.o)
                              c:/program files (x86)/cypress/psoc creator/4.1/psoc creator/import/gnu/arm/5.4.1/bin/../lib/gcc/arm-none-eabi/5.4.1/../../../../arm-none-eabi/lib/armv7-m\libm.a(lib_a-s_cos.o) (__ieee754_rem_pio2)
c:/program files (x86)/cypress/psoc creator/4.1/psoc creator/import/gnu/arm/5.4.1/bin/../lib/gcc/arm-none-eabi/5.4.1/../../../../arm-none-eabi/lib/armv7-m\libm.a(lib_a-e_sqrt.o)
[...]
Memory Configuration

Name             Origin             Length             Attributes
rom              0x00000000         0x00040000         xr
ram              0x1fff8000         0x00010000         xrw
*default*        0x00000000         0xffffffff

Linker script and memory map

LOAD c:/program files (x86)/cypress/psoc creator/4.1/psoc creator/import/gnu/arm/5.4.1/bin/../lib/gcc/arm-none-eabi/5.4.1/armv7-m/crti.o
LOAD c:/program files (x86)/cypress/psoc creator/4.1/psoc creator/import/gnu/arm/5.4.1/bin/../lib/gcc/arm-none-eabi/5.4.1/armv7-m/crtbegin.o
LOAD c:/program files (x86)/cypress/psoc creator/4.1/psoc creator/import/gnu/arm/5.4.1/bin/../lib/gcc/arm-none-eabi/5.4.1/../../../../arm-none-eabi/lib/armv7-m/crt0.o
START GROUP
LOAD .\ARM_GCC_541\Debug\main.o
LOAD .\ARM_GCC_541\Debug\cyfitter_cfg.o
LOAD .\ARM_GCC_541\Debug\cymetadata.o
LOAD .\ARM_GCC_541\Debug\Cm3Start.o
LOAD .\ARM_GCC_541\Debug\DTMF_TX.a
LOAD C:\Program Files (x86)\Cypress\PSoC Creator\4.1\PSoC Creator\psoc\content\cycomponentlibrary\CyComponentLibrary.cylib\CortexM3\ARM_GCC_541\Debug\CyComponentLibrary.a
LOAD c:/program files (x86)/cypress/psoc creator/4.1/psoc creator/import/gnu/arm/5.4.1/bin/../lib/gcc/arm-none-eabi/5.4.1/../../../../arm-none-eabi/lib/armv7-m\libm.a
END GROUP
START GROUP
LOAD c:/program files (x86)/cypress/psoc creator/4.1/psoc creator/import/gnu/arm/5.4.1/bin/../lib/gcc/arm-none-eabi/5.4.1/armv7-m\libgcc.a
LOAD c:/program files (x86)/cypress/psoc creator/4.1/psoc creator/import/gnu/arm/5.4.1/bin/../lib/gcc/arm-none-eabi/5.4.1/../../../../arm-none-eabi/lib/armv7-m\libg_nano.a
LOAD c:/program files (x86)/cypress/psoc creator/4.1/psoc creator/import/gnu/arm/5.4.1/bin/../lib/gcc/arm-none-eabi/5.4.1/../../../../arm-none-eabi/lib/armv7-m\libc_nano.a
END GROUP
START GROUP
LOAD c:/program files (x86)/cypress/psoc creator/4.1/psoc creator/import/gnu/arm/5.4.1/bin/../lib/gcc/arm-none-eabi/5.4.1/armv7-m\libgcc.a
LOAD c:/program files (x86)/cypress/psoc creator/4.1/psoc creator/import/gnu/arm/5.4.1/bin/../lib/gcc/arm-none-eabi/5.4.1/../../../../arm-none-eabi/lib/armv7-m\libc_nano.a
END GROUP
LOAD c:/program files (x86)/cypress/psoc creator/4.1/psoc creator/import/gnu/arm/5.4.1/bin/../lib/gcc/arm-none-eabi/5.4.1/armv7-m/crtend.o
LOAD c:/program files (x86)/cypress/psoc creator/4.1/psoc creator/import/gnu/arm/5.4.1/bin/../lib/gcc/arm-none-eabi/5.4.1/armv7-m/crtn.o
START GROUP
LOAD c:/program files (x86)/cypress/psoc creator/4.1/psoc creator/import/gnu/arm/5.4.1/bin/../lib/gcc/arm-none-eabi/5.4.1/armv7-m\libgcc.a
LOAD c:/program files (x86)/cypress/psoc creator/4.1/psoc creator/import/gnu/arm/5.4.1/bin/../lib/gcc/arm-none-eabi/5.4.1/../../../../arm-none-eabi/lib/armv7-m\libc.a
LOAD c:/program files (x86)/cypress/psoc creator/4.1/psoc creator/import/gnu/arm/5.4.1/bin/../lib/gcc/arm-none-eabi/5.4.1/../../../../arm-none-eabi/lib/armv7-m\libnosys.a
END GROUP
                0x00000000                CY_APPL_ORIGIN = 0x0
                0x00000100                CY_FLASH_ROW_SIZE = 0x100
                0x00000020                CY_ECC_ROW_SIZE = 0x20
                0x00000000                CY_EE_IN_BTLDR = 0x0
                0x00000000                CY_APPL_LOADABLE = 0x0
                0x00000800                CY_EE_SIZE = 0x800
                0x00000001                CY_APPL_NUM = 0x1
                0x00000001                CY_APPL_MAX = 0x1
                0x00000040                CY_METADATA_SIZE = 0x40
                0x00000000                CY_APPL_LOADABLE = 0x0
                0x00000000                CY_CHECKSUM_EXCLUDE_SIZE = ALIGN (0x0, CY_FLASH_ROW_SIZE)
                [!provide]                PROVIDE (__cy_heap_start, _end)
                0x00000001                PROVIDE (__cy_region_num, ((__cy_regions_end - __cy_regions) / 0x10))
                0x20008000                PROVIDE (__cy_stack, (ORIGIN (ram) + LENGTH (ram)))
                [!provide]                PROVIDE (__cy_heap_end, (__cy_stack - 0x800))

.cybootloader   0x00000000        0x0
 *(.cybootloader)
                0x00000000                appl1_start = CY_APPL_ORIGIN?CY_APPL_ORIGIN:ALIGN (CY_FLASH_ROW_SIZE)
                0x0001ff00                appl2_start = (appl1_start + ALIGN ((((LENGTH (rom) - appl1_start) - (0x2 * CY_FLASH_ROW_SIZE)) / 0x2), CY_FLASH_ROW_SIZE))
                0x00000000                appl_start = (CY_APPL_NUM == 0x1)?appl1_start:appl2_start
                0x00000000                ecc_offset = ((appl_start / CY_FLASH_ROW_SIZE) * CY_ECC_ROW_SIZE)
                0x00000000                ee_offset = (CY_APPL_LOADABLE && ! (CY_EE_IN_BTLDR))?((CY_EE_SIZE / CY_APPL_MAX) * (CY_APPL_NUM - 0x1)):0x0
                0x00000800                ee_size = (CY_APPL_LOADABLE && ! (CY_EE_IN_BTLDR))?(CY_EE_SIZE / CY_APPL_MAX):CY_EE_SIZE
                [!provide]                PROVIDE (CY_ECC_OFFSET, ecc_offset)

.text           0x00000000     0x5644
 CREATE_OBJECT_SYMBOLS
                0x00000000                PROVIDE (__cy_interrupt_vector, RomVectors)
 *(.romvectors)
 .romvectors    0x00000000       0x10 .\ARM_GCC_541\Debug\Cm3Start.o
                0x00000000                RomVectors
                0x00000001                ASSERT ((. != __cy_interrupt_vector), No interrupt vector)
                0x00000001                ASSERT (CY_APPL_ORIGIN?(SIZEOF (.cybootloader) <= CY_APPL_ORIGIN):0x1, Wrong image location)
                0x00000010                PROVIDE (__cy_reset, Reset)
 *(.text.Reset)
 .text.Reset    0x00000010       0x18 .\ARM_GCC_541\Debug\Cm3Start.o
                0x00000010                Reset
                0x00000001                ASSERT ((. != __cy_reset), No reset code)
 *(.dma_init)
                0x00000001                ASSERT ((((appl_start + .) <= 0x10000) || 0x1), DMA Init must be within the first 64k of flash)
 *(.text .text.* .gnu.linkonce.t.*)
 .text          0x00000028       0x5c c:/program files (x86)/cypress/psoc creator/4.1/psoc creator/import/gnu/arm/5.4.1/bin/../lib/gcc/arm-none-eabi/5.4.1/armv7-m/crtbegin.o
 .text.main     0x00000084      0x400 .\ARM_GCC_541\Debug\main.o
                0x00000084                main
 *fill*         0x00000484        0x4 
 .text.SetHighFrequencyDacOutput
                0x00000488       0x60 .\ARM_GCC_541\Debug\main.o
                0x00000488                SetHighFrequencyDacOutput
 .text.SetLowFrequencyDacOutput
                0x000004e8       0x60 .\ARM_GCC_541\Debug\main.o
                0x000004e8                SetLowFrequencyDacOutput
 .text.InitSettings
                0x00000548       0x28 .\ARM_GCC_541\Debug\main.o
                0x00000548                InitSettings
 .text.DTMF     0x00000570      0x290 .\ARM_GCC_541\Debug\main.o
                0x00000570                DTMF
 .text.Goertzel
                0x00000800      0x21c .\ARM_GCC_541\Debug\main.o
                0x00000800                Goertzel
 .text.getMaxValue
                0x00000a1c       0x64 .\ARM_GCC_541\Debug\main.o
                0x00000a1c                getMaxValue
 .text.DecodeInput
                0x00000a80      0x1a0 .\ARM_GCC_541\Debug\main.o
                0x00000a80                DecodeInput
 .text.CYMEMZERO
                0x00000c20       0x1c .\ARM_GCC_541\Debug\cyfitter_cfg.o
 .text.CYCONFIGCPY
                0x00000c3c       0x20 .\ARM_GCC_541\Debug\cyfitter_cfg.o
 .text.CyClockStartupError
                0x00000c5c        0xc .\ARM_GCC_541\Debug\cyfitter_cfg.o
 .text.cfg_write_bytes32
                0x00000c68       0x74 .\ARM_GCC_541\Debug\cyfitter_cfg.o
 .text.ClockSetup
                0x00000cdc      0x184 .\ARM_GCC_541\Debug\cyfitter_cfg.o
 .text.AnalogSetDefault
                0x00000e60       0x74 .\ARM_GCC_541\Debug\cyfitter_cfg.o
 .text.ADC_DelSig_1_AMux_Set
                0x00000ed4       0x40 .\ARM_GCC_541\Debug\cyfitter_cfg.o
                0x00000ed4                ADC_DelSig_1_AMux_Set
 .text.ADC_DelSig_1_AMux_Unset
                0x00000f14       0x44 .\ARM_GCC_541\Debug\cyfitter_cfg.o
                0x00000f14                ADC_DelSig_1_AMux_Unset
 .text.cyfitter_cfg
                0x00000f58      0x1cc .\ARM_GCC_541\Debug\cyfitter_cfg.o
                0x00000f58                cyfitter_cfg
 .text.IntDefaultHandler
                0x00001124       0x14 .\ARM_GCC_541\Debug\Cm3Start.o
                0x00001124                IntDefaultHandler
 .text._sbrk    0x00001138       0x50 .\ARM_GCC_541\Debug\Cm3Start.o
                0x00001138                _sbrk
 .text.Start_c  0x00001188       0x98 .\ARM_GCC_541\Debug\Cm3Start.o
                0x00001188                Start_c
 .text.initialize_psoc
                0x00001220       0x94 .\ARM_GCC_541\Debug\Cm3Start.o
                0x00001220                initialize_psoc
 .text.ADC_DelSig_1_Init
                0x000012b4      0x11c .\ARM_GCC_541\Debug\DTMF_TX.a(ADC_DelSig_1.o)
                0x000012b4                ADC_DelSig_1_Init
 .text.ADC_DelSig_1_Enable
                0x000013d0      0x158 .\ARM_GCC_541\Debug\DTMF_TX.a(ADC_DelSig_1.o)
                0x000013d0                ADC_DelSig_1_Enable
 .text.ADC_DelSig_1_Start
                0x00001528       0x30 .\ARM_GCC_541\Debug\DTMF_TX.a(ADC_DelSig_1.o)
                0x00001528                ADC_DelSig_1_Start
 .text.ADC_DelSig_1_StartConvert
                0x00001558       0x20 .\ARM_GCC_541\Debug\DTMF_TX.a(ADC_DelSig_1.o)
                0x00001558                ADC_DelSig_1_StartConvert
 .text.ADC_DelSig_1_IsEndConversion
                0x00001578       0x4c .\ARM_GCC_541\Debug\DTMF_TX.a(ADC_DelSig_1.o)
                0x00001578                ADC_DelSig_1_IsEndConversion
 .text.ADC_DelSig_1_GetResult16
                0x000015c4       0x7c .\ARM_GCC_541\Debug\DTMF_TX.a(ADC_DelSig_1.o)
                0x000015c4                ADC_DelSig_1_GetResult16
 .text.ADC_DelSig_1_InitConfig
                0x00001640      0x164 .\ARM_GCC_541\Debug\DTMF_TX.a(ADC_DelSig_1.o)
 .text.ADC_DelSig_1_GainCompensation
                0x000017a4      0x170 .\ARM_GCC_541\Debug\DTMF_TX.a(ADC_DelSig_1.o)
 .text.ADC_DelSig_1_SetDSMRef0Reg
                0x00001914       0x7c .\ARM_GCC_541\Debug\DTMF_TX.a(ADC_DelSig_1.o)
 .text.ADC_DelSig_1_ISR1
                0x00001990        0xc .\ARM_GCC_541\Debug\DTMF_TX.a(ADC_DelSig_1_INT.o)
                0x00001990                ADC_DelSig_1_ISR1
 .text.ADC_DelSig_1_AMux_Start
                0x0000199c       0x34 .\ARM_GCC_541\Debug\DTMF_TX.a(ADC_DelSig_1_AMux.o)
                0x0000199c                ADC_DelSig_1_AMux_Start
 .text.ADC_DelSig_1_AMux_Select
                0x000019d0       0x28 .\ARM_GCC_541\Debug\DTMF_TX.a(ADC_DelSig_1_AMux.o)
                0x000019d0                ADC_DelSig_1_AMux_Select
 .text.ADC_DelSig_1_Ext_CP_Clk_SetDividerRegister
                0x000019f8      0x164 .\ARM_GCC_541\Debug\DTMF_TX.a(ADC_DelSig_1_Ext_CP_Clk.o)
                0x000019f8                ADC_DelSig_1_Ext_CP_Clk_SetDividerRegister
 .text.ADC_DelSig_1_Ext_CP_Clk_GetDividerRegister
                0x00001b5c       0x18 .\ARM_GCC_541\Debug\DTMF_TX.a(ADC_DelSig_1_Ext_CP_Clk.o)
                0x00001b5c                ADC_DelSig_1_Ext_CP_Clk_GetDividerRegister
 .text.ADC_DelSig_1_Ext_CP_Clk_SetModeRegister
                0x00001b74       0x34 .\ARM_GCC_541\Debug\DTMF_TX.a(ADC_DelSig_1_Ext_CP_Clk.o)
                0x00001b74                ADC_DelSig_1_Ext_CP_Clk_SetModeRegister
 .text.ADC_DelSig_1_Ext_CP_Clk_GetSourceRegister
                0x00001ba8       0x1c .\ARM_GCC_541\Debug\DTMF_TX.a(ADC_DelSig_1_Ext_CP_Clk.o)
                0x00001ba8                ADC_DelSig_1_Ext_CP_Clk_GetSourceRegister
 .text.ADC_DelSig_1_theACLK_SetDividerRegister
                0x00001bc4      0x164 .\ARM_GCC_541\Debug\DTMF_TX.a(ADC_DelSig_1_theACLK.o)
                0x00001bc4                ADC_DelSig_1_theACLK_SetDividerRegister
 .text.ADC_DelSig_1_theACLK_GetDividerRegister
                0x00001d28       0x18 .\ARM_GCC_541\Debug\DTMF_TX.a(ADC_DelSig_1_theACLK.o)
                0x00001d28                ADC_DelSig_1_theACLK_GetDividerRegister
 .text.ADC_DelSig_1_theACLK_SetModeRegister
                0x00001d40       0x34 .\ARM_GCC_541\Debug\DTMF_TX.a(ADC_DelSig_1_theACLK.o)
                0x00001d40                ADC_DelSig_1_theACLK_SetModeRegister
 .text.ADC_DelSig_1_theACLK_GetSourceRegister
                0x00001d74       0x1c .\ARM_GCC_541\Debug\DTMF_TX.a(ADC_DelSig_1_theACLK.o)
                0x00001d74                ADC_DelSig_1_theACLK_GetSourceRegister
 .text.CyDmacConfigure
                0x00001d90       0x5c .\ARM_GCC_541\Debug\DTMF_TX.a(CyDmac.o)
                0x00001d90                CyDmacConfigure
 .text.CyDmaChEnable
                0x00001dec       0x8c .\ARM_GCC_541\Debug\DTMF_TX.a(CyDmac.o)
                0x00001dec                CyDmaChEnable
 .text.CyDmaChPriority
                0x00001e78       0x64 .\ARM_GCC_541\Debug\DTMF_TX.a(CyDmac.o)
                0x00001e78                CyDmaChPriority
 .text.CyDmaChSetExtendedAddress
                0x00001edc       0x78 .\ARM_GCC_541\Debug\DTMF_TX.a(CyDmac.o)
                0x00001edc                CyDmaChSetExtendedAddress
 .text.CyDmaChSetInitialTd
                0x00001f54       0x3c .\ARM_GCC_541\Debug\DTMF_TX.a(CyDmac.o)
                0x00001f54                CyDmaChSetInitialTd
 .text.CyDmaChSetConfiguration
                0x00001f90       0xa0 .\ARM_GCC_541\Debug\DTMF_TX.a(CyDmac.o)
                0x00001f90                CyDmaChSetConfiguration
 .text.CyDmaTdAllocate
                0x00002030       0x5c .\ARM_GCC_541\Debug\DTMF_TX.a(CyDmac.o)
                0x00002030                CyDmaTdAllocate
 .text.CyDmaTdSetConfiguration
                0x0000208c       0x80 .\ARM_GCC_541\Debug\DTMF_TX.a(CyDmac.o)
                0x0000208c                CyDmaTdSetConfiguration
 .text.CyDmaTdSetAddress
                0x0000210c       0x5c .\ARM_GCC_541\Debug\DTMF_TX.a(CyDmac.o)
                0x0000210c                CyDmaTdSetAddress
 .text.CyHalt   0x00002168       0x18 .\ARM_GCC_541\Debug\DTMF_TX.a(CyLib.o)
                0x00002168                CyHalt
 .text.CyDelayUs
                0x00002180       0x28 .\ARM_GCC_541\Debug\DTMF_TX.a(CyLib.o)
                0x00002180                CyDelayUs
 .text.CyIntSetVector
                0x000021a8       0x50 .\ARM_GCC_541\Debug\DTMF_TX.a(CyLib.o)
                0x000021a8                CyIntSetVector
 .text.CyIntSetPriority
                0x000021f8       0x48 .\ARM_GCC_541\Debug\DTMF_TX.a(CyLib.o)
                0x000021f8                CyIntSetPriority
 .text.UART_1_Start
                0x00002240       0x24 .\ARM_GCC_541\Debug\DTMF_TX.a(UART_1.o)
                0x00002240                UART_1_Start
 .text.UART_1_Init
                0x00002264       0x40 .\ARM_GCC_541\Debug\DTMF_TX.a(UART_1.o)
                0x00002264                UART_1_Init
 .text.UART_1_Enable
                0x000022a4       0x60 .\ARM_GCC_541\Debug\DTMF_TX.a(UART_1.o)
                0x000022a4                UART_1_Enable
 .text.UART_1_GetChar
                0x00002304       0x44 .\ARM_GCC_541\Debug\DTMF_TX.a(UART_1.o)
                0x00002304                UART_1_GetChar
 .text.UART_1_PutChar
                0x00002348       0x34 .\ARM_GCC_541\Debug\DTMF_TX.a(UART_1.o)
                0x00002348                UART_1_PutChar
 .text.UART_1_PutString
                0x0000237c       0x44 .\ARM_GCC_541\Debug\DTMF_TX.a(UART_1.o)
                0x0000237c                UART_1_PutString
 .text.UART_1_IntClock_Start
                0x000023c0       0x34 .\ARM_GCC_541\Debug\DTMF_TX.a(UART_1_IntClock.o)
                0x000023c0                UART_1_IntClock_Start
 .text.HF_SW1_Write
                0x000023f4       0x3c .\ARM_GCC_541\Debug\DTMF_TX.a(HF_SW1.o)
                0x000023f4                HF_SW1_Write
 .text.LF_SW1_Write
                0x00002430       0x3c .\ARM_GCC_541\Debug\DTMF_TX.a(LF_SW1.o)
                0x00002430                LF_SW1_Write
 .text.HF_DAC_1_Init
                0x0000246c       0x54 .\ARM_GCC_541\Debug\DTMF_TX.a(HF_DAC_1.o)
                0x0000246c                HF_DAC_1_Init
 .text.HF_DAC_1_Enable
                0x000024c0       0x34 .\ARM_GCC_541\Debug\DTMF_TX.a(HF_DAC_1.o)
                0x000024c0                HF_DAC_1_Enable
 .text.HF_DAC_1_Start
                0x000024f4       0x24 .\ARM_GCC_541\Debug\DTMF_TX.a(HF_DAC_1.o)
                0x000024f4                HF_DAC_1_Start
 .text.HF_DAC_1_Wave1Setup
                0x00002518       0x68 .\ARM_GCC_541\Debug\DTMF_TX.a(HF_DAC_1.o)
                0x00002518                HF_DAC_1_Wave1Setup
 .text.HF_DAC_1_Wave2Setup
                0x00002580       0x68 .\ARM_GCC_541\Debug\DTMF_TX.a(HF_DAC_1.o)
                0x00002580                HF_DAC_1_Wave2Setup
 .text.LF_DAC_1_Init
                0x000025e8       0x50 .\ARM_GCC_541\Debug\DTMF_TX.a(LF_DAC_1.o)
                0x000025e8                LF_DAC_1_Init
 .text.LF_DAC_1_Enable
                0x00002638       0x34 .\ARM_GCC_541\Debug\DTMF_TX.a(LF_DAC_1.o)
                0x00002638                LF_DAC_1_Enable
 .text.LF_DAC_1_Start
                0x0000266c       0x24 .\ARM_GCC_541\Debug\DTMF_TX.a(LF_DAC_1.o)
                0x0000266c                LF_DAC_1_Start
 .text.LF_DAC_1_Wave1Setup
                0x00002690       0x68 .\ARM_GCC_541\Debug\DTMF_TX.a(LF_DAC_1.o)
                0x00002690                LF_DAC_1_Wave1Setup
 .text.LF_DAC_1_Wave2Setup
                0x000026f8       0x68 .\ARM_GCC_541\Debug\DTMF_TX.a(LF_DAC_1.o)
                0x000026f8                LF_DAC_1_Wave2Setup
 .text.HF_DAC_1_Wave1_DMA_DmaInitialize
                0x00002760       0x64 .\ARM_GCC_541\Debug\DTMF_TX.a(HF_DAC_1_Wave1_DMA_dma.o)
                0x00002760                HF_DAC_1_Wave1_DMA_DmaInitialize
 .text.HF_DAC_1_Wave2_DMA_DmaInitialize
                0x000027c4       0x64 .\ARM_GCC_541\Debug\DTMF_TX.a(HF_DAC_1_Wave2_DMA_dma.o)
                0x000027c4                HF_DAC_1_Wave2_DMA_DmaInitialize
 .text.HF_DAC_1_VDAC8_Init
                0x00002828       0x3c .\ARM_GCC_541\Debug\DTMF_TX.a(HF_DAC_1_VDAC8.o)
                0x00002828                HF_DAC_1_VDAC8_Init
 .text.HF_DAC_1_VDAC8_Enable
                0x00002864       0x34 .\ARM_GCC_541\Debug\DTMF_TX.a(HF_DAC_1_VDAC8.o)
                0x00002864                HF_DAC_1_VDAC8_Enable
 .text.HF_DAC_1_VDAC8_SetSpeed
                0x00002898       0x40 .\ARM_GCC_541\Debug\DTMF_TX.a(HF_DAC_1_VDAC8.o)
                0x00002898                HF_DAC_1_VDAC8_SetSpeed
 .text.HF_DAC_1_VDAC8_SetRange
                0x000028d8       0x40 .\ARM_GCC_541\Debug\DTMF_TX.a(HF_DAC_1_VDAC8.o)
                0x000028d8                HF_DAC_1_VDAC8_SetRange
 .text.HF_DAC_1_VDAC8_SetValue
                0x00002918       0x20 .\ARM_GCC_541\Debug\DTMF_TX.a(HF_DAC_1_VDAC8.o)
                0x00002918                HF_DAC_1_VDAC8_SetValue
 .text.HF_DAC_1_VDAC8_DacTrim
                0x00002938       0x3c .\ARM_GCC_541\Debug\DTMF_TX.a(HF_DAC_1_VDAC8.o)
                0x00002938                HF_DAC_1_VDAC8_DacTrim
 .text.LF_DAC_1_Wave1_DMA_DmaInitialize
                0x00002974       0x64 .\ARM_GCC_541\Debug\DTMF_TX.a(LF_DAC_1_Wave1_DMA_dma.o)
                0x00002974                LF_DAC_1_Wave1_DMA_DmaInitialize
 .text.LF_DAC_1_Wave2_DMA_DmaInitialize
                0x000029d8       0x64 .\ARM_GCC_541\Debug\DTMF_TX.a(LF_DAC_1_Wave2_DMA_dma.o)
                0x000029d8                LF_DAC_1_Wave2_DMA_DmaInitialize
 .text.LF_DAC_1_VDAC8_Init
                0x00002a3c       0x3c .\ARM_GCC_541\Debug\DTMF_TX.a(LF_DAC_1_VDAC8.o)
                0x00002a3c                LF_DAC_1_VDAC8_Init
 .text.LF_DAC_1_VDAC8_Enable
                0x00002a78       0x34 .\ARM_GCC_541\Debug\DTMF_TX.a(LF_DAC_1_VDAC8.o)
                0x00002a78                LF_DAC_1_VDAC8_Enable
 .text.LF_DAC_1_VDAC8_SetSpeed
                0x00002aac       0x40 .\ARM_GCC_541\Debug\DTMF_TX.a(LF_DAC_1_VDAC8.o)
                0x00002aac                LF_DAC_1_VDAC8_SetSpeed
 .text.LF_DAC_1_VDAC8_SetRange
                0x00002aec       0x40 .\ARM_GCC_541\Debug\DTMF_TX.a(LF_DAC_1_VDAC8.o)
                0x00002aec                LF_DAC_1_VDAC8_SetRange
 .text.LF_DAC_1_VDAC8_SetValue
                0x00002b2c       0x20 .\ARM_GCC_541\Debug\DTMF_TX.a(LF_DAC_1_VDAC8.o)
                0x00002b2c                LF_DAC_1_VDAC8_SetValue
 .text.LF_DAC_1_VDAC8_DacTrim
                0x00002b4c       0x3c .\ARM_GCC_541\Debug\DTMF_TX.a(LF_DAC_1_VDAC8.o)
                0x00002b4c                LF_DAC_1_VDAC8_DacTrim
 .text.HF_DAC_CLK_SetDividerRegister
                0x00002b88      0x164 .\ARM_GCC_541\Debug\DTMF_TX.a(HF_DAC_CLK.o)
                0x00002b88                HF_DAC_CLK_SetDividerRegister
 .text.HF_DAC_CLK_GetDividerRegister
                0x00002cec       0x18 .\ARM_GCC_541\Debug\DTMF_TX.a(HF_DAC_CLK.o)
                0x00002cec                HF_DAC_CLK_GetDividerRegister
 .text.HF_DAC_CLK_GetSourceRegister
                0x00002d04       0x1c .\ARM_GCC_541\Debug\DTMF_TX.a(HF_DAC_CLK.o)
                0x00002d04                HF_DAC_CLK_GetSourceRegister
 .text.LF_DAC_CLK_SetDividerRegister
                0x00002d20      0x164 .\ARM_GCC_541\Debug\DTMF_TX.a(LF_DAC_CLK.o)
                0x00002d20                LF_DAC_CLK_SetDividerRegister
 .text.LF_DAC_CLK_GetDividerRegister
                0x00002e84       0x18 .\ARM_GCC_541\Debug\DTMF_TX.a(LF_DAC_CLK.o)
                0x00002e84                LF_DAC_CLK_GetDividerRegister
 .text.LF_DAC_CLK_GetSourceRegister
                0x00002e9c       0x1c .\ARM_GCC_541\Debug\DTMF_TX.a(LF_DAC_CLK.o)
                0x00002e9c                LF_DAC_CLK_GetSourceRegister
 .text          0x00002eb8       0x54 .\ARM_GCC_541\Debug\DTMF_TX.a(CyBootAsmGnu.o)
                0x00002eb8                CyDelayCycles
                0x00002ef6                CyEnterCriticalSection
                0x00002efe                CyExitCriticalSection
 .text.cos      0x00002f0c       0x90 c:/program files (x86)/cypress/psoc creator/4.1/psoc creator/import/gnu/arm/5.4.1/bin/../lib/gcc/arm-none-eabi/5.4.1/../../../../arm-none-eabi/lib/armv7-m\libm.a(lib_a-s_cos.o)
                0x00002f0c                cos
 .text.sin      0x00002f9c       0x90 c:/program files (x86)/cypress/psoc creator/4.1/psoc creator/import/gnu/arm/5.4.1/bin/../lib/gcc/arm-none-eabi/5.4.1/../../../../arm-none-eabi/lib/armv7-m\libm.a(lib_a-s_sin.o)
                0x00002f9c                sin
 .text.sqrt     0x0000302c       0xb8 c:/program files (x86)/cypress/psoc creator/4.1/psoc creator/import/gnu/arm/5.4.1/bin/../lib/gcc/arm-none-eabi/5.4.1/../../../../arm-none-eabi/lib/armv7-m\libm.a(lib_a-w_sqrt.o)
                0x0000302c                sqrt
 *fill*         0x000030e4        0x4 
 .text.__ieee754_rem_pio2
                0x000030e8      0x42c c:/program files (x86)/cypress/psoc creator/4.1/psoc creator/import/gnu/arm/5.4.1/bin/../lib/gcc/arm-none-eabi/5.4.1/../../../../arm-none-eabi/lib/armv7-m\libm.a(lib_a-e_rem_pio2.o)
                0x000030e8                __ieee754_rem_pio2
 .text.__ieee754_sqrt
                0x00003514      0x188 c:/program files (x86)/cypress/psoc creator/4.1/psoc creator/import/gnu/arm/5.4.1/bin/../lib/gcc/arm-none-eabi/5.4.1/../../../../arm-none-eabi/lib/armv7-m\libm.a(lib_a-e_sqrt.o)
                0x00003514                __ieee754_sqrt
 *fill*         0x0000369c        0x4 
 .text.__kernel_cos
                0x000036a0      0x248 c:/program files (x86)/cypress/psoc creator/4.1/psoc creator/import/gnu/arm/5.4.1/bin/../lib/gcc/arm-none-eabi/5.4.1/../../../../arm-none-eabi/lib/armv7-m\libm.a(lib_a-k_cos.o)
                0x000036a0                __kernel_cos
 .text.__kernel_rem_pio2
                0x000038e8      0x7f0 c:/program files (x86)/cypress/psoc creator/4.1/psoc creator/import/gnu/arm/5.4.1/bin/../lib/gcc/arm-none-eabi/5.4.1/../../../../arm-none-eabi/lib/armv7-m\libm.a(lib_a-k_rem_pio2.o)
                0x000038e8                __kernel_rem_pio2
 .text.__kernel_sin
                0x000040d8      0x16c c:/program files (x86)/cypress/psoc creator/4.1/psoc creator/import/gnu/arm/5.4.1/bin/../lib/gcc/arm-none-eabi/5.4.1/../../../../arm-none-eabi/lib/armv7-m\libm.a(lib_a-k_sin.o)
                0x000040d8                __kernel_sin
 .text.fabs     0x00004244        0x8 c:/program files (x86)/cypress/psoc creator/4.1/psoc creator/import/gnu/arm/5.4.1/bin/../lib/gcc/arm-none-eabi/5.4.1/../../../../arm-none-eabi/lib/armv7-m\libm.a(lib_a-s_fabs.o)
                0x00004244                fabs
 *fill*         0x0000424c        0x4 
 .text.floor    0x00004250      0x110 c:/program files (x86)/cypress/psoc creator/4.1/psoc creator/import/gnu/arm/5.4.1/bin/../lib/gcc/arm-none-eabi/5.4.1/../../../../arm-none-eabi/lib/armv7-m\libm.a(lib_a-s_floor.o)
                0x00004250                floor
 .text.matherr  0x00004360        0x4 c:/program files (x86)/cypress/psoc creator/4.1/psoc creator/import/gnu/arm/5.4.1/bin/../lib/gcc/arm-none-eabi/5.4.1/../../../../arm-none-eabi/lib/armv7-m\libm.a(lib_a-s_matherr.o)
                0x00004360                matherr
 *fill*         0x00004364        0x4 
 .text.scalbn   0x00004368       0xe4 c:/program files (x86)/cypress/psoc creator/4.1/psoc creator/import/gnu/arm/5.4.1/bin/../lib/gcc/arm-none-eabi/5.4.1/../../../../arm-none-eabi/lib/armv7-m\libm.a(lib_a-s_scalbn.o)
                0x00004368                scalbn
 .text.copysign
                0x0000444c       0x10 c:/program files (x86)/cypress/psoc creator/4.1/psoc creator/import/gnu/arm/5.4.1/bin/../lib/gcc/arm-none-eabi/5.4.1/../../../../arm-none-eabi/lib/armv7-m\libm.a(lib_a-s_copysign.o)
                0x0000444c                copysign
 .text          0x0000445c      0x370 c:/program files (x86)/cypress/psoc creator/4.1/psoc creator/import/gnu/arm/5.4.1/bin/../lib/gcc/arm-none-eabi/5.4.1/armv7-m\libgcc.a(_arm_addsubdf3.o)
                0x0000445c                __aeabi_drsub
                0x00004464                __aeabi_dsub
                0x00004464                __subdf3
                0x00004468                __aeabi_dadd
                0x00004468                __adddf3
                0x000046e0                __floatunsidf
                0x000046e0                __aeabi_ui2d
                0x00004700                __floatsidf
                0x00004700                __aeabi_i2d
                0x00004724                __aeabi_f2d
                0x00004724                __extendsfdf2
                0x00004760                __floatundidf
                0x00004760                __aeabi_ul2d
                0x00004770                __floatdidf
                0x00004770                __aeabi_l2d
 .text          0x000047cc      0x424 c:/program files (x86)/cypress/psoc creator/4.1/psoc creator/import/gnu/arm/5.4.1/bin/../lib/gcc/arm-none-eabi/5.4.1/armv7-m\libgcc.a(_arm_muldivdf3.o)
                0x000047cc                __aeabi_dmul
                0x000047cc                __muldf3
                0x00004a20                __divdf3
                0x00004a20                __aeabi_ddiv
 .text          0x00004bf0      0x110 c:/program files (x86)/cypress/psoc creator/4.1/psoc creator/import/gnu/arm/5.4.1/bin/../lib/gcc/arm-none-eabi/5.4.1/armv7-m\libgcc.a(_arm_cmpdf2.o)
                0x00004bf0                __gtdf2
                0x00004bf0                __gedf2
                0x00004bf8                __ltdf2
                0x00004bf8                __ledf2
                0x00004c00                __nedf2
                0x00004c00                __eqdf2
                0x00004c00                __cmpdf2
                0x00004c7c                __aeabi_cdrcmple
                0x00004c8c                __aeabi_cdcmpeq
                0x00004c8c                __aeabi_cdcmple
                0x00004c9c                __aeabi_dcmpeq
                0x00004cb0                __aeabi_dcmplt
                0x00004cc4                __aeabi_dcmple
                0x00004cd8                __aeabi_dcmpge
                0x00004cec                __aeabi_dcmpgt
 .text          0x00004d00       0x2c c:/program files (x86)/cypress/psoc creator/4.1/psoc creator/import/gnu/arm/5.4.1/bin/../lib/gcc/arm-none-eabi/5.4.1/armv7-m\libgcc.a(_arm_unorddf2.o)
                0x00004d00                __unorddf2
                0x00004d00                __aeabi_dcmpun
 .text          0x00004d2c       0x50 c:/program files (x86)/cypress/psoc creator/4.1/psoc creator/import/gnu/arm/5.4.1/bin/../lib/gcc/arm-none-eabi/5.4.1/armv7-m\libgcc.a(_arm_fixdfsi.o)
                0x00004d2c                __aeabi_d2iz
                0x00004d2c                __fixdfsi
 .text.__errno  0x00004d7c        0xc c:/program files (x86)/cypress/psoc creator/4.1/psoc creator/import/gnu/arm/5.4.1/bin/../lib/gcc/arm-none-eabi/5.4.1/../../../../arm-none-eabi/lib/armv7-m\libg_nano.a(lib_a-errno.o)
                0x00004d7c                __errno
 .text.__libc_init_array
                0x00004d88       0x4c c:/program files (x86)/cypress/psoc creator/4.1/psoc creator/import/gnu/arm/5.4.1/bin/../lib/gcc/arm-none-eabi/5.4.1/../../../../arm-none-eabi/lib/armv7-m\libg_nano.a(lib_a-init.o)
                0x00004d88                __libc_init_array
 .text.memcpy   0x00004dd4       0x16 c:/program files (x86)/cypress/psoc creator/4.1/psoc creator/import/gnu/arm/5.4.1/bin/../lib/gcc/arm-none-eabi/5.4.1/../../../../arm-none-eabi/lib/armv7-m\libg_nano.a(lib_a-memcpy-stub.o)
                0x00004dd4                memcpy
 .text.memset   0x00004dea       0x10 c:/program files (x86)/cypress/psoc creator/4.1/psoc creator/import/gnu/arm/5.4.1/bin/../lib/gcc/arm-none-eabi/5.4.1/../../../../arm-none-eabi/lib/armv7-m\libg_nano.a(lib_a-memset.o)
                0x00004dea                memset
 *fill*         0x00004dfa        0x2 
 .text.sprintf  0x00004dfc       0x48 c:/program files (x86)/cypress/psoc creator/4.1/psoc creator/import/gnu/arm/5.4.1/bin/../lib/gcc/arm-none-eabi/5.4.1/../../../../arm-none-eabi/lib/armv7-m\libg_nano.a(lib_a-sprintf.o)
                0x00004dfc                siprintf
                0x00004dfc                sprintf
 .text.__ssputs_r
                0x00004e44       0xb2 c:/program files (x86)/cypress/psoc creator/4.1/psoc creator/import/gnu/arm/5.4.1/bin/../lib/gcc/arm-none-eabi/5.4.1/../../../../arm-none-eabi/lib/armv7-m\libg_nano.a(lib_a-nano-svfprintf.o)
                0x00004e44                __ssputs_r
 *fill*         0x00004ef6        0x2 
 .text._svfprintf_r
                0x00004ef8      0x1e8 c:/program files (x86)/cypress/psoc creator/4.1/psoc creator/import/gnu/arm/5.4.1/bin/../lib/gcc/arm-none-eabi/5.4.1/../../../../arm-none-eabi/lib/armv7-m\libg_nano.a(lib_a-nano-svfprintf.o)
                0x00004ef8                _svfiprintf_r
                0x00004ef8                _svfprintf_r
 .text._printf_common
                0x000050e0       0xec c:/program files (x86)/cypress/psoc creator/4.1/psoc creator/import/gnu/arm/5.4.1/bin/../lib/gcc/arm-none-eabi/5.4.1/../../../../arm-none-eabi/lib/armv7-m\libg_nano.a(lib_a-nano-vfprintf_i.o)
                0x000050e0                _printf_common
 .text._printf_i
                0x000051cc      0x24c c:/program files (x86)/cypress/psoc creator/4.1/psoc creator/import/gnu/arm/5.4.1/bin/../lib/gcc/arm-none-eabi/5.4.1/../../../../arm-none-eabi/lib/armv7-m\libg_nano.a(lib_a-nano-vfprintf_i.o)
                0x000051cc                _printf_i
 .text.memchr   0x00005418       0x1c c:/program files (x86)/cypress/psoc creator/4.1/psoc creator/import/gnu/arm/5.4.1/bin/../lib/gcc/arm-none-eabi/5.4.1/../../../../arm-none-eabi/lib/armv7-m\libg_nano.a(lib_a-memchr-stub.o)
                0x00005418                memchr
 .text.memmove  0x00005434       0x36 c:/program files (x86)/cypress/psoc creator/4.1/psoc creator/import/gnu/arm/5.4.1/bin/../lib/gcc/arm-none-eabi/5.4.1/../../../../arm-none-eabi/lib/armv7-m\libg_nano.a(lib_a-memmove.o)
                0x00005434                memmove
 *fill*         0x0000546a        0x2 
 .text._free_r  0x0000546c       0x98 c:/program files (x86)/cypress/psoc creator/4.1/psoc creator/import/gnu/arm/5.4.1/bin/../lib/gcc/arm-none-eabi/5.4.1/../../../../arm-none-eabi/lib/armv7-m\libg_nano.a(lib_a-nano-freer.o)
                0x0000546c                _free_r
 .text._malloc_r
                0x00005504       0xbc c:/program files (x86)/cypress/psoc creator/4.1/psoc creator/import/gnu/arm/5.4.1/bin/../lib/gcc/arm-none-eabi/5.4.1/../../../../arm-none-eabi/lib/armv7-m\libg_nano.a(lib_a-nano-mallocr.o)
                0x00005504                _malloc_r
 .text._realloc_r
                0x000055c0       0x4c c:/program files (x86)/cypress/psoc creator/4.1/psoc creator/import/gnu/arm/5.4.1/bin/../lib/gcc/arm-none-eabi/5.4.1/../../../../arm-none-eabi/lib/armv7-m\libg_nano.a(lib_a-nano-reallocr.o)
                0x000055c0                _realloc_r
 .text._sbrk_r  0x0000560c       0x20 c:/program files (x86)/cypress/psoc creator/4.1/psoc creator/import/gnu/arm/5.4.1/bin/../lib/gcc/arm-none-eabi/5.4.1/../../../../arm-none-eabi/lib/armv7-m\libg_nano.a(lib_a-sbrkr.o)
                0x0000560c                _sbrk_r
 .text.__malloc_lock
                0x0000562c        0x2 c:/program files (x86)/cypress/psoc creator/4.1/psoc creator/import/gnu/arm/5.4.1/bin/../lib/gcc/arm-none-eabi/5.4.1/../../../../arm-none-eabi/lib/armv7-m\libg_nano.a(lib_a-mlock.o)
                0x0000562c                __malloc_lock
 .text.__malloc_unlock
                0x0000562e        0x2 c:/program files (x86)/cypress/psoc creator/4.1/psoc creator/import/gnu/arm/5.4.1/bin/../lib/gcc/arm-none-eabi/5.4.1/../../../../arm-none-eabi/lib/armv7-m\libg_nano.a(lib_a-mlock.o)
                0x0000562e                __malloc_unlock
 .text._malloc_usable_size_r
                0x00005630       0x14 c:/program files (x86)/cypress/psoc creator/4.1/psoc creator/import/gnu/arm/5.4.1/bin/../lib/gcc/arm-none-eabi/5.4.1/../../../../arm-none-eabi/lib/armv7-m\libg_nano.a(lib_a-nano-msizer.o)
                0x00005630                _malloc_usable_size_r
 *(.plt)
 *(.gnu.warning)
 *(.glue_7t)
 .glue_7t       0x00005644        0x0 linker stubs
 *(.glue_7)
 .glue_7        0x00005644        0x0 linker stubs
 *(.vfp11_veneer)
 .vfp11_veneer  0x00005644        0x0 linker stubs
 *(.bootloader)
 *(.ARM.extab* .gnu.linkonce.armextab.*)
 *(.gcc_except_table)

.v4_bx          0x00005644        0x0
 .v4_bx         0x00005644        0x0 linker stubs

.iplt           0x00005644        0x0
 .iplt          0x00005644        0x0 c:/program files (x86)/cypress/psoc creator/4.1/psoc creator/import/gnu/arm/5.4.1/bin/../lib/gcc/arm-none-eabi/5.4.1/armv7-m/crtbegin.o

.eh_frame_hdr
 *(.eh_frame_hdr)

.eh_frame       0x00005644        0x4
 *(.eh_frame)
 .eh_frame      0x00005644        0x0 c:/program files (x86)/cypress/psoc creator/4.1/psoc creator/import/gnu/arm/5.4.1/bin/../lib/gcc/arm-none-eabi/5.4.1/armv7-m/crtbegin.o
 .eh_frame      0x00005644        0x4 c:/program files (x86)/cypress/psoc creator/4.1/psoc creator/import/gnu/arm/5.4.1/bin/../lib/gcc/arm-none-eabi/5.4.1/armv7-m/crtend.o
                [!provide]                PROVIDE (__exidx_start, .)

.ARM.exidx
 *(.ARM.exidx* .gnu.linkonce.armexidx.*)
                0x00005648                __exidx_end = .

.rodata         0x00005648      0x5f0
 *(.rodata .rodata.* .gnu.linkonce.r.*)
 .rodata        0x00005648      0x148 .\ARM_GCC_541\Debug\main.o
 .rodata        0x00005790       0x58 .\ARM_GCC_541\Debug\cyfitter_cfg.o
                0x00005790                ADC_DelSig_1_AMux__addrTable
                0x00005798                ADC_DelSig_1_AMux__maskTable
 .rodata        0x000057e8      0x130 .\ARM_GCC_541\Debug\DTMF_TX.a(HF_DAC_1.o)
                0x000057e8                HF_DAC_1_wave1
                0x00005914                HF_DAC_1_wave2
 .rodata        0x00005918       0xcc .\ARM_GCC_541\Debug\DTMF_TX.a(LF_DAC_1.o)
                0x00005918                LF_DAC_1_wave1
                0x000059e0                LF_DAC_1_wave2
 .rodata.str1.4
                0x000059e4        0x8 c:/program files (x86)/cypress/psoc creator/4.1/psoc creator/import/gnu/arm/5.4.1/bin/../lib/gcc/arm-none-eabi/5.4.1/../../../../arm-none-eabi/lib/armv7-m\libm.a(lib_a-w_sqrt.o)
                                  0x5 (size before relaxing)
 .rodata.npio2_hw
                0x000059ec       0x80 c:/program files (x86)/cypress/psoc creator/4.1/psoc creator/import/gnu/arm/5.4.1/bin/../lib/gcc/arm-none-eabi/5.4.1/../../../../arm-none-eabi/lib/armv7-m\libm.a(lib_a-e_rem_pio2.o)
 .rodata.two_over_pi
                0x00005a6c      0x108 c:/program files (x86)/cypress/psoc creator/4.1/psoc creator/import/gnu/arm/5.4.1/bin/../lib/gcc/arm-none-eabi/5.4.1/../../../../arm-none-eabi/lib/armv7-m\libm.a(lib_a-e_rem_pio2.o)
 .rodata.init_jk
                0x00005b74       0x10 c:/program files (x86)/cypress/psoc creator/4.1/psoc creator/import/gnu/arm/5.4.1/bin/../lib/gcc/arm-none-eabi/5.4.1/../../../../arm-none-eabi/lib/armv7-m\libm.a(lib_a-k_rem_pio2.o)
 *fill*         0x00005b84        0x4 
 .rodata.PIo2   0x00005b88       0x40 c:/program files (x86)/cypress/psoc creator/4.1/psoc creator/import/gnu/arm/5.4.1/bin/../lib/gcc/arm-none-eabi/5.4.1/../../../../arm-none-eabi/lib/armv7-m\libm.a(lib_a-k_rem_pio2.o)
 .rodata.str1.1
                0x00005bc8        0x2 c:/program files (x86)/cypress/psoc creator/4.1/psoc creator/import/gnu/arm/5.4.1/bin/../lib/gcc/arm-none-eabi/5.4.1/../../../../arm-none-eabi/lib/armv7-m\libg_nano.a(lib_a-impure.o)
 .rodata.str1.1
                0x00005bca       0x11 c:/program files (x86)/cypress/psoc creator/4.1/psoc creator/import/gnu/arm/5.4.1/bin/../lib/gcc/arm-none-eabi/5.4.1/../../../../arm-none-eabi/lib/armv7-m\libg_nano.a(lib_a-nano-svfprintf.o)
 .rodata.str1.1
                0x00005bdb       0x22 c:/program files (x86)/cypress/psoc creator/4.1/psoc creator/import/gnu/arm/5.4.1/bin/../lib/gcc/arm-none-eabi/5.4.1/../../../../arm-none-eabi/lib/armv7-m\libg_nano.a(lib_a-nano-vfprintf_i.o)
                0x00005c00                . = ALIGN (0x4)
 *fill*         0x00005bfd        0x3 
 *(.init)
 .init          0x00005c00        0x4 c:/program files (x86)/cypress/psoc creator/4.1/psoc creator/import/gnu/arm/5.4.1/bin/../lib/gcc/arm-none-eabi/5.4.1/armv7-m/crti.o
                0x00005c00                _init
 .init          0x00005c04        0x8 c:/program files (x86)/cypress/psoc creator/4.1/psoc creator/import/gnu/arm/5.4.1/bin/../lib/gcc/arm-none-eabi/5.4.1/armv7-m/crtn.o
                0x00005c0c                . = ALIGN (0x4)
                0x00005c0c                __preinit_array_start = .
 *(.preinit_array)
                0x00005c0c                __preinit_array_end = .
                0x00005c0c                . = ALIGN (0x4)
                0x00005c0c                __init_array_start = .
 *(SORT(.init_array.*))
 *(.init_array)
 .init_array    0x00005c0c        0x4 c:/program files (x86)/cypress/psoc creator/4.1/psoc creator/import/gnu/arm/5.4.1/bin/../lib/gcc/arm-none-eabi/5.4.1/armv7-m/crtbegin.o
 .init_array    0x00005c10        0x4 .\ARM_GCC_541\Debug\Cm3Start.o
                0x00005c14                __init_array_end = .
                0x00005c14                . = ALIGN (0x4)
 *(.fini)
 .fini          0x00005c14        0x4 c:/program files (x86)/cypress/psoc creator/4.1/psoc creator/import/gnu/arm/5.4.1/bin/../lib/gcc/arm-none-eabi/5.4.1/armv7-m/crti.o
                0x00005c14                _fini
 .fini          0x00005c18        0x8 c:/program files (x86)/cypress/psoc creator/4.1/psoc creator/import/gnu/arm/5.4.1/bin/../lib/gcc/arm-none-eabi/5.4.1/armv7-m/crtn.o
                0x00005c20                . = ALIGN (0x4)
                0x00005c20                __fini_array_start = .
 *(.fini_array)
 .fini_array    0x00005c20        0x4 c:/program files (x86)/cypress/psoc creator/4.1/psoc creator/import/gnu/arm/5.4.1/bin/../lib/gcc/arm-none-eabi/5.4.1/armv7-m/crtbegin.o
 *(SORT(.fini_array.*))
                0x00005c24                __fini_array_end = .
                0x00005c24                . = ALIGN (0x4)
 *crtbegin.o(.ctors)
 *(EXCLUDE_FILE(*crtend.o) .ctors)
 *(SORT(.ctors.*))
 *crtend.o(.ctors)
                0x00005c24                . = ALIGN (0x4)
 *crtbegin.o(.dtors)
 *(EXCLUDE_FILE(*crtend.o) .dtors)
 *(SORT(.dtors.*))
 *crtend.o(.dtors)
                0x00005c24                . = ALIGN (0x4)
                0x00005c24                __cy_regions = .
                0x00005c24        0x4 LONG 0x5c38 __cy_region_init_ram
                0x00005c28        0x4 LONG 0x1fff80c8 __cy_region_start_data
                0x00005c2c        0x4 LONG 0xb8 __cy_region_init_size_ram
                0x00005c30        0x4 LONG 0x570 __cy_region_zero_size_ram
                0x00005c34                __cy_regions_end = .
                0x00005c38                . = ALIGN (0x8)
 *fill*         0x00005c34        0x4 
                0x00005c38                _etext = .

.cy_checksum_exclude
                0x00005c38        0x0
 *(.cy_checksum_exclude)

.ramvectors     0x1fff8000       0xc0
                0x1fff8000                __cy_region_start_ram = .
 *(.ramvectors)
 .ramvectors    0x1fff8000       0xc0 .\ARM_GCC_541\Debug\Cm3Start.o
                0x1fff8000                CyRamVectors

.noinit         0x1fff80c0        0x5
 *(.noinit)
 .noinit        0x1fff80c0        0x4 .\ARM_GCC_541\Debug\Cm3Start.o
 .noinit        0x1fff80c4        0x1 .\ARM_GCC_541\Debug\DTMF_TX.a(CyLib.o)
                0x1fff80c4                CyResetStatus

.data           0x1fff80c8       0xb8 load address 0x00005c38
                0x1fff80c8                __cy_region_start_data = .
 *(.jcr)
 .jcr           0x1fff80c8        0x0 c:/program files (x86)/cypress/psoc creator/4.1/psoc creator/import/gnu/arm/5.4.1/bin/../lib/gcc/arm-none-eabi/5.4.1/armv7-m/crtbegin.o
 .jcr           0x1fff80c8        0x4 c:/program files (x86)/cypress/psoc creator/4.1/psoc creator/import/gnu/arm/5.4.1/bin/../lib/gcc/arm-none-eabi/5.4.1/armv7-m/crtend.o
 *(.got.plt)
 *(.got)
 *(.shdata)
 *(.data .data.* .gnu.linkonce.d.*)
 .data          0x1fff80cc       0x24 .\ARM_GCC_541\Debug\main.o
                0x1fff80cc                loFrequency
                0x1fff80e0                hiFrequency
 .data          0x1fff80f0        0x4 .\ARM_GCC_541\Debug\Cm3Start.o
 .data          0x1fff80f4        0x1 .\ARM_GCC_541\Debug\DTMF_TX.a(ADC_DelSig_1.o)
                0x1fff80f4                ADC_DelSig_1_Config
 .data          0x1fff80f5        0x1 .\ARM_GCC_541\Debug\DTMF_TX.a(ADC_DelSig_1_AMux.o)
 *fill*         0x1fff80f6        0x2 
 .data          0x1fff80f8        0x8 .\ARM_GCC_541\Debug\DTMF_TX.a(CyDmac.o)
 .data          0x1fff8100       0x10 .\ARM_GCC_541\Debug\DTMF_TX.a(CyLib.o)
                0x1fff8100                cydelay_freq_hz
                0x1fff8104                cydelay_freq_khz
                0x1fff8108                cydelay_freq_mhz
                0x1fff810c                cydelay_32k_ms
 .data          0x1fff8110        0x1 .\ARM_GCC_541\Debug\DTMF_TX.a(HF_DAC_1_Wave1_DMA_dma.o)
                0x1fff8110                HF_DAC_1_Wave1_DMA_DmaHandle
 .data          0x1fff8111        0x1 .\ARM_GCC_541\Debug\DTMF_TX.a(HF_DAC_1_Wave2_DMA_dma.o)
                0x1fff8111                HF_DAC_1_Wave2_DMA_DmaHandle
 .data          0x1fff8112        0x1 .\ARM_GCC_541\Debug\DTMF_TX.a(LF_DAC_1_Wave1_DMA_dma.o)
                0x1fff8112                LF_DAC_1_Wave1_DMA_DmaHandle
 .data          0x1fff8113        0x1 .\ARM_GCC_541\Debug\DTMF_TX.a(LF_DAC_1_Wave2_DMA_dma.o)
                0x1fff8113                LF_DAC_1_Wave2_DMA_DmaHandle
 .data.__fdlib_version
                0x1fff8114        0x1 c:/program files (x86)/cypress/psoc creator/4.1/psoc creator/import/gnu/arm/5.4.1/bin/../lib/gcc/arm-none-eabi/5.4.1/../../../../arm-none-eabi/lib/armv7-m\libm.a(lib_a-s_lib_ver.o)
                0x1fff8114                __fdlib_version
 *fill*         0x1fff8115        0x3 
 .data.impure_data
                0x1fff8118       0x60 c:/program files (x86)/cypress/psoc creator/4.1/psoc creator/import/gnu/arm/5.4.1/bin/../lib/gcc/arm-none-eabi/5.4.1/../../../../arm-none-eabi/lib/armv7-m\libg_nano.a(lib_a-impure.o)
 .data._impure_ptr
                0x1fff8178        0x4 c:/program files (x86)/cypress/psoc creator/4.1/psoc creator/import/gnu/arm/5.4.1/bin/../lib/gcc/arm-none-eabi/5.4.1/../../../../arm-none-eabi/lib/armv7-m\libg_nano.a(lib_a-impure.o)
                0x1fff8178                _impure_ptr
                0x1fff8180                . = ALIGN (0x8)
 *fill*         0x1fff817c        0x4 
 *(.ram)
                0x1fff8180                _edata = .

.igot.plt       0x1fff8180        0x0 load address 0x00005cf0
 .igot.plt      0x1fff8180        0x0 c:/program files (x86)/cypress/psoc creator/4.1/psoc creator/import/gnu/arm/5.4.1/bin/../lib/gcc/arm-none-eabi/5.4.1/armv7-m/crtbegin.o

.bss            0x1fff8180      0x570 load address 0x00005cf0
                0x1fff8180                PROVIDE (__bss_start__, .)
 *(.shbss)
 *(.bss .bss.* .gnu.linkonce.b.*)
 .bss           0x1fff8180       0x1c c:/program files (x86)/cypress/psoc creator/4.1/psoc creator/import/gnu/arm/5.4.1/bin/../lib/gcc/arm-none-eabi/5.4.1/armv7-m/crtbegin.o
 .bss           0x1fff819c        0xc .\ARM_GCC_541\Debug\DTMF_TX.a(ADC_DelSig_1.o)
                0x1fff819c                ADC_DelSig_1_convDone
                0x1fff819d                ADC_DelSig_1_stopConversion
                0x1fff819e                ADC_DelSig_1_initVar
                0x1fff819f                ADC_DelSig_1_started
                0x1fff81a0                ADC_DelSig_1_Offset
 .bss           0x1fff81a8        0x2 .\ARM_GCC_541\Debug\DTMF_TX.a(UART_1.o)
                0x1fff81a8                UART_1_initVar
 .bss           0x1fff81aa        0x5 .\ARM_GCC_541\Debug\DTMF_TX.a(HF_DAC_1.o)
                0x1fff81aa                HF_DAC_1_initVar
 .bss           0x1fff81af        0x5 .\ARM_GCC_541\Debug\DTMF_TX.a(LF_DAC_1.o)
                0x1fff81af                LF_DAC_1_initVar
 .bss.__malloc_sbrk_start
                0x1fff81b4        0x4 c:/program files (x86)/cypress/psoc creator/4.1/psoc creator/import/gnu/arm/5.4.1/bin/../lib/gcc/arm-none-eabi/5.4.1/../../../../arm-none-eabi/lib/armv7-m\libg_nano.a(lib_a-nano-mallocr.o)
                0x1fff81b4                __malloc_sbrk_start
 .bss.__malloc_free_list
                0x1fff81b8        0x4 c:/program files (x86)/cypress/psoc creator/4.1/psoc creator/import/gnu/arm/5.4.1/bin/../lib/gcc/arm-none-eabi/5.4.1/../../../../arm-none-eabi/lib/armv7-m\libg_nano.a(lib_a-nano-mallocr.o)
                0x1fff81b8                __malloc_free_list
 *(COMMON)
 COMMON         0x1fff81bc      0x528 .\ARM_GCC_541\Debug\main.o
                0x1fff81bc                TransmitBuffer
                0x1fff81cc                Output
                0x1fff81d0                array
 COMMON         0x1fff86e4        0x4 .\ARM_GCC_541\Debug\DTMF_TX.a(ADC_DelSig_1.o)
                0x1fff86e4                ADC_DelSig_1_CountsPerVolt
 COMMON         0x1fff86e8        0x4 c:/program files (x86)/cypress/psoc creator/4.1/psoc creator/import/gnu/arm/5.4.1/bin/../lib/gcc/arm-none-eabi/5.4.1/../../../../arm-none-eabi/lib/armv7-m\libg_nano.a(lib_a-reent.o)
                0x1fff86e8                errno
                0x1fff86f0                . = ALIGN (0x8)
 *fill*         0x1fff86ec        0x4 
 *(.ram.b)
                0x1fff86f0                _end = .
                0x1fff86f0                __end = .
                0x1fff86f0                PROVIDE (end, .)
                0x1fff86f0                PROVIDE (__bss_end__, .)
                0x00005c38                __cy_region_init_ram = LOADADDR (.data)
                0x000000b8                __cy_region_init_size_ram = (_edata - ADDR (.data))
                0x00000570                __cy_region_zero_size_ram = (_end - _edata)

.heap           0x1fff86f0       0x80 load address 0x00005cf0
                0x1fff86f0                . = _end
                0x1fff8770                . = (. + 0x80)
 *fill*         0x1fff86f0       0x80 
                0x1fff8770                __cy_heap_limit = .

.stack          0x20007800      0x800
                0x20007800                __cy_stack_limit = .
                0x20008000                . = (. + 0x800)
 *fill*         0x20007800      0x800 
                0x00000001                ASSERT ((__cy_stack_limit >= __cy_heap_limit), region RAM overflowed with stack)
                0x00000000                cy_checksum_exclude_size = (CY_APPL_LOADABLE == 0x1)?SIZEOF (.cy_checksum_exclude):0x0
                0x00000001                ASSERT ((cy_checksum_exclude_size <= CY_CHECKSUM_EXCLUDE_SIZE), CY_BOOT: Section .cy_checksum_exclude size exceedes specified limit.)

.cyloadermeta
 *(.cyloadermeta)

.cyloadablemeta
 *(.cyloadablemeta)

.cyconfigecc    0x80000000      0x4a4
 *(.cyconfigecc)
 .cyconfigecc   0x80000000      0x4a4 .\ARM_GCC_541\Debug\cymetadata.o
                0x80000000                cy_meta_configecc

.cycustnvl      0x90000000        0x4
 *(.cycustnvl)
 .cycustnvl     0x90000000        0x4 .\ARM_GCC_541\Debug\cymetadata.o
                0x90000000                cy_meta_custnvl

.cywolatch      0x90100000        0x4
 *(.cywolatch)
 .cywolatch     0x90100000        0x4 .\ARM_GCC_541\Debug\cymetadata.o
                0x90100000                cy_meta_wonvl

.cyeeprom       0x90200000        0x0
 *(.cyeeprom)
                0x00000001                ASSERT ((. <= ((0x90200000 + ee_offset) + ee_size)), .cyeeprom data will not fit in EEPROM)

.cyflashprotect
                0x90400000      0x100
 *(.cyflashprotect)
 .cyflashprotect
                0x90400000      0x100 .\ARM_GCC_541\Debug\cymetadata.o
                0x90400000                cy_meta_flashprotect

.cymeta         0x90500000        0xc
 *(.cymeta)
 .cymeta        0x90500000        0xc .\ARM_GCC_541\Debug\cymetadata.o
                0x90500000                cy_metadata

.rel.dyn        0x00005cf0        0x0 load address 0x9050000c
 .rel.iplt      0x00005cf0        0x0 c:/program files (x86)/cypress/psoc creator/4.1/psoc creator/import/gnu/arm/5.4.1/bin/../lib/gcc/arm-none-eabi/5.4.1/armv7-m/crtbegin.o

.stab
 *(.stab)

.stabstr
 *(.stabstr)

.debug
 *(.debug)

.line
 *(.line)

.debug_srcinfo
 *(.debug_srcinfo)

.debug_sfnames
 *(.debug_sfnames)

.debug_aranges  0x00000000      0xd40
 *(.debug_aranges)
 .debug_aranges
                0x00000000       0x68 .\ARM_GCC_541\Debug\main.o
 .debug_aranges
                0x00000068       0x70 .\ARM_GCC_541\Debug\cyfitter_cfg.o
 .debug_aranges
                0x000000d8       0x18 .\ARM_GCC_541\Debug\cymetadata.o
 .debug_aranges
                0x000000f0       0x48 .\ARM_GCC_541\Debug\Cm3Start.o
 .debug_aranges
                0x00000138       0xe8 .\ARM_GCC_541\Debug\DTMF_TX.a(ADC_DelSig_1.o)
 .debug_aranges
                0x00000220       0x38 .\ARM_GCC_541\Debug\DTMF_TX.a(ADC_DelSig_1_INT.o)
 .debug_aranges
                0x00000258       0x30 .\ARM_GCC_541\Debug\DTMF_TX.a(ADC_DelSig_1_AMux.o)
 .debug_aranges
                0x00000288       0x70 .\ARM_GCC_541\Debug\DTMF_TX.a(ADC_DelSig_1_Ext_CP_Clk.o)
 .debug_aranges
                0x000002f8       0x80 .\ARM_GCC_541\Debug\DTMF_TX.a(ADC_DelSig_1_theACLK.o)
 .debug_aranges
                0x00000378       0xd8 .\ARM_GCC_541\Debug\DTMF_TX.a(CyDmac.o)
 .debug_aranges
                0x00000450      0x2a0 .\ARM_GCC_541\Debug\DTMF_TX.a(CyLib.o)
 .debug_aranges
                0x000006f0       0x98 .\ARM_GCC_541\Debug\DTMF_TX.a(cyPm.o)
 .debug_aranges
                0x00000788       0xf0 .\ARM_GCC_541\Debug\DTMF_TX.a(UART_1.o)
 .debug_aranges
                0x00000878       0x70 .\ARM_GCC_541\Debug\DTMF_TX.a(UART_1_IntClock.o)
 .debug_aranges
                0x000008e8       0x38 .\ARM_GCC_541\Debug\DTMF_TX.a(HF_SW1.o)
 .debug_aranges
                0x00000920       0x38 .\ARM_GCC_541\Debug\DTMF_TX.a(LF_SW1.o)
 .debug_aranges
                0x00000958       0x50 .\ARM_GCC_541\Debug\DTMF_TX.a(HF_DAC_1.o)
 .debug_aranges
                0x000009a8       0x50 .\ARM_GCC_541\Debug\DTMF_TX.a(LF_DAC_1.o)
 .debug_aranges
                0x000009f8       0x28 .\ARM_GCC_541\Debug\DTMF_TX.a(HF_DAC_1_Wave1_DMA_dma.o)
 .debug_aranges
                0x00000a20       0x28 .\ARM_GCC_541\Debug\DTMF_TX.a(HF_DAC_1_Wave2_DMA_dma.o)
 .debug_aranges
                0x00000a48       0x58 .\ARM_GCC_541\Debug\DTMF_TX.a(HF_DAC_1_VDAC8.o)
 .debug_aranges
                0x00000aa0       0x28 .\ARM_GCC_541\Debug\DTMF_TX.a(LF_DAC_1_Wave1_DMA_dma.o)
 .debug_aranges
                0x00000ac8       0x28 .\ARM_GCC_541\Debug\DTMF_TX.a(LF_DAC_1_Wave2_DMA_dma.o)
 .debug_aranges
                0x00000af0       0x58 .\ARM_GCC_541\Debug\DTMF_TX.a(LF_DAC_1_VDAC8.o)
 .debug_aranges
                0x00000b48       0x70 .\ARM_GCC_541\Debug\DTMF_TX.a(HF_DAC_CLK.o)
 .debug_aranges
                0x00000bb8       0x70 .\ARM_GCC_541\Debug\DTMF_TX.a(LF_DAC_CLK.o)
 .debug_aranges
                0x00000c28       0x20 .\ARM_GCC_541\Debug\DTMF_TX.a(CyBootAsmGnu.o)
 .debug_aranges
                0x00000c48       0x80 .\ARM_GCC_541\Debug\DTMF_TX.a(CyFlash.o)
 .debug_aranges
                0x00000cc8       0x78 .\ARM_GCC_541\Debug\DTMF_TX.a(CySpc.o)

.debug_pubnames
 *(.debug_pubnames)

.debug_info     0x00000000     0x5cb5
 *(.debug_info .gnu.linkonce.wi.*)
 .debug_info    0x00000000      0x59c .\ARM_GCC_541\Debug\main.o
 .debug_info    0x0000059c      0x500 .\ARM_GCC_541\Debug\cyfitter_cfg.o
 .debug_info    0x00000a9c      0x136 .\ARM_GCC_541\Debug\cymetadata.o
 .debug_info    0x00000bd2      0x32b .\ARM_GCC_541\Debug\Cm3Start.o
 .debug_info    0x00000efd      0x72c .\ARM_GCC_541\Debug\DTMF_TX.a(ADC_DelSig_1.o)
 .debug_info    0x00001629       0xd3 .\ARM_GCC_541\Debug\DTMF_TX.a(ADC_DelSig_1_INT.o)
 .debug_info    0x000016fc      0x10a .\ARM_GCC_541\Debug\DTMF_TX.a(ADC_DelSig_1_AMux.o)
 .debug_info    0x00001806      0x25d .\ARM_GCC_541\Debug\DTMF_TX.a(ADC_DelSig_1_Ext_CP_Clk.o)
 .debug_info    0x00001a63      0x299 .\ARM_GCC_541\Debug\DTMF_TX.a(ADC_DelSig_1_theACLK.o)
 .debug_info    0x00001cfc      0x8c0 .\ARM_GCC_541\Debug\DTMF_TX.a(CyDmac.o)
 .debug_info    0x000025bc      0xe51 .\ARM_GCC_541\Debug\DTMF_TX.a(CyLib.o)
 .debug_info    0x0000340d      0x57a .\ARM_GCC_541\Debug\DTMF_TX.a(cyPm.o)
 .debug_info    0x00003987      0x50a .\ARM_GCC_541\Debug\DTMF_TX.a(UART_1.o)
 .debug_info    0x00003e91      0x25d .\ARM_GCC_541\Debug\DTMF_TX.a(UART_1_IntClock.o)
 .debug_info    0x000040ee      0x11e .\ARM_GCC_541\Debug\DTMF_TX.a(HF_SW1.o)
 .debug_info    0x0000420c      0x11e .\ARM_GCC_541\Debug\DTMF_TX.a(LF_SW1.o)
 .debug_info    0x0000432a      0x259 .\ARM_GCC_541\Debug\DTMF_TX.a(HF_DAC_1.o)
 .debug_info    0x00004583      0x258 .\ARM_GCC_541\Debug\DTMF_TX.a(LF_DAC_1.o)
 .debug_info    0x000047db      0x11b .\ARM_GCC_541\Debug\DTMF_TX.a(HF_DAC_1_Wave1_DMA_dma.o)
 .debug_info    0x000048f6      0x11b .\ARM_GCC_541\Debug\DTMF_TX.a(HF_DAC_1_Wave2_DMA_dma.o)
 .debug_info    0x00004a11      0x185 .\ARM_GCC_541\Debug\DTMF_TX.a(HF_DAC_1_VDAC8.o)
 .debug_info    0x00004b96      0x11b .\ARM_GCC_541\Debug\DTMF_TX.a(LF_DAC_1_Wave1_DMA_dma.o)
 .debug_info    0x00004cb1      0x11b .\ARM_GCC_541\Debug\DTMF_TX.a(LF_DAC_1_Wave2_DMA_dma.o)
 .debug_info    0x00004dcc      0x185 .\ARM_GCC_541\Debug\DTMF_TX.a(LF_DAC_1_VDAC8.o)
 .debug_info    0x00004f51      0x25d .\ARM_GCC_541\Debug\DTMF_TX.a(HF_DAC_CLK.o)
 .debug_info    0x000051ae      0x25d .\ARM_GCC_541\Debug\DTMF_TX.a(LF_DAC_CLK.o)
 .debug_info    0x0000540b       0xdf .\ARM_GCC_541\Debug\DTMF_TX.a(CyBootAsmGnu.o)
 .debug_info    0x000054ea      0x371 .\ARM_GCC_541\Debug\DTMF_TX.a(CyFlash.o)
 .debug_info    0x0000585b      0x45a .\ARM_GCC_541\Debug\DTMF_TX.a(CySpc.o)

.debug_abbrev   0x00000000     0x1dc7
 *(.debug_abbrev)
 .debug_abbrev  0x00000000      0x1b5 .\ARM_GCC_541\Debug\main.o
 .debug_abbrev  0x000001b5      0x1ca .\ARM_GCC_541\Debug\cyfitter_cfg.o
 .debug_abbrev  0x0000037f       0x77 .\ARM_GCC_541\Debug\cymetadata.o
 .debug_abbrev  0x000003f6      0x1d6 .\ARM_GCC_541\Debug\Cm3Start.o
 .debug_abbrev  0x000005cc      0x19d .\ARM_GCC_541\Debug\DTMF_TX.a(ADC_DelSig_1.o)
 .debug_abbrev  0x00000769       0x42 .\ARM_GCC_541\Debug\DTMF_TX.a(ADC_DelSig_1_INT.o)
 .debug_abbrev  0x000007ab       0x6f .\ARM_GCC_541\Debug\DTMF_TX.a(ADC_DelSig_1_AMux.o)
 .debug_abbrev  0x0000081a      0x11d .\ARM_GCC_541\Debug\DTMF_TX.a(ADC_DelSig_1_Ext_CP_Clk.o)
 .debug_abbrev  0x00000937      0x11d .\ARM_GCC_541\Debug\DTMF_TX.a(ADC_DelSig_1_theACLK.o)
 .debug_abbrev  0x00000a54      0x194 .\ARM_GCC_541\Debug\DTMF_TX.a(CyDmac.o)
 .debug_abbrev  0x00000be8      0x217 .\ARM_GCC_541\Debug\DTMF_TX.a(CyLib.o)
 .debug_abbrev  0x00000dff      0x161 .\ARM_GCC_541\Debug\DTMF_TX.a(cyPm.o)
 .debug_abbrev  0x00000f60      0x163 .\ARM_GCC_541\Debug\DTMF_TX.a(UART_1.o)
 .debug_abbrev  0x000010c3      0x11d .\ARM_GCC_541\Debug\DTMF_TX.a(UART_1_IntClock.o)
 .debug_abbrev  0x000011e0       0x90 .\ARM_GCC_541\Debug\DTMF_TX.a(HF_SW1.o)
 .debug_abbrev  0x00001270       0x90 .\ARM_GCC_541\Debug\DTMF_TX.a(LF_SW1.o)
 .debug_abbrev  0x00001300       0xec .\ARM_GCC_541\Debug\DTMF_TX.a(HF_DAC_1.o)
 .debug_abbrev  0x000013ec       0xe3 .\ARM_GCC_541\Debug\DTMF_TX.a(LF_DAC_1.o)
 .debug_abbrev  0x000014cf       0x8b .\ARM_GCC_541\Debug\DTMF_TX.a(HF_DAC_1_Wave1_DMA_dma.o)
 .debug_abbrev  0x0000155a       0x8b .\ARM_GCC_541\Debug\DTMF_TX.a(HF_DAC_1_Wave2_DMA_dma.o)
 .debug_abbrev  0x000015e5       0xeb .\ARM_GCC_541\Debug\DTMF_TX.a(HF_DAC_1_VDAC8.o)
 .debug_abbrev  0x000016d0       0x8b .\ARM_GCC_541\Debug\DTMF_TX.a(LF_DAC_1_Wave1_DMA_dma.o)
 .debug_abbrev  0x0000175b       0x8b .\ARM_GCC_541\Debug\DTMF_TX.a(LF_DAC_1_Wave2_DMA_dma.o)
 .debug_abbrev  0x000017e6       0xeb .\ARM_GCC_541\Debug\DTMF_TX.a(LF_DAC_1_VDAC8.o)
 .debug_abbrev  0x000018d1      0x11d .\ARM_GCC_541\Debug\DTMF_TX.a(HF_DAC_CLK.o)
 .debug_abbrev  0x000019ee      0x11d .\ARM_GCC_541\Debug\DTMF_TX.a(LF_DAC_CLK.o)
 .debug_abbrev  0x00001b0b       0x14 .\ARM_GCC_541\Debug\DTMF_TX.a(CyBootAsmGnu.o)
 .debug_abbrev  0x00001b1f      0x13c .\ARM_GCC_541\Debug\DTMF_TX.a(CyFlash.o)
 .debug_abbrev  0x00001c5b      0x16c .\ARM_GCC_541\Debug\DTMF_TX.a(CySpc.o)

.debug_line     0x00000000     0x338b
 *(.debug_line)
 .debug_line    0x00000000      0x3a1 .\ARM_GCC_541\Debug\main.o
 .debug_line    0x000003a1      0x256 .\ARM_GCC_541\Debug\cyfitter_cfg.o
 .debug_line    0x000005f7      0x141 .\ARM_GCC_541\Debug\cymetadata.o
 .debug_line    0x00000738      0x1db .\ARM_GCC_541\Debug\Cm3Start.o
 .debug_line    0x00000913      0x365 .\ARM_GCC_541\Debug\DTMF_TX.a(ADC_DelSig_1.o)
 .debug_line    0x00000c78       0x95 .\ARM_GCC_541\Debug\DTMF_TX.a(ADC_DelSig_1_INT.o)
 .debug_line    0x00000d0d       0xa6 .\ARM_GCC_541\Debug\DTMF_TX.a(ADC_DelSig_1_AMux.o)
 .debug_line    0x00000db3      0x1b6 .\ARM_GCC_541\Debug\DTMF_TX.a(ADC_DelSig_1_Ext_CP_Clk.o)
 .debug_line    0x00000f69      0x1d7 .\ARM_GCC_541\Debug\DTMF_TX.a(ADC_DelSig_1_theACLK.o)
 .debug_line    0x00001140      0x2b6 .\ARM_GCC_541\Debug\DTMF_TX.a(CyDmac.o)
 .debug_line    0x000013f6      0x883 .\ARM_GCC_541\Debug\DTMF_TX.a(CyLib.o)
 .debug_line    0x00001c79      0x38e .\ARM_GCC_541\Debug\DTMF_TX.a(cyPm.o)
 .debug_line    0x00002007      0x2e4 .\ARM_GCC_541\Debug\DTMF_TX.a(UART_1.o)
 .debug_line    0x000022eb      0x1ae .\ARM_GCC_541\Debug\DTMF_TX.a(UART_1_IntClock.o)
 .debug_line    0x00002499       0x96 .\ARM_GCC_541\Debug\DTMF_TX.a(HF_SW1.o)
 .debug_line    0x0000252f       0x96 .\ARM_GCC_541\Debug\DTMF_TX.a(LF_SW1.o)
 .debug_line    0x000025c5       0xf0 .\ARM_GCC_541\Debug\DTMF_TX.a(HF_DAC_1.o)
 .debug_line    0x000026b5       0xf0 .\ARM_GCC_541\Debug\DTMF_TX.a(LF_DAC_1.o)
 .debug_line    0x000027a5       0x85 .\ARM_GCC_541\Debug\DTMF_TX.a(HF_DAC_1_Wave1_DMA_dma.o)
 .debug_line    0x0000282a       0x85 .\ARM_GCC_541\Debug\DTMF_TX.a(HF_DAC_1_Wave2_DMA_dma.o)
 .debug_line    0x000028af       0xf6 .\ARM_GCC_541\Debug\DTMF_TX.a(HF_DAC_1_VDAC8.o)
 .debug_line    0x000029a5       0x85 .\ARM_GCC_541\Debug\DTMF_TX.a(LF_DAC_1_Wave1_DMA_dma.o)
 .debug_line    0x00002a2a       0x85 .\ARM_GCC_541\Debug\DTMF_TX.a(LF_DAC_1_Wave2_DMA_dma.o)
 .debug_line    0x00002aaf       0xf6 .\ARM_GCC_541\Debug\DTMF_TX.a(LF_DAC_1_VDAC8.o)
 .debug_line    0x00002ba5      0x1a9 .\ARM_GCC_541\Debug\DTMF_TX.a(HF_DAC_CLK.o)
 .debug_line    0x00002d4e      0x1a9 .\ARM_GCC_541\Debug\DTMF_TX.a(LF_DAC_CLK.o)
 .debug_line    0x00002ef7       0x7d .\ARM_GCC_541\Debug\DTMF_TX.a(CyBootAsmGnu.o)
 .debug_line    0x00002f74      0x205 .\ARM_GCC_541\Debug\DTMF_TX.a(CyFlash.o)
 .debug_line    0x00003179      0x212 .\ARM_GCC_541\Debug\DTMF_TX.a(CySpc.o)

.debug_frame    0x00000000     0x3a28
 *(.debug_frame)
 .debug_frame   0x00000000      0x194 .\ARM_GCC_541\Debug\main.o
 .debug_frame   0x00000194      0x1bc .\ARM_GCC_541\Debug\cyfitter_cfg.o
 .debug_frame   0x00000350       0xd8 .\ARM_GCC_541\Debug\Cm3Start.o
 .debug_frame   0x00000428      0x40c .\ARM_GCC_541\Debug\DTMF_TX.a(ADC_DelSig_1.o)
 .debug_frame   0x00000834       0xa0 .\ARM_GCC_541\Debug\DTMF_TX.a(ADC_DelSig_1_INT.o)
 .debug_frame   0x000008d4       0x88 .\ARM_GCC_541\Debug\DTMF_TX.a(ADC_DelSig_1_AMux.o)
 .debug_frame   0x0000095c      0x1b4 .\ARM_GCC_541\Debug\DTMF_TX.a(ADC_DelSig_1_Ext_CP_Clk.o)
 .debug_frame   0x00000b10      0x200 .\ARM_GCC_541\Debug\DTMF_TX.a(ADC_DelSig_1_theACLK.o)
 .debug_frame   0x00000d10      0x3d0 .\ARM_GCC_541\Debug\DTMF_TX.a(CyDmac.o)
 .debug_frame   0x000010e0      0xc0c .\ARM_GCC_541\Debug\DTMF_TX.a(CyLib.o)
 .debug_frame   0x00001cec      0x234 .\ARM_GCC_541\Debug\DTMF_TX.a(cyPm.o)
 .debug_frame   0x00001f20      0x42c .\ARM_GCC_541\Debug\DTMF_TX.a(UART_1.o)
 .debug_frame   0x0000234c      0x1b4 .\ARM_GCC_541\Debug\DTMF_TX.a(UART_1_IntClock.o)
 .debug_frame   0x00002500       0xa8 .\ARM_GCC_541\Debug\DTMF_TX.a(HF_SW1.o)
 .debug_frame   0x000025a8       0xa8 .\ARM_GCC_541\Debug\DTMF_TX.a(LF_SW1.o)
 .debug_frame   0x00002650       0xf8 .\ARM_GCC_541\Debug\DTMF_TX.a(HF_DAC_1.o)
 .debug_frame   0x00002748       0xf8 .\ARM_GCC_541\Debug\DTMF_TX.a(LF_DAC_1.o)
 .debug_frame   0x00002840       0x58 .\ARM_GCC_541\Debug\DTMF_TX.a(HF_DAC_1_Wave1_DMA_dma.o)
 .debug_frame   0x00002898       0x58 .\ARM_GCC_541\Debug\DTMF_TX.a(HF_DAC_1_Wave2_DMA_dma.o)
 .debug_frame   0x000028f0      0x130 .\ARM_GCC_541\Debug\DTMF_TX.a(HF_DAC_1_VDAC8.o)
 .debug_frame   0x00002a20       0x58 .\ARM_GCC_541\Debug\DTMF_TX.a(LF_DAC_1_Wave1_DMA_dma.o)
 .debug_frame   0x00002a78       0x58 .\ARM_GCC_541\Debug\DTMF_TX.a(LF_DAC_1_Wave2_DMA_dma.o)
 .debug_frame   0x00002ad0      0x130 .\ARM_GCC_541\Debug\DTMF_TX.a(LF_DAC_1_VDAC8.o)
 .debug_frame   0x00002c00      0x1b4 .\ARM_GCC_541\Debug\DTMF_TX.a(HF_DAC_CLK.o)
 .debug_frame   0x00002db4      0x1b4 .\ARM_GCC_541\Debug\DTMF_TX.a(LF_DAC_CLK.o)
 .debug_frame   0x00002f68      0x210 .\ARM_GCC_541\Debug\DTMF_TX.a(CyFlash.o)
 .debug_frame   0x00003178      0x1f8 .\ARM_GCC_541\Debug\DTMF_TX.a(CySpc.o)
 .debug_frame   0x00003370       0x38 c:/program files (x86)/cypress/psoc creator/4.1/psoc creator/import/gnu/arm/5.4.1/bin/../lib/gcc/arm-none-eabi/5.4.1/../../../../arm-none-eabi/lib/armv7-m\libm.a(lib_a-s_cos.o)
 .debug_frame   0x000033a8       0x38 c:/program files (x86)/cypress/psoc creator/4.1/psoc creator/import/gnu/arm/5.4.1/bin/../lib/gcc/arm-none-eabi/5.4.1/../../../../arm-none-eabi/lib/armv7-m\libm.a(lib_a-s_sin.o)
 .debug_frame   0x000033e0       0x44 c:/program files (x86)/cypress/psoc creator/4.1/psoc creator/import/gnu/arm/5.4.1/bin/../lib/gcc/arm-none-eabi/5.4.1/../../../../arm-none-eabi/lib/armv7-m\libm.a(lib_a-w_sqrt.o)
 .debug_frame   0x00003424       0x48 c:/program files (x86)/cypress/psoc creator/4.1/psoc creator/import/gnu/arm/5.4.1/bin/../lib/gcc/arm-none-eabi/5.4.1/../../../../arm-none-eabi/lib/armv7-m\libm.a(lib_a-e_rem_pio2.o)
 .debug_frame   0x0000346c       0x30 c:/program files (x86)/cypress/psoc creator/4.1/psoc creator/import/gnu/arm/5.4.1/bin/../lib/gcc/arm-none-eabi/5.4.1/../../../../arm-none-eabi/lib/armv7-m\libm.a(lib_a-e_sqrt.o)
 .debug_frame   0x0000349c       0x4c c:/program files (x86)/cypress/psoc creator/4.1/psoc creator/import/gnu/arm/5.4.1/bin/../lib/gcc/arm-none-eabi/5.4.1/../../../../arm-none-eabi/lib/armv7-m\libm.a(lib_a-k_cos.o)
 .debug_frame   0x000034e8       0x50 c:/program files (x86)/cypress/psoc creator/4.1/psoc creator/import/gnu/arm/5.4.1/bin/../lib/gcc/arm-none-eabi/5.4.1/../../../../arm-none-eabi/lib/armv7-m\libm.a(lib_a-k_rem_pio2.o)
 .debug_frame   0x00003538       0x48 c:/program files (x86)/cypress/psoc creator/4.1/psoc creator/import/gnu/arm/5.4.1/bin/../lib/gcc/arm-none-eabi/5.4.1/../../../../arm-none-eabi/lib/armv7-m\libm.a(lib_a-k_sin.o)
 .debug_frame   0x00003580       0x20 c:/program files (x86)/cypress/psoc creator/4.1/psoc creator/import/gnu/arm/5.4.1/bin/../lib/gcc/arm-none-eabi/5.4.1/../../../../arm-none-eabi/lib/armv7-m\libm.a(lib_a-s_fabs.o)
 .debug_frame   0x000035a0       0x34 c:/program files (x86)/cypress/psoc creator/4.1/psoc creator/import/gnu/arm/5.4.1/bin/../lib/gcc/arm-none-eabi/5.4.1/../../../../arm-none-eabi/lib/armv7-m\libm.a(lib_a-s_floor.o)
 .debug_frame   0x000035d4       0x20 c:/program files (x86)/cypress/psoc creator/4.1/psoc creator/import/gnu/arm/5.4.1/bin/../lib/gcc/arm-none-eabi/5.4.1/../../../../arm-none-eabi/lib/armv7-m\libm.a(lib_a-s_matherr.o)
 .debug_frame   0x000035f4       0x30 c:/program files (x86)/cypress/psoc creator/4.1/psoc creator/import/gnu/arm/5.4.1/bin/../lib/gcc/arm-none-eabi/5.4.1/../../../../arm-none-eabi/lib/armv7-m\libm.a(lib_a-s_scalbn.o)
 .debug_frame   0x00003624       0x20 c:/program files (x86)/cypress/psoc creator/4.1/psoc creator/import/gnu/arm/5.4.1/bin/../lib/gcc/arm-none-eabi/5.4.1/../../../../arm-none-eabi/lib/armv7-m\libm.a(lib_a-s_copysign.o)
 .debug_frame   0x00003644       0x20 c:/program files (x86)/cypress/psoc creator/4.1/psoc creator/import/gnu/arm/5.4.1/bin/../lib/gcc/arm-none-eabi/5.4.1/../../../../arm-none-eabi/lib/armv7-m\libg_nano.a(lib_a-errno.o)
 .debug_frame   0x00003664       0x28 c:/program files (x86)/cypress/psoc creator/4.1/psoc creator/import/gnu/arm/5.4.1/bin/../lib/gcc/arm-none-eabi/5.4.1/../../../../arm-none-eabi/lib/armv7-m\libg_nano.a(lib_a-exit.o)
 .debug_frame   0x0000368c       0x2c c:/program files (x86)/cypress/psoc creator/4.1/psoc creator/import/gnu/arm/5.4.1/bin/../lib/gcc/arm-none-eabi/5.4.1/../../../../arm-none-eabi/lib/armv7-m\libg_nano.a(lib_a-init.o)
 .debug_frame   0x000036b8       0x28 c:/program files (x86)/cypress/psoc creator/4.1/psoc creator/import/gnu/arm/5.4.1/bin/../lib/gcc/arm-none-eabi/5.4.1/../../../../arm-none-eabi/lib/armv7-m\libg_nano.a(lib_a-memcpy-stub.o)
 .debug_frame   0x000036e0       0x20 c:/program files (x86)/cypress/psoc creator/4.1/psoc creator/import/gnu/arm/5.4.1/bin/../lib/gcc/arm-none-eabi/5.4.1/../../../../arm-none-eabi/lib/armv7-m\libg_nano.a(lib_a-memset.o)
 .debug_frame   0x00003700       0x70 c:/program files (x86)/cypress/psoc creator/4.1/psoc creator/import/gnu/arm/5.4.1/bin/../lib/gcc/arm-none-eabi/5.4.1/../../../../arm-none-eabi/lib/armv7-m\libg_nano.a(lib_a-sprintf.o)
 .debug_frame   0x00003770       0x90 c:/program files (x86)/cypress/psoc creator/4.1/psoc creator/import/gnu/arm/5.4.1/bin/../lib/gcc/arm-none-eabi/5.4.1/../../../../arm-none-eabi/lib/armv7-m\libg_nano.a(lib_a-nano-svfprintf.o)
 .debug_frame   0x00003800       0x60 c:/program files (x86)/cypress/psoc creator/4.1/psoc creator/import/gnu/arm/5.4.1/bin/../lib/gcc/arm-none-eabi/5.4.1/../../../../arm-none-eabi/lib/armv7-m\libg_nano.a(lib_a-nano-vfprintf_i.o)
 .debug_frame   0x00003860       0x28 c:/program files (x86)/cypress/psoc creator/4.1/psoc creator/import/gnu/arm/5.4.1/bin/../lib/gcc/arm-none-eabi/5.4.1/../../../../arm-none-eabi/lib/armv7-m\libg_nano.a(lib_a-memchr-stub.o)
 .debug_frame   0x00003888       0x28 c:/program files (x86)/cypress/psoc creator/4.1/psoc creator/import/gnu/arm/5.4.1/bin/../lib/gcc/arm-none-eabi/5.4.1/../../../../arm-none-eabi/lib/armv7-m\libg_nano.a(lib_a-memmove.o)
 .debug_frame   0x000038b0       0x38 c:/program files (x86)/cypress/psoc creator/4.1/psoc creator/import/gnu/arm/5.4.1/bin/../lib/gcc/arm-none-eabi/5.4.1/../../../../arm-none-eabi/lib/armv7-m\libg_nano.a(lib_a-nano-freer.o)
 .debug_frame   0x000038e8       0x2c c:/program files (x86)/cypress/psoc creator/4.1/psoc creator/import/gnu/arm/5.4.1/bin/../lib/gcc/arm-none-eabi/5.4.1/../../../../arm-none-eabi/lib/armv7-m\libg_nano.a(lib_a-nano-mallocr.o)
 .debug_frame   0x00003914       0x3c c:/program files (x86)/cypress/psoc creator/4.1/psoc creator/import/gnu/arm/5.4.1/bin/../lib/gcc/arm-none-eabi/5.4.1/../../../../arm-none-eabi/lib/armv7-m\libg_nano.a(lib_a-nano-reallocr.o)
 .debug_frame   0x00003950       0x2c c:/program files (x86)/cypress/psoc creator/4.1/psoc creator/import/gnu/arm/5.4.1/bin/../lib/gcc/arm-none-eabi/5.4.1/../../../../arm-none-eabi/lib/armv7-m\libg_nano.a(lib_a-sbrkr.o)
 .debug_frame   0x0000397c       0x30 c:/program files (x86)/cypress/psoc creator/4.1/psoc creator/import/gnu/arm/5.4.1/bin/../lib/gcc/arm-none-eabi/5.4.1/../../../../arm-none-eabi/lib/armv7-m\libg_nano.a(lib_a-mlock.o)
 .debug_frame   0x000039ac       0x20 c:/program files (x86)/cypress/psoc creator/4.1/psoc creator/import/gnu/arm/5.4.1/bin/../lib/gcc/arm-none-eabi/5.4.1/../../../../arm-none-eabi/lib/armv7-m\libg_nano.a(lib_a-nano-msizer.o)
 .debug_frame   0x000039cc       0x5c c:/program files (x86)/cypress/psoc creator/4.1/psoc creator/import/gnu/arm/5.4.1/bin/../lib/gcc/arm-none-eabi/5.4.1/../../../../arm-none-eabi/lib/armv7-m\libg_nano.a(lib_a-reent.o)

.debug_str      0x00000000     0x2f6f
 *(.debug_str)
 .debug_str     0x00000000      0x334 .\ARM_GCC_541\Debug\main.o
                                0x3ae (size before relaxing)
 .debug_str     0x00000334      0x213 .\ARM_GCC_541\Debug\cyfitter_cfg.o
                                0x3f7 (size before relaxing)
 .debug_str     0x00000547       0x7f .\ARM_GCC_541\Debug\cymetadata.o
                                0x233 (size before relaxing)
 .debug_str     0x000005c6      0x123 .\ARM_GCC_541\Debug\Cm3Start.o
                                0x326 (size before relaxing)
 .debug_str     0x000006e9      0x43e .\ARM_GCC_541\Debug\DTMF_TX.a(ADC_DelSig_1.o)
                                0x672 (size before relaxing)
 .debug_str     0x00000b27       0x72 .\ARM_GCC_541\Debug\DTMF_TX.a(ADC_DelSig_1_INT.o)
                                0x23c (size before relaxing)
 .debug_str     0x00000b99       0x9c .\ARM_GCC_541\Debug\DTMF_TX.a(ADC_DelSig_1_AMux.o)
                                0x25f (size before relaxing)
 .debug_str     0x00000c35      0x220 .\ARM_GCC_541\Debug\DTMF_TX.a(ADC_DelSig_1_Ext_CP_Clk.o)
                                0x3fd (size before relaxing)
 .debug_str     0x00000e55      0x208 .\ARM_GCC_541\Debug\DTMF_TX.a(ADC_DelSig_1_theACLK.o)
                                0x42e (size before relaxing)
 .debug_str     0x0000105d      0x367 .\ARM_GCC_541\Debug\DTMF_TX.a(CyDmac.o)
                                0x56c (size before relaxing)
 .debug_str     0x000013c4      0x7de .\ARM_GCC_541\Debug\DTMF_TX.a(CyLib.o)
                                0xa39 (size before relaxing)
 .debug_str     0x00001ba2      0x371 .\ARM_GCC_541\Debug\DTMF_TX.a(cyPm.o)
                                0x592 (size before relaxing)
 .debug_str     0x00001f13      0x2a1 .\ARM_GCC_541\Debug\DTMF_TX.a(UART_1.o)
                                0x4aa (size before relaxing)
 .debug_str     0x000021b4      0x177 .\ARM_GCC_541\Debug\DTMF_TX.a(UART_1_IntClock.o)
                                0x39d (size before relaxing)
 .debug_str     0x0000232b       0x6b .\ARM_GCC_541\Debug\DTMF_TX.a(HF_SW1.o)
                                0x236 (size before relaxing)
 .debug_str     0x00002396       0x60 .\ARM_GCC_541\Debug\DTMF_TX.a(LF_SW1.o)
                                0x236 (size before relaxing)
 .debug_str     0x000023f6      0x14a .\ARM_GCC_541\Debug\DTMF_TX.a(HF_DAC_1.o)
                                0x328 (size before relaxing)
 .debug_str     0x00002540      0x10d .\ARM_GCC_541\Debug\DTMF_TX.a(LF_DAC_1.o)
                                0x328 (size before relaxing)
 .debug_str     0x0000264d       0xc7 .\ARM_GCC_541\Debug\DTMF_TX.a(HF_DAC_1_Wave1_DMA_dma.o)
                                0x29e (size before relaxing)
 .debug_str     0x00002714       0x8c .\ARM_GCC_541\Debug\DTMF_TX.a(HF_DAC_1_Wave2_DMA_dma.o)
                                0x29e (size before relaxing)
 .debug_str     0x000027a0       0xfd .\ARM_GCC_541\Debug\DTMF_TX.a(HF_DAC_1_VDAC8.o)
                                0x2c8 (size before relaxing)
 .debug_str     0x0000289d       0x8c .\ARM_GCC_541\Debug\DTMF_TX.a(LF_DAC_1_Wave1_DMA_dma.o)
                                0x29e (size before relaxing)
 .debug_str     0x00002929       0x8c .\ARM_GCC_541\Debug\DTMF_TX.a(LF_DAC_1_Wave2_DMA_dma.o)
                                0x29e (size before relaxing)
 .debug_str     0x000029b5       0xf1 .\ARM_GCC_541\Debug\DTMF_TX.a(LF_DAC_1_VDAC8.o)
                                0x2c8 (size before relaxing)
 .debug_str     0x00002aa6      0x13b .\ARM_GCC_541\Debug\DTMF_TX.a(HF_DAC_CLK.o)
                                0x361 (size before relaxing)
 .debug_str     0x00002be1      0x13b .\ARM_GCC_541\Debug\DTMF_TX.a(LF_DAC_CLK.o)
                                0x361 (size before relaxing)
 .debug_str     0x00002d1c      0x145 .\ARM_GCC_541\Debug\DTMF_TX.a(CyFlash.o)
                                0x345 (size before relaxing)
 .debug_str     0x00002e61      0x10e .\ARM_GCC_541\Debug\DTMF_TX.a(CySpc.o)
                                0x342 (size before relaxing)

.debug_loc
 *(.debug_loc)

.debug_macinfo
 *(.debug_macinfo)

.debug_ranges   0x00000000      0xb58
 *(.debug_ranges)
 .debug_ranges  0x00000000       0x58 .\ARM_GCC_541\Debug\main.o
 .debug_ranges  0x00000058       0x60 .\ARM_GCC_541\Debug\cyfitter_cfg.o
 .debug_ranges  0x000000b8       0x38 .\ARM_GCC_541\Debug\Cm3Start.o
 .debug_ranges  0x000000f0       0xd8 .\ARM_GCC_541\Debug\DTMF_TX.a(ADC_DelSig_1.o)
 .debug_ranges  0x000001c8       0x28 .\ARM_GCC_541\Debug\DTMF_TX.a(ADC_DelSig_1_INT.o)
 .debug_ranges  0x000001f0       0x20 .\ARM_GCC_541\Debug\DTMF_TX.a(ADC_DelSig_1_AMux.o)
 .debug_ranges  0x00000210       0x60 .\ARM_GCC_541\Debug\DTMF_TX.a(ADC_DelSig_1_Ext_CP_Clk.o)
 .debug_ranges  0x00000270       0x70 .\ARM_GCC_541\Debug\DTMF_TX.a(ADC_DelSig_1_theACLK.o)
 .debug_ranges  0x000002e0       0xc8 .\ARM_GCC_541\Debug\DTMF_TX.a(CyDmac.o)
 .debug_ranges  0x000003a8      0x290 .\ARM_GCC_541\Debug\DTMF_TX.a(CyLib.o)
 .debug_ranges  0x00000638       0x88 .\ARM_GCC_541\Debug\DTMF_TX.a(cyPm.o)
 .debug_ranges  0x000006c0       0xe0 .\ARM_GCC_541\Debug\DTMF_TX.a(UART_1.o)
 .debug_ranges  0x000007a0       0x60 .\ARM_GCC_541\Debug\DTMF_TX.a(UART_1_IntClock.o)
 .debug_ranges  0x00000800       0x28 .\ARM_GCC_541\Debug\DTMF_TX.a(HF_SW1.o)
 .debug_ranges  0x00000828       0x28 .\ARM_GCC_541\Debug\DTMF_TX.a(LF_SW1.o)
 .debug_ranges  0x00000850       0x40 .\ARM_GCC_541\Debug\DTMF_TX.a(HF_DAC_1.o)
 .debug_ranges  0x00000890       0x40 .\ARM_GCC_541\Debug\DTMF_TX.a(LF_DAC_1.o)
 .debug_ranges  0x000008d0       0x18 .\ARM_GCC_541\Debug\DTMF_TX.a(HF_DAC_1_Wave1_DMA_dma.o)
 .debug_ranges  0x000008e8       0x18 .\ARM_GCC_541\Debug\DTMF_TX.a(HF_DAC_1_Wave2_DMA_dma.o)
 .debug_ranges  0x00000900       0x48 .\ARM_GCC_541\Debug\DTMF_TX.a(HF_DAC_1_VDAC8.o)
 .debug_ranges  0x00000948       0x18 .\ARM_GCC_541\Debug\DTMF_TX.a(LF_DAC_1_Wave1_DMA_dma.o)
 .debug_ranges  0x00000960       0x18 .\ARM_GCC_541\Debug\DTMF_TX.a(LF_DAC_1_Wave2_DMA_dma.o)
 .debug_ranges  0x00000978       0x48 .\ARM_GCC_541\Debug\DTMF_TX.a(LF_DAC_1_VDAC8.o)
 .debug_ranges  0x000009c0       0x60 .\ARM_GCC_541\Debug\DTMF_TX.a(HF_DAC_CLK.o)
 .debug_ranges  0x00000a20       0x60 .\ARM_GCC_541\Debug\DTMF_TX.a(LF_DAC_CLK.o)
 .debug_ranges  0x00000a80       0x70 .\ARM_GCC_541\Debug\DTMF_TX.a(CyFlash.o)
 .debug_ranges  0x00000af0       0x68 .\ARM_GCC_541\Debug\DTMF_TX.a(CySpc.o)

.comment        0x00000000       0x6e
 .comment       0x00000000       0x6e .\ARM_GCC_541\Debug\main.o
                                 0x6f (size before relaxing)
 .comment       0x0000006e       0x6f .\ARM_GCC_541\Debug\cyfitter_cfg.o
 .comment       0x0000006e       0x6f .\ARM_GCC_541\Debug\cymetadata.o
 .comment       0x0000006e       0x6f .\ARM_GCC_541\Debug\Cm3Start.o
 .comment       0x0000006e       0x6f .\ARM_GCC_541\Debug\DTMF_TX.a(ADC_DelSig_1.o)
 .comment       0x0000006e       0x6f .\ARM_GCC_541\Debug\DTMF_TX.a(ADC_DelSig_1_INT.o)
 .comment       0x0000006e       0x6f .\ARM_GCC_541\Debug\DTMF_TX.a(ADC_DelSig_1_AMux.o)
 .comment       0x0000006e       0x6f .\ARM_GCC_541\Debug\DTMF_TX.a(ADC_DelSig_1_Ext_CP_Clk.o)
 .comment       0x0000006e       0x6f .\ARM_GCC_541\Debug\DTMF_TX.a(ADC_DelSig_1_theACLK.o)
 .comment       0x0000006e       0x6f .\ARM_GCC_541\Debug\DTMF_TX.a(CyDmac.o)
 .comment       0x0000006e       0x6f .\ARM_GCC_541\Debug\DTMF_TX.a(CyLib.o)
 .comment       0x0000006e       0x6f .\ARM_GCC_541\Debug\DTMF_TX.a(cyPm.o)
 .comment       0x0000006e       0x6f .\ARM_GCC_541\Debug\DTMF_TX.a(UART_1.o)
 .comment       0x0000006e       0x6f .\ARM_GCC_541\Debug\DTMF_TX.a(UART_1_IntClock.o)
 .comment       0x0000006e       0x6f .\ARM_GCC_541\Debug\DTMF_TX.a(HF_SW1.o)
 .comment       0x0000006e       0x6f .\ARM_GCC_541\Debug\DTMF_TX.a(LF_SW1.o)
 .comment       0x0000006e       0x6f .\ARM_GCC_541\Debug\DTMF_TX.a(HF_DAC_1.o)
 .comment       0x0000006e       0x6f .\ARM_GCC_541\Debug\DTMF_TX.a(LF_DAC_1.o)
 .comment       0x0000006e       0x6f .\ARM_GCC_541\Debug\DTMF_TX.a(HF_DAC_1_Wave1_DMA_dma.o)
 .comment       0x0000006e       0x6f .\ARM_GCC_541\Debug\DTMF_TX.a(HF_DAC_1_Wave2_DMA_dma.o)
 .comment       0x0000006e       0x6f .\ARM_GCC_541\Debug\DTMF_TX.a(HF_DAC_1_VDAC8.o)
 .comment       0x0000006e       0x6f .\ARM_GCC_541\Debug\DTMF_TX.a(LF_DAC_1_Wave1_DMA_dma.o)
 .comment       0x0000006e       0x6f .\ARM_GCC_541\Debug\DTMF_TX.a(LF_DAC_1_Wave2_DMA_dma.o)
 .comment       0x0000006e       0x6f .\ARM_GCC_541\Debug\DTMF_TX.a(LF_DAC_1_VDAC8.o)
 .comment       0x0000006e       0x6f .\ARM_GCC_541\Debug\DTMF_TX.a(HF_DAC_CLK.o)
 .comment       0x0000006e       0x6f .\ARM_GCC_541\Debug\DTMF_TX.a(LF_DAC_CLK.o)
 .comment       0x0000006e       0x6f .\ARM_GCC_541\Debug\DTMF_TX.a(CyFlash.o)
 .comment       0x0000006e       0x6f .\ARM_GCC_541\Debug\DTMF_TX.a(CySpc.o)

.debug_weaknames
 *(.debug_weaknames)

.debug_funcnames
 *(.debug_funcnames)

.debug_typenames
 *(.debug_typenames)

.debug_varnames
 *(.debug_varnames)

.note.gnu.arm.ident
 *(.note.gnu.arm.ident)

.ARM.attributes
                0x00000000       0x29
 *(.ARM.attributes)
 .ARM.attributes
                0x00000000       0x1d c:/program files (x86)/cypress/psoc creator/4.1/psoc creator/import/gnu/arm/5.4.1/bin/../lib/gcc/arm-none-eabi/5.4.1/armv7-m/crti.o
 .ARM.attributes
                0x0000001d       0x2d c:/program files (x86)/cypress/psoc creator/4.1/psoc creator/import/gnu/arm/5.4.1/bin/../lib/gcc/arm-none-eabi/5.4.1/armv7-m/crtbegin.o
 .ARM.attributes
                0x0000004a       0x1b c:/program files (x86)/cypress/psoc creator/4.1/psoc creator/import/gnu/arm/5.4.1/bin/../lib/gcc/arm-none-eabi/5.4.1/../../../../arm-none-eabi/lib/armv7-m/crt0.o
 .ARM.attributes
                0x00000065       0x33 .\ARM_GCC_541\Debug\main.o
 .ARM.attributes
                0x00000098       0x33 .\ARM_GCC_541\Debug\cyfitter_cfg.o
 .ARM.attributes
                0x000000cb       0x33 .\ARM_GCC_541\Debug\cymetadata.o
 .ARM.attributes
                0x000000fe       0x33 .\ARM_GCC_541\Debug\Cm3Start.o
 .ARM.attributes
                0x00000131       0x33 .\ARM_GCC_541\Debug\DTMF_TX.a(ADC_DelSig_1.o)
 .ARM.attributes
                0x00000164       0x33 .\ARM_GCC_541\Debug\DTMF_TX.a(ADC_DelSig_1_INT.o)
 .ARM.attributes
                0x00000197       0x33 .\ARM_GCC_541\Debug\DTMF_TX.a(ADC_DelSig_1_AMux.o)
 .ARM.attributes
                0x000001ca       0x33 .\ARM_GCC_541\Debug\DTMF_TX.a(ADC_DelSig_1_Ext_CP_Clk.o)
 .ARM.attributes
                0x000001fd       0x33 .\ARM_GCC_541\Debug\DTMF_TX.a(ADC_DelSig_1_theACLK.o)
 .ARM.attributes
                0x00000230       0x33 .\ARM_GCC_541\Debug\DTMF_TX.a(CyDmac.o)
 .ARM.attributes
                0x00000263       0x33 .\ARM_GCC_541\Debug\DTMF_TX.a(CyLib.o)
 .ARM.attributes
                0x00000296       0x33 .\ARM_GCC_541\Debug\DTMF_TX.a(cyPm.o)
 .ARM.attributes
                0x000002c9       0x33 .\ARM_GCC_541\Debug\DTMF_TX.a(UART_1.o)
 .ARM.attributes
                0x000002fc       0x33 .\ARM_GCC_541\Debug\DTMF_TX.a(UART_1_IntClock.o)
 .ARM.attributes
                0x0000032f       0x33 .\ARM_GCC_541\Debug\DTMF_TX.a(HF_SW1.o)
 .ARM.attributes
                0x00000362       0x33 .\ARM_GCC_541\Debug\DTMF_TX.a(LF_SW1.o)
 .ARM.attributes
                0x00000395       0x33 .\ARM_GCC_541\Debug\DTMF_TX.a(HF_DAC_1.o)
 .ARM.attributes
                0x000003c8       0x33 .\ARM_GCC_541\Debug\DTMF_TX.a(LF_DAC_1.o)
 .ARM.attributes
                0x000003fb       0x33 .\ARM_GCC_541\Debug\DTMF_TX.a(HF_DAC_1_Wave1_DMA_dma.o)
 .ARM.attributes
                0x0000042e       0x33 .\ARM_GCC_541\Debug\DTMF_TX.a(HF_DAC_1_Wave2_DMA_dma.o)
 .ARM.attributes
                0x00000461       0x33 .\ARM_GCC_541\Debug\DTMF_TX.a(HF_DAC_1_VDAC8.o)
 .ARM.attributes
                0x00000494       0x33 .\ARM_GCC_541\Debug\DTMF_TX.a(LF_DAC_1_Wave1_DMA_dma.o)
 .ARM.attributes
                0x000004c7       0x33 .\ARM_GCC_541\Debug\DTMF_TX.a(LF_DAC_1_Wave2_DMA_dma.o)
 .ARM.attributes
                0x000004fa       0x33 .\ARM_GCC_541\Debug\DTMF_TX.a(LF_DAC_1_VDAC8.o)
 .ARM.attributes
                0x0000052d       0x33 .\ARM_GCC_541\Debug\DTMF_TX.a(HF_DAC_CLK.o)
 .ARM.attributes
                0x00000560       0x33 .\ARM_GCC_541\Debug\DTMF_TX.a(LF_DAC_CLK.o)
 .ARM.attributes
                0x00000593       0x21 .\ARM_GCC_541\Debug\DTMF_TX.a(CyBootAsmGnu.o)
 .ARM.attributes
                0x000005b4       0x33 .\ARM_GCC_541\Debug\DTMF_TX.a(CyFlash.o)
 .ARM.attributes
                0x000005e7       0x33 .\ARM_GCC_541\Debug\DTMF_TX.a(CySpc.o)
 .ARM.attributes
                0x0000061a       0x2d c:/program files (x86)/cypress/psoc creator/4.1/psoc creator/import/gnu/arm/5.4.1/bin/../lib/gcc/arm-none-eabi/5.4.1/../../../../arm-none-eabi/lib/armv7-m\libm.a(lib_a-s_cos.o)
 .ARM.attributes
                0x00000647       0x2d c:/program files (x86)/cypress/psoc creator/4.1/psoc creator/import/gnu/arm/5.4.1/bin/../lib/gcc/arm-none-eabi/5.4.1/../../../../arm-none-eabi/lib/armv7-m\libm.a(lib_a-s_sin.o)
 .ARM.attributes
                0x00000674       0x2d c:/program files (x86)/cypress/psoc creator/4.1/psoc creator/import/gnu/arm/5.4.1/bin/../lib/gcc/arm-none-eabi/5.4.1/../../../../arm-none-eabi/lib/armv7-m\libm.a(lib_a-w_sqrt.o)
 .ARM.attributes
                0x000006a1       0x2d c:/program files (x86)/cypress/psoc creator/4.1/psoc creator/import/gnu/arm/5.4.1/bin/../lib/gcc/arm-none-eabi/5.4.1/../../../../arm-none-eabi/lib/armv7-m\libm.a(lib_a-e_rem_pio2.o)
 .ARM.attributes
                0x000006ce       0x2d c:/program files (x86)/cypress/psoc creator/4.1/psoc creator/import/gnu/arm/5.4.1/bin/../lib/gcc/arm-none-eabi/5.4.1/../../../../arm-none-eabi/lib/armv7-m\libm.a(lib_a-e_sqrt.o)
 .ARM.attributes
                0x000006fb       0x2d c:/program files (x86)/cypress/psoc creator/4.1/psoc creator/import/gnu/arm/5.4.1/bin/../lib/gcc/arm-none-eabi/5.4.1/../../../../arm-none-eabi/lib/armv7-m\libm.a(lib_a-k_cos.o)
 .ARM.attributes
                0x00000728       0x2d c:/program files (x86)/cypress/psoc creator/4.1/psoc creator/import/gnu/arm/5.4.1/bin/../lib/gcc/arm-none-eabi/5.4.1/../../../../arm-none-eabi/lib/armv7-m\libm.a(lib_a-k_rem_pio2.o)
 .ARM.attributes
                0x00000755       0x2d c:/program files (x86)/cypress/psoc creator/4.1/psoc creator/import/gnu/arm/5.4.1/bin/../lib/gcc/arm-none-eabi/5.4.1/../../../../arm-none-eabi/lib/armv7-m\libm.a(lib_a-k_sin.o)
 .ARM.attributes
                0x00000782       0x2d c:/program files (x86)/cypress/psoc creator/4.1/psoc creator/import/gnu/arm/5.4.1/bin/../lib/gcc/arm-none-eabi/5.4.1/../../../../arm-none-eabi/lib/armv7-m\libm.a(lib_a-s_fabs.o)
 .ARM.attributes
                0x000007af       0x2d c:/program files (x86)/cypress/psoc creator/4.1/psoc creator/import/gnu/arm/5.4.1/bin/../lib/gcc/arm-none-eabi/5.4.1/../../../../arm-none-eabi/lib/armv7-m\libm.a(lib_a-s_floor.o)
 .ARM.attributes
                0x000007dc       0x2d c:/program files (x86)/cypress/psoc creator/4.1/psoc creator/import/gnu/arm/5.4.1/bin/../lib/gcc/arm-none-eabi/5.4.1/../../../../arm-none-eabi/lib/armv7-m\libm.a(lib_a-s_lib_ver.o)
 .ARM.attributes
                0x00000809       0x2d c:/program files (x86)/cypress/psoc creator/4.1/psoc creator/import/gnu/arm/5.4.1/bin/../lib/gcc/arm-none-eabi/5.4.1/../../../../arm-none-eabi/lib/armv7-m\libm.a(lib_a-s_matherr.o)
 .ARM.attributes
                0x00000836       0x2d c:/program files (x86)/cypress/psoc creator/4.1/psoc creator/import/gnu/arm/5.4.1/bin/../lib/gcc/arm-none-eabi/5.4.1/../../../../arm-none-eabi/lib/armv7-m\libm.a(lib_a-s_scalbn.o)
 .ARM.attributes
                0x00000863       0x2d c:/program files (x86)/cypress/psoc creator/4.1/psoc creator/import/gnu/arm/5.4.1/bin/../lib/gcc/arm-none-eabi/5.4.1/../../../../arm-none-eabi/lib/armv7-m\libm.a(lib_a-s_copysign.o)
 .ARM.attributes
                0x00000890       0x1d c:/program files (x86)/cypress/psoc creator/4.1/psoc creator/import/gnu/arm/5.4.1/bin/../lib/gcc/arm-none-eabi/5.4.1/armv7-m\libgcc.a(_arm_addsubdf3.o)
 .ARM.attributes
                0x000008ad       0x1d c:/program files (x86)/cypress/psoc creator/4.1/psoc creator/import/gnu/arm/5.4.1/bin/../lib/gcc/arm-none-eabi/5.4.1/armv7-m\libgcc.a(_arm_muldivdf3.o)
 .ARM.attributes
                0x000008ca       0x1d c:/program files (x86)/cypress/psoc creator/4.1/psoc creator/import/gnu/arm/5.4.1/bin/../lib/gcc/arm-none-eabi/5.4.1/armv7-m\libgcc.a(_arm_cmpdf2.o)
 .ARM.attributes
                0x000008e7       0x1d c:/program files (x86)/cypress/psoc creator/4.1/psoc creator/import/gnu/arm/5.4.1/bin/../lib/gcc/arm-none-eabi/5.4.1/armv7-m\libgcc.a(_arm_unorddf2.o)
 .ARM.attributes
                0x00000904       0x1d c:/program files (x86)/cypress/psoc creator/4.1/psoc creator/import/gnu/arm/5.4.1/bin/../lib/gcc/arm-none-eabi/5.4.1/armv7-m\libgcc.a(_arm_fixdfsi.o)
 .ARM.attributes
                0x00000921       0x1d c:/program files (x86)/cypress/psoc creator/4.1/psoc creator/import/gnu/arm/5.4.1/bin/../lib/gcc/arm-none-eabi/5.4.1/armv7-m\libgcc.a(_arm_addsubsf3.o)
 .ARM.attributes
                0x0000093e       0x1d c:/program files (x86)/cypress/psoc creator/4.1/psoc creator/import/gnu/arm/5.4.1/bin/../lib/gcc/arm-none-eabi/5.4.1/armv7-m\libgcc.a(_arm_muldivsf3.o)
 .ARM.attributes
                0x0000095b       0x1d c:/program files (x86)/cypress/psoc creator/4.1/psoc creator/import/gnu/arm/5.4.1/bin/../lib/gcc/arm-none-eabi/5.4.1/armv7-m\libgcc.a(_arm_fixunssfsi.o)
 .ARM.attributes
                0x00000978       0x2d c:/program files (x86)/cypress/psoc creator/4.1/psoc creator/import/gnu/arm/5.4.1/bin/../lib/gcc/arm-none-eabi/5.4.1/../../../../arm-none-eabi/lib/armv7-m\libg_nano.a(lib_a-errno.o)
 .ARM.attributes
                0x000009a5       0x2d c:/program files (x86)/cypress/psoc creator/4.1/psoc creator/import/gnu/arm/5.4.1/bin/../lib/gcc/arm-none-eabi/5.4.1/../../../../arm-none-eabi/lib/armv7-m\libg_nano.a(lib_a-exit.o)
 .ARM.attributes
                0x000009d2       0x2d c:/program files (x86)/cypress/psoc creator/4.1/psoc creator/import/gnu/arm/5.4.1/bin/../lib/gcc/arm-none-eabi/5.4.1/../../../../arm-none-eabi/lib/armv7-m\libg_nano.a(lib_a-impure.o)
 .ARM.attributes
                0x000009ff       0x2d c:/program files (x86)/cypress/psoc creator/4.1/psoc creator/import/gnu/arm/5.4.1/bin/../lib/gcc/arm-none-eabi/5.4.1/../../../../arm-none-eabi/lib/armv7-m\libg_nano.a(lib_a-init.o)
 .ARM.attributes
                0x00000a2c       0x2d c:/program files (x86)/cypress/psoc creator/4.1/psoc creator/import/gnu/arm/5.4.1/bin/../lib/gcc/arm-none-eabi/5.4.1/../../../../arm-none-eabi/lib/armv7-m\libg_nano.a(lib_a-memcpy-stub.o)
 .ARM.attributes
                0x00000a59       0x2d c:/program files (x86)/cypress/psoc creator/4.1/psoc creator/import/gnu/arm/5.4.1/bin/../lib/gcc/arm-none-eabi/5.4.1/../../../../arm-none-eabi/lib/armv7-m\libg_nano.a(lib_a-memset.o)
 .ARM.attributes
                0x00000a86       0x2d c:/program files (x86)/cypress/psoc creator/4.1/psoc creator/import/gnu/arm/5.4.1/bin/../lib/gcc/arm-none-eabi/5.4.1/../../../../arm-none-eabi/lib/armv7-m\libg_nano.a(lib_a-sprintf.o)
 .ARM.attributes
                0x00000ab3       0x2d c:/program files (x86)/cypress/psoc creator/4.1/psoc creator/import/gnu/arm/5.4.1/bin/../lib/gcc/arm-none-eabi/5.4.1/../../../../arm-none-eabi/lib/armv7-m\libg_nano.a(lib_a-nano-svfprintf.o)
 .ARM.attributes
                0x00000ae0       0x2d c:/program files (x86)/cypress/psoc creator/4.1/psoc creator/import/gnu/arm/5.4.1/bin/../lib/gcc/arm-none-eabi/5.4.1/../../../../arm-none-eabi/lib/armv7-m\libg_nano.a(lib_a-nano-vfprintf_i.o)
 .ARM.attributes
                0x00000b0d       0x2d c:/program files (x86)/cypress/psoc creator/4.1/psoc creator/import/gnu/arm/5.4.1/bin/../lib/gcc/arm-none-eabi/5.4.1/../../../../arm-none-eabi/lib/armv7-m\libg_nano.a(lib_a-memchr-stub.o)
 .ARM.attributes
                0x00000b3a       0x2d c:/program files (x86)/cypress/psoc creator/4.1/psoc creator/import/gnu/arm/5.4.1/bin/../lib/gcc/arm-none-eabi/5.4.1/../../../../arm-none-eabi/lib/armv7-m\libg_nano.a(lib_a-memmove.o)
 .ARM.attributes
                0x00000b67       0x2d c:/program files (x86)/cypress/psoc creator/4.1/psoc creator/import/gnu/arm/5.4.1/bin/../lib/gcc/arm-none-eabi/5.4.1/../../../../arm-none-eabi/lib/armv7-m\libg_nano.a(lib_a-nano-freer.o)
 .ARM.attributes
                0x00000b94       0x2d c:/program files (x86)/cypress/psoc creator/4.1/psoc creator/import/gnu/arm/5.4.1/bin/../lib/gcc/arm-none-eabi/5.4.1/../../../../arm-none-eabi/lib/armv7-m\libg_nano.a(lib_a-nano-mallocr.o)
 .ARM.attributes
                0x00000bc1       0x2d c:/program files (x86)/cypress/psoc creator/4.1/psoc creator/import/gnu/arm/5.4.1/bin/../lib/gcc/arm-none-eabi/5.4.1/../../../../arm-none-eabi/lib/armv7-m\libg_nano.a(lib_a-nano-reallocr.o)
 .ARM.attributes
                0x00000bee       0x2d c:/program files (x86)/cypress/psoc creator/4.1/psoc creator/import/gnu/arm/5.4.1/bin/../lib/gcc/arm-none-eabi/5.4.1/../../../../arm-none-eabi/lib/armv7-m\libg_nano.a(lib_a-sbrkr.o)
 .ARM.attributes
                0x00000c1b       0x2d c:/program files (x86)/cypress/psoc creator/4.1/psoc creator/import/gnu/arm/5.4.1/bin/../lib/gcc/arm-none-eabi/5.4.1/../../../../arm-none-eabi/lib/armv7-m\libg_nano.a(lib_a-mlock.o)
 .ARM.attributes
                0x00000c48       0x2d c:/program files (x86)/cypress/psoc creator/4.1/psoc creator/import/gnu/arm/5.4.1/bin/../lib/gcc/arm-none-eabi/5.4.1/../../../../arm-none-eabi/lib/armv7-m\libg_nano.a(lib_a-nano-msizer.o)
 .ARM.attributes
                0x00000c75       0x2d c:/program files (x86)/cypress/psoc creator/4.1/psoc creator/import/gnu/arm/5.4.1/bin/../lib/gcc/arm-none-eabi/5.4.1/../../../../arm-none-eabi/lib/armv7-m\libg_nano.a(lib_a-reent.o)
 .ARM.attributes
                0x00000ca2       0x2d c:/program files (x86)/cypress/psoc creator/4.1/psoc creator/import/gnu/arm/5.4.1/bin/../lib/gcc/arm-none-eabi/5.4.1/armv7-m/crtend.o
 .ARM.attributes
                0x00000ccf       0x1d c:/program files (x86)/cypress/psoc creator/4.1/psoc creator/import/gnu/arm/5.4.1/bin/../lib/gcc/arm-none-eabi/5.4.1/armv7-m/crtn.o

/DISCARD/
 *(.note.GNU-stack)
OUTPUT(C:\Users\riveraes\Documents\LaptopPublic\Maestria\MP6157_Adquisicion y procesamiento de datos\DualToneMultiFrequency\DTMF_Projects\DTMF_TX.cydsn\ARM_GCC_541\Debug\DTMF_TX.elf elf32-littlearm)
