Archive member included to satisfy reference by file (symbol)

.\ARM_GCC_541\Debug\DTMF_RX.a(ADC_DelSig_1.o)
                              .\ARM_GCC_541\Debug\main.o (ADC_DelSig_1_Start)
.\ARM_GCC_541\Debug\DTMF_RX.a(ADC_DelSig_1_INT.o)
                              .\ARM_GCC_541\Debug\DTMF_RX.a(ADC_DelSig_1.o) (ADC_DelSig_1_ISR1)
.\ARM_GCC_541\Debug\DTMF_RX.a(ADC_DelSig_1_Ext_CP_Clk.o)
                              .\ARM_GCC_541\Debug\DTMF_RX.a(ADC_DelSig_1.o) (ADC_DelSig_1_Ext_CP_Clk_SetDividerRegister)
.\ARM_GCC_541\Debug\DTMF_RX.a(ADC_DelSig_1_theACLK.o)
                              .\ARM_GCC_541\Debug\DTMF_RX.a(ADC_DelSig_1.o) (ADC_DelSig_1_theACLK_SetDividerRegister)
.\ARM_GCC_541\Debug\DTMF_RX.a(CyDmac.o)
                              .\ARM_GCC_541\Debug\Cm3Start.o (CyDmacConfigure)
.\ARM_GCC_541\Debug\DTMF_RX.a(CyLib.o)
                              .\ARM_GCC_541\Debug\Cm3Start.o (CyResetStatus)
.\ARM_GCC_541\Debug\DTMF_RX.a(cyPm.o)
                              .\ARM_GCC_541\Debug\DTMF_RX.a(CyLib.o) (CyPmReadStatus)
.\ARM_GCC_541\Debug\DTMF_RX.a(UART_1.o)
                              .\ARM_GCC_541\Debug\main.o (UART_1_Start)
.\ARM_GCC_541\Debug\DTMF_RX.a(UART_1_IntClock.o)
                              .\ARM_GCC_541\Debug\DTMF_RX.a(UART_1.o) (UART_1_IntClock_Start)
.\ARM_GCC_541\Debug\DTMF_RX.a(HF_SW1.o)
                              .\ARM_GCC_541\Debug\main.o (HF_SW1_Write)
.\ARM_GCC_541\Debug\DTMF_RX.a(LF_SW1.o)
                              .\ARM_GCC_541\Debug\main.o (LF_SW1_Write)
.\ARM_GCC_541\Debug\DTMF_RX.a(HF_DAC_1.o)
                              .\ARM_GCC_541\Debug\main.o (HF_DAC_1_Start)
.\ARM_GCC_541\Debug\DTMF_RX.a(LF_DAC_1.o)
                              .\ARM_GCC_541\Debug\main.o (LF_DAC_1_Start)
.\ARM_GCC_541\Debug\DTMF_RX.a(HF_DAC_1_Wave1_DMA_dma.o)
                              .\ARM_GCC_541\Debug\DTMF_RX.a(HF_DAC_1.o) (HF_DAC_1_Wave1_DMA_DmaInitialize)
.\ARM_GCC_541\Debug\DTMF_RX.a(HF_DAC_1_Wave2_DMA_dma.o)
                              .\ARM_GCC_541\Debug\DTMF_RX.a(HF_DAC_1.o) (HF_DAC_1_Wave2_DMA_DmaInitialize)
.\ARM_GCC_541\Debug\DTMF_RX.a(HF_DAC_1_VDAC8.o)
                              .\ARM_GCC_541\Debug\DTMF_RX.a(HF_DAC_1.o) (HF_DAC_1_VDAC8_Init)
.\ARM_GCC_541\Debug\DTMF_RX.a(LF_DAC_1_Wave1_DMA_dma.o)
                              .\ARM_GCC_541\Debug\DTMF_RX.a(LF_DAC_1.o) (LF_DAC_1_Wave1_DMA_DmaInitialize)
.\ARM_GCC_541\Debug\DTMF_RX.a(LF_DAC_1_Wave2_DMA_dma.o)
                              .\ARM_GCC_541\Debug\DTMF_RX.a(LF_DAC_1.o) (LF_DAC_1_Wave2_DMA_DmaInitialize)
.\ARM_GCC_541\Debug\DTMF_RX.a(LF_DAC_1_VDAC8.o)
                              .\ARM_GCC_541\Debug\DTMF_RX.a(LF_DAC_1.o) (LF_DAC_1_VDAC8_Init)
.\ARM_GCC_541\Debug\DTMF_RX.a(HF_DAC_CLK.o)
                              .\ARM_GCC_541\Debug\main.o (HF_DAC_CLK_SetDividerRegister)
.\ARM_GCC_541\Debug\DTMF_RX.a(LF_DAC_CLK.o)
                              .\ARM_GCC_541\Debug\main.o (LF_DAC_CLK_SetDividerRegister)
.\ARM_GCC_541\Debug\DTMF_RX.a(CyBootAsmGnu.o)
                              .\ARM_GCC_541\Debug\cyfitter_cfg.o (CyDelayCycles)
.\ARM_GCC_541\Debug\DTMF_RX.a(CyFlash.o)
                              .\ARM_GCC_541\Debug\DTMF_RX.a(cyPm.o) (CyFlash_SetWaitCycles)
.\ARM_GCC_541\Debug\DTMF_RX.a(CySpc.o)
                              .\ARM_GCC_541\Debug\DTMF_RX.a(CyFlash.o) (CySpcStart)
c:/program files (x86)/cypress/psoc creator/4.1/psoc creator/import/gnu/arm/5.4.1/bin/../lib/gcc/arm-none-eabi/5.4.1/../../../../arm-none-eabi/lib/armv7-m\libm.a(lib_a-s_cos.o)
                              .\ARM_GCC_541\Debug\main.o (cos)
c:/program files (x86)/cypress/psoc creator/4.1/psoc creator/import/gnu/arm/5.4.1/bin/../lib/gcc/arm-none-eabi/5.4.1/../../../../arm-none-eabi/lib/armv7-m\libm.a(lib_a-s_sin.o)
                              .\ARM_GCC_541\Debug\main.o (sin)
c:/program files (x86)/cypress/psoc creator/4.1/psoc creator/import/gnu/arm/5.4.1/bin/../lib/gcc/arm-none-eabi/5.4.1/../../../../arm-none-eabi/lib/armv7-m\libm.a(lib_a-w_sqrt.o)
                              .\ARM_GCC_541\Debug\main.o (sqrt)
c:/program files (x86)/cypress/psoc creator/4.1/psoc creator/import/gnu/arm/5.4.1/bin/../lib/gcc/arm-none-eabi/5.4.1/../../../../arm-none-eabi/lib/armv7-m\libm.a(lib_a-e_rem_pio2.o)
                              c:/program files (x86)/cypress/psoc creator/4.1/psoc creator/import/gnu/arm/5.4.1/bin/../lib/gcc/arm-none-eabi/5.4.1/../../../../arm-none-eabi/lib/armv7-m\libm.a(lib_a-s_cos.o) (__ieee754_rem_pio2)
c:/program files (x86)/cypress/psoc creator/4.1/psoc creator/import/gnu/arm/5.4.1/bin/../lib/gcc/arm-none-eabi/5.4.1/../../../../arm-none-eabi/lib/armv7-m\libm.a(lib_a-e_sqrt.o)
                              c:/program files (x86)/cypress/psoc creator/4.1/psoc creator/import/gnu/arm/5.4.1/bin/../lib/gcc/arm-none-eabi/5.4.1/../../../../arm-none-eabi/lib/armv7-m\libm.a(lib_a-w_sqrt.o) (__ieee754_sqrt)
[...]
Memory Configuration

Name             Origin             Length             Attributes
rom              0x00000000         0x00040000         xr
ram              0x1fff8000         0x00010000         xrw
*default*        0x00000000         0xffffffff

Linker script and memory map

LOAD c:/program files (x86)/cypress/psoc creator/4.1/psoc creator/import/gnu/arm/5.4.1/bin/../lib/gcc/arm-none-eabi/5.4.1/armv7-m/crti.o
LOAD c:/program files (x86)/cypress/psoc creator/4.1/psoc creator/import/gnu/arm/5.4.1/bin/../lib/gcc/arm-none-eabi/5.4.1/armv7-m/crtbegin.o
LOAD c:/program files (x86)/cypress/psoc creator/4.1/psoc creator/import/gnu/arm/5.4.1/bin/../lib/gcc/arm-none-eabi/5.4.1/../../../../arm-none-eabi/lib/armv7-m/crt0.o
START GROUP
LOAD .\ARM_GCC_541\Debug\main.o
LOAD .\ARM_GCC_541\Debug\cyfitter_cfg.o
LOAD .\ARM_GCC_541\Debug\cymetadata.o
LOAD .\ARM_GCC_541\Debug\Cm3Start.o
LOAD .\ARM_GCC_541\Debug\DTMF_RX.a
LOAD C:\Program Files (x86)\Cypress\PSoC Creator\4.1\PSoC Creator\psoc\content\cycomponentlibrary\CyComponentLibrary.cylib\CortexM3\ARM_GCC_541\Debug\CyComponentLibrary.a
LOAD c:/program files (x86)/cypress/psoc creator/4.1/psoc creator/import/gnu/arm/5.4.1/bin/../lib/gcc/arm-none-eabi/5.4.1/../../../../arm-none-eabi/lib/armv7-m\libm.a
END GROUP
START GROUP
LOAD c:/program files (x86)/cypress/psoc creator/4.1/psoc creator/import/gnu/arm/5.4.1/bin/../lib/gcc/arm-none-eabi/5.4.1/armv7-m\libgcc.a
LOAD c:/program files (x86)/cypress/psoc creator/4.1/psoc creator/import/gnu/arm/5.4.1/bin/../lib/gcc/arm-none-eabi/5.4.1/../../../../arm-none-eabi/lib/armv7-m\libg_nano.a
LOAD c:/program files (x86)/cypress/psoc creator/4.1/psoc creator/import/gnu/arm/5.4.1/bin/../lib/gcc/arm-none-eabi/5.4.1/../../../../arm-none-eabi/lib/armv7-m\libc_nano.a
END GROUP
START GROUP
LOAD c:/program files (x86)/cypress/psoc creator/4.1/psoc creator/import/gnu/arm/5.4.1/bin/../lib/gcc/arm-none-eabi/5.4.1/armv7-m\libgcc.a
LOAD c:/program files (x86)/cypress/psoc creator/4.1/psoc creator/import/gnu/arm/5.4.1/bin/../lib/gcc/arm-none-eabi/5.4.1/../../../../arm-none-eabi/lib/armv7-m\libc_nano.a
END GROUP
LOAD c:/program files (x86)/cypress/psoc creator/4.1/psoc creator/import/gnu/arm/5.4.1/bin/../lib/gcc/arm-none-eabi/5.4.1/armv7-m/crtend.o
LOAD c:/program files (x86)/cypress/psoc creator/4.1/psoc creator/import/gnu/arm/5.4.1/bin/../lib/gcc/arm-none-eabi/5.4.1/armv7-m/crtn.o
START GROUP
LOAD c:/program files (x86)/cypress/psoc creator/4.1/psoc creator/import/gnu/arm/5.4.1/bin/../lib/gcc/arm-none-eabi/5.4.1/armv7-m\libgcc.a
LOAD c:/program files (x86)/cypress/psoc creator/4.1/psoc creator/import/gnu/arm/5.4.1/bin/../lib/gcc/arm-none-eabi/5.4.1/../../../../arm-none-eabi/lib/armv7-m\libc.a
LOAD c:/program files (x86)/cypress/psoc creator/4.1/psoc creator/import/gnu/arm/5.4.1/bin/../lib/gcc/arm-none-eabi/5.4.1/../../../../arm-none-eabi/lib/armv7-m\libnosys.a
END GROUP
                0x00000000                CY_APPL_ORIGIN = 0x0
                0x00000100                CY_FLASH_ROW_SIZE = 0x100
                0x00000020                CY_ECC_ROW_SIZE = 0x20
                0x00000000                CY_EE_IN_BTLDR = 0x0
                0x00000000                CY_APPL_LOADABLE = 0x0
                0x00000800                CY_EE_SIZE = 0x800
                0x00000001                CY_APPL_NUM = 0x1
                0x00000001                CY_APPL_MAX = 0x1
                0x00000040                CY_METADATA_SIZE = 0x40
                0x00000000                CY_APPL_LOADABLE = 0x0
                0x00000000                CY_CHECKSUM_EXCLUDE_SIZE = ALIGN (0x0, CY_FLASH_ROW_SIZE)
                [!provide]                PROVIDE (__cy_heap_start, _end)
                0x00000001                PROVIDE (__cy_region_num, ((__cy_regions_end - __cy_regions) / 0x10))
                0x20008000                PROVIDE (__cy_stack, (ORIGIN (ram) + LENGTH (ram)))
                [!provide]                PROVIDE (__cy_heap_end, (__cy_stack - 0x800))

.cybootloader   0x00000000        0x0
 *(.cybootloader)
                0x00000000                appl1_start = CY_APPL_ORIGIN?CY_APPL_ORIGIN:ALIGN (CY_FLASH_ROW_SIZE)
                0x0001ff00                appl2_start = (appl1_start + ALIGN ((((LENGTH (rom) - appl1_start) - (0x2 * CY_FLASH_ROW_SIZE)) / 0x2), CY_FLASH_ROW_SIZE))
                0x00000000                appl_start = (CY_APPL_NUM == 0x1)?appl1_start:appl2_start
                0x00000000                ecc_offset = ((appl_start / CY_FLASH_ROW_SIZE) * CY_ECC_ROW_SIZE)
                0x00000000                ee_offset = (CY_APPL_LOADABLE && ! (CY_EE_IN_BTLDR))?((CY_EE_SIZE / CY_APPL_MAX) * (CY_APPL_NUM - 0x1)):0x0
                0x00000800                ee_size = (CY_APPL_LOADABLE && ! (CY_EE_IN_BTLDR))?(CY_EE_SIZE / CY_APPL_MAX):CY_EE_SIZE
                [!provide]                PROVIDE (CY_ECC_OFFSET, ecc_offset)

.text           0x00000000     0x54c4
 CREATE_OBJECT_SYMBOLS
                0x00000000                PROVIDE (__cy_interrupt_vector, RomVectors)
 *(.romvectors)
 .romvectors    0x00000000       0x10 .\ARM_GCC_541\Debug\Cm3Start.o
                0x00000000                RomVectors
                0x00000001                ASSERT ((. != __cy_interrupt_vector), No interrupt vector)
                0x00000001                ASSERT (CY_APPL_ORIGIN?(SIZEOF (.cybootloader) <= CY_APPL_ORIGIN):0x1, Wrong image location)
                0x00000010                PROVIDE (__cy_reset, Reset)
 *(.text.Reset)
 .text.Reset    0x00000010       0x18 .\ARM_GCC_541\Debug\Cm3Start.o
                0x00000010                Reset
                0x00000001                ASSERT ((. != __cy_reset), No reset code)
 *(.dma_init)
                0x00000001                ASSERT ((((appl_start + .) <= 0x10000) || 0x1), DMA Init must be within the first 64k of flash)
 *(.text .text.* .gnu.linkonce.t.*)
 .text          0x00000028       0x5c c:/program files (x86)/cypress/psoc creator/4.1/psoc creator/import/gnu/arm/5.4.1/bin/../lib/gcc/arm-none-eabi/5.4.1/armv7-m/crtbegin.o
 .text.main     0x00000084      0x3fc .\ARM_GCC_541\Debug\main.o
                0x00000084                main
 .text.SetHighFrequencyDacOutput
                0x00000480       0x60 .\ARM_GCC_541\Debug\main.o
                0x00000480                SetHighFrequencyDacOutput
 .text.SetLowFrequencyDacOutput
                0x000004e0       0x60 .\ARM_GCC_541\Debug\main.o
                0x000004e0                SetLowFrequencyDacOutput
 .text.InitSettings
                0x00000540       0x28 .\ARM_GCC_541\Debug\main.o
                0x00000540                InitSettings
 .text.DTMF     0x00000568      0x23c .\ARM_GCC_541\Debug\main.o
                0x00000568                DTMF
 *fill*         0x000007a4        0x4 
 .text.Goertzel
                0x000007a8      0x21c .\ARM_GCC_541\Debug\main.o
                0x000007a8                Goertzel
 .text.getMaxValue
                0x000009c4       0x64 .\ARM_GCC_541\Debug\main.o
                0x000009c4                getMaxValue
 .text.DecodeInput
                0x00000a28      0x1a0 .\ARM_GCC_541\Debug\main.o
                0x00000a28                DecodeInput
 .text.CYMEMZERO
                0x00000bc8       0x1c .\ARM_GCC_541\Debug\cyfitter_cfg.o
 .text.CYCONFIGCPY
                0x00000be4       0x20 .\ARM_GCC_541\Debug\cyfitter_cfg.o
 .text.CyClockStartupError
                0x00000c04        0xc .\ARM_GCC_541\Debug\cyfitter_cfg.o
 .text.cfg_write_bytes32
                0x00000c10       0x74 .\ARM_GCC_541\Debug\cyfitter_cfg.o
 .text.ClockSetup
                0x00000c84      0x184 .\ARM_GCC_541\Debug\cyfitter_cfg.o
 .text.AnalogSetDefault
                0x00000e08       0x8c .\ARM_GCC_541\Debug\cyfitter_cfg.o
 .text.cyfitter_cfg
                0x00000e94      0x1b8 .\ARM_GCC_541\Debug\cyfitter_cfg.o
                0x00000e94                cyfitter_cfg
 .text.IntDefaultHandler
                0x0000104c       0x14 .\ARM_GCC_541\Debug\Cm3Start.o
                0x0000104c                IntDefaultHandler
 .text._sbrk    0x00001060       0x50 .\ARM_GCC_541\Debug\Cm3Start.o
                0x00001060                _sbrk
 .text.Start_c  0x000010b0       0x98 .\ARM_GCC_541\Debug\Cm3Start.o
                0x000010b0                Start_c
 .text.initialize_psoc
                0x00001148       0x94 .\ARM_GCC_541\Debug\Cm3Start.o
                0x00001148                initialize_psoc
 .text.ADC_DelSig_1_Init
                0x000011dc      0x11c .\ARM_GCC_541\Debug\DTMF_RX.a(ADC_DelSig_1.o)
                0x000011dc                ADC_DelSig_1_Init
 .text.ADC_DelSig_1_Enable
                0x000012f8      0x158 .\ARM_GCC_541\Debug\DTMF_RX.a(ADC_DelSig_1.o)
                0x000012f8                ADC_DelSig_1_Enable
 .text.ADC_DelSig_1_Start
                0x00001450       0x30 .\ARM_GCC_541\Debug\DTMF_RX.a(ADC_DelSig_1.o)
                0x00001450                ADC_DelSig_1_Start
 .text.ADC_DelSig_1_StartConvert
                0x00001480       0x20 .\ARM_GCC_541\Debug\DTMF_RX.a(ADC_DelSig_1.o)
                0x00001480                ADC_DelSig_1_StartConvert
 .text.ADC_DelSig_1_IsEndConversion
                0x000014a0       0x4c .\ARM_GCC_541\Debug\DTMF_RX.a(ADC_DelSig_1.o)
                0x000014a0                ADC_DelSig_1_IsEndConversion
 .text.ADC_DelSig_1_GetResult16
                0x000014ec       0x7c .\ARM_GCC_541\Debug\DTMF_RX.a(ADC_DelSig_1.o)
                0x000014ec                ADC_DelSig_1_GetResult16
 .text.ADC_DelSig_1_InitConfig
                0x00001568      0x15c .\ARM_GCC_541\Debug\DTMF_RX.a(ADC_DelSig_1.o)
 .text.ADC_DelSig_1_GainCompensation
                0x000016c4      0x170 .\ARM_GCC_541\Debug\DTMF_RX.a(ADC_DelSig_1.o)
 .text.ADC_DelSig_1_SetDSMRef0Reg
                0x00001834       0x7c .\ARM_GCC_541\Debug\DTMF_RX.a(ADC_DelSig_1.o)
 .text.ADC_DelSig_1_ISR1
                0x000018b0        0xc .\ARM_GCC_541\Debug\DTMF_RX.a(ADC_DelSig_1_INT.o)
                0x000018b0                ADC_DelSig_1_ISR1
 .text.ADC_DelSig_1_Ext_CP_Clk_SetDividerRegister
                0x000018bc      0x164 .\ARM_GCC_541\Debug\DTMF_RX.a(ADC_DelSig_1_Ext_CP_Clk.o)
                0x000018bc                ADC_DelSig_1_Ext_CP_Clk_SetDividerRegister
 .text.ADC_DelSig_1_Ext_CP_Clk_GetDividerRegister
                0x00001a20       0x18 .\ARM_GCC_541\Debug\DTMF_RX.a(ADC_DelSig_1_Ext_CP_Clk.o)
                0x00001a20                ADC_DelSig_1_Ext_CP_Clk_GetDividerRegister
 .text.ADC_DelSig_1_Ext_CP_Clk_SetModeRegister
                0x00001a38       0x34 .\ARM_GCC_541\Debug\DTMF_RX.a(ADC_DelSig_1_Ext_CP_Clk.o)
                0x00001a38                ADC_DelSig_1_Ext_CP_Clk_SetModeRegister
 .text.ADC_DelSig_1_Ext_CP_Clk_GetSourceRegister
                0x00001a6c       0x1c .\ARM_GCC_541\Debug\DTMF_RX.a(ADC_DelSig_1_Ext_CP_Clk.o)
                0x00001a6c                ADC_DelSig_1_Ext_CP_Clk_GetSourceRegister
 .text.ADC_DelSig_1_theACLK_SetDividerRegister
                0x00001a88      0x164 .\ARM_GCC_541\Debug\DTMF_RX.a(ADC_DelSig_1_theACLK.o)
                0x00001a88                ADC_DelSig_1_theACLK_SetDividerRegister
 .text.ADC_DelSig_1_theACLK_GetDividerRegister
                0x00001bec       0x18 .\ARM_GCC_541\Debug\DTMF_RX.a(ADC_DelSig_1_theACLK.o)
                0x00001bec                ADC_DelSig_1_theACLK_GetDividerRegister
 .text.ADC_DelSig_1_theACLK_SetModeRegister
                0x00001c04       0x34 .\ARM_GCC_541\Debug\DTMF_RX.a(ADC_DelSig_1_theACLK.o)
                0x00001c04                ADC_DelSig_1_theACLK_SetModeRegister
 .text.ADC_DelSig_1_theACLK_GetSourceRegister
                0x00001c38       0x1c .\ARM_GCC_541\Debug\DTMF_RX.a(ADC_DelSig_1_theACLK.o)
                0x00001c38                ADC_DelSig_1_theACLK_GetSourceRegister
 .text.CyDmacConfigure
                0x00001c54       0x5c .\ARM_GCC_541\Debug\DTMF_RX.a(CyDmac.o)
                0x00001c54                CyDmacConfigure
 .text.CyDmaChEnable
                0x00001cb0       0x8c .\ARM_GCC_541\Debug\DTMF_RX.a(CyDmac.o)
                0x00001cb0                CyDmaChEnable
 .text.CyDmaChPriority
                0x00001d3c       0x64 .\ARM_GCC_541\Debug\DTMF_RX.a(CyDmac.o)
                0x00001d3c                CyDmaChPriority
 .text.CyDmaChSetExtendedAddress
                0x00001da0       0x78 .\ARM_GCC_541\Debug\DTMF_RX.a(CyDmac.o)
                0x00001da0                CyDmaChSetExtendedAddress
 .text.CyDmaChSetInitialTd
                0x00001e18       0x3c .\ARM_GCC_541\Debug\DTMF_RX.a(CyDmac.o)
                0x00001e18                CyDmaChSetInitialTd
 .text.CyDmaChSetConfiguration
                0x00001e54       0xa0 .\ARM_GCC_541\Debug\DTMF_RX.a(CyDmac.o)
                0x00001e54                CyDmaChSetConfiguration
 .text.CyDmaTdAllocate
                0x00001ef4       0x5c .\ARM_GCC_541\Debug\DTMF_RX.a(CyDmac.o)
                0x00001ef4                CyDmaTdAllocate
 .text.CyDmaTdSetConfiguration
                0x00001f50       0x80 .\ARM_GCC_541\Debug\DTMF_RX.a(CyDmac.o)
                0x00001f50                CyDmaTdSetConfiguration
 .text.CyDmaTdSetAddress
                0x00001fd0       0x5c .\ARM_GCC_541\Debug\DTMF_RX.a(CyDmac.o)
                0x00001fd0                CyDmaTdSetAddress
 .text.CyHalt   0x0000202c       0x18 .\ARM_GCC_541\Debug\DTMF_RX.a(CyLib.o)
                0x0000202c                CyHalt
 .text.CyDelayUs
                0x00002044       0x28 .\ARM_GCC_541\Debug\DTMF_RX.a(CyLib.o)
                0x00002044                CyDelayUs
 .text.CyIntSetVector
                0x0000206c       0x50 .\ARM_GCC_541\Debug\DTMF_RX.a(CyLib.o)
                0x0000206c                CyIntSetVector
 .text.CyIntSetPriority
                0x000020bc       0x48 .\ARM_GCC_541\Debug\DTMF_RX.a(CyLib.o)
                0x000020bc                CyIntSetPriority
 .text.UART_1_Start
                0x00002104       0x24 .\ARM_GCC_541\Debug\DTMF_RX.a(UART_1.o)
                0x00002104                UART_1_Start
 .text.UART_1_Init
                0x00002128       0x40 .\ARM_GCC_541\Debug\DTMF_RX.a(UART_1.o)
                0x00002128                UART_1_Init
 .text.UART_1_Enable
                0x00002168       0x60 .\ARM_GCC_541\Debug\DTMF_RX.a(UART_1.o)
                0x00002168                UART_1_Enable
 .text.UART_1_PutChar
                0x000021c8       0x34 .\ARM_GCC_541\Debug\DTMF_RX.a(UART_1.o)
                0x000021c8                UART_1_PutChar
 .text.UART_1_PutString
                0x000021fc       0x44 .\ARM_GCC_541\Debug\DTMF_RX.a(UART_1.o)
                0x000021fc                UART_1_PutString
 .text.UART_1_IntClock_Start
                0x00002240       0x34 .\ARM_GCC_541\Debug\DTMF_RX.a(UART_1_IntClock.o)
                0x00002240                UART_1_IntClock_Start
 .text.HF_SW1_Write
                0x00002274       0x3c .\ARM_GCC_541\Debug\DTMF_RX.a(HF_SW1.o)
                0x00002274                HF_SW1_Write
 .text.LF_SW1_Write
                0x000022b0       0x3c .\ARM_GCC_541\Debug\DTMF_RX.a(LF_SW1.o)
                0x000022b0                LF_SW1_Write
 .text.HF_DAC_1_Init
                0x000022ec       0x54 .\ARM_GCC_541\Debug\DTMF_RX.a(HF_DAC_1.o)
                0x000022ec                HF_DAC_1_Init
 .text.HF_DAC_1_Enable
                0x00002340       0x34 .\ARM_GCC_541\Debug\DTMF_RX.a(HF_DAC_1.o)
                0x00002340                HF_DAC_1_Enable
 .text.HF_DAC_1_Start
                0x00002374       0x24 .\ARM_GCC_541\Debug\DTMF_RX.a(HF_DAC_1.o)
                0x00002374                HF_DAC_1_Start
 .text.HF_DAC_1_Wave1Setup
                0x00002398       0x68 .\ARM_GCC_541\Debug\DTMF_RX.a(HF_DAC_1.o)
                0x00002398                HF_DAC_1_Wave1Setup
 .text.HF_DAC_1_Wave2Setup
                0x00002400       0x68 .\ARM_GCC_541\Debug\DTMF_RX.a(HF_DAC_1.o)
                0x00002400                HF_DAC_1_Wave2Setup
 .text.LF_DAC_1_Init
                0x00002468       0x50 .\ARM_GCC_541\Debug\DTMF_RX.a(LF_DAC_1.o)
                0x00002468                LF_DAC_1_Init
 .text.LF_DAC_1_Enable
                0x000024b8       0x34 .\ARM_GCC_541\Debug\DTMF_RX.a(LF_DAC_1.o)
                0x000024b8                LF_DAC_1_Enable
 .text.LF_DAC_1_Start
                0x000024ec       0x24 .\ARM_GCC_541\Debug\DTMF_RX.a(LF_DAC_1.o)
                0x000024ec                LF_DAC_1_Start
 .text.LF_DAC_1_Wave1Setup
                0x00002510       0x68 .\ARM_GCC_541\Debug\DTMF_RX.a(LF_DAC_1.o)
                0x00002510                LF_DAC_1_Wave1Setup
 .text.LF_DAC_1_Wave2Setup
                0x00002578       0x68 .\ARM_GCC_541\Debug\DTMF_RX.a(LF_DAC_1.o)
                0x00002578                LF_DAC_1_Wave2Setup
 .text.HF_DAC_1_Wave1_DMA_DmaInitialize
                0x000025e0       0x64 .\ARM_GCC_541\Debug\DTMF_RX.a(HF_DAC_1_Wave1_DMA_dma.o)
                0x000025e0                HF_DAC_1_Wave1_DMA_DmaInitialize
 .text.HF_DAC_1_Wave2_DMA_DmaInitialize
                0x00002644       0x64 .\ARM_GCC_541\Debug\DTMF_RX.a(HF_DAC_1_Wave2_DMA_dma.o)
                0x00002644                HF_DAC_1_Wave2_DMA_DmaInitialize
 .text.HF_DAC_1_VDAC8_Init
                0x000026a8       0x3c .\ARM_GCC_541\Debug\DTMF_RX.a(HF_DAC_1_VDAC8.o)
                0x000026a8                HF_DAC_1_VDAC8_Init
 .text.HF_DAC_1_VDAC8_Enable
                0x000026e4       0x34 .\ARM_GCC_541\Debug\DTMF_RX.a(HF_DAC_1_VDAC8.o)
                0x000026e4                HF_DAC_1_VDAC8_Enable
 .text.HF_DAC_1_VDAC8_SetSpeed
                0x00002718       0x40 .\ARM_GCC_541\Debug\DTMF_RX.a(HF_DAC_1_VDAC8.o)
                0x00002718                HF_DAC_1_VDAC8_SetSpeed
 .text.HF_DAC_1_VDAC8_SetRange
                0x00002758       0x40 .\ARM_GCC_541\Debug\DTMF_RX.a(HF_DAC_1_VDAC8.o)
                0x00002758                HF_DAC_1_VDAC8_SetRange
 .text.HF_DAC_1_VDAC8_SetValue
                0x00002798       0x20 .\ARM_GCC_541\Debug\DTMF_RX.a(HF_DAC_1_VDAC8.o)
                0x00002798                HF_DAC_1_VDAC8_SetValue
 .text.HF_DAC_1_VDAC8_DacTrim
                0x000027b8       0x3c .\ARM_GCC_541\Debug\DTMF_RX.a(HF_DAC_1_VDAC8.o)
                0x000027b8                HF_DAC_1_VDAC8_DacTrim
 .text.LF_DAC_1_Wave1_DMA_DmaInitialize
                0x000027f4       0x64 .\ARM_GCC_541\Debug\DTMF_RX.a(LF_DAC_1_Wave1_DMA_dma.o)
                0x000027f4                LF_DAC_1_Wave1_DMA_DmaInitialize
 .text.LF_DAC_1_Wave2_DMA_DmaInitialize
                0x00002858       0x64 .\ARM_GCC_541\Debug\DTMF_RX.a(LF_DAC_1_Wave2_DMA_dma.o)
                0x00002858                LF_DAC_1_Wave2_DMA_DmaInitialize
 .text.LF_DAC_1_VDAC8_Init
                0x000028bc       0x3c .\ARM_GCC_541\Debug\DTMF_RX.a(LF_DAC_1_VDAC8.o)
                0x000028bc                LF_DAC_1_VDAC8_Init
 .text.LF_DAC_1_VDAC8_Enable
                0x000028f8       0x34 .\ARM_GCC_541\Debug\DTMF_RX.a(LF_DAC_1_VDAC8.o)
                0x000028f8                LF_DAC_1_VDAC8_Enable
 .text.LF_DAC_1_VDAC8_SetSpeed
                0x0000292c       0x40 .\ARM_GCC_541\Debug\DTMF_RX.a(LF_DAC_1_VDAC8.o)
                0x0000292c                LF_DAC_1_VDAC8_SetSpeed
 .text.LF_DAC_1_VDAC8_SetRange
                0x0000296c       0x40 .\ARM_GCC_541\Debug\DTMF_RX.a(LF_DAC_1_VDAC8.o)
                0x0000296c                LF_DAC_1_VDAC8_SetRange
 .text.LF_DAC_1_VDAC8_SetValue
                0x000029ac       0x20 .\ARM_GCC_541\Debug\DTMF_RX.a(LF_DAC_1_VDAC8.o)
                0x000029ac                LF_DAC_1_VDAC8_SetValue
 .text.LF_DAC_1_VDAC8_DacTrim
                0x000029cc       0x3c .\ARM_GCC_541\Debug\DTMF_RX.a(LF_DAC_1_VDAC8.o)
                0x000029cc                LF_DAC_1_VDAC8_DacTrim
 .text.HF_DAC_CLK_SetDividerRegister
                0x00002a08      0x164 .\ARM_GCC_541\Debug\DTMF_RX.a(HF_DAC_CLK.o)
                0x00002a08                HF_DAC_CLK_SetDividerRegister
 .text.HF_DAC_CLK_GetDividerRegister
                0x00002b6c       0x18 .\ARM_GCC_541\Debug\DTMF_RX.a(HF_DAC_CLK.o)
                0x00002b6c                HF_DAC_CLK_GetDividerRegister
 .text.HF_DAC_CLK_GetSourceRegister
                0x00002b84       0x1c .\ARM_GCC_541\Debug\DTMF_RX.a(HF_DAC_CLK.o)
                0x00002b84                HF_DAC_CLK_GetSourceRegister
 .text.LF_DAC_CLK_SetDividerRegister
                0x00002ba0      0x164 .\ARM_GCC_541\Debug\DTMF_RX.a(LF_DAC_CLK.o)
                0x00002ba0                LF_DAC_CLK_SetDividerRegister
 .text.LF_DAC_CLK_GetDividerRegister
                0x00002d04       0x18 .\ARM_GCC_541\Debug\DTMF_RX.a(LF_DAC_CLK.o)
                0x00002d04                LF_DAC_CLK_GetDividerRegister
 .text.LF_DAC_CLK_GetSourceRegister
                0x00002d1c       0x1c .\ARM_GCC_541\Debug\DTMF_RX.a(LF_DAC_CLK.o)
                0x00002d1c                LF_DAC_CLK_GetSourceRegister
 .text          0x00002d38       0x54 .\ARM_GCC_541\Debug\DTMF_RX.a(CyBootAsmGnu.o)
                0x00002d38                CyDelayCycles
                0x00002d76                CyEnterCriticalSection
                0x00002d7e                CyExitCriticalSection
 .text.cos      0x00002d8c       0x90 c:/program files (x86)/cypress/psoc creator/4.1/psoc creator/import/gnu/arm/5.4.1/bin/../lib/gcc/arm-none-eabi/5.4.1/../../../../arm-none-eabi/lib/armv7-m\libm.a(lib_a-s_cos.o)
                0x00002d8c                cos
 .text.sin      0x00002e1c       0x90 c:/program files (x86)/cypress/psoc creator/4.1/psoc creator/import/gnu/arm/5.4.1/bin/../lib/gcc/arm-none-eabi/5.4.1/../../../../arm-none-eabi/lib/armv7-m\libm.a(lib_a-s_sin.o)
                0x00002e1c                sin
 .text.sqrt     0x00002eac       0xb8 c:/program files (x86)/cypress/psoc creator/4.1/psoc creator/import/gnu/arm/5.4.1/bin/../lib/gcc/arm-none-eabi/5.4.1/../../../../arm-none-eabi/lib/armv7-m\libm.a(lib_a-w_sqrt.o)
                0x00002eac                sqrt
 *fill*         0x00002f64        0x4 
 .text.__ieee754_rem_pio2
                0x00002f68      0x42c c:/program files (x86)/cypress/psoc creator/4.1/psoc creator/import/gnu/arm/5.4.1/bin/../lib/gcc/arm-none-eabi/5.4.1/../../../../arm-none-eabi/lib/armv7-m\libm.a(lib_a-e_rem_pio2.o)
                0x00002f68                __ieee754_rem_pio2
 .text.__ieee754_sqrt
                0x00003394      0x188 c:/program files (x86)/cypress/psoc creator/4.1/psoc creator/import/gnu/arm/5.4.1/bin/../lib/gcc/arm-none-eabi/5.4.1/../../../../arm-none-eabi/lib/armv7-m\libm.a(lib_a-e_sqrt.o)
                0x00003394                __ieee754_sqrt
 *fill*         0x0000351c        0x4 
 .text.__kernel_cos
                0x00003520      0x248 c:/program files (x86)/cypress/psoc creator/4.1/psoc creator/import/gnu/arm/5.4.1/bin/../lib/gcc/arm-none-eabi/5.4.1/../../../../arm-none-eabi/lib/armv7-m\libm.a(lib_a-k_cos.o)
                0x00003520                __kernel_cos
 .text.__kernel_rem_pio2
                0x00003768      0x7f0 c:/program files (x86)/cypress/psoc creator/4.1/psoc creator/import/gnu/arm/5.4.1/bin/../lib/gcc/arm-none-eabi/5.4.1/../../../../arm-none-eabi/lib/armv7-m\libm.a(lib_a-k_rem_pio2.o)
                0x00003768                __kernel_rem_pio2
 .text.__kernel_sin
                0x00003f58      0x16c c:/program files (x86)/cypress/psoc creator/4.1/psoc creator/import/gnu/arm/5.4.1/bin/../lib/gcc/arm-none-eabi/5.4.1/../../../../arm-none-eabi/lib/armv7-m\libm.a(lib_a-k_sin.o)
                0x00003f58                __kernel_sin
 .text.fabs     0x000040c4        0x8 c:/program files (x86)/cypress/psoc creator/4.1/psoc creator/import/gnu/arm/5.4.1/bin/../lib/gcc/arm-none-eabi/5.4.1/../../../../arm-none-eabi/lib/armv7-m\libm.a(lib_a-s_fabs.o)
                0x000040c4                fabs
 *fill*         0x000040cc        0x4 
 .text.floor    0x000040d0      0x110 c:/program files (x86)/cypress/psoc creator/4.1/psoc creator/import/gnu/arm/5.4.1/bin/../lib/gcc/arm-none-eabi/5.4.1/../../../../arm-none-eabi/lib/armv7-m\libm.a(lib_a-s_floor.o)
                0x000040d0                floor
 .text.matherr  0x000041e0        0x4 c:/program files (x86)/cypress/psoc creator/4.1/psoc creator/import/gnu/arm/5.4.1/bin/../lib/gcc/arm-none-eabi/5.4.1/../../../../arm-none-eabi/lib/armv7-m\libm.a(lib_a-s_matherr.o)
                0x000041e0                matherr
 *fill*         0x000041e4        0x4 
 .text.scalbn   0x000041e8       0xe4 c:/program files (x86)/cypress/psoc creator/4.1/psoc creator/import/gnu/arm/5.4.1/bin/../lib/gcc/arm-none-eabi/5.4.1/../../../../arm-none-eabi/lib/armv7-m\libm.a(lib_a-s_scalbn.o)
                0x000041e8                scalbn
 .text.copysign
                0x000042cc       0x10 c:/program files (x86)/cypress/psoc creator/4.1/psoc creator/import/gnu/arm/5.4.1/bin/../lib/gcc/arm-none-eabi/5.4.1/../../../../arm-none-eabi/lib/armv7-m\libm.a(lib_a-s_copysign.o)
                0x000042cc                copysign
 .text          0x000042dc      0x370 c:/program files (x86)/cypress/psoc creator/4.1/psoc creator/import/gnu/arm/5.4.1/bin/../lib/gcc/arm-none-eabi/5.4.1/armv7-m\libgcc.a(_arm_addsubdf3.o)
                0x000042dc                __aeabi_drsub
                0x000042e4                __aeabi_dsub
                0x000042e4                __subdf3
                0x000042e8                __aeabi_dadd
                0x000042e8                __adddf3
                0x00004560                __floatunsidf
                0x00004560                __aeabi_ui2d
                0x00004580                __floatsidf
                0x00004580                __aeabi_i2d
                0x000045a4                __aeabi_f2d
                0x000045a4                __extendsfdf2
                0x000045e0                __floatundidf
                0x000045e0                __aeabi_ul2d
                0x000045f0                __floatdidf
                0x000045f0                __aeabi_l2d
 .text          0x0000464c      0x424 c:/program files (x86)/cypress/psoc creator/4.1/psoc creator/import/gnu/arm/5.4.1/bin/../lib/gcc/arm-none-eabi/5.4.1/armv7-m\libgcc.a(_arm_muldivdf3.o)
                0x0000464c                __aeabi_dmul
                0x0000464c                __muldf3
                0x000048a0                __divdf3
                0x000048a0                __aeabi_ddiv
 .text          0x00004a70      0x110 c:/program files (x86)/cypress/psoc creator/4.1/psoc creator/import/gnu/arm/5.4.1/bin/../lib/gcc/arm-none-eabi/5.4.1/armv7-m\libgcc.a(_arm_cmpdf2.o)
                0x00004a70                __gtdf2
                0x00004a70                __gedf2
                0x00004a78                __ltdf2
                0x00004a78                __ledf2
                0x00004a80                __nedf2
                0x00004a80                __eqdf2
                0x00004a80                __cmpdf2
                0x00004afc                __aeabi_cdrcmple
                0x00004b0c                __aeabi_cdcmpeq
                0x00004b0c                __aeabi_cdcmple
                0x00004b1c                __aeabi_dcmpeq
                0x00004b30                __aeabi_dcmplt
                0x00004b44                __aeabi_dcmple
                0x00004b58                __aeabi_dcmpge
                0x00004b6c                __aeabi_dcmpgt
 .text          0x00004b80       0x2c c:/program files (x86)/cypress/psoc creator/4.1/psoc creator/import/gnu/arm/5.4.1/bin/../lib/gcc/arm-none-eabi/5.4.1/armv7-m\libgcc.a(_arm_unorddf2.o)
                0x00004b80                __unorddf2
                0x00004b80                __aeabi_dcmpun
 .text          0x00004bac       0x50 c:/program files (x86)/cypress/psoc creator/4.1/psoc creator/import/gnu/arm/5.4.1/bin/../lib/gcc/arm-none-eabi/5.4.1/armv7-m\libgcc.a(_arm_fixdfsi.o)
                0x00004bac                __aeabi_d2iz
                0x00004bac                __fixdfsi
 .text.__errno  0x00004bfc        0xc c:/program files (x86)/cypress/psoc creator/4.1/psoc creator/import/gnu/arm/5.4.1/bin/../lib/gcc/arm-none-eabi/5.4.1/../../../../arm-none-eabi/lib/armv7-m\libg_nano.a(lib_a-errno.o)
                0x00004bfc                __errno
 .text.__libc_init_array
                0x00004c08       0x4c c:/program files (x86)/cypress/psoc creator/4.1/psoc creator/import/gnu/arm/5.4.1/bin/../lib/gcc/arm-none-eabi/5.4.1/../../../../arm-none-eabi/lib/armv7-m\libg_nano.a(lib_a-init.o)
                0x00004c08                __libc_init_array
 .text.memcpy   0x00004c54       0x16 c:/program files (x86)/cypress/psoc creator/4.1/psoc creator/import/gnu/arm/5.4.1/bin/../lib/gcc/arm-none-eabi/5.4.1/../../../../arm-none-eabi/lib/armv7-m\libg_nano.a(lib_a-memcpy-stub.o)
                0x00004c54                memcpy
 .text.memset   0x00004c6a       0x10 c:/program files (x86)/cypress/psoc creator/4.1/psoc creator/import/gnu/arm/5.4.1/bin/../lib/gcc/arm-none-eabi/5.4.1/../../../../arm-none-eabi/lib/armv7-m\libg_nano.a(lib_a-memset.o)
                0x00004c6a                memset
 *fill*         0x00004c7a        0x2 
 .text.sprintf  0x00004c7c       0x48 c:/program files (x86)/cypress/psoc creator/4.1/psoc creator/import/gnu/arm/5.4.1/bin/../lib/gcc/arm-none-eabi/5.4.1/../../../../arm-none-eabi/lib/armv7-m\libg_nano.a(lib_a-sprintf.o)
                0x00004c7c                siprintf
                0x00004c7c                sprintf
 .text.__ssputs_r
                0x00004cc4       0xb2 c:/program files (x86)/cypress/psoc creator/4.1/psoc creator/import/gnu/arm/5.4.1/bin/../lib/gcc/arm-none-eabi/5.4.1/../../../../arm-none-eabi/lib/armv7-m\libg_nano.a(lib_a-nano-svfprintf.o)
                0x00004cc4                __ssputs_r
 *fill*         0x00004d76        0x2 
 .text._svfprintf_r
                0x00004d78      0x1e8 c:/program files (x86)/cypress/psoc creator/4.1/psoc creator/import/gnu/arm/5.4.1/bin/../lib/gcc/arm-none-eabi/5.4.1/../../../../arm-none-eabi/lib/armv7-m\libg_nano.a(lib_a-nano-svfprintf.o)
                0x00004d78                _svfiprintf_r
                0x00004d78                _svfprintf_r
 .text._printf_common
                0x00004f60       0xec c:/program files (x86)/cypress/psoc creator/4.1/psoc creator/import/gnu/arm/5.4.1/bin/../lib/gcc/arm-none-eabi/5.4.1/../../../../arm-none-eabi/lib/armv7-m\libg_nano.a(lib_a-nano-vfprintf_i.o)
                0x00004f60                _printf_common
 .text._printf_i
                0x0000504c      0x24c c:/program files (x86)/cypress/psoc creator/4.1/psoc creator/import/gnu/arm/5.4.1/bin/../lib/gcc/arm-none-eabi/5.4.1/../../../../arm-none-eabi/lib/armv7-m\libg_nano.a(lib_a-nano-vfprintf_i.o)
                0x0000504c                _printf_i
 .text.memchr   0x00005298       0x1c c:/program files (x86)/cypress/psoc creator/4.1/psoc creator/import/gnu/arm/5.4.1/bin/../lib/gcc/arm-none-eabi/5.4.1/../../../../arm-none-eabi/lib/armv7-m\libg_nano.a(lib_a-memchr-stub.o)
                0x00005298                memchr
 .text.memmove  0x000052b4       0x36 c:/program files (x86)/cypress/psoc creator/4.1/psoc creator/import/gnu/arm/5.4.1/bin/../lib/gcc/arm-none-eabi/5.4.1/../../../../arm-none-eabi/lib/armv7-m\libg_nano.a(lib_a-memmove.o)
                0x000052b4                memmove
 *fill*         0x000052ea        0x2 
 .text._free_r  0x000052ec       0x98 c:/program files (x86)/cypress/psoc creator/4.1/psoc creator/import/gnu/arm/5.4.1/bin/../lib/gcc/arm-none-eabi/5.4.1/../../../../arm-none-eabi/lib/armv7-m\libg_nano.a(lib_a-nano-freer.o)
                0x000052ec                _free_r
 .text._malloc_r
                0x00005384       0xbc c:/program files (x86)/cypress/psoc creator/4.1/psoc creator/import/gnu/arm/5.4.1/bin/../lib/gcc/arm-none-eabi/5.4.1/../../../../arm-none-eabi/lib/armv7-m\libg_nano.a(lib_a-nano-mallocr.o)
                0x00005384                _malloc_r
 .text._realloc_r
                0x00005440       0x4c c:/program files (x86)/cypress/psoc creator/4.1/psoc creator/import/gnu/arm/5.4.1/bin/../lib/gcc/arm-none-eabi/5.4.1/../../../../arm-none-eabi/lib/armv7-m\libg_nano.a(lib_a-nano-reallocr.o)
                0x00005440                _realloc_r
 .text._sbrk_r  0x0000548c       0x20 c:/program files (x86)/cypress/psoc creator/4.1/psoc creator/import/gnu/arm/5.4.1/bin/../lib/gcc/arm-none-eabi/5.4.1/../../../../arm-none-eabi/lib/armv7-m\libg_nano.a(lib_a-sbrkr.o)
                0x0000548c                _sbrk_r
 .text.__malloc_lock
                0x000054ac        0x2 c:/program files (x86)/cypress/psoc creator/4.1/psoc creator/import/gnu/arm/5.4.1/bin/../lib/gcc/arm-none-eabi/5.4.1/../../../../arm-none-eabi/lib/armv7-m\libg_nano.a(lib_a-mlock.o)
                0x000054ac                __malloc_lock
 .text.__malloc_unlock
                0x000054ae        0x2 c:/program files (x86)/cypress/psoc creator/4.1/psoc creator/import/gnu/arm/5.4.1/bin/../lib/gcc/arm-none-eabi/5.4.1/../../../../arm-none-eabi/lib/armv7-m\libg_nano.a(lib_a-mlock.o)
                0x000054ae                __malloc_unlock
 .text._malloc_usable_size_r
                0x000054b0       0x14 c:/program files (x86)/cypress/psoc creator/4.1/psoc creator/import/gnu/arm/5.4.1/bin/../lib/gcc/arm-none-eabi/5.4.1/../../../../arm-none-eabi/lib/armv7-m\libg_nano.a(lib_a-nano-msizer.o)
                0x000054b0                _malloc_usable_size_r
 *(.plt)
 *(.gnu.warning)
 *(.glue_7t)
 .glue_7t       0x000054c4        0x0 linker stubs
 *(.glue_7)
 .glue_7        0x000054c4        0x0 linker stubs
 *(.vfp11_veneer)
 .vfp11_veneer  0x000054c4        0x0 linker stubs
 *(.bootloader)
 *(.ARM.extab* .gnu.linkonce.armextab.*)
 *(.gcc_except_table)

.v4_bx          0x000054c4        0x0
 .v4_bx         0x000054c4        0x0 linker stubs

.iplt           0x000054c4        0x0
 .iplt          0x000054c4        0x0 c:/program files (x86)/cypress/psoc creator/4.1/psoc creator/import/gnu/arm/5.4.1/bin/../lib/gcc/arm-none-eabi/5.4.1/armv7-m/crtbegin.o

.eh_frame_hdr
 *(.eh_frame_hdr)

.eh_frame       0x000054c4        0x4
 *(.eh_frame)
 .eh_frame      0x000054c4        0x0 c:/program files (x86)/cypress/psoc creator/4.1/psoc creator/import/gnu/arm/5.4.1/bin/../lib/gcc/arm-none-eabi/5.4.1/armv7-m/crtbegin.o
 .eh_frame      0x000054c4        0x4 c:/program files (x86)/cypress/psoc creator/4.1/psoc creator/import/gnu/arm/5.4.1/bin/../lib/gcc/arm-none-eabi/5.4.1/armv7-m/crtend.o
                [!provide]                PROVIDE (__exidx_start, .)

.ARM.exidx
 *(.ARM.exidx* .gnu.linkonce.armexidx.*)
                0x000054c8                __exidx_end = .

.rodata         0x000054c8      0x558
 *(.rodata .rodata.* .gnu.linkonce.r.*)
 .rodata        0x000054c8       0xc2 .\ARM_GCC_541\Debug\main.o
 *fill*         0x0000558a        0x2 
 .rodata        0x0000558c       0x46 .\ARM_GCC_541\Debug\cyfitter_cfg.o
 *fill*         0x000055d2        0x2 
 .rodata        0x000055d4      0x130 .\ARM_GCC_541\Debug\DTMF_RX.a(HF_DAC_1.o)
                0x000055d4                HF_DAC_1_wave1
                0x00005700                HF_DAC_1_wave2
 .rodata        0x00005704       0xcc .\ARM_GCC_541\Debug\DTMF_RX.a(LF_DAC_1.o)
                0x00005704                LF_DAC_1_wave1
                0x000057cc                LF_DAC_1_wave2
 .rodata.str1.4
                0x000057d0        0x8 c:/program files (x86)/cypress/psoc creator/4.1/psoc creator/import/gnu/arm/5.4.1/bin/../lib/gcc/arm-none-eabi/5.4.1/../../../../arm-none-eabi/lib/armv7-m\libm.a(lib_a-w_sqrt.o)
                                  0x5 (size before relaxing)
 .rodata.npio2_hw
                0x000057d8       0x80 c:/program files (x86)/cypress/psoc creator/4.1/psoc creator/import/gnu/arm/5.4.1/bin/../lib/gcc/arm-none-eabi/5.4.1/../../../../arm-none-eabi/lib/armv7-m\libm.a(lib_a-e_rem_pio2.o)
 .rodata.two_over_pi
                0x00005858      0x108 c:/program files (x86)/cypress/psoc creator/4.1/psoc creator/import/gnu/arm/5.4.1/bin/../lib/gcc/arm-none-eabi/5.4.1/../../../../arm-none-eabi/lib/armv7-m\libm.a(lib_a-e_rem_pio2.o)
 .rodata.init_jk
                0x00005960       0x10 c:/program files (x86)/cypress/psoc creator/4.1/psoc creator/import/gnu/arm/5.4.1/bin/../lib/gcc/arm-none-eabi/5.4.1/../../../../arm-none-eabi/lib/armv7-m\libm.a(lib_a-k_rem_pio2.o)
 .rodata.PIo2   0x00005970       0x40 c:/program files (x86)/cypress/psoc creator/4.1/psoc creator/import/gnu/arm/5.4.1/bin/../lib/gcc/arm-none-eabi/5.4.1/../../../../arm-none-eabi/lib/armv7-m\libm.a(lib_a-k_rem_pio2.o)
 .rodata.str1.1
                0x000059b0        0x2 c:/program files (x86)/cypress/psoc creator/4.1/psoc creator/import/gnu/arm/5.4.1/bin/../lib/gcc/arm-none-eabi/5.4.1/../../../../arm-none-eabi/lib/armv7-m\libg_nano.a(lib_a-impure.o)
 .rodata.str1.1
                0x000059b2       0x11 c:/program files (x86)/cypress/psoc creator/4.1/psoc creator/import/gnu/arm/5.4.1/bin/../lib/gcc/arm-none-eabi/5.4.1/../../../../arm-none-eabi/lib/armv7-m\libg_nano.a(lib_a-nano-svfprintf.o)
 .rodata.str1.1
                0x000059c3       0x22 c:/program files (x86)/cypress/psoc creator/4.1/psoc creator/import/gnu/arm/5.4.1/bin/../lib/gcc/arm-none-eabi/5.4.1/../../../../arm-none-eabi/lib/armv7-m\libg_nano.a(lib_a-nano-vfprintf_i.o)
                0x000059e8                . = ALIGN (0x4)
 *fill*         0x000059e5        0x3 
 *(.init)
 .init          0x000059e8        0x4 c:/program files (x86)/cypress/psoc creator/4.1/psoc creator/import/gnu/arm/5.4.1/bin/../lib/gcc/arm-none-eabi/5.4.1/armv7-m/crti.o
                0x000059e8                _init
 .init          0x000059ec        0x8 c:/program files (x86)/cypress/psoc creator/4.1/psoc creator/import/gnu/arm/5.4.1/bin/../lib/gcc/arm-none-eabi/5.4.1/armv7-m/crtn.o
                0x000059f4                . = ALIGN (0x4)
                0x000059f4                __preinit_array_start = .
 *(.preinit_array)
                0x000059f4                __preinit_array_end = .
                0x000059f4                . = ALIGN (0x4)
                0x000059f4                __init_array_start = .
 *(SORT(.init_array.*))
 *(.init_array)
 .init_array    0x000059f4        0x4 c:/program files (x86)/cypress/psoc creator/4.1/psoc creator/import/gnu/arm/5.4.1/bin/../lib/gcc/arm-none-eabi/5.4.1/armv7-m/crtbegin.o
 .init_array    0x000059f8        0x4 .\ARM_GCC_541\Debug\Cm3Start.o
                0x000059fc                __init_array_end = .
                0x000059fc                . = ALIGN (0x4)
 *(.fini)
 .fini          0x000059fc        0x4 c:/program files (x86)/cypress/psoc creator/4.1/psoc creator/import/gnu/arm/5.4.1/bin/../lib/gcc/arm-none-eabi/5.4.1/armv7-m/crti.o
                0x000059fc                _fini
 .fini          0x00005a00        0x8 c:/program files (x86)/cypress/psoc creator/4.1/psoc creator/import/gnu/arm/5.4.1/bin/../lib/gcc/arm-none-eabi/5.4.1/armv7-m/crtn.o
                0x00005a08                . = ALIGN (0x4)
                0x00005a08                __fini_array_start = .
 *(.fini_array)
 .fini_array    0x00005a08        0x4 c:/program files (x86)/cypress/psoc creator/4.1/psoc creator/import/gnu/arm/5.4.1/bin/../lib/gcc/arm-none-eabi/5.4.1/armv7-m/crtbegin.o
 *(SORT(.fini_array.*))
                0x00005a0c                __fini_array_end = .
                0x00005a0c                . = ALIGN (0x4)
 *crtbegin.o(.ctors)
 *(EXCLUDE_FILE(*crtend.o) .ctors)
 *(SORT(.ctors.*))
 *crtend.o(.ctors)
                0x00005a0c                . = ALIGN (0x4)
 *crtbegin.o(.dtors)
 *(EXCLUDE_FILE(*crtend.o) .dtors)
 *(SORT(.dtors.*))
 *crtend.o(.dtors)
                0x00005a0c                . = ALIGN (0x4)
                0x00005a0c                __cy_regions = .
                0x00005a0c        0x4 LONG 0x5a20 __cy_region_init_ram
                0x00005a10        0x4 LONG 0x1fff80c8 __cy_region_start_data
                0x00005a14        0x4 LONG 0xb8 __cy_region_init_size_ram
                0x00005a18        0x4 LONG 0x570 __cy_region_zero_size_ram
                0x00005a1c                __cy_regions_end = .
                0x00005a20                . = ALIGN (0x8)
 *fill*         0x00005a1c        0x4 
                0x00005a20                _etext = .

.cy_checksum_exclude
                0x00005a20        0x0
 *(.cy_checksum_exclude)

.ramvectors     0x1fff8000       0xc0
                0x1fff8000                __cy_region_start_ram = .
 *(.ramvectors)
 .ramvectors    0x1fff8000       0xc0 .\ARM_GCC_541\Debug\Cm3Start.o
                0x1fff8000                CyRamVectors

.noinit         0x1fff80c0        0x5
 *(.noinit)
 .noinit        0x1fff80c0        0x4 .\ARM_GCC_541\Debug\Cm3Start.o
 .noinit        0x1fff80c4        0x1 .\ARM_GCC_541\Debug\DTMF_RX.a(CyLib.o)
                0x1fff80c4                CyResetStatus

.data           0x1fff80c8       0xb8 load address 0x00005a20
                0x1fff80c8                __cy_region_start_data = .
 *(.jcr)
 .jcr           0x1fff80c8        0x0 c:/program files (x86)/cypress/psoc creator/4.1/psoc creator/import/gnu/arm/5.4.1/bin/../lib/gcc/arm-none-eabi/5.4.1/armv7-m/crtbegin.o
 .jcr           0x1fff80c8        0x4 c:/program files (x86)/cypress/psoc creator/4.1/psoc creator/import/gnu/arm/5.4.1/bin/../lib/gcc/arm-none-eabi/5.4.1/armv7-m/crtend.o
 *(.got.plt)
 *(.got)
 *(.shdata)
 *(.data .data.* .gnu.linkonce.d.*)
 .data          0x1fff80cc       0x24 .\ARM_GCC_541\Debug\main.o
                0x1fff80cc                loFrequency
                0x1fff80e0                hiFrequency
 .data          0x1fff80f0        0x4 .\ARM_GCC_541\Debug\Cm3Start.o
 .data          0x1fff80f4        0x1 .\ARM_GCC_541\Debug\DTMF_RX.a(ADC_DelSig_1.o)
                0x1fff80f4                ADC_DelSig_1_Config
 *fill*         0x1fff80f5        0x3 
 .data          0x1fff80f8        0x8 .\ARM_GCC_541\Debug\DTMF_RX.a(CyDmac.o)
 .data          0x1fff8100       0x10 .\ARM_GCC_541\Debug\DTMF_RX.a(CyLib.o)
                0x1fff8100                cydelay_freq_hz
                0x1fff8104                cydelay_freq_khz
                0x1fff8108                cydelay_freq_mhz
                0x1fff810c                cydelay_32k_ms
 .data          0x1fff8110        0x1 .\ARM_GCC_541\Debug\DTMF_RX.a(HF_DAC_1_Wave1_DMA_dma.o)
                0x1fff8110                HF_DAC_1_Wave1_DMA_DmaHandle
 .data          0x1fff8111        0x1 .\ARM_GCC_541\Debug\DTMF_RX.a(HF_DAC_1_Wave2_DMA_dma.o)
                0x1fff8111                HF_DAC_1_Wave2_DMA_DmaHandle
 .data          0x1fff8112        0x1 .\ARM_GCC_541\Debug\DTMF_RX.a(LF_DAC_1_Wave1_DMA_dma.o)
                0x1fff8112                LF_DAC_1_Wave1_DMA_DmaHandle
 .data          0x1fff8113        0x1 .\ARM_GCC_541\Debug\DTMF_RX.a(LF_DAC_1_Wave2_DMA_dma.o)
                0x1fff8113                LF_DAC_1_Wave2_DMA_DmaHandle
 .data.__fdlib_version
                0x1fff8114        0x1 c:/program files (x86)/cypress/psoc creator/4.1/psoc creator/import/gnu/arm/5.4.1/bin/../lib/gcc/arm-none-eabi/5.4.1/../../../../arm-none-eabi/lib/armv7-m\libm.a(lib_a-s_lib_ver.o)
                0x1fff8114                __fdlib_version
 *fill*         0x1fff8115        0x3 
 .data.impure_data
                0x1fff8118       0x60 c:/program files (x86)/cypress/psoc creator/4.1/psoc creator/import/gnu/arm/5.4.1/bin/../lib/gcc/arm-none-eabi/5.4.1/../../../../arm-none-eabi/lib/armv7-m\libg_nano.a(lib_a-impure.o)
 .data._impure_ptr
                0x1fff8178        0x4 c:/program files (x86)/cypress/psoc creator/4.1/psoc creator/import/gnu/arm/5.4.1/bin/../lib/gcc/arm-none-eabi/5.4.1/../../../../arm-none-eabi/lib/armv7-m\libg_nano.a(lib_a-impure.o)
                0x1fff8178                _impure_ptr
                0x1fff8180                . = ALIGN (0x8)
 *fill*         0x1fff817c        0x4 
 *(.ram)
                0x1fff8180                _edata = .

.igot.plt       0x1fff8180        0x0 load address 0x00005ad8
 .igot.plt      0x1fff8180        0x0 c:/program files (x86)/cypress/psoc creator/4.1/psoc creator/import/gnu/arm/5.4.1/bin/../lib/gcc/arm-none-eabi/5.4.1/armv7-m/crtbegin.o

.bss            0x1fff8180      0x570 load address 0x00005ad8
                0x1fff8180                PROVIDE (__bss_start__, .)
 *(.shbss)
 *(.bss .bss.* .gnu.linkonce.b.*)
 .bss           0x1fff8180       0x1c c:/program files (x86)/cypress/psoc creator/4.1/psoc creator/import/gnu/arm/5.4.1/bin/../lib/gcc/arm-none-eabi/5.4.1/armv7-m/crtbegin.o
 .bss           0x1fff819c        0xc .\ARM_GCC_541\Debug\DTMF_RX.a(ADC_DelSig_1.o)
                0x1fff819c                ADC_DelSig_1_convDone
                0x1fff819d                ADC_DelSig_1_stopConversion
                0x1fff819e                ADC_DelSig_1_initVar
                0x1fff819f                ADC_DelSig_1_started
                0x1fff81a0                ADC_DelSig_1_Offset
 .bss           0x1fff81a8        0x2 .\ARM_GCC_541\Debug\DTMF_RX.a(UART_1.o)
                0x1fff81a8                UART_1_initVar
 .bss           0x1fff81aa        0x5 .\ARM_GCC_541\Debug\DTMF_RX.a(HF_DAC_1.o)
                0x1fff81aa                HF_DAC_1_initVar
 .bss           0x1fff81af        0x5 .\ARM_GCC_541\Debug\DTMF_RX.a(LF_DAC_1.o)
                0x1fff81af                LF_DAC_1_initVar
 .bss.__malloc_sbrk_start
                0x1fff81b4        0x4 c:/program files (x86)/cypress/psoc creator/4.1/psoc creator/import/gnu/arm/5.4.1/bin/../lib/gcc/arm-none-eabi/5.4.1/../../../../arm-none-eabi/lib/armv7-m\libg_nano.a(lib_a-nano-mallocr.o)
                0x1fff81b4                __malloc_sbrk_start
 .bss.__malloc_free_list
                0x1fff81b8        0x4 c:/program files (x86)/cypress/psoc creator/4.1/psoc creator/import/gnu/arm/5.4.1/bin/../lib/gcc/arm-none-eabi/5.4.1/../../../../arm-none-eabi/lib/armv7-m\libg_nano.a(lib_a-nano-mallocr.o)
                0x1fff81b8                __malloc_free_list
 *(COMMON)
 COMMON         0x1fff81bc      0x528 .\ARM_GCC_541\Debug\main.o
                0x1fff81bc                TransmitBuffer
                0x1fff81cc                Output
                0x1fff81d0                array
 COMMON         0x1fff86e4        0x4 .\ARM_GCC_541\Debug\DTMF_RX.a(ADC_DelSig_1.o)
                0x1fff86e4                ADC_DelSig_1_CountsPerVolt
 COMMON         0x1fff86e8        0x4 c:/program files (x86)/cypress/psoc creator/4.1/psoc creator/import/gnu/arm/5.4.1/bin/../lib/gcc/arm-none-eabi/5.4.1/../../../../arm-none-eabi/lib/armv7-m\libg_nano.a(lib_a-reent.o)
                0x1fff86e8                errno
                0x1fff86f0                . = ALIGN (0x8)
 *fill*         0x1fff86ec        0x4 
 *(.ram.b)
                0x1fff86f0                _end = .
                0x1fff86f0                __end = .
                0x1fff86f0                PROVIDE (end, .)
                0x1fff86f0                PROVIDE (__bss_end__, .)
                0x00005a20                __cy_region_init_ram = LOADADDR (.data)
                0x000000b8                __cy_region_init_size_ram = (_edata - ADDR (.data))
                0x00000570                __cy_region_zero_size_ram = (_end - _edata)

.heap           0x1fff86f0       0x80 load address 0x00005ad8
                0x1fff86f0                . = _end
                0x1fff8770                . = (. + 0x80)
 *fill*         0x1fff86f0       0x80 
                0x1fff8770                __cy_heap_limit = .

.stack          0x20007800      0x800
                0x20007800                __cy_stack_limit = .
                0x20008000                . = (. + 0x800)
 *fill*         0x20007800      0x800 
                0x00000001                ASSERT ((__cy_stack_limit >= __cy_heap_limit), region RAM overflowed with stack)
                0x00000000                cy_checksum_exclude_size = (CY_APPL_LOADABLE == 0x1)?SIZEOF (.cy_checksum_exclude):0x0
                0x00000001                ASSERT ((cy_checksum_exclude_size <= CY_CHECKSUM_EXCLUDE_SIZE), CY_BOOT: Section .cy_checksum_exclude size exceedes specified limit.)

.cyloadermeta
 *(.cyloadermeta)

.cyloadablemeta
 *(.cyloadablemeta)

.cyconfigecc    0x80000000      0x4b8
 *(.cyconfigecc)
 .cyconfigecc   0x80000000      0x4b8 .\ARM_GCC_541\Debug\cymetadata.o
                0x80000000                cy_meta_configecc

.cycustnvl      0x90000000        0x4
 *(.cycustnvl)
 .cycustnvl     0x90000000        0x4 .\ARM_GCC_541\Debug\cymetadata.o
                0x90000000                cy_meta_custnvl

.cywolatch      0x90100000        0x4
 *(.cywolatch)
 .cywolatch     0x90100000        0x4 .\ARM_GCC_541\Debug\cymetadata.o
                0x90100000                cy_meta_wonvl

.cyeeprom       0x90200000        0x0
 *(.cyeeprom)
                0x00000001                ASSERT ((. <= ((0x90200000 + ee_offset) + ee_size)), .cyeeprom data will not fit in EEPROM)

.cyflashprotect
                0x90400000      0x100
 *(.cyflashprotect)
 .cyflashprotect
                0x90400000      0x100 .\ARM_GCC_541\Debug\cymetadata.o
                0x90400000                cy_meta_flashprotect

.cymeta         0x90500000        0xc
 *(.cymeta)
 .cymeta        0x90500000        0xc .\ARM_GCC_541\Debug\cymetadata.o
                0x90500000                cy_metadata

.rel.dyn        0x00005ad8        0x0 load address 0x9050000c
 .rel.iplt      0x00005ad8        0x0 c:/program files (x86)/cypress/psoc creator/4.1/psoc creator/import/gnu/arm/5.4.1/bin/../lib/gcc/arm-none-eabi/5.4.1/armv7-m/crtbegin.o

.stab
 *(.stab)

.stabstr
 *(.stabstr)

.debug
 *(.debug)

.line
 *(.line)

.debug_srcinfo
 *(.debug_srcinfo)

.debug_sfnames
 *(.debug_sfnames)

.debug_aranges  0x00000000      0xd00
 *(.debug_aranges)
 .debug_aranges
                0x00000000       0x68 .\ARM_GCC_541\Debug\main.o
 .debug_aranges
                0x00000068       0x60 .\ARM_GCC_541\Debug\cyfitter_cfg.o
 .debug_aranges
                0x000000c8       0x18 .\ARM_GCC_541\Debug\cymetadata.o
 .debug_aranges
                0x000000e0       0x48 .\ARM_GCC_541\Debug\Cm3Start.o
 .debug_aranges
                0x00000128       0xe8 .\ARM_GCC_541\Debug\DTMF_RX.a(ADC_DelSig_1.o)
 .debug_aranges
                0x00000210       0x38 .\ARM_GCC_541\Debug\DTMF_RX.a(ADC_DelSig_1_INT.o)
 .debug_aranges
                0x00000248       0x70 .\ARM_GCC_541\Debug\DTMF_RX.a(ADC_DelSig_1_Ext_CP_Clk.o)
 .debug_aranges
                0x000002b8       0x80 .\ARM_GCC_541\Debug\DTMF_RX.a(ADC_DelSig_1_theACLK.o)
 .debug_aranges
                0x00000338       0xd8 .\ARM_GCC_541\Debug\DTMF_RX.a(CyDmac.o)
 .debug_aranges
                0x00000410      0x2a0 .\ARM_GCC_541\Debug\DTMF_RX.a(CyLib.o)
 .debug_aranges
                0x000006b0       0x98 .\ARM_GCC_541\Debug\DTMF_RX.a(cyPm.o)
 .debug_aranges
                0x00000748       0xf0 .\ARM_GCC_541\Debug\DTMF_RX.a(UART_1.o)
 .debug_aranges
                0x00000838       0x70 .\ARM_GCC_541\Debug\DTMF_RX.a(UART_1_IntClock.o)
 .debug_aranges
                0x000008a8       0x38 .\ARM_GCC_541\Debug\DTMF_RX.a(HF_SW1.o)
 .debug_aranges
                0x000008e0       0x38 .\ARM_GCC_541\Debug\DTMF_RX.a(LF_SW1.o)
 .debug_aranges
                0x00000918       0x50 .\ARM_GCC_541\Debug\DTMF_RX.a(HF_DAC_1.o)
 .debug_aranges
                0x00000968       0x50 .\ARM_GCC_541\Debug\DTMF_RX.a(LF_DAC_1.o)
 .debug_aranges
                0x000009b8       0x28 .\ARM_GCC_541\Debug\DTMF_RX.a(HF_DAC_1_Wave1_DMA_dma.o)
 .debug_aranges
                0x000009e0       0x28 .\ARM_GCC_541\Debug\DTMF_RX.a(HF_DAC_1_Wave2_DMA_dma.o)
 .debug_aranges
                0x00000a08       0x58 .\ARM_GCC_541\Debug\DTMF_RX.a(HF_DAC_1_VDAC8.o)
 .debug_aranges
                0x00000a60       0x28 .\ARM_GCC_541\Debug\DTMF_RX.a(LF_DAC_1_Wave1_DMA_dma.o)
 .debug_aranges
                0x00000a88       0x28 .\ARM_GCC_541\Debug\DTMF_RX.a(LF_DAC_1_Wave2_DMA_dma.o)
 .debug_aranges
                0x00000ab0       0x58 .\ARM_GCC_541\Debug\DTMF_RX.a(LF_DAC_1_VDAC8.o)
 .debug_aranges
                0x00000b08       0x70 .\ARM_GCC_541\Debug\DTMF_RX.a(HF_DAC_CLK.o)
 .debug_aranges
                0x00000b78       0x70 .\ARM_GCC_541\Debug\DTMF_RX.a(LF_DAC_CLK.o)
 .debug_aranges
                0x00000be8       0x20 .\ARM_GCC_541\Debug\DTMF_RX.a(CyBootAsmGnu.o)
 .debug_aranges
                0x00000c08       0x80 .\ARM_GCC_541\Debug\DTMF_RX.a(CyFlash.o)
 .debug_aranges
                0x00000c88       0x78 .\ARM_GCC_541\Debug\DTMF_RX.a(CySpc.o)

.debug_pubnames
 *(.debug_pubnames)

.debug_info     0x00000000     0x5afd
 *(.debug_info .gnu.linkonce.wi.*)
 .debug_info    0x00000000      0x59c .\ARM_GCC_541\Debug\main.o
 .debug_info    0x0000059c      0x452 .\ARM_GCC_541\Debug\cyfitter_cfg.o
 .debug_info    0x000009ee      0x136 .\ARM_GCC_541\Debug\cymetadata.o
 .debug_info    0x00000b24      0x32b .\ARM_GCC_541\Debug\Cm3Start.o
 .debug_info    0x00000e4f      0x72c .\ARM_GCC_541\Debug\DTMF_RX.a(ADC_DelSig_1.o)
 .debug_info    0x0000157b       0xd3 .\ARM_GCC_541\Debug\DTMF_RX.a(ADC_DelSig_1_INT.o)
 .debug_info    0x0000164e      0x25d .\ARM_GCC_541\Debug\DTMF_RX.a(ADC_DelSig_1_Ext_CP_Clk.o)
 .debug_info    0x000018ab      0x299 .\ARM_GCC_541\Debug\DTMF_RX.a(ADC_DelSig_1_theACLK.o)
 .debug_info    0x00001b44      0x8c0 .\ARM_GCC_541\Debug\DTMF_RX.a(CyDmac.o)
 .debug_info    0x00002404      0xe51 .\ARM_GCC_541\Debug\DTMF_RX.a(CyLib.o)
 .debug_info    0x00003255      0x57a .\ARM_GCC_541\Debug\DTMF_RX.a(cyPm.o)
 .debug_info    0x000037cf      0x50a .\ARM_GCC_541\Debug\DTMF_RX.a(UART_1.o)
 .debug_info    0x00003cd9      0x25d .\ARM_GCC_541\Debug\DTMF_RX.a(UART_1_IntClock.o)
 .debug_info    0x00003f36      0x11e .\ARM_GCC_541\Debug\DTMF_RX.a(HF_SW1.o)
 .debug_info    0x00004054      0x11e .\ARM_GCC_541\Debug\DTMF_RX.a(LF_SW1.o)
 .debug_info    0x00004172      0x259 .\ARM_GCC_541\Debug\DTMF_RX.a(HF_DAC_1.o)
 .debug_info    0x000043cb      0x258 .\ARM_GCC_541\Debug\DTMF_RX.a(LF_DAC_1.o)
 .debug_info    0x00004623      0x11b .\ARM_GCC_541\Debug\DTMF_RX.a(HF_DAC_1_Wave1_DMA_dma.o)
 .debug_info    0x0000473e      0x11b .\ARM_GCC_541\Debug\DTMF_RX.a(HF_DAC_1_Wave2_DMA_dma.o)
 .debug_info    0x00004859      0x185 .\ARM_GCC_541\Debug\DTMF_RX.a(HF_DAC_1_VDAC8.o)
 .debug_info    0x000049de      0x11b .\ARM_GCC_541\Debug\DTMF_RX.a(LF_DAC_1_Wave1_DMA_dma.o)
 .debug_info    0x00004af9      0x11b .\ARM_GCC_541\Debug\DTMF_RX.a(LF_DAC_1_Wave2_DMA_dma.o)
 .debug_info    0x00004c14      0x185 .\ARM_GCC_541\Debug\DTMF_RX.a(LF_DAC_1_VDAC8.o)
 .debug_info    0x00004d99      0x25d .\ARM_GCC_541\Debug\DTMF_RX.a(HF_DAC_CLK.o)
 .debug_info    0x00004ff6      0x25d .\ARM_GCC_541\Debug\DTMF_RX.a(LF_DAC_CLK.o)
 .debug_info    0x00005253       0xdf .\ARM_GCC_541\Debug\DTMF_RX.a(CyBootAsmGnu.o)
 .debug_info    0x00005332      0x371 .\ARM_GCC_541\Debug\DTMF_RX.a(CyFlash.o)
 .debug_info    0x000056a3      0x45a .\ARM_GCC_541\Debug\DTMF_RX.a(CySpc.o)

.debug_abbrev   0x00000000     0x1d45
 *(.debug_abbrev)
 .debug_abbrev  0x00000000      0x1b5 .\ARM_GCC_541\Debug\main.o
 .debug_abbrev  0x000001b5      0x1b7 .\ARM_GCC_541\Debug\cyfitter_cfg.o
 .debug_abbrev  0x0000036c       0x77 .\ARM_GCC_541\Debug\cymetadata.o
 .debug_abbrev  0x000003e3      0x1d6 .\ARM_GCC_541\Debug\Cm3Start.o
 .debug_abbrev  0x000005b9      0x19d .\ARM_GCC_541\Debug\DTMF_RX.a(ADC_DelSig_1.o)
 .debug_abbrev  0x00000756       0x42 .\ARM_GCC_541\Debug\DTMF_RX.a(ADC_DelSig_1_INT.o)
 .debug_abbrev  0x00000798      0x11d .\ARM_GCC_541\Debug\DTMF_RX.a(ADC_DelSig_1_Ext_CP_Clk.o)
 .debug_abbrev  0x000008b5      0x11d .\ARM_GCC_541\Debug\DTMF_RX.a(ADC_DelSig_1_theACLK.o)
 .debug_abbrev  0x000009d2      0x194 .\ARM_GCC_541\Debug\DTMF_RX.a(CyDmac.o)
 .debug_abbrev  0x00000b66      0x217 .\ARM_GCC_541\Debug\DTMF_RX.a(CyLib.o)
 .debug_abbrev  0x00000d7d      0x161 .\ARM_GCC_541\Debug\DTMF_RX.a(cyPm.o)
 .debug_abbrev  0x00000ede      0x163 .\ARM_GCC_541\Debug\DTMF_RX.a(UART_1.o)
 .debug_abbrev  0x00001041      0x11d .\ARM_GCC_541\Debug\DTMF_RX.a(UART_1_IntClock.o)
 .debug_abbrev  0x0000115e       0x90 .\ARM_GCC_541\Debug\DTMF_RX.a(HF_SW1.o)
 .debug_abbrev  0x000011ee       0x90 .\ARM_GCC_541\Debug\DTMF_RX.a(LF_SW1.o)
 .debug_abbrev  0x0000127e       0xec .\ARM_GCC_541\Debug\DTMF_RX.a(HF_DAC_1.o)
 .debug_abbrev  0x0000136a       0xe3 .\ARM_GCC_541\Debug\DTMF_RX.a(LF_DAC_1.o)
 .debug_abbrev  0x0000144d       0x8b .\ARM_GCC_541\Debug\DTMF_RX.a(HF_DAC_1_Wave1_DMA_dma.o)
 .debug_abbrev  0x000014d8       0x8b .\ARM_GCC_541\Debug\DTMF_RX.a(HF_DAC_1_Wave2_DMA_dma.o)
 .debug_abbrev  0x00001563       0xeb .\ARM_GCC_541\Debug\DTMF_RX.a(HF_DAC_1_VDAC8.o)
 .debug_abbrev  0x0000164e       0x8b .\ARM_GCC_541\Debug\DTMF_RX.a(LF_DAC_1_Wave1_DMA_dma.o)
 .debug_abbrev  0x000016d9       0x8b .\ARM_GCC_541\Debug\DTMF_RX.a(LF_DAC_1_Wave2_DMA_dma.o)
 .debug_abbrev  0x00001764       0xeb .\ARM_GCC_541\Debug\DTMF_RX.a(LF_DAC_1_VDAC8.o)
 .debug_abbrev  0x0000184f      0x11d .\ARM_GCC_541\Debug\DTMF_RX.a(HF_DAC_CLK.o)
 .debug_abbrev  0x0000196c      0x11d .\ARM_GCC_541\Debug\DTMF_RX.a(LF_DAC_CLK.o)
 .debug_abbrev  0x00001a89       0x14 .\ARM_GCC_541\Debug\DTMF_RX.a(CyBootAsmGnu.o)
 .debug_abbrev  0x00001a9d      0x13c .\ARM_GCC_541\Debug\DTMF_RX.a(CyFlash.o)
 .debug_abbrev  0x00001bd9      0x16c .\ARM_GCC_541\Debug\DTMF_RX.a(CySpc.o)

.debug_line     0x00000000     0x32b8
 *(.debug_line)
 .debug_line    0x00000000      0x39d .\ARM_GCC_541\Debug\main.o
 .debug_line    0x0000039d      0x230 .\ARM_GCC_541\Debug\cyfitter_cfg.o
 .debug_line    0x000005cd      0x141 .\ARM_GCC_541\Debug\cymetadata.o
 .debug_line    0x0000070e      0x1db .\ARM_GCC_541\Debug\Cm3Start.o
 .debug_line    0x000008e9      0x362 .\ARM_GCC_541\Debug\DTMF_RX.a(ADC_DelSig_1.o)
 .debug_line    0x00000c4b       0x95 .\ARM_GCC_541\Debug\DTMF_RX.a(ADC_DelSig_1_INT.o)
 .debug_line    0x00000ce0      0x1b6 .\ARM_GCC_541\Debug\DTMF_RX.a(ADC_DelSig_1_Ext_CP_Clk.o)
 .debug_line    0x00000e96      0x1d7 .\ARM_GCC_541\Debug\DTMF_RX.a(ADC_DelSig_1_theACLK.o)
 .debug_line    0x0000106d      0x2b6 .\ARM_GCC_541\Debug\DTMF_RX.a(CyDmac.o)
 .debug_line    0x00001323      0x883 .\ARM_GCC_541\Debug\DTMF_RX.a(CyLib.o)
 .debug_line    0x00001ba6      0x38e .\ARM_GCC_541\Debug\DTMF_RX.a(cyPm.o)
 .debug_line    0x00001f34      0x2e4 .\ARM_GCC_541\Debug\DTMF_RX.a(UART_1.o)
 .debug_line    0x00002218      0x1ae .\ARM_GCC_541\Debug\DTMF_RX.a(UART_1_IntClock.o)
 .debug_line    0x000023c6       0x96 .\ARM_GCC_541\Debug\DTMF_RX.a(HF_SW1.o)
 .debug_line    0x0000245c       0x96 .\ARM_GCC_541\Debug\DTMF_RX.a(LF_SW1.o)
 .debug_line    0x000024f2       0xf0 .\ARM_GCC_541\Debug\DTMF_RX.a(HF_DAC_1.o)
 .debug_line    0x000025e2       0xf0 .\ARM_GCC_541\Debug\DTMF_RX.a(LF_DAC_1.o)
 .debug_line    0x000026d2       0x85 .\ARM_GCC_541\Debug\DTMF_RX.a(HF_DAC_1_Wave1_DMA_dma.o)
 .debug_line    0x00002757       0x85 .\ARM_GCC_541\Debug\DTMF_RX.a(HF_DAC_1_Wave2_DMA_dma.o)
 .debug_line    0x000027dc       0xf6 .\ARM_GCC_541\Debug\DTMF_RX.a(HF_DAC_1_VDAC8.o)
 .debug_line    0x000028d2       0x85 .\ARM_GCC_541\Debug\DTMF_RX.a(LF_DAC_1_Wave1_DMA_dma.o)
 .debug_line    0x00002957       0x85 .\ARM_GCC_541\Debug\DTMF_RX.a(LF_DAC_1_Wave2_DMA_dma.o)
 .debug_line    0x000029dc       0xf6 .\ARM_GCC_541\Debug\DTMF_RX.a(LF_DAC_1_VDAC8.o)
 .debug_line    0x00002ad2      0x1a9 .\ARM_GCC_541\Debug\DTMF_RX.a(HF_DAC_CLK.o)
 .debug_line    0x00002c7b      0x1a9 .\ARM_GCC_541\Debug\DTMF_RX.a(LF_DAC_CLK.o)
 .debug_line    0x00002e24       0x7d .\ARM_GCC_541\Debug\DTMF_RX.a(CyBootAsmGnu.o)
 .debug_line    0x00002ea1      0x205 .\ARM_GCC_541\Debug\DTMF_RX.a(CyFlash.o)
 .debug_line    0x000030a6      0x212 .\ARM_GCC_541\Debug\DTMF_RX.a(CySpc.o)

.debug_frame    0x00000000     0x3950
 *(.debug_frame)
 .debug_frame   0x00000000      0x194 .\ARM_GCC_541\Debug\main.o
 .debug_frame   0x00000194      0x16c .\ARM_GCC_541\Debug\cyfitter_cfg.o
 .debug_frame   0x00000300       0xd8 .\ARM_GCC_541\Debug\Cm3Start.o
 .debug_frame   0x000003d8      0x40c .\ARM_GCC_541\Debug\DTMF_RX.a(ADC_DelSig_1.o)
 .debug_frame   0x000007e4       0xa0 .\ARM_GCC_541\Debug\DTMF_RX.a(ADC_DelSig_1_INT.o)
 .debug_frame   0x00000884      0x1b4 .\ARM_GCC_541\Debug\DTMF_RX.a(ADC_DelSig_1_Ext_CP_Clk.o)
 .debug_frame   0x00000a38      0x200 .\ARM_GCC_541\Debug\DTMF_RX.a(ADC_DelSig_1_theACLK.o)
 .debug_frame   0x00000c38      0x3d0 .\ARM_GCC_541\Debug\DTMF_RX.a(CyDmac.o)
 .debug_frame   0x00001008      0xc0c .\ARM_GCC_541\Debug\DTMF_RX.a(CyLib.o)
 .debug_frame   0x00001c14      0x234 .\ARM_GCC_541\Debug\DTMF_RX.a(cyPm.o)
 .debug_frame   0x00001e48      0x42c .\ARM_GCC_541\Debug\DTMF_RX.a(UART_1.o)
 .debug_frame   0x00002274      0x1b4 .\ARM_GCC_541\Debug\DTMF_RX.a(UART_1_IntClock.o)
 .debug_frame   0x00002428       0xa8 .\ARM_GCC_541\Debug\DTMF_RX.a(HF_SW1.o)
 .debug_frame   0x000024d0       0xa8 .\ARM_GCC_541\Debug\DTMF_RX.a(LF_SW1.o)
 .debug_frame   0x00002578       0xf8 .\ARM_GCC_541\Debug\DTMF_RX.a(HF_DAC_1.o)
 .debug_frame   0x00002670       0xf8 .\ARM_GCC_541\Debug\DTMF_RX.a(LF_DAC_1.o)
 .debug_frame   0x00002768       0x58 .\ARM_GCC_541\Debug\DTMF_RX.a(HF_DAC_1_Wave1_DMA_dma.o)
 .debug_frame   0x000027c0       0x58 .\ARM_GCC_541\Debug\DTMF_RX.a(HF_DAC_1_Wave2_DMA_dma.o)
 .debug_frame   0x00002818      0x130 .\ARM_GCC_541\Debug\DTMF_RX.a(HF_DAC_1_VDAC8.o)
 .debug_frame   0x00002948       0x58 .\ARM_GCC_541\Debug\DTMF_RX.a(LF_DAC_1_Wave1_DMA_dma.o)
 .debug_frame   0x000029a0       0x58 .\ARM_GCC_541\Debug\DTMF_RX.a(LF_DAC_1_Wave2_DMA_dma.o)
 .debug_frame   0x000029f8      0x130 .\ARM_GCC_541\Debug\DTMF_RX.a(LF_DAC_1_VDAC8.o)
 .debug_frame   0x00002b28      0x1b4 .\ARM_GCC_541\Debug\DTMF_RX.a(HF_DAC_CLK.o)
 .debug_frame   0x00002cdc      0x1b4 .\ARM_GCC_541\Debug\DTMF_RX.a(LF_DAC_CLK.o)
 .debug_frame   0x00002e90      0x210 .\ARM_GCC_541\Debug\DTMF_RX.a(CyFlash.o)
 .debug_frame   0x000030a0      0x1f8 .\ARM_GCC_541\Debug\DTMF_RX.a(CySpc.o)
 .debug_frame   0x00003298       0x38 c:/program files (x86)/cypress/psoc creator/4.1/psoc creator/import/gnu/arm/5.4.1/bin/../lib/gcc/arm-none-eabi/5.4.1/../../../../arm-none-eabi/lib/armv7-m\libm.a(lib_a-s_cos.o)
 .debug_frame   0x000032d0       0x38 c:/program files (x86)/cypress/psoc creator/4.1/psoc creator/import/gnu/arm/5.4.1/bin/../lib/gcc/arm-none-eabi/5.4.1/../../../../arm-none-eabi/lib/armv7-m\libm.a(lib_a-s_sin.o)
 .debug_frame   0x00003308       0x44 c:/program files (x86)/cypress/psoc creator/4.1/psoc creator/import/gnu/arm/5.4.1/bin/../lib/gcc/arm-none-eabi/5.4.1/../../../../arm-none-eabi/lib/armv7-m\libm.a(lib_a-w_sqrt.o)
 .debug_frame   0x0000334c       0x48 c:/program files (x86)/cypress/psoc creator/4.1/psoc creator/import/gnu/arm/5.4.1/bin/../lib/gcc/arm-none-eabi/5.4.1/../../../../arm-none-eabi/lib/armv7-m\libm.a(lib_a-e_rem_pio2.o)
 .debug_frame   0x00003394       0x30 c:/program files (x86)/cypress/psoc creator/4.1/psoc creator/import/gnu/arm/5.4.1/bin/../lib/gcc/arm-none-eabi/5.4.1/../../../../arm-none-eabi/lib/armv7-m\libm.a(lib_a-e_sqrt.o)
 .debug_frame   0x000033c4       0x4c c:/program files (x86)/cypress/psoc creator/4.1/psoc creator/import/gnu/arm/5.4.1/bin/../lib/gcc/arm-none-eabi/5.4.1/../../../../arm-none-eabi/lib/armv7-m\libm.a(lib_a-k_cos.o)
 .debug_frame   0x00003410       0x50 c:/program files (x86)/cypress/psoc creator/4.1/psoc creator/import/gnu/arm/5.4.1/bin/../lib/gcc/arm-none-eabi/5.4.1/../../../../arm-none-eabi/lib/armv7-m\libm.a(lib_a-k_rem_pio2.o)
 .debug_frame   0x00003460       0x48 c:/program files (x86)/cypress/psoc creator/4.1/psoc creator/import/gnu/arm/5.4.1/bin/../lib/gcc/arm-none-eabi/5.4.1/../../../../arm-none-eabi/lib/armv7-m\libm.a(lib_a-k_sin.o)
 .debug_frame   0x000034a8       0x20 c:/program files (x86)/cypress/psoc creator/4.1/psoc creator/import/gnu/arm/5.4.1/bin/../lib/gcc/arm-none-eabi/5.4.1/../../../../arm-none-eabi/lib/armv7-m\libm.a(lib_a-s_fabs.o)
 .debug_frame   0x000034c8       0x34 c:/program files (x86)/cypress/psoc creator/4.1/psoc creator/import/gnu/arm/5.4.1/bin/../lib/gcc/arm-none-eabi/5.4.1/../../../../arm-none-eabi/lib/armv7-m\libm.a(lib_a-s_floor.o)
 .debug_frame   0x000034fc       0x20 c:/program files (x86)/cypress/psoc creator/4.1/psoc creator/import/gnu/arm/5.4.1/bin/../lib/gcc/arm-none-eabi/5.4.1/../../../../arm-none-eabi/lib/armv7-m\libm.a(lib_a-s_matherr.o)
 .debug_frame   0x0000351c       0x30 c:/program files (x86)/cypress/psoc creator/4.1/psoc creator/import/gnu/arm/5.4.1/bin/../lib/gcc/arm-none-eabi/5.4.1/../../../../arm-none-eabi/lib/armv7-m\libm.a(lib_a-s_scalbn.o)
 .debug_frame   0x0000354c       0x20 c:/program files (x86)/cypress/psoc creator/4.1/psoc creator/import/gnu/arm/5.4.1/bin/../lib/gcc/arm-none-eabi/5.4.1/../../../../arm-none-eabi/lib/armv7-m\libm.a(lib_a-s_copysign.o)
 .debug_frame   0x0000356c       0x20 c:/program files (x86)/cypress/psoc creator/4.1/psoc creator/import/gnu/arm/5.4.1/bin/../lib/gcc/arm-none-eabi/5.4.1/../../../../arm-none-eabi/lib/armv7-m\libg_nano.a(lib_a-errno.o)
 .debug_frame   0x0000358c       0x28 c:/program files (x86)/cypress/psoc creator/4.1/psoc creator/import/gnu/arm/5.4.1/bin/../lib/gcc/arm-none-eabi/5.4.1/../../../../arm-none-eabi/lib/armv7-m\libg_nano.a(lib_a-exit.o)
 .debug_frame   0x000035b4       0x2c c:/program files (x86)/cypress/psoc creator/4.1/psoc creator/import/gnu/arm/5.4.1/bin/../lib/gcc/arm-none-eabi/5.4.1/../../../../arm-none-eabi/lib/armv7-m\libg_nano.a(lib_a-init.o)
 .debug_frame   0x000035e0       0x28 c:/program files (x86)/cypress/psoc creator/4.1/psoc creator/import/gnu/arm/5.4.1/bin/../lib/gcc/arm-none-eabi/5.4.1/../../../../arm-none-eabi/lib/armv7-m\libg_nano.a(lib_a-memcpy-stub.o)
 .debug_frame   0x00003608       0x20 c:/program files (x86)/cypress/psoc creator/4.1/psoc creator/import/gnu/arm/5.4.1/bin/../lib/gcc/arm-none-eabi/5.4.1/../../../../arm-none-eabi/lib/armv7-m\libg_nano.a(lib_a-memset.o)
 .debug_frame   0x00003628       0x70 c:/program files (x86)/cypress/psoc creator/4.1/psoc creator/import/gnu/arm/5.4.1/bin/../lib/gcc/arm-none-eabi/5.4.1/../../../../arm-none-eabi/lib/armv7-m\libg_nano.a(lib_a-sprintf.o)
 .debug_frame   0x00003698       0x90 c:/program files (x86)/cypress/psoc creator/4.1/psoc creator/import/gnu/arm/5.4.1/bin/../lib/gcc/arm-none-eabi/5.4.1/../../../../arm-none-eabi/lib/armv7-m\libg_nano.a(lib_a-nano-svfprintf.o)
 .debug_frame   0x00003728       0x60 c:/program files (x86)/cypress/psoc creator/4.1/psoc creator/import/gnu/arm/5.4.1/bin/../lib/gcc/arm-none-eabi/5.4.1/../../../../arm-none-eabi/lib/armv7-m\libg_nano.a(lib_a-nano-vfprintf_i.o)
 .debug_frame   0x00003788       0x28 c:/program files (x86)/cypress/psoc creator/4.1/psoc creator/import/gnu/arm/5.4.1/bin/../lib/gcc/arm-none-eabi/5.4.1/../../../../arm-none-eabi/lib/armv7-m\libg_nano.a(lib_a-memchr-stub.o)
 .debug_frame   0x000037b0       0x28 c:/program files (x86)/cypress/psoc creator/4.1/psoc creator/import/gnu/arm/5.4.1/bin/../lib/gcc/arm-none-eabi/5.4.1/../../../../arm-none-eabi/lib/armv7-m\libg_nano.a(lib_a-memmove.o)
 .debug_frame   0x000037d8       0x38 c:/program files (x86)/cypress/psoc creator/4.1/psoc creator/import/gnu/arm/5.4.1/bin/../lib/gcc/arm-none-eabi/5.4.1/../../../../arm-none-eabi/lib/armv7-m\libg_nano.a(lib_a-nano-freer.o)
 .debug_frame   0x00003810       0x2c c:/program files (x86)/cypress/psoc creator/4.1/psoc creator/import/gnu/arm/5.4.1/bin/../lib/gcc/arm-none-eabi/5.4.1/../../../../arm-none-eabi/lib/armv7-m\libg_nano.a(lib_a-nano-mallocr.o)
 .debug_frame   0x0000383c       0x3c c:/program files (x86)/cypress/psoc creator/4.1/psoc creator/import/gnu/arm/5.4.1/bin/../lib/gcc/arm-none-eabi/5.4.1/../../../../arm-none-eabi/lib/armv7-m\libg_nano.a(lib_a-nano-reallocr.o)
 .debug_frame   0x00003878       0x2c c:/program files (x86)/cypress/psoc creator/4.1/psoc creator/import/gnu/arm/5.4.1/bin/../lib/gcc/arm-none-eabi/5.4.1/../../../../arm-none-eabi/lib/armv7-m\libg_nano.a(lib_a-sbrkr.o)
 .debug_frame   0x000038a4       0x30 c:/program files (x86)/cypress/psoc creator/4.1/psoc creator/import/gnu/arm/5.4.1/bin/../lib/gcc/arm-none-eabi/5.4.1/../../../../arm-none-eabi/lib/armv7-m\libg_nano.a(lib_a-mlock.o)
 .debug_frame   0x000038d4       0x20 c:/program files (x86)/cypress/psoc creator/4.1/psoc creator/import/gnu/arm/5.4.1/bin/../lib/gcc/arm-none-eabi/5.4.1/../../../../arm-none-eabi/lib/armv7-m\libg_nano.a(lib_a-nano-msizer.o)
 .debug_frame   0x000038f4       0x5c c:/program files (x86)/cypress/psoc creator/4.1/psoc creator/import/gnu/arm/5.4.1/bin/../lib/gcc/arm-none-eabi/5.4.1/../../../../arm-none-eabi/lib/armv7-m\libg_nano.a(lib_a-reent.o)

.debug_str      0x00000000     0x2e6b
 *(.debug_str)
 .debug_str     0x00000000      0x334 .\ARM_GCC_541\Debug\main.o
                                0x3ae (size before relaxing)
 .debug_str     0x00000334      0x1a3 .\ARM_GCC_541\Debug\cyfitter_cfg.o
                                0x387 (size before relaxing)
 .debug_str     0x000004d7       0x7f .\ARM_GCC_541\Debug\cymetadata.o
                                0x233 (size before relaxing)
 .debug_str     0x00000556      0x123 .\ARM_GCC_541\Debug\Cm3Start.o
                                0x326 (size before relaxing)
 .debug_str     0x00000679      0x43e .\ARM_GCC_541\Debug\DTMF_RX.a(ADC_DelSig_1.o)
                                0x672 (size before relaxing)
 .debug_str     0x00000ab7       0x72 .\ARM_GCC_541\Debug\DTMF_RX.a(ADC_DelSig_1_INT.o)
                                0x23c (size before relaxing)
 .debug_str     0x00000b29      0x220 .\ARM_GCC_541\Debug\DTMF_RX.a(ADC_DelSig_1_Ext_CP_Clk.o)
                                0x3fd (size before relaxing)
 .debug_str     0x00000d49      0x208 .\ARM_GCC_541\Debug\DTMF_RX.a(ADC_DelSig_1_theACLK.o)
                                0x42e (size before relaxing)
 .debug_str     0x00000f51      0x36f .\ARM_GCC_541\Debug\DTMF_RX.a(CyDmac.o)
                                0x56c (size before relaxing)
 .debug_str     0x000012c0      0x7de .\ARM_GCC_541\Debug\DTMF_RX.a(CyLib.o)
                                0xa39 (size before relaxing)
 .debug_str     0x00001a9e      0x371 .\ARM_GCC_541\Debug\DTMF_RX.a(cyPm.o)
                                0x592 (size before relaxing)
 .debug_str     0x00001e0f      0x2a1 .\ARM_GCC_541\Debug\DTMF_RX.a(UART_1.o)
                                0x4aa (size before relaxing)
 .debug_str     0x000020b0      0x177 .\ARM_GCC_541\Debug\DTMF_RX.a(UART_1_IntClock.o)
                                0x39d (size before relaxing)
 .debug_str     0x00002227       0x6b .\ARM_GCC_541\Debug\DTMF_RX.a(HF_SW1.o)
                                0x236 (size before relaxing)
 .debug_str     0x00002292       0x60 .\ARM_GCC_541\Debug\DTMF_RX.a(LF_SW1.o)
                                0x236 (size before relaxing)
 .debug_str     0x000022f2      0x14a .\ARM_GCC_541\Debug\DTMF_RX.a(HF_DAC_1.o)
                                0x328 (size before relaxing)
 .debug_str     0x0000243c      0x10d .\ARM_GCC_541\Debug\DTMF_RX.a(LF_DAC_1.o)
                                0x328 (size before relaxing)
 .debug_str     0x00002549       0xc7 .\ARM_GCC_541\Debug\DTMF_RX.a(HF_DAC_1_Wave1_DMA_dma.o)
                                0x29e (size before relaxing)
 .debug_str     0x00002610       0x8c .\ARM_GCC_541\Debug\DTMF_RX.a(HF_DAC_1_Wave2_DMA_dma.o)
                                0x29e (size before relaxing)
 .debug_str     0x0000269c       0xfd .\ARM_GCC_541\Debug\DTMF_RX.a(HF_DAC_1_VDAC8.o)
                                0x2c8 (size before relaxing)
 .debug_str     0x00002799       0x8c .\ARM_GCC_541\Debug\DTMF_RX.a(LF_DAC_1_Wave1_DMA_dma.o)
                                0x29e (size before relaxing)
 .debug_str     0x00002825       0x8c .\ARM_GCC_541\Debug\DTMF_RX.a(LF_DAC_1_Wave2_DMA_dma.o)
                                0x29e (size before relaxing)
 .debug_str     0x000028b1       0xf1 .\ARM_GCC_541\Debug\DTMF_RX.a(LF_DAC_1_VDAC8.o)
                                0x2c8 (size before relaxing)
 .debug_str     0x000029a2      0x13b .\ARM_GCC_541\Debug\DTMF_RX.a(HF_DAC_CLK.o)
                                0x361 (size before relaxing)
 .debug_str     0x00002add      0x13b .\ARM_GCC_541\Debug\DTMF_RX.a(LF_DAC_CLK.o)
                                0x361 (size before relaxing)
 .debug_str     0x00002c18      0x145 .\ARM_GCC_541\Debug\DTMF_RX.a(CyFlash.o)
                                0x345 (size before relaxing)
 .debug_str     0x00002d5d      0x10e .\ARM_GCC_541\Debug\DTMF_RX.a(CySpc.o)
                                0x342 (size before relaxing)

.debug_loc
 *(.debug_loc)

.debug_macinfo
 *(.debug_macinfo)

.debug_ranges   0x00000000      0xb28
 *(.debug_ranges)
 .debug_ranges  0x00000000       0x58 .\ARM_GCC_541\Debug\main.o
 .debug_ranges  0x00000058       0x50 .\ARM_GCC_541\Debug\cyfitter_cfg.o
 .debug_ranges  0x000000a8       0x38 .\ARM_GCC_541\Debug\Cm3Start.o
 .debug_ranges  0x000000e0       0xd8 .\ARM_GCC_541\Debug\DTMF_RX.a(ADC_DelSig_1.o)
 .debug_ranges  0x000001b8       0x28 .\ARM_GCC_541\Debug\DTMF_RX.a(ADC_DelSig_1_INT.o)
 .debug_ranges  0x000001e0       0x60 .\ARM_GCC_541\Debug\DTMF_RX.a(ADC_DelSig_1_Ext_CP_Clk.o)
 .debug_ranges  0x00000240       0x70 .\ARM_GCC_541\Debug\DTMF_RX.a(ADC_DelSig_1_theACLK.o)
 .debug_ranges  0x000002b0       0xc8 .\ARM_GCC_541\Debug\DTMF_RX.a(CyDmac.o)
 .debug_ranges  0x00000378      0x290 .\ARM_GCC_541\Debug\DTMF_RX.a(CyLib.o)
 .debug_ranges  0x00000608       0x88 .\ARM_GCC_541\Debug\DTMF_RX.a(cyPm.o)
 .debug_ranges  0x00000690       0xe0 .\ARM_GCC_541\Debug\DTMF_RX.a(UART_1.o)
 .debug_ranges  0x00000770       0x60 .\ARM_GCC_541\Debug\DTMF_RX.a(UART_1_IntClock.o)
 .debug_ranges  0x000007d0       0x28 .\ARM_GCC_541\Debug\DTMF_RX.a(HF_SW1.o)
 .debug_ranges  0x000007f8       0x28 .\ARM_GCC_541\Debug\DTMF_RX.a(LF_SW1.o)
 .debug_ranges  0x00000820       0x40 .\ARM_GCC_541\Debug\DTMF_RX.a(HF_DAC_1.o)
 .debug_ranges  0x00000860       0x40 .\ARM_GCC_541\Debug\DTMF_RX.a(LF_DAC_1.o)
 .debug_ranges  0x000008a0       0x18 .\ARM_GCC_541\Debug\DTMF_RX.a(HF_DAC_1_Wave1_DMA_dma.o)
 .debug_ranges  0x000008b8       0x18 .\ARM_GCC_541\Debug\DTMF_RX.a(HF_DAC_1_Wave2_DMA_dma.o)
 .debug_ranges  0x000008d0       0x48 .\ARM_GCC_541\Debug\DTMF_RX.a(HF_DAC_1_VDAC8.o)
 .debug_ranges  0x00000918       0x18 .\ARM_GCC_541\Debug\DTMF_RX.a(LF_DAC_1_Wave1_DMA_dma.o)
 .debug_ranges  0x00000930       0x18 .\ARM_GCC_541\Debug\DTMF_RX.a(LF_DAC_1_Wave2_DMA_dma.o)
 .debug_ranges  0x00000948       0x48 .\ARM_GCC_541\Debug\DTMF_RX.a(LF_DAC_1_VDAC8.o)
 .debug_ranges  0x00000990       0x60 .\ARM_GCC_541\Debug\DTMF_RX.a(HF_DAC_CLK.o)
 .debug_ranges  0x000009f0       0x60 .\ARM_GCC_541\Debug\DTMF_RX.a(LF_DAC_CLK.o)
 .debug_ranges  0x00000a50       0x70 .\ARM_GCC_541\Debug\DTMF_RX.a(CyFlash.o)
 .debug_ranges  0x00000ac0       0x68 .\ARM_GCC_541\Debug\DTMF_RX.a(CySpc.o)

.comment        0x00000000       0x6e
 .comment       0x00000000       0x6e .\ARM_GCC_541\Debug\main.o
                                 0x6f (size before relaxing)
 .comment       0x0000006e       0x6f .\ARM_GCC_541\Debug\cyfitter_cfg.o
 .comment       0x0000006e       0x6f .\ARM_GCC_541\Debug\cymetadata.o
 .comment       0x0000006e       0x6f .\ARM_GCC_541\Debug\Cm3Start.o
 .comment       0x0000006e       0x6f .\ARM_GCC_541\Debug\DTMF_RX.a(ADC_DelSig_1.o)
 .comment       0x0000006e       0x6f .\ARM_GCC_541\Debug\DTMF_RX.a(ADC_DelSig_1_INT.o)
 .comment       0x0000006e       0x6f .\ARM_GCC_541\Debug\DTMF_RX.a(ADC_DelSig_1_Ext_CP_Clk.o)
 .comment       0x0000006e       0x6f .\ARM_GCC_541\Debug\DTMF_RX.a(ADC_DelSig_1_theACLK.o)
 .comment       0x0000006e       0x6f .\ARM_GCC_541\Debug\DTMF_RX.a(CyDmac.o)
 .comment       0x0000006e       0x6f .\ARM_GCC_541\Debug\DTMF_RX.a(CyLib.o)
 .comment       0x0000006e       0x6f .\ARM_GCC_541\Debug\DTMF_RX.a(cyPm.o)
 .comment       0x0000006e       0x6f .\ARM_GCC_541\Debug\DTMF_RX.a(UART_1.o)
 .comment       0x0000006e       0x6f .\ARM_GCC_541\Debug\DTMF_RX.a(UART_1_IntClock.o)
 .comment       0x0000006e       0x6f .\ARM_GCC_541\Debug\DTMF_RX.a(HF_SW1.o)
 .comment       0x0000006e       0x6f .\ARM_GCC_541\Debug\DTMF_RX.a(LF_SW1.o)
 .comment       0x0000006e       0x6f .\ARM_GCC_541\Debug\DTMF_RX.a(HF_DAC_1.o)
 .comment       0x0000006e       0x6f .\ARM_GCC_541\Debug\DTMF_RX.a(LF_DAC_1.o)
 .comment       0x0000006e       0x6f .\ARM_GCC_541\Debug\DTMF_RX.a(HF_DAC_1_Wave1_DMA_dma.o)
 .comment       0x0000006e       0x6f .\ARM_GCC_541\Debug\DTMF_RX.a(HF_DAC_1_Wave2_DMA_dma.o)
 .comment       0x0000006e       0x6f .\ARM_GCC_541\Debug\DTMF_RX.a(HF_DAC_1_VDAC8.o)
 .comment       0x0000006e       0x6f .\ARM_GCC_541\Debug\DTMF_RX.a(LF_DAC_1_Wave1_DMA_dma.o)
 .comment       0x0000006e       0x6f .\ARM_GCC_541\Debug\DTMF_RX.a(LF_DAC_1_Wave2_DMA_dma.o)
 .comment       0x0000006e       0x6f .\ARM_GCC_541\Debug\DTMF_RX.a(LF_DAC_1_VDAC8.o)
 .comment       0x0000006e       0x6f .\ARM_GCC_541\Debug\DTMF_RX.a(HF_DAC_CLK.o)
 .comment       0x0000006e       0x6f .\ARM_GCC_541\Debug\DTMF_RX.a(LF_DAC_CLK.o)
 .comment       0x0000006e       0x6f .\ARM_GCC_541\Debug\DTMF_RX.a(CyFlash.o)
 .comment       0x0000006e       0x6f .\ARM_GCC_541\Debug\DTMF_RX.a(CySpc.o)

.debug_weaknames
 *(.debug_weaknames)

.debug_funcnames
 *(.debug_funcnames)

.debug_typenames
 *(.debug_typenames)

.debug_varnames
 *(.debug_varnames)

.note.gnu.arm.ident
 *(.note.gnu.arm.ident)

.ARM.attributes
                0x00000000       0x29
 *(.ARM.attributes)
 .ARM.attributes
                0x00000000       0x1d c:/program files (x86)/cypress/psoc creator/4.1/psoc creator/import/gnu/arm/5.4.1/bin/../lib/gcc/arm-none-eabi/5.4.1/armv7-m/crti.o
 .ARM.attributes
                0x0000001d       0x2d c:/program files (x86)/cypress/psoc creator/4.1/psoc creator/import/gnu/arm/5.4.1/bin/../lib/gcc/arm-none-eabi/5.4.1/armv7-m/crtbegin.o
 .ARM.attributes
                0x0000004a       0x1b c:/program files (x86)/cypress/psoc creator/4.1/psoc creator/import/gnu/arm/5.4.1/bin/../lib/gcc/arm-none-eabi/5.4.1/../../../../arm-none-eabi/lib/armv7-m/crt0.o
 .ARM.attributes
                0x00000065       0x33 .\ARM_GCC_541\Debug\main.o
 .ARM.attributes
                0x00000098       0x33 .\ARM_GCC_541\Debug\cyfitter_cfg.o
 .ARM.attributes
                0x000000cb       0x33 .\ARM_GCC_541\Debug\cymetadata.o
 .ARM.attributes
                0x000000fe       0x33 .\ARM_GCC_541\Debug\Cm3Start.o
 .ARM.attributes
                0x00000131       0x33 .\ARM_GCC_541\Debug\DTMF_RX.a(ADC_DelSig_1.o)
 .ARM.attributes
                0x00000164       0x33 .\ARM_GCC_541\Debug\DTMF_RX.a(ADC_DelSig_1_INT.o)
 .ARM.attributes
                0x00000197       0x33 .\ARM_GCC_541\Debug\DTMF_RX.a(ADC_DelSig_1_Ext_CP_Clk.o)
 .ARM.attributes
                0x000001ca       0x33 .\ARM_GCC_541\Debug\DTMF_RX.a(ADC_DelSig_1_theACLK.o)
 .ARM.attributes
                0x000001fd       0x33 .\ARM_GCC_541\Debug\DTMF_RX.a(CyDmac.o)
 .ARM.attributes
                0x00000230       0x33 .\ARM_GCC_541\Debug\DTMF_RX.a(CyLib.o)
 .ARM.attributes
                0x00000263       0x33 .\ARM_GCC_541\Debug\DTMF_RX.a(cyPm.o)
 .ARM.attributes
                0x00000296       0x33 .\ARM_GCC_541\Debug\DTMF_RX.a(UART_1.o)
 .ARM.attributes
                0x000002c9       0x33 .\ARM_GCC_541\Debug\DTMF_RX.a(UART_1_IntClock.o)
 .ARM.attributes
                0x000002fc       0x33 .\ARM_GCC_541\Debug\DTMF_RX.a(HF_SW1.o)
 .ARM.attributes
                0x0000032f       0x33 .\ARM_GCC_541\Debug\DTMF_RX.a(LF_SW1.o)
 .ARM.attributes
                0x00000362       0x33 .\ARM_GCC_541\Debug\DTMF_RX.a(HF_DAC_1.o)
 .ARM.attributes
                0x00000395       0x33 .\ARM_GCC_541\Debug\DTMF_RX.a(LF_DAC_1.o)
 .ARM.attributes
                0x000003c8       0x33 .\ARM_GCC_541\Debug\DTMF_RX.a(HF_DAC_1_Wave1_DMA_dma.o)
 .ARM.attributes
                0x000003fb       0x33 .\ARM_GCC_541\Debug\DTMF_RX.a(HF_DAC_1_Wave2_DMA_dma.o)
 .ARM.attributes
                0x0000042e       0x33 .\ARM_GCC_541\Debug\DTMF_RX.a(HF_DAC_1_VDAC8.o)
 .ARM.attributes
                0x00000461       0x33 .\ARM_GCC_541\Debug\DTMF_RX.a(LF_DAC_1_Wave1_DMA_dma.o)
 .ARM.attributes
                0x00000494       0x33 .\ARM_GCC_541\Debug\DTMF_RX.a(LF_DAC_1_Wave2_DMA_dma.o)
 .ARM.attributes
                0x000004c7       0x33 .\ARM_GCC_541\Debug\DTMF_RX.a(LF_DAC_1_VDAC8.o)
 .ARM.attributes
                0x000004fa       0x33 .\ARM_GCC_541\Debug\DTMF_RX.a(HF_DAC_CLK.o)
 .ARM.attributes
                0x0000052d       0x33 .\ARM_GCC_541\Debug\DTMF_RX.a(LF_DAC_CLK.o)
 .ARM.attributes
                0x00000560       0x21 .\ARM_GCC_541\Debug\DTMF_RX.a(CyBootAsmGnu.o)
 .ARM.attributes
                0x00000581       0x33 .\ARM_GCC_541\Debug\DTMF_RX.a(CyFlash.o)
 .ARM.attributes
                0x000005b4       0x33 .\ARM_GCC_541\Debug\DTMF_RX.a(CySpc.o)
 .ARM.attributes
                0x000005e7       0x2d c:/program files (x86)/cypress/psoc creator/4.1/psoc creator/import/gnu/arm/5.4.1/bin/../lib/gcc/arm-none-eabi/5.4.1/../../../../arm-none-eabi/lib/armv7-m\libm.a(lib_a-s_cos.o)
 .ARM.attributes
                0x00000614       0x2d c:/program files (x86)/cypress/psoc creator/4.1/psoc creator/import/gnu/arm/5.4.1/bin/../lib/gcc/arm-none-eabi/5.4.1/../../../../arm-none-eabi/lib/armv7-m\libm.a(lib_a-s_sin.o)
 .ARM.attributes
                0x00000641       0x2d c:/program files (x86)/cypress/psoc creator/4.1/psoc creator/import/gnu/arm/5.4.1/bin/../lib/gcc/arm-none-eabi/5.4.1/../../../../arm-none-eabi/lib/armv7-m\libm.a(lib_a-w_sqrt.o)
 .ARM.attributes
                0x0000066e       0x2d c:/program files (x86)/cypress/psoc creator/4.1/psoc creator/import/gnu/arm/5.4.1/bin/../lib/gcc/arm-none-eabi/5.4.1/../../../../arm-none-eabi/lib/armv7-m\libm.a(lib_a-e_rem_pio2.o)
 .ARM.attributes
                0x0000069b       0x2d c:/program files (x86)/cypress/psoc creator/4.1/psoc creator/import/gnu/arm/5.4.1/bin/../lib/gcc/arm-none-eabi/5.4.1/../../../../arm-none-eabi/lib/armv7-m\libm.a(lib_a-e_sqrt.o)
 .ARM.attributes
                0x000006c8       0x2d c:/program files (x86)/cypress/psoc creator/4.1/psoc creator/import/gnu/arm/5.4.1/bin/../lib/gcc/arm-none-eabi/5.4.1/../../../../arm-none-eabi/lib/armv7-m\libm.a(lib_a-k_cos.o)
 .ARM.attributes
                0x000006f5       0x2d c:/program files (x86)/cypress/psoc creator/4.1/psoc creator/import/gnu/arm/5.4.1/bin/../lib/gcc/arm-none-eabi/5.4.1/../../../../arm-none-eabi/lib/armv7-m\libm.a(lib_a-k_rem_pio2.o)
 .ARM.attributes
                0x00000722       0x2d c:/program files (x86)/cypress/psoc creator/4.1/psoc creator/import/gnu/arm/5.4.1/bin/../lib/gcc/arm-none-eabi/5.4.1/../../../../arm-none-eabi/lib/armv7-m\libm.a(lib_a-k_sin.o)
 .ARM.attributes
                0x0000074f       0x2d c:/program files (x86)/cypress/psoc creator/4.1/psoc creator/import/gnu/arm/5.4.1/bin/../lib/gcc/arm-none-eabi/5.4.1/../../../../arm-none-eabi/lib/armv7-m\libm.a(lib_a-s_fabs.o)
 .ARM.attributes
                0x0000077c       0x2d c:/program files (x86)/cypress/psoc creator/4.1/psoc creator/import/gnu/arm/5.4.1/bin/../lib/gcc/arm-none-eabi/5.4.1/../../../../arm-none-eabi/lib/armv7-m\libm.a(lib_a-s_floor.o)
 .ARM.attributes
                0x000007a9       0x2d c:/program files (x86)/cypress/psoc creator/4.1/psoc creator/import/gnu/arm/5.4.1/bin/../lib/gcc/arm-none-eabi/5.4.1/../../../../arm-none-eabi/lib/armv7-m\libm.a(lib_a-s_lib_ver.o)
 .ARM.attributes
                0x000007d6       0x2d c:/program files (x86)/cypress/psoc creator/4.1/psoc creator/import/gnu/arm/5.4.1/bin/../lib/gcc/arm-none-eabi/5.4.1/../../../../arm-none-eabi/lib/armv7-m\libm.a(lib_a-s_matherr.o)
 .ARM.attributes
                0x00000803       0x2d c:/program files (x86)/cypress/psoc creator/4.1/psoc creator/import/gnu/arm/5.4.1/bin/../lib/gcc/arm-none-eabi/5.4.1/../../../../arm-none-eabi/lib/armv7-m\libm.a(lib_a-s_scalbn.o)
 .ARM.attributes
                0x00000830       0x2d c:/program files (x86)/cypress/psoc creator/4.1/psoc creator/import/gnu/arm/5.4.1/bin/../lib/gcc/arm-none-eabi/5.4.1/../../../../arm-none-eabi/lib/armv7-m\libm.a(lib_a-s_copysign.o)
 .ARM.attributes
                0x0000085d       0x1d c:/program files (x86)/cypress/psoc creator/4.1/psoc creator/import/gnu/arm/5.4.1/bin/../lib/gcc/arm-none-eabi/5.4.1/armv7-m\libgcc.a(_arm_addsubdf3.o)
 .ARM.attributes
                0x0000087a       0x1d c:/program files (x86)/cypress/psoc creator/4.1/psoc creator/import/gnu/arm/5.4.1/bin/../lib/gcc/arm-none-eabi/5.4.1/armv7-m\libgcc.a(_arm_muldivdf3.o)
 .ARM.attributes
                0x00000897       0x1d c:/program files (x86)/cypress/psoc creator/4.1/psoc creator/import/gnu/arm/5.4.1/bin/../lib/gcc/arm-none-eabi/5.4.1/armv7-m\libgcc.a(_arm_cmpdf2.o)
 .ARM.attributes
                0x000008b4       0x1d c:/program files (x86)/cypress/psoc creator/4.1/psoc creator/import/gnu/arm/5.4.1/bin/../lib/gcc/arm-none-eabi/5.4.1/armv7-m\libgcc.a(_arm_unorddf2.o)
 .ARM.attributes
                0x000008d1       0x1d c:/program files (x86)/cypress/psoc creator/4.1/psoc creator/import/gnu/arm/5.4.1/bin/../lib/gcc/arm-none-eabi/5.4.1/armv7-m\libgcc.a(_arm_fixdfsi.o)
 .ARM.attributes
                0x000008ee       0x1d c:/program files (x86)/cypress/psoc creator/4.1/psoc creator/import/gnu/arm/5.4.1/bin/../lib/gcc/arm-none-eabi/5.4.1/armv7-m\libgcc.a(_arm_addsubsf3.o)
 .ARM.attributes
                0x0000090b       0x1d c:/program files (x86)/cypress/psoc creator/4.1/psoc creator/import/gnu/arm/5.4.1/bin/../lib/gcc/arm-none-eabi/5.4.1/armv7-m\libgcc.a(_arm_muldivsf3.o)
 .ARM.attributes
                0x00000928       0x1d c:/program files (x86)/cypress/psoc creator/4.1/psoc creator/import/gnu/arm/5.4.1/bin/../lib/gcc/arm-none-eabi/5.4.1/armv7-m\libgcc.a(_arm_fixunssfsi.o)
 .ARM.attributes
                0x00000945       0x2d c:/program files (x86)/cypress/psoc creator/4.1/psoc creator/import/gnu/arm/5.4.1/bin/../lib/gcc/arm-none-eabi/5.4.1/../../../../arm-none-eabi/lib/armv7-m\libg_nano.a(lib_a-errno.o)
 .ARM.attributes
                0x00000972       0x2d c:/program files (x86)/cypress/psoc creator/4.1/psoc creator/import/gnu/arm/5.4.1/bin/../lib/gcc/arm-none-eabi/5.4.1/../../../../arm-none-eabi/lib/armv7-m\libg_nano.a(lib_a-exit.o)
 .ARM.attributes
                0x0000099f       0x2d c:/program files (x86)/cypress/psoc creator/4.1/psoc creator/import/gnu/arm/5.4.1/bin/../lib/gcc/arm-none-eabi/5.4.1/../../../../arm-none-eabi/lib/armv7-m\libg_nano.a(lib_a-impure.o)
 .ARM.attributes
                0x000009cc       0x2d c:/program files (x86)/cypress/psoc creator/4.1/psoc creator/import/gnu/arm/5.4.1/bin/../lib/gcc/arm-none-eabi/5.4.1/../../../../arm-none-eabi/lib/armv7-m\libg_nano.a(lib_a-init.o)
 .ARM.attributes
                0x000009f9       0x2d c:/program files (x86)/cypress/psoc creator/4.1/psoc creator/import/gnu/arm/5.4.1/bin/../lib/gcc/arm-none-eabi/5.4.1/../../../../arm-none-eabi/lib/armv7-m\libg_nano.a(lib_a-memcpy-stub.o)
 .ARM.attributes
                0x00000a26       0x2d c:/program files (x86)/cypress/psoc creator/4.1/psoc creator/import/gnu/arm/5.4.1/bin/../lib/gcc/arm-none-eabi/5.4.1/../../../../arm-none-eabi/lib/armv7-m\libg_nano.a(lib_a-memset.o)
 .ARM.attributes
                0x00000a53       0x2d c:/program files (x86)/cypress/psoc creator/4.1/psoc creator/import/gnu/arm/5.4.1/bin/../lib/gcc/arm-none-eabi/5.4.1/../../../../arm-none-eabi/lib/armv7-m\libg_nano.a(lib_a-sprintf.o)
 .ARM.attributes
                0x00000a80       0x2d c:/program files (x86)/cypress/psoc creator/4.1/psoc creator/import/gnu/arm/5.4.1/bin/../lib/gcc/arm-none-eabi/5.4.1/../../../../arm-none-eabi/lib/armv7-m\libg_nano.a(lib_a-nano-svfprintf.o)
 .ARM.attributes
                0x00000aad       0x2d c:/program files (x86)/cypress/psoc creator/4.1/psoc creator/import/gnu/arm/5.4.1/bin/../lib/gcc/arm-none-eabi/5.4.1/../../../../arm-none-eabi/lib/armv7-m\libg_nano.a(lib_a-nano-vfprintf_i.o)
 .ARM.attributes
                0x00000ada       0x2d c:/program files (x86)/cypress/psoc creator/4.1/psoc creator/import/gnu/arm/5.4.1/bin/../lib/gcc/arm-none-eabi/5.4.1/../../../../arm-none-eabi/lib/armv7-m\libg_nano.a(lib_a-memchr-stub.o)
 .ARM.attributes
                0x00000b07       0x2d c:/program files (x86)/cypress/psoc creator/4.1/psoc creator/import/gnu/arm/5.4.1/bin/../lib/gcc/arm-none-eabi/5.4.1/../../../../arm-none-eabi/lib/armv7-m\libg_nano.a(lib_a-memmove.o)
 .ARM.attributes
                0x00000b34       0x2d c:/program files (x86)/cypress/psoc creator/4.1/psoc creator/import/gnu/arm/5.4.1/bin/../lib/gcc/arm-none-eabi/5.4.1/../../../../arm-none-eabi/lib/armv7-m\libg_nano.a(lib_a-nano-freer.o)
 .ARM.attributes
                0x00000b61       0x2d c:/program files (x86)/cypress/psoc creator/4.1/psoc creator/import/gnu/arm/5.4.1/bin/../lib/gcc/arm-none-eabi/5.4.1/../../../../arm-none-eabi/lib/armv7-m\libg_nano.a(lib_a-nano-mallocr.o)
 .ARM.attributes
                0x00000b8e       0x2d c:/program files (x86)/cypress/psoc creator/4.1/psoc creator/import/gnu/arm/5.4.1/bin/../lib/gcc/arm-none-eabi/5.4.1/../../../../arm-none-eabi/lib/armv7-m\libg_nano.a(lib_a-nano-reallocr.o)
 .ARM.attributes
                0x00000bbb       0x2d c:/program files (x86)/cypress/psoc creator/4.1/psoc creator/import/gnu/arm/5.4.1/bin/../lib/gcc/arm-none-eabi/5.4.1/../../../../arm-none-eabi/lib/armv7-m\libg_nano.a(lib_a-sbrkr.o)
 .ARM.attributes
                0x00000be8       0x2d c:/program files (x86)/cypress/psoc creator/4.1/psoc creator/import/gnu/arm/5.4.1/bin/../lib/gcc/arm-none-eabi/5.4.1/../../../../arm-none-eabi/lib/armv7-m\libg_nano.a(lib_a-mlock.o)
 .ARM.attributes
                0x00000c15       0x2d c:/program files (x86)/cypress/psoc creator/4.1/psoc creator/import/gnu/arm/5.4.1/bin/../lib/gcc/arm-none-eabi/5.4.1/../../../../arm-none-eabi/lib/armv7-m\libg_nano.a(lib_a-nano-msizer.o)
 .ARM.attributes
                0x00000c42       0x2d c:/program files (x86)/cypress/psoc creator/4.1/psoc creator/import/gnu/arm/5.4.1/bin/../lib/gcc/arm-none-eabi/5.4.1/../../../../arm-none-eabi/lib/armv7-m\libg_nano.a(lib_a-reent.o)
 .ARM.attributes
                0x00000c6f       0x2d c:/program files (x86)/cypress/psoc creator/4.1/psoc creator/import/gnu/arm/5.4.1/bin/../lib/gcc/arm-none-eabi/5.4.1/armv7-m/crtend.o
 .ARM.attributes
                0x00000c9c       0x1d c:/program files (x86)/cypress/psoc creator/4.1/psoc creator/import/gnu/arm/5.4.1/bin/../lib/gcc/arm-none-eabi/5.4.1/armv7-m/crtn.o

/DISCARD/
 *(.note.GNU-stack)
OUTPUT(C:\Users\riveraes\Documents\LaptopPublic\Maestria\MP6157_Adquisicion y procesamiento de datos\DualToneMultiFrequency\DTMF_Projects\DTMF_RX.cydsn\ARM_GCC_541\Debug\DTMF_RX.elf elf32-littlearm)
