Archive member included to satisfy reference by file (symbol)

.\ARM_GCC_541\Debug\DTMF_TX.a(ADC_DelSig_1.o)
                              .\ARM_GCC_541\Debug\main.o (ADC_DelSig_1_Start)
.\ARM_GCC_541\Debug\DTMF_TX.a(ADC_DelSig_1_INT.o)
                              .\ARM_GCC_541\Debug\DTMF_TX.a(ADC_DelSig_1.o) (ADC_DelSig_1_ISR1)
.\ARM_GCC_541\Debug\DTMF_TX.a(ADC_DelSig_1_AMux.o)
                              .\ARM_GCC_541\Debug\DTMF_TX.a(ADC_DelSig_1.o) (ADC_DelSig_1_AMux_Select)
.\ARM_GCC_541\Debug\DTMF_TX.a(ADC_DelSig_1_Ext_CP_Clk.o)
                              .\ARM_GCC_541\Debug\DTMF_TX.a(ADC_DelSig_1.o) (ADC_DelSig_1_Ext_CP_Clk_SetDividerRegister)
.\ARM_GCC_541\Debug\DTMF_TX.a(ADC_DelSig_1_theACLK.o)
                              .\ARM_GCC_541\Debug\DTMF_TX.a(ADC_DelSig_1.o) (ADC_DelSig_1_theACLK_SetDividerRegister)
.\ARM_GCC_541\Debug\DTMF_TX.a(CyDmac.o)
                              .\ARM_GCC_541\Debug\Cm3Start.o (CyDmacConfigure)
.\ARM_GCC_541\Debug\DTMF_TX.a(CyLib.o)
                              .\ARM_GCC_541\Debug\Cm3Start.o (CyResetStatus)
.\ARM_GCC_541\Debug\DTMF_TX.a(cyPm.o)
                              .\ARM_GCC_541\Debug\DTMF_TX.a(CyLib.o) (CyPmReadStatus)
.\ARM_GCC_541\Debug\DTMF_TX.a(UART_1.o)
                              .\ARM_GCC_541\Debug\main.o (UART_1_Start)
.\ARM_GCC_541\Debug\DTMF_TX.a(UART_1_IntClock.o)
                              .\ARM_GCC_541\Debug\DTMF_TX.a(UART_1.o) (UART_1_IntClock_Start)
.\ARM_GCC_541\Debug\DTMF_TX.a(Timer.o)
                              .\ARM_GCC_541\Debug\main.o (Timer_Start)
.\ARM_GCC_541\Debug\DTMF_TX.a(isr.o)
                              .\ARM_GCC_541\Debug\main.o (isr_StartEx)
.\ARM_GCC_541\Debug\DTMF_TX.a(HF_SW1.o)
                              .\ARM_GCC_541\Debug\main.o (HF_SW1_Write)
.\ARM_GCC_541\Debug\DTMF_TX.a(HF_SW2.o)
                              .\ARM_GCC_541\Debug\main.o (HF_SW2_Write)
.\ARM_GCC_541\Debug\DTMF_TX.a(LF_SW1.o)
                              .\ARM_GCC_541\Debug\main.o (LF_SW1_Write)
.\ARM_GCC_541\Debug\DTMF_TX.a(LF_SW2.o)
                              .\ARM_GCC_541\Debug\main.o (LF_SW2_Write)
.\ARM_GCC_541\Debug\DTMF_TX.a(HF_DAC_1.o)
                              .\ARM_GCC_541\Debug\main.o (HF_DAC_1_Start)
.\ARM_GCC_541\Debug\DTMF_TX.a(HF_DAC_1_PM.o)
                              .\ARM_GCC_541\Debug\main.o (HF_DAC_1_Sleep)
.\ARM_GCC_541\Debug\DTMF_TX.a(LF_DAC_1.o)
                              .\ARM_GCC_541\Debug\main.o (LF_DAC_1_Start)
.\ARM_GCC_541\Debug\DTMF_TX.a(LF_DAC_1_PM.o)
                              .\ARM_GCC_541\Debug\main.o (LF_DAC_1_Sleep)
.\ARM_GCC_541\Debug\DTMF_TX.a(HF_DAC_2.o)
                              .\ARM_GCC_541\Debug\main.o (HF_DAC_2_Start)
.\ARM_GCC_541\Debug\DTMF_TX.a(HF_DAC_2_PM.o)
                              .\ARM_GCC_541\Debug\main.o (HF_DAC_2_Sleep)
.\ARM_GCC_541\Debug\DTMF_TX.a(LF_DAC_2.o)
                              .\ARM_GCC_541\Debug\main.o (LF_DAC_2_Start)
.\ARM_GCC_541\Debug\DTMF_TX.a(LF_DAC_2_PM.o)
                              .\ARM_GCC_541\Debug\main.o (LF_DAC_2_Sleep)
.\ARM_GCC_541\Debug\DTMF_TX.a(HF_DAC_1_DacClk.o)
                              .\ARM_GCC_541\Debug\DTMF_TX.a(HF_DAC_1.o) (HF_DAC_1_DacClk_Start)
.\ARM_GCC_541\Debug\DTMF_TX.a(HF_DAC_1_Wave1_DMA_dma.o)
                              .\ARM_GCC_541\Debug\DTMF_TX.a(HF_DAC_1.o) (HF_DAC_1_Wave1_DMA_DmaInitialize)
.\ARM_GCC_541\Debug\DTMF_TX.a(HF_DAC_1_Wave2_DMA_dma.o)
                              .\ARM_GCC_541\Debug\DTMF_TX.a(HF_DAC_1.o) (HF_DAC_1_Wave2_DMA_DmaInitialize)
.\ARM_GCC_541\Debug\DTMF_TX.a(HF_DAC_1_VDAC8.o)
                              .\ARM_GCC_541\Debug\DTMF_TX.a(HF_DAC_1.o) (HF_DAC_1_VDAC8_Init)
.\ARM_GCC_541\Debug\DTMF_TX.a(HF_DAC_1_VDAC8_PM.o)
                              .\ARM_GCC_541\Debug\DTMF_TX.a(HF_DAC_1_PM.o) (HF_DAC_1_VDAC8_SaveConfig)
.\ARM_GCC_541\Debug\DTMF_TX.a(LF_DAC_1_DacClk.o)
                              .\ARM_GCC_541\Debug\DTMF_TX.a(LF_DAC_1.o) (LF_DAC_1_DacClk_Start)
.\ARM_GCC_541\Debug\DTMF_TX.a(LF_DAC_1_Wave1_DMA_dma.o)
                              .\ARM_GCC_541\Debug\DTMF_TX.a(LF_DAC_1.o) (LF_DAC_1_Wave1_DMA_DmaInitialize)
.\ARM_GCC_541\Debug\DTMF_TX.a(LF_DAC_1_Wave2_DMA_dma.o)
                              .\ARM_GCC_541\Debug\DTMF_TX.a(LF_DAC_1.o) (LF_DAC_1_Wave2_DMA_DmaInitialize)
.\ARM_GCC_541\Debug\DTMF_TX.a(LF_DAC_1_VDAC8.o)
                              .\ARM_GCC_541\Debug\DTMF_TX.a(LF_DAC_1.o) (LF_DAC_1_VDAC8_Init)
.\ARM_GCC_541\Debug\DTMF_TX.a(LF_DAC_1_VDAC8_PM.o)
                              .\ARM_GCC_541\Debug\DTMF_TX.a(LF_DAC_1_PM.o) (LF_DAC_1_VDAC8_SaveConfig)
.\ARM_GCC_541\Debug\DTMF_TX.a(HF_DAC_2_DacClk.o)
                              .\ARM_GCC_541\Debug\DTMF_TX.a(HF_DAC_2.o) (HF_DAC_2_DacClk_Start)
.\ARM_GCC_541\Debug\DTMF_TX.a(HF_DAC_2_Wave1_DMA_dma.o)
                              .\ARM_GCC_541\Debug\DTMF_TX.a(HF_DAC_2.o) (HF_DAC_2_Wave1_DMA_DmaInitialize)
.\ARM_GCC_541\Debug\DTMF_TX.a(HF_DAC_2_Wave2_DMA_dma.o)
[...]
Memory Configuration

Name             Origin             Length             Attributes
rom              0x00000000         0x00040000         xr
ram              0x1fff8000         0x00010000         xrw
*default*        0x00000000         0xffffffff

Linker script and memory map

LOAD c:/program files (x86)/cypress/psoc creator/4.1/psoc creator/import/gnu/arm/5.4.1/bin/../lib/gcc/arm-none-eabi/5.4.1/armv7-m/crti.o
LOAD c:/program files (x86)/cypress/psoc creator/4.1/psoc creator/import/gnu/arm/5.4.1/bin/../lib/gcc/arm-none-eabi/5.4.1/armv7-m/crtbegin.o
LOAD c:/program files (x86)/cypress/psoc creator/4.1/psoc creator/import/gnu/arm/5.4.1/bin/../lib/gcc/arm-none-eabi/5.4.1/../../../../arm-none-eabi/lib/armv7-m/crt0.o
START GROUP
LOAD .\ARM_GCC_541\Debug\main.o
LOAD .\ARM_GCC_541\Debug\cyfitter_cfg.o
LOAD .\ARM_GCC_541\Debug\cymetadata.o
LOAD .\ARM_GCC_541\Debug\Cm3Start.o
LOAD .\ARM_GCC_541\Debug\DTMF_TX.a
LOAD C:\Program Files (x86)\Cypress\PSoC Creator\4.1\PSoC Creator\psoc\content\cycomponentlibrary\CyComponentLibrary.cylib\CortexM3\ARM_GCC_541\Debug\CyComponentLibrary.a
LOAD c:/program files (x86)/cypress/psoc creator/4.1/psoc creator/import/gnu/arm/5.4.1/bin/../lib/gcc/arm-none-eabi/5.4.1/../../../../arm-none-eabi/lib/armv7-m\libm.a
END GROUP
START GROUP
LOAD c:/program files (x86)/cypress/psoc creator/4.1/psoc creator/import/gnu/arm/5.4.1/bin/../lib/gcc/arm-none-eabi/5.4.1/armv7-m\libgcc.a
LOAD c:/program files (x86)/cypress/psoc creator/4.1/psoc creator/import/gnu/arm/5.4.1/bin/../lib/gcc/arm-none-eabi/5.4.1/../../../../arm-none-eabi/lib/armv7-m\libg_nano.a
LOAD c:/program files (x86)/cypress/psoc creator/4.1/psoc creator/import/gnu/arm/5.4.1/bin/../lib/gcc/arm-none-eabi/5.4.1/../../../../arm-none-eabi/lib/armv7-m\libc_nano.a
END GROUP
START GROUP
LOAD c:/program files (x86)/cypress/psoc creator/4.1/psoc creator/import/gnu/arm/5.4.1/bin/../lib/gcc/arm-none-eabi/5.4.1/armv7-m\libgcc.a
LOAD c:/program files (x86)/cypress/psoc creator/4.1/psoc creator/import/gnu/arm/5.4.1/bin/../lib/gcc/arm-none-eabi/5.4.1/../../../../arm-none-eabi/lib/armv7-m\libc_nano.a
END GROUP
LOAD c:/program files (x86)/cypress/psoc creator/4.1/psoc creator/import/gnu/arm/5.4.1/bin/../lib/gcc/arm-none-eabi/5.4.1/armv7-m/crtend.o
LOAD c:/program files (x86)/cypress/psoc creator/4.1/psoc creator/import/gnu/arm/5.4.1/bin/../lib/gcc/arm-none-eabi/5.4.1/armv7-m/crtn.o
START GROUP
LOAD c:/program files (x86)/cypress/psoc creator/4.1/psoc creator/import/gnu/arm/5.4.1/bin/../lib/gcc/arm-none-eabi/5.4.1/armv7-m\libgcc.a
LOAD c:/program files (x86)/cypress/psoc creator/4.1/psoc creator/import/gnu/arm/5.4.1/bin/../lib/gcc/arm-none-eabi/5.4.1/../../../../arm-none-eabi/lib/armv7-m\libc.a
LOAD c:/program files (x86)/cypress/psoc creator/4.1/psoc creator/import/gnu/arm/5.4.1/bin/../lib/gcc/arm-none-eabi/5.4.1/../../../../arm-none-eabi/lib/armv7-m\libnosys.a
END GROUP
                0x00000000                CY_APPL_ORIGIN = 0x0
                0x00000100                CY_FLASH_ROW_SIZE = 0x100
                0x00000020                CY_ECC_ROW_SIZE = 0x20
                0x00000000                CY_EE_IN_BTLDR = 0x0
                0x00000000                CY_APPL_LOADABLE = 0x0
                0x00000800                CY_EE_SIZE = 0x800
                0x00000001                CY_APPL_NUM = 0x1
                0x00000001                CY_APPL_MAX = 0x1
                0x00000040                CY_METADATA_SIZE = 0x40
                0x00000000                CY_APPL_LOADABLE = 0x0
                0x00000000                CY_CHECKSUM_EXCLUDE_SIZE = ALIGN (0x0, CY_FLASH_ROW_SIZE)
                [!provide]                PROVIDE (__cy_heap_start, _end)
                0x00000001                PROVIDE (__cy_region_num, ((__cy_regions_end - __cy_regions) / 0x10))
                0x20008000                PROVIDE (__cy_stack, (ORIGIN (ram) + LENGTH (ram)))
                [!provide]                PROVIDE (__cy_heap_end, (__cy_stack - 0x800))

.cybootloader   0x00000000        0x0
 *(.cybootloader)
                0x00000000                appl1_start = CY_APPL_ORIGIN?CY_APPL_ORIGIN:ALIGN (CY_FLASH_ROW_SIZE)
                0x0001ff00                appl2_start = (appl1_start + ALIGN ((((LENGTH (rom) - appl1_start) - (0x2 * CY_FLASH_ROW_SIZE)) / 0x2), CY_FLASH_ROW_SIZE))
                0x00000000                appl_start = (CY_APPL_NUM == 0x1)?appl1_start:appl2_start
                0x00000000                ecc_offset = ((appl_start / CY_FLASH_ROW_SIZE) * CY_ECC_ROW_SIZE)
                0x00000000                ee_offset = (CY_APPL_LOADABLE && ! (CY_EE_IN_BTLDR))?((CY_EE_SIZE / CY_APPL_MAX) * (CY_APPL_NUM - 0x1)):0x0
                0x00000800                ee_size = (CY_APPL_LOADABLE && ! (CY_EE_IN_BTLDR))?(CY_EE_SIZE / CY_APPL_MAX):CY_EE_SIZE
                [!provide]                PROVIDE (CY_ECC_OFFSET, ecc_offset)

.text           0x00000000     0x63ac
 CREATE_OBJECT_SYMBOLS
                0x00000000                PROVIDE (__cy_interrupt_vector, RomVectors)
 *(.romvectors)
 .romvectors    0x00000000       0x10 .\ARM_GCC_541\Debug\Cm3Start.o
                0x00000000                RomVectors
                0x00000001                ASSERT ((. != __cy_interrupt_vector), No interrupt vector)
                0x00000001                ASSERT (CY_APPL_ORIGIN?(SIZEOF (.cybootloader) <= CY_APPL_ORIGIN):0x1, Wrong image location)
                0x00000010                PROVIDE (__cy_reset, Reset)
 *(.text.Reset)
 .text.Reset    0x00000010       0x18 .\ARM_GCC_541\Debug\Cm3Start.o
                0x00000010                Reset
                0x00000001                ASSERT ((. != __cy_reset), No reset code)
 *(.dma_init)
                0x00000001                ASSERT ((((appl_start + .) <= 0x10000) || 0x1), DMA Init must be within the first 64k of flash)
 *(.text .text.* .gnu.linkonce.t.*)
 .text          0x00000028       0x5c c:/program files (x86)/cypress/psoc creator/4.1/psoc creator/import/gnu/arm/5.4.1/bin/../lib/gcc/arm-none-eabi/5.4.1/armv7-m/crtbegin.o
 .text.Transmit
                0x00000084        0xc .\ARM_GCC_541\Debug\main.o
                0x00000084                Transmit
 .text.UserInput
                0x00000090        0xc .\ARM_GCC_541\Debug\main.o
                0x00000090                UserInput
 .text.main     0x0000009c      0x4a8 .\ARM_GCC_541\Debug\main.o
                0x0000009c                main
 .text.InitSettings
                0x00000544       0x20 .\ARM_GCC_541\Debug\main.o
                0x00000544                InitSettings
 .text.DisableAllDigitalToAnalogConverters
                0x00000564       0x20 .\ARM_GCC_541\Debug\main.o
                0x00000564                DisableAllDigitalToAnalogConverters
 .text.DTMF     0x00000584      0x2a8 .\ARM_GCC_541\Debug\main.o
                0x00000584                DTMF
 *fill*         0x0000082c        0x4 
 .text.Goertzel
                0x00000830      0x21c .\ARM_GCC_541\Debug\main.o
                0x00000830                Goertzel
 .text.getMaxValue
                0x00000a4c       0x64 .\ARM_GCC_541\Debug\main.o
                0x00000a4c                getMaxValue
 .text.DecodeInput
                0x00000ab0      0x1f0 .\ARM_GCC_541\Debug\main.o
                0x00000ab0                DecodeInput
 .text.CYMEMZERO
                0x00000ca0       0x1c .\ARM_GCC_541\Debug\cyfitter_cfg.o
 .text.CYCONFIGCPY
                0x00000cbc       0x20 .\ARM_GCC_541\Debug\cyfitter_cfg.o
 .text.CyClockStartupError
                0x00000cdc        0xc .\ARM_GCC_541\Debug\cyfitter_cfg.o
 .text.cfg_write_bytes32
                0x00000ce8       0x74 .\ARM_GCC_541\Debug\cyfitter_cfg.o
 .text.ClockSetup
                0x00000d5c      0x1bc .\ARM_GCC_541\Debug\cyfitter_cfg.o
 .text.AnalogSetDefault
                0x00000f18       0x88 .\ARM_GCC_541\Debug\cyfitter_cfg.o
 .text.ADC_DelSig_1_AMux_Set
                0x00000fa0       0x40 .\ARM_GCC_541\Debug\cyfitter_cfg.o
                0x00000fa0                ADC_DelSig_1_AMux_Set
 .text.ADC_DelSig_1_AMux_Unset
                0x00000fe0       0x44 .\ARM_GCC_541\Debug\cyfitter_cfg.o
                0x00000fe0                ADC_DelSig_1_AMux_Unset
 .text.cyfitter_cfg
                0x00001024      0x220 .\ARM_GCC_541\Debug\cyfitter_cfg.o
                0x00001024                cyfitter_cfg
 .text.IntDefaultHandler
                0x00001244       0x14 .\ARM_GCC_541\Debug\Cm3Start.o
                0x00001244                IntDefaultHandler
 .text._sbrk    0x00001258       0x50 .\ARM_GCC_541\Debug\Cm3Start.o
                0x00001258                _sbrk
 .text.Start_c  0x000012a8       0x98 .\ARM_GCC_541\Debug\Cm3Start.o
                0x000012a8                Start_c
 .text.initialize_psoc
                0x00001340       0x94 .\ARM_GCC_541\Debug\Cm3Start.o
                0x00001340                initialize_psoc
 .text.ADC_DelSig_1_Init
                0x000013d4      0x11c .\ARM_GCC_541\Debug\DTMF_TX.a(ADC_DelSig_1.o)
                0x000013d4                ADC_DelSig_1_Init
 .text.ADC_DelSig_1_Enable
                0x000014f0      0x158 .\ARM_GCC_541\Debug\DTMF_TX.a(ADC_DelSig_1.o)
                0x000014f0                ADC_DelSig_1_Enable
 .text.ADC_DelSig_1_Start
                0x00001648       0x30 .\ARM_GCC_541\Debug\DTMF_TX.a(ADC_DelSig_1.o)
                0x00001648                ADC_DelSig_1_Start
 .text.ADC_DelSig_1_StartConvert
                0x00001678       0x20 .\ARM_GCC_541\Debug\DTMF_TX.a(ADC_DelSig_1.o)
                0x00001678                ADC_DelSig_1_StartConvert
 .text.ADC_DelSig_1_IsEndConversion
                0x00001698       0x4c .\ARM_GCC_541\Debug\DTMF_TX.a(ADC_DelSig_1.o)
                0x00001698                ADC_DelSig_1_IsEndConversion
 .text.ADC_DelSig_1_GetResult16
                0x000016e4       0x7c .\ARM_GCC_541\Debug\DTMF_TX.a(ADC_DelSig_1.o)
                0x000016e4                ADC_DelSig_1_GetResult16
 .text.ADC_DelSig_1_InitConfig
                0x00001760      0x164 .\ARM_GCC_541\Debug\DTMF_TX.a(ADC_DelSig_1.o)
 .text.ADC_DelSig_1_GainCompensation
                0x000018c4      0x170 .\ARM_GCC_541\Debug\DTMF_TX.a(ADC_DelSig_1.o)
 .text.ADC_DelSig_1_SetDSMRef0Reg
                0x00001a34       0x7c .\ARM_GCC_541\Debug\DTMF_TX.a(ADC_DelSig_1.o)
 .text.ADC_DelSig_1_ISR1
                0x00001ab0        0xc .\ARM_GCC_541\Debug\DTMF_TX.a(ADC_DelSig_1_INT.o)
                0x00001ab0                ADC_DelSig_1_ISR1
 .text.ADC_DelSig_1_AMux_Start
                0x00001abc       0x34 .\ARM_GCC_541\Debug\DTMF_TX.a(ADC_DelSig_1_AMux.o)
                0x00001abc                ADC_DelSig_1_AMux_Start
 .text.ADC_DelSig_1_AMux_Select
                0x00001af0       0x28 .\ARM_GCC_541\Debug\DTMF_TX.a(ADC_DelSig_1_AMux.o)
                0x00001af0                ADC_DelSig_1_AMux_Select
 .text.ADC_DelSig_1_Ext_CP_Clk_SetDividerRegister
                0x00001b18      0x164 .\ARM_GCC_541\Debug\DTMF_TX.a(ADC_DelSig_1_Ext_CP_Clk.o)
                0x00001b18                ADC_DelSig_1_Ext_CP_Clk_SetDividerRegister
 .text.ADC_DelSig_1_Ext_CP_Clk_GetDividerRegister
                0x00001c7c       0x18 .\ARM_GCC_541\Debug\DTMF_TX.a(ADC_DelSig_1_Ext_CP_Clk.o)
                0x00001c7c                ADC_DelSig_1_Ext_CP_Clk_GetDividerRegister
 .text.ADC_DelSig_1_Ext_CP_Clk_SetModeRegister
                0x00001c94       0x34 .\ARM_GCC_541\Debug\DTMF_TX.a(ADC_DelSig_1_Ext_CP_Clk.o)
                0x00001c94                ADC_DelSig_1_Ext_CP_Clk_SetModeRegister
 .text.ADC_DelSig_1_Ext_CP_Clk_GetSourceRegister
                0x00001cc8       0x1c .\ARM_GCC_541\Debug\DTMF_TX.a(ADC_DelSig_1_Ext_CP_Clk.o)
                0x00001cc8                ADC_DelSig_1_Ext_CP_Clk_GetSourceRegister
 .text.ADC_DelSig_1_theACLK_SetDividerRegister
                0x00001ce4      0x164 .\ARM_GCC_541\Debug\DTMF_TX.a(ADC_DelSig_1_theACLK.o)
                0x00001ce4                ADC_DelSig_1_theACLK_SetDividerRegister
 .text.ADC_DelSig_1_theACLK_GetDividerRegister
                0x00001e48       0x18 .\ARM_GCC_541\Debug\DTMF_TX.a(ADC_DelSig_1_theACLK.o)
                0x00001e48                ADC_DelSig_1_theACLK_GetDividerRegister
 .text.ADC_DelSig_1_theACLK_SetModeRegister
                0x00001e60       0x34 .\ARM_GCC_541\Debug\DTMF_TX.a(ADC_DelSig_1_theACLK.o)
                0x00001e60                ADC_DelSig_1_theACLK_SetModeRegister
 .text.ADC_DelSig_1_theACLK_GetSourceRegister
                0x00001e94       0x1c .\ARM_GCC_541\Debug\DTMF_TX.a(ADC_DelSig_1_theACLK.o)
                0x00001e94                ADC_DelSig_1_theACLK_GetSourceRegister
 .text.CyDmacConfigure
                0x00001eb0       0x5c .\ARM_GCC_541\Debug\DTMF_TX.a(CyDmac.o)
                0x00001eb0                CyDmacConfigure
 .text.CyDmaChEnable
                0x00001f0c       0x8c .\ARM_GCC_541\Debug\DTMF_TX.a(CyDmac.o)
                0x00001f0c                CyDmaChEnable
 .text.CyDmaChDisable
                0x00001f98       0x60 .\ARM_GCC_541\Debug\DTMF_TX.a(CyDmac.o)
                0x00001f98                CyDmaChDisable
 .text.CyDmaChPriority
                0x00001ff8       0x64 .\ARM_GCC_541\Debug\DTMF_TX.a(CyDmac.o)
                0x00001ff8                CyDmaChPriority
 .text.CyDmaChSetExtendedAddress
                0x0000205c       0x78 .\ARM_GCC_541\Debug\DTMF_TX.a(CyDmac.o)
                0x0000205c                CyDmaChSetExtendedAddress
 .text.CyDmaChSetInitialTd
                0x000020d4       0x3c .\ARM_GCC_541\Debug\DTMF_TX.a(CyDmac.o)
                0x000020d4                CyDmaChSetInitialTd
 .text.CyDmaChSetConfiguration
                0x00002110       0xa0 .\ARM_GCC_541\Debug\DTMF_TX.a(CyDmac.o)
                0x00002110                CyDmaChSetConfiguration
 .text.CyDmaTdAllocate
                0x000021b0       0x5c .\ARM_GCC_541\Debug\DTMF_TX.a(CyDmac.o)
                0x000021b0                CyDmaTdAllocate
 .text.CyDmaTdSetConfiguration
                0x0000220c       0x80 .\ARM_GCC_541\Debug\DTMF_TX.a(CyDmac.o)
                0x0000220c                CyDmaTdSetConfiguration
 .text.CyDmaTdSetAddress
                0x0000228c       0x5c .\ARM_GCC_541\Debug\DTMF_TX.a(CyDmac.o)
                0x0000228c                CyDmaTdSetAddress
 .text.CyHalt   0x000022e8       0x18 .\ARM_GCC_541\Debug\DTMF_TX.a(CyLib.o)
                0x000022e8                CyHalt
 .text.CyDelayUs
                0x00002300       0x28 .\ARM_GCC_541\Debug\DTMF_TX.a(CyLib.o)
                0x00002300                CyDelayUs
 .text.CyIntSetVector
                0x00002328       0x50 .\ARM_GCC_541\Debug\DTMF_TX.a(CyLib.o)
                0x00002328                CyIntSetVector
 .text.CyIntSetPriority
                0x00002378       0x48 .\ARM_GCC_541\Debug\DTMF_TX.a(CyLib.o)
                0x00002378                CyIntSetPriority
 .text.UART_1_Start
                0x000023c0       0x24 .\ARM_GCC_541\Debug\DTMF_TX.a(UART_1.o)
                0x000023c0                UART_1_Start
 .text.UART_1_Init
                0x000023e4       0x40 .\ARM_GCC_541\Debug\DTMF_TX.a(UART_1.o)
                0x000023e4                UART_1_Init
 .text.UART_1_Enable
                0x00002424       0x60 .\ARM_GCC_541\Debug\DTMF_TX.a(UART_1.o)
                0x00002424                UART_1_Enable
 .text.UART_1_GetChar
                0x00002484       0x44 .\ARM_GCC_541\Debug\DTMF_TX.a(UART_1.o)
                0x00002484                UART_1_GetChar
 .text.UART_1_PutChar
                0x000024c8       0x34 .\ARM_GCC_541\Debug\DTMF_TX.a(UART_1.o)
                0x000024c8                UART_1_PutChar
 .text.UART_1_PutString
                0x000024fc       0x44 .\ARM_GCC_541\Debug\DTMF_TX.a(UART_1.o)
                0x000024fc                UART_1_PutString
 .text.UART_1_IntClock_Start
                0x00002540       0x34 .\ARM_GCC_541\Debug\DTMF_TX.a(UART_1_IntClock.o)
                0x00002540                UART_1_IntClock_Start
 .text.Timer_Init
                0x00002574       0xa0 .\ARM_GCC_541\Debug\DTMF_TX.a(Timer.o)
                0x00002574                Timer_Init
 .text.Timer_Enable
                0x00002614       0x48 .\ARM_GCC_541\Debug\DTMF_TX.a(Timer.o)
                0x00002614                Timer_Enable
 .text.Timer_Start
                0x0000265c       0x24 .\ARM_GCC_541\Debug\DTMF_TX.a(Timer.o)
                0x0000265c                Timer_Start
 .text.Timer_SetInterruptMode
                0x00002680       0x20 .\ARM_GCC_541\Debug\DTMF_TX.a(Timer.o)
                0x00002680                Timer_SetInterruptMode
 .text.Timer_WritePeriod
                0x000026a0       0x24 .\ARM_GCC_541\Debug\DTMF_TX.a(Timer.o)
                0x000026a0                Timer_WritePeriod
 .text.Timer_WriteCounter
                0x000026c4       0x20 .\ARM_GCC_541\Debug\DTMF_TX.a(Timer.o)
                0x000026c4                Timer_WriteCounter
 .text.isr_StartEx
                0x000026e4       0x24 .\ARM_GCC_541\Debug\DTMF_TX.a(isr.o)
                0x000026e4                isr_StartEx
 .text.isr_SetVector
                0x00002708       0x24 .\ARM_GCC_541\Debug\DTMF_TX.a(isr.o)
                0x00002708                isr_SetVector
 .text.isr_SetPriority
                0x0000272c       0x24 .\ARM_GCC_541\Debug\DTMF_TX.a(isr.o)
                0x0000272c                isr_SetPriority
 .text.isr_Enable
                0x00002750       0x18 .\ARM_GCC_541\Debug\DTMF_TX.a(isr.o)
                0x00002750                isr_Enable
 .text.isr_Disable
                0x00002768       0x18 .\ARM_GCC_541\Debug\DTMF_TX.a(isr.o)
                0x00002768                isr_Disable
 .text.HF_SW1_Write
                0x00002780       0x38 .\ARM_GCC_541\Debug\DTMF_TX.a(HF_SW1.o)
                0x00002780                HF_SW1_Write
 .text.HF_SW2_Write
                0x000027b8       0x38 .\ARM_GCC_541\Debug\DTMF_TX.a(HF_SW2.o)
                0x000027b8                HF_SW2_Write
 .text.LF_SW1_Write
                0x000027f0       0x34 .\ARM_GCC_541\Debug\DTMF_TX.a(LF_SW1.o)
                0x000027f0                LF_SW1_Write
 .text.LF_SW2_Write
                0x00002824       0x3c .\ARM_GCC_541\Debug\DTMF_TX.a(LF_SW2.o)
                0x00002824                LF_SW2_Write
 .text.HF_DAC_1_Init
                0x00002860       0x54 .\ARM_GCC_541\Debug\DTMF_TX.a(HF_DAC_1.o)
                0x00002860                HF_DAC_1_Init
 .text.HF_DAC_1_Enable
                0x000028b4       0x38 .\ARM_GCC_541\Debug\DTMF_TX.a(HF_DAC_1.o)
                0x000028b4                HF_DAC_1_Enable
 .text.HF_DAC_1_Start
                0x000028ec       0x24 .\ARM_GCC_541\Debug\DTMF_TX.a(HF_DAC_1.o)
                0x000028ec                HF_DAC_1_Start
 .text.HF_DAC_1_Stop
                0x00002910       0x2c .\ARM_GCC_541\Debug\DTMF_TX.a(HF_DAC_1.o)
                0x00002910                HF_DAC_1_Stop
 .text.HF_DAC_1_Wave1Setup
                0x0000293c       0x68 .\ARM_GCC_541\Debug\DTMF_TX.a(HF_DAC_1.o)
                0x0000293c                HF_DAC_1_Wave1Setup
 .text.HF_DAC_1_Wave2Setup
                0x000029a4       0x68 .\ARM_GCC_541\Debug\DTMF_TX.a(HF_DAC_1.o)
                0x000029a4                HF_DAC_1_Wave2Setup
 .text.HF_DAC_1_Sleep
                0x00002a0c       0x30 .\ARM_GCC_541\Debug\DTMF_TX.a(HF_DAC_1_PM.o)
                0x00002a0c                HF_DAC_1_Sleep
 .text.LF_DAC_1_Init
                0x00002a3c       0x54 .\ARM_GCC_541\Debug\DTMF_TX.a(LF_DAC_1.o)
                0x00002a3c                LF_DAC_1_Init
 .text.LF_DAC_1_Enable
                0x00002a90       0x38 .\ARM_GCC_541\Debug\DTMF_TX.a(LF_DAC_1.o)
                0x00002a90                LF_DAC_1_Enable
 .text.LF_DAC_1_Start
                0x00002ac8       0x24 .\ARM_GCC_541\Debug\DTMF_TX.a(LF_DAC_1.o)
                0x00002ac8                LF_DAC_1_Start
 .text.LF_DAC_1_Stop
                0x00002aec       0x2c .\ARM_GCC_541\Debug\DTMF_TX.a(LF_DAC_1.o)
                0x00002aec                LF_DAC_1_Stop
 .text.LF_DAC_1_Wave1Setup
                0x00002b18       0x68 .\ARM_GCC_541\Debug\DTMF_TX.a(LF_DAC_1.o)
                0x00002b18                LF_DAC_1_Wave1Setup
 .text.LF_DAC_1_Wave2Setup
                0x00002b80       0x68 .\ARM_GCC_541\Debug\DTMF_TX.a(LF_DAC_1.o)
                0x00002b80                LF_DAC_1_Wave2Setup
 .text.LF_DAC_1_Sleep
                0x00002be8       0x30 .\ARM_GCC_541\Debug\DTMF_TX.a(LF_DAC_1_PM.o)
                0x00002be8                LF_DAC_1_Sleep
 .text.HF_DAC_2_Init
                0x00002c18       0x54 .\ARM_GCC_541\Debug\DTMF_TX.a(HF_DAC_2.o)
                0x00002c18                HF_DAC_2_Init
 .text.HF_DAC_2_Enable
                0x00002c6c       0x38 .\ARM_GCC_541\Debug\DTMF_TX.a(HF_DAC_2.o)
                0x00002c6c                HF_DAC_2_Enable
 .text.HF_DAC_2_Start
                0x00002ca4       0x24 .\ARM_GCC_541\Debug\DTMF_TX.a(HF_DAC_2.o)
                0x00002ca4                HF_DAC_2_Start
 .text.HF_DAC_2_Stop
                0x00002cc8       0x2c .\ARM_GCC_541\Debug\DTMF_TX.a(HF_DAC_2.o)
                0x00002cc8                HF_DAC_2_Stop
 .text.HF_DAC_2_Wave1Setup
                0x00002cf4       0x68 .\ARM_GCC_541\Debug\DTMF_TX.a(HF_DAC_2.o)
                0x00002cf4                HF_DAC_2_Wave1Setup
 .text.HF_DAC_2_Wave2Setup
                0x00002d5c       0x68 .\ARM_GCC_541\Debug\DTMF_TX.a(HF_DAC_2.o)
                0x00002d5c                HF_DAC_2_Wave2Setup
 .text.HF_DAC_2_Sleep
                0x00002dc4       0x30 .\ARM_GCC_541\Debug\DTMF_TX.a(HF_DAC_2_PM.o)
                0x00002dc4                HF_DAC_2_Sleep
 .text.LF_DAC_2_Init
                0x00002df4       0x54 .\ARM_GCC_541\Debug\DTMF_TX.a(LF_DAC_2.o)
                0x00002df4                LF_DAC_2_Init
 .text.LF_DAC_2_Enable
                0x00002e48       0x38 .\ARM_GCC_541\Debug\DTMF_TX.a(LF_DAC_2.o)
                0x00002e48                LF_DAC_2_Enable
 .text.LF_DAC_2_Start
                0x00002e80       0x24 .\ARM_GCC_541\Debug\DTMF_TX.a(LF_DAC_2.o)
                0x00002e80                LF_DAC_2_Start
 .text.LF_DAC_2_Stop
                0x00002ea4       0x2c .\ARM_GCC_541\Debug\DTMF_TX.a(LF_DAC_2.o)
                0x00002ea4                LF_DAC_2_Stop
 .text.LF_DAC_2_Wave1Setup
                0x00002ed0       0x68 .\ARM_GCC_541\Debug\DTMF_TX.a(LF_DAC_2.o)
                0x00002ed0                LF_DAC_2_Wave1Setup
 .text.LF_DAC_2_Wave2Setup
                0x00002f38       0x68 .\ARM_GCC_541\Debug\DTMF_TX.a(LF_DAC_2.o)
                0x00002f38                LF_DAC_2_Wave2Setup
 .text.LF_DAC_2_Sleep
                0x00002fa0       0x28 .\ARM_GCC_541\Debug\DTMF_TX.a(LF_DAC_2_PM.o)
                0x00002fa0                LF_DAC_2_Sleep
 .text.HF_DAC_1_DacClk_Start
                0x00002fc8       0x34 .\ARM_GCC_541\Debug\DTMF_TX.a(HF_DAC_1_DacClk.o)
                0x00002fc8                HF_DAC_1_DacClk_Start
 .text.HF_DAC_1_DacClk_Stop
                0x00002ffc       0x34 .\ARM_GCC_541\Debug\DTMF_TX.a(HF_DAC_1_DacClk.o)
                0x00002ffc                HF_DAC_1_DacClk_Stop
 .text.HF_DAC_1_Wave1_DMA_DmaInitialize
                0x00003030       0x64 .\ARM_GCC_541\Debug\DTMF_TX.a(HF_DAC_1_Wave1_DMA_dma.o)
                0x00003030                HF_DAC_1_Wave1_DMA_DmaInitialize
 .text.HF_DAC_1_Wave2_DMA_DmaInitialize
                0x00003094       0x64 .\ARM_GCC_541\Debug\DTMF_TX.a(HF_DAC_1_Wave2_DMA_dma.o)
                0x00003094                HF_DAC_1_Wave2_DMA_DmaInitialize
 .text.HF_DAC_1_VDAC8_Init
                0x000030f8       0x3c .\ARM_GCC_541\Debug\DTMF_TX.a(HF_DAC_1_VDAC8.o)
                0x000030f8                HF_DAC_1_VDAC8_Init
 .text.HF_DAC_1_VDAC8_Enable
                0x00003134       0x34 .\ARM_GCC_541\Debug\DTMF_TX.a(HF_DAC_1_VDAC8.o)
                0x00003134                HF_DAC_1_VDAC8_Enable
 .text.HF_DAC_1_VDAC8_Stop
                0x00003168       0x34 .\ARM_GCC_541\Debug\DTMF_TX.a(HF_DAC_1_VDAC8.o)
                0x00003168                HF_DAC_1_VDAC8_Stop
 .text.HF_DAC_1_VDAC8_SetSpeed
                0x0000319c       0x40 .\ARM_GCC_541\Debug\DTMF_TX.a(HF_DAC_1_VDAC8.o)
                0x0000319c                HF_DAC_1_VDAC8_SetSpeed
 .text.HF_DAC_1_VDAC8_SetRange
                0x000031dc       0x40 .\ARM_GCC_541\Debug\DTMF_TX.a(HF_DAC_1_VDAC8.o)
                0x000031dc                HF_DAC_1_VDAC8_SetRange
 .text.HF_DAC_1_VDAC8_SetValue
                0x0000321c       0x20 .\ARM_GCC_541\Debug\DTMF_TX.a(HF_DAC_1_VDAC8.o)
                0x0000321c                HF_DAC_1_VDAC8_SetValue
 .text.HF_DAC_1_VDAC8_DacTrim
                0x0000323c       0x3c .\ARM_GCC_541\Debug\DTMF_TX.a(HF_DAC_1_VDAC8.o)
                0x0000323c                HF_DAC_1_VDAC8_DacTrim
 .text.HF_DAC_1_VDAC8_SaveConfig
                0x00003278       0x30 .\ARM_GCC_541\Debug\DTMF_TX.a(HF_DAC_1_VDAC8_PM.o)
                0x00003278                HF_DAC_1_VDAC8_SaveConfig
 .text.LF_DAC_1_DacClk_Start
                0x000032a8       0x34 .\ARM_GCC_541\Debug\DTMF_TX.a(LF_DAC_1_DacClk.o)
                0x000032a8                LF_DAC_1_DacClk_Start
 .text.LF_DAC_1_DacClk_Stop
                0x000032dc       0x34 .\ARM_GCC_541\Debug\DTMF_TX.a(LF_DAC_1_DacClk.o)
                0x000032dc                LF_DAC_1_DacClk_Stop
 .text.LF_DAC_1_Wave1_DMA_DmaInitialize
                0x00003310       0x64 .\ARM_GCC_541\Debug\DTMF_TX.a(LF_DAC_1_Wave1_DMA_dma.o)
                0x00003310                LF_DAC_1_Wave1_DMA_DmaInitialize
 .text.LF_DAC_1_Wave2_DMA_DmaInitialize
                0x00003374       0x64 .\ARM_GCC_541\Debug\DTMF_TX.a(LF_DAC_1_Wave2_DMA_dma.o)
                0x00003374                LF_DAC_1_Wave2_DMA_DmaInitialize
 .text.LF_DAC_1_VDAC8_Init
                0x000033d8       0x3c .\ARM_GCC_541\Debug\DTMF_TX.a(LF_DAC_1_VDAC8.o)
                0x000033d8                LF_DAC_1_VDAC8_Init
 .text.LF_DAC_1_VDAC8_Enable
                0x00003414       0x34 .\ARM_GCC_541\Debug\DTMF_TX.a(LF_DAC_1_VDAC8.o)
                0x00003414                LF_DAC_1_VDAC8_Enable
 .text.LF_DAC_1_VDAC8_Stop
                0x00003448       0x34 .\ARM_GCC_541\Debug\DTMF_TX.a(LF_DAC_1_VDAC8.o)
                0x00003448                LF_DAC_1_VDAC8_Stop
 .text.LF_DAC_1_VDAC8_SetSpeed
                0x0000347c       0x40 .\ARM_GCC_541\Debug\DTMF_TX.a(LF_DAC_1_VDAC8.o)
                0x0000347c                LF_DAC_1_VDAC8_SetSpeed
 .text.LF_DAC_1_VDAC8_SetRange
                0x000034bc       0x40 .\ARM_GCC_541\Debug\DTMF_TX.a(LF_DAC_1_VDAC8.o)
                0x000034bc                LF_DAC_1_VDAC8_SetRange
 .text.LF_DAC_1_VDAC8_SetValue
                0x000034fc       0x20 .\ARM_GCC_541\Debug\DTMF_TX.a(LF_DAC_1_VDAC8.o)
                0x000034fc                LF_DAC_1_VDAC8_SetValue
 .text.LF_DAC_1_VDAC8_DacTrim
                0x0000351c       0x3c .\ARM_GCC_541\Debug\DTMF_TX.a(LF_DAC_1_VDAC8.o)
                0x0000351c                LF_DAC_1_VDAC8_DacTrim
 .text.LF_DAC_1_VDAC8_SaveConfig
                0x00003558       0x30 .\ARM_GCC_541\Debug\DTMF_TX.a(LF_DAC_1_VDAC8_PM.o)
                0x00003558                LF_DAC_1_VDAC8_SaveConfig
 .text.HF_DAC_2_DacClk_Start
                0x00003588       0x34 .\ARM_GCC_541\Debug\DTMF_TX.a(HF_DAC_2_DacClk.o)
                0x00003588                HF_DAC_2_DacClk_Start
 .text.HF_DAC_2_DacClk_Stop
                0x000035bc       0x34 .\ARM_GCC_541\Debug\DTMF_TX.a(HF_DAC_2_DacClk.o)
                0x000035bc                HF_DAC_2_DacClk_Stop
 .text.HF_DAC_2_Wave1_DMA_DmaInitialize
                0x000035f0       0x64 .\ARM_GCC_541\Debug\DTMF_TX.a(HF_DAC_2_Wave1_DMA_dma.o)
                0x000035f0                HF_DAC_2_Wave1_DMA_DmaInitialize
 .text.HF_DAC_2_Wave2_DMA_DmaInitialize
                0x00003654       0x64 .\ARM_GCC_541\Debug\DTMF_TX.a(HF_DAC_2_Wave2_DMA_dma.o)
                0x00003654                HF_DAC_2_Wave2_DMA_DmaInitialize
 .text.HF_DAC_2_VDAC8_Init
                0x000036b8       0x3c .\ARM_GCC_541\Debug\DTMF_TX.a(HF_DAC_2_VDAC8.o)
                0x000036b8                HF_DAC_2_VDAC8_Init
 .text.HF_DAC_2_VDAC8_Enable
                0x000036f4       0x34 .\ARM_GCC_541\Debug\DTMF_TX.a(HF_DAC_2_VDAC8.o)
                0x000036f4                HF_DAC_2_VDAC8_Enable
 .text.HF_DAC_2_VDAC8_Stop
                0x00003728       0x34 .\ARM_GCC_541\Debug\DTMF_TX.a(HF_DAC_2_VDAC8.o)
                0x00003728                HF_DAC_2_VDAC8_Stop
 .text.HF_DAC_2_VDAC8_SetSpeed
                0x0000375c       0x40 .\ARM_GCC_541\Debug\DTMF_TX.a(HF_DAC_2_VDAC8.o)
                0x0000375c                HF_DAC_2_VDAC8_SetSpeed
 .text.HF_DAC_2_VDAC8_SetRange
                0x0000379c       0x40 .\ARM_GCC_541\Debug\DTMF_TX.a(HF_DAC_2_VDAC8.o)
                0x0000379c                HF_DAC_2_VDAC8_SetRange
 .text.HF_DAC_2_VDAC8_SetValue
                0x000037dc       0x20 .\ARM_GCC_541\Debug\DTMF_TX.a(HF_DAC_2_VDAC8.o)
                0x000037dc                HF_DAC_2_VDAC8_SetValue
 .text.HF_DAC_2_VDAC8_DacTrim
                0x000037fc       0x3c .\ARM_GCC_541\Debug\DTMF_TX.a(HF_DAC_2_VDAC8.o)
                0x000037fc                HF_DAC_2_VDAC8_DacTrim
 .text.HF_DAC_2_VDAC8_SaveConfig
                0x00003838       0x30 .\ARM_GCC_541\Debug\DTMF_TX.a(HF_DAC_2_VDAC8_PM.o)
                0x00003838                HF_DAC_2_VDAC8_SaveConfig
 .text.LF_DAC_2_DacClk_Start
                0x00003868       0x34 .\ARM_GCC_541\Debug\DTMF_TX.a(LF_DAC_2_DacClk.o)
                0x00003868                LF_DAC_2_DacClk_Start
 .text.LF_DAC_2_DacClk_Stop
                0x0000389c       0x34 .\ARM_GCC_541\Debug\DTMF_TX.a(LF_DAC_2_DacClk.o)
                0x0000389c                LF_DAC_2_DacClk_Stop
 .text.LF_DAC_2_Wave1_DMA_DmaInitialize
                0x000038d0       0x64 .\ARM_GCC_541\Debug\DTMF_TX.a(LF_DAC_2_Wave1_DMA_dma.o)
                0x000038d0                LF_DAC_2_Wave1_DMA_DmaInitialize
 .text.LF_DAC_2_Wave2_DMA_DmaInitialize
                0x00003934       0x64 .\ARM_GCC_541\Debug\DTMF_TX.a(LF_DAC_2_Wave2_DMA_dma.o)
                0x00003934                LF_DAC_2_Wave2_DMA_DmaInitialize
 .text.LF_DAC_2_VDAC8_Init
                0x00003998       0x3c .\ARM_GCC_541\Debug\DTMF_TX.a(LF_DAC_2_VDAC8.o)
                0x00003998                LF_DAC_2_VDAC8_Init
 .text.LF_DAC_2_VDAC8_Enable
                0x000039d4       0x34 .\ARM_GCC_541\Debug\DTMF_TX.a(LF_DAC_2_VDAC8.o)
                0x000039d4                LF_DAC_2_VDAC8_Enable
 .text.LF_DAC_2_VDAC8_Stop
                0x00003a08       0x34 .\ARM_GCC_541\Debug\DTMF_TX.a(LF_DAC_2_VDAC8.o)
                0x00003a08                LF_DAC_2_VDAC8_Stop
 .text.LF_DAC_2_VDAC8_SetSpeed
                0x00003a3c       0x40 .\ARM_GCC_541\Debug\DTMF_TX.a(LF_DAC_2_VDAC8.o)
                0x00003a3c                LF_DAC_2_VDAC8_SetSpeed
 .text.LF_DAC_2_VDAC8_SetRange
                0x00003a7c       0x40 .\ARM_GCC_541\Debug\DTMF_TX.a(LF_DAC_2_VDAC8.o)
                0x00003a7c                LF_DAC_2_VDAC8_SetRange
 .text.LF_DAC_2_VDAC8_SetValue
                0x00003abc       0x20 .\ARM_GCC_541\Debug\DTMF_TX.a(LF_DAC_2_VDAC8.o)
                0x00003abc                LF_DAC_2_VDAC8_SetValue
 .text.LF_DAC_2_VDAC8_DacTrim
                0x00003adc       0x3c .\ARM_GCC_541\Debug\DTMF_TX.a(LF_DAC_2_VDAC8.o)
                0x00003adc                LF_DAC_2_VDAC8_DacTrim
 .text.LF_DAC_2_VDAC8_SaveConfig
                0x00003b18       0x30 .\ARM_GCC_541\Debug\DTMF_TX.a(LF_DAC_2_VDAC8_PM.o)
                0x00003b18                LF_DAC_2_VDAC8_SaveConfig
 .text.Input_ISR_StartEx
                0x00003b48       0x24 .\ARM_GCC_541\Debug\DTMF_TX.a(Input_ISR.o)
                0x00003b48                Input_ISR_StartEx
 .text.Input_ISR_SetVector
                0x00003b6c       0x24 .\ARM_GCC_541\Debug\DTMF_TX.a(Input_ISR.o)
                0x00003b6c                Input_ISR_SetVector
 .text.Input_ISR_SetPriority
                0x00003b90       0x24 .\ARM_GCC_541\Debug\DTMF_TX.a(Input_ISR.o)
                0x00003b90                Input_ISR_SetPriority
 .text.Input_ISR_Enable
                0x00003bb4       0x18 .\ARM_GCC_541\Debug\DTMF_TX.a(Input_ISR.o)
                0x00003bb4                Input_ISR_Enable
 .text.Input_ISR_Disable
                0x00003bcc       0x18 .\ARM_GCC_541\Debug\DTMF_TX.a(Input_ISR.o)
                0x00003bcc                Input_ISR_Disable
 .text.Input_Flag_Write
                0x00003be4       0x3c .\ARM_GCC_541\Debug\DTMF_TX.a(Input_Flag.o)
                0x00003be4                Input_Flag_Write
 .text          0x00003c20       0x54 .\ARM_GCC_541\Debug\DTMF_TX.a(CyBootAsmGnu.o)
                0x00003c20                CyDelayCycles
                0x00003c5e                CyEnterCriticalSection
                0x00003c66                CyExitCriticalSection
 .text.cos      0x00003c74       0x90 c:/program files (x86)/cypress/psoc creator/4.1/psoc creator/import/gnu/arm/5.4.1/bin/../lib/gcc/arm-none-eabi/5.4.1/../../../../arm-none-eabi/lib/armv7-m\libm.a(lib_a-s_cos.o)
                0x00003c74                cos
 .text.sin      0x00003d04       0x90 c:/program files (x86)/cypress/psoc creator/4.1/psoc creator/import/gnu/arm/5.4.1/bin/../lib/gcc/arm-none-eabi/5.4.1/../../../../arm-none-eabi/lib/armv7-m\libm.a(lib_a-s_sin.o)
                0x00003d04                sin
 .text.sqrt     0x00003d94       0xb8 c:/program files (x86)/cypress/psoc creator/4.1/psoc creator/import/gnu/arm/5.4.1/bin/../lib/gcc/arm-none-eabi/5.4.1/../../../../arm-none-eabi/lib/armv7-m\libm.a(lib_a-w_sqrt.o)
                0x00003d94                sqrt
 *fill*         0x00003e4c        0x4 
 .text.__ieee754_rem_pio2
                0x00003e50      0x42c c:/program files (x86)/cypress/psoc creator/4.1/psoc creator/import/gnu/arm/5.4.1/bin/../lib/gcc/arm-none-eabi/5.4.1/../../../../arm-none-eabi/lib/armv7-m\libm.a(lib_a-e_rem_pio2.o)
                0x00003e50                __ieee754_rem_pio2
 .text.__ieee754_sqrt
                0x0000427c      0x188 c:/program files (x86)/cypress/psoc creator/4.1/psoc creator/import/gnu/arm/5.4.1/bin/../lib/gcc/arm-none-eabi/5.4.1/../../../../arm-none-eabi/lib/armv7-m\libm.a(lib_a-e_sqrt.o)
                0x0000427c                __ieee754_sqrt
 *fill*         0x00004404        0x4 
 .text.__kernel_cos
                0x00004408      0x248 c:/program files (x86)/cypress/psoc creator/4.1/psoc creator/import/gnu/arm/5.4.1/bin/../lib/gcc/arm-none-eabi/5.4.1/../../../../arm-none-eabi/lib/armv7-m\libm.a(lib_a-k_cos.o)
                0x00004408                __kernel_cos
 .text.__kernel_rem_pio2
                0x00004650      0x7f0 c:/program files (x86)/cypress/psoc creator/4.1/psoc creator/import/gnu/arm/5.4.1/bin/../lib/gcc/arm-none-eabi/5.4.1/../../../../arm-none-eabi/lib/armv7-m\libm.a(lib_a-k_rem_pio2.o)
                0x00004650                __kernel_rem_pio2
 .text.__kernel_sin
                0x00004e40      0x16c c:/program files (x86)/cypress/psoc creator/4.1/psoc creator/import/gnu/arm/5.4.1/bin/../lib/gcc/arm-none-eabi/5.4.1/../../../../arm-none-eabi/lib/armv7-m\libm.a(lib_a-k_sin.o)
                0x00004e40                __kernel_sin
 .text.fabs     0x00004fac        0x8 c:/program files (x86)/cypress/psoc creator/4.1/psoc creator/import/gnu/arm/5.4.1/bin/../lib/gcc/arm-none-eabi/5.4.1/../../../../arm-none-eabi/lib/armv7-m\libm.a(lib_a-s_fabs.o)
                0x00004fac                fabs
 *fill*         0x00004fb4        0x4 
 .text.floor    0x00004fb8      0x110 c:/program files (x86)/cypress/psoc creator/4.1/psoc creator/import/gnu/arm/5.4.1/bin/../lib/gcc/arm-none-eabi/5.4.1/../../../../arm-none-eabi/lib/armv7-m\libm.a(lib_a-s_floor.o)
                0x00004fb8                floor
 .text.matherr  0x000050c8        0x4 c:/program files (x86)/cypress/psoc creator/4.1/psoc creator/import/gnu/arm/5.4.1/bin/../lib/gcc/arm-none-eabi/5.4.1/../../../../arm-none-eabi/lib/armv7-m\libm.a(lib_a-s_matherr.o)
                0x000050c8                matherr
 *fill*         0x000050cc        0x4 
 .text.scalbn   0x000050d0       0xe4 c:/program files (x86)/cypress/psoc creator/4.1/psoc creator/import/gnu/arm/5.4.1/bin/../lib/gcc/arm-none-eabi/5.4.1/../../../../arm-none-eabi/lib/armv7-m\libm.a(lib_a-s_scalbn.o)
                0x000050d0                scalbn
 .text.copysign
                0x000051b4       0x10 c:/program files (x86)/cypress/psoc creator/4.1/psoc creator/import/gnu/arm/5.4.1/bin/../lib/gcc/arm-none-eabi/5.4.1/../../../../arm-none-eabi/lib/armv7-m\libm.a(lib_a-s_copysign.o)
                0x000051b4                copysign
 .text          0x000051c4      0x370 c:/program files (x86)/cypress/psoc creator/4.1/psoc creator/import/gnu/arm/5.4.1/bin/../lib/gcc/arm-none-eabi/5.4.1/armv7-m\libgcc.a(_arm_addsubdf3.o)
                0x000051c4                __aeabi_drsub
                0x000051cc                __aeabi_dsub
                0x000051cc                __subdf3
                0x000051d0                __aeabi_dadd
                0x000051d0                __adddf3
                0x00005448                __floatunsidf
                0x00005448                __aeabi_ui2d
                0x00005468                __floatsidf
                0x00005468                __aeabi_i2d
                0x0000548c                __aeabi_f2d
                0x0000548c                __extendsfdf2
                0x000054c8                __floatundidf
                0x000054c8                __aeabi_ul2d
                0x000054d8                __floatdidf
                0x000054d8                __aeabi_l2d
 .text          0x00005534      0x424 c:/program files (x86)/cypress/psoc creator/4.1/psoc creator/import/gnu/arm/5.4.1/bin/../lib/gcc/arm-none-eabi/5.4.1/armv7-m\libgcc.a(_arm_muldivdf3.o)
                0x00005534                __aeabi_dmul
                0x00005534                __muldf3
                0x00005788                __divdf3
                0x00005788                __aeabi_ddiv
 .text          0x00005958      0x110 c:/program files (x86)/cypress/psoc creator/4.1/psoc creator/import/gnu/arm/5.4.1/bin/../lib/gcc/arm-none-eabi/5.4.1/armv7-m\libgcc.a(_arm_cmpdf2.o)
                0x00005958                __gtdf2
                0x00005958                __gedf2
                0x00005960                __ltdf2
                0x00005960                __ledf2
                0x00005968                __nedf2
                0x00005968                __eqdf2
                0x00005968                __cmpdf2
                0x000059e4                __aeabi_cdrcmple
                0x000059f4                __aeabi_cdcmpeq
                0x000059f4                __aeabi_cdcmple
                0x00005a04                __aeabi_dcmpeq
                0x00005a18                __aeabi_dcmplt
                0x00005a2c                __aeabi_dcmple
                0x00005a40                __aeabi_dcmpge
                0x00005a54                __aeabi_dcmpgt
 .text          0x00005a68       0x2c c:/program files (x86)/cypress/psoc creator/4.1/psoc creator/import/gnu/arm/5.4.1/bin/../lib/gcc/arm-none-eabi/5.4.1/armv7-m\libgcc.a(_arm_unorddf2.o)
                0x00005a68                __unorddf2
                0x00005a68                __aeabi_dcmpun
 .text          0x00005a94       0x50 c:/program files (x86)/cypress/psoc creator/4.1/psoc creator/import/gnu/arm/5.4.1/bin/../lib/gcc/arm-none-eabi/5.4.1/armv7-m\libgcc.a(_arm_fixdfsi.o)
                0x00005a94                __aeabi_d2iz
                0x00005a94                __fixdfsi
 .text.__errno  0x00005ae4        0xc c:/program files (x86)/cypress/psoc creator/4.1/psoc creator/import/gnu/arm/5.4.1/bin/../lib/gcc/arm-none-eabi/5.4.1/../../../../arm-none-eabi/lib/armv7-m\libg_nano.a(lib_a-errno.o)
                0x00005ae4                __errno
 .text.__libc_init_array
                0x00005af0       0x4c c:/program files (x86)/cypress/psoc creator/4.1/psoc creator/import/gnu/arm/5.4.1/bin/../lib/gcc/arm-none-eabi/5.4.1/../../../../arm-none-eabi/lib/armv7-m\libg_nano.a(lib_a-init.o)
                0x00005af0                __libc_init_array
 .text.memcpy   0x00005b3c       0x16 c:/program files (x86)/cypress/psoc creator/4.1/psoc creator/import/gnu/arm/5.4.1/bin/../lib/gcc/arm-none-eabi/5.4.1/../../../../arm-none-eabi/lib/armv7-m\libg_nano.a(lib_a-memcpy-stub.o)
                0x00005b3c                memcpy
 .text.memset   0x00005b52       0x10 c:/program files (x86)/cypress/psoc creator/4.1/psoc creator/import/gnu/arm/5.4.1/bin/../lib/gcc/arm-none-eabi/5.4.1/../../../../arm-none-eabi/lib/armv7-m\libg_nano.a(lib_a-memset.o)
                0x00005b52                memset
 *fill*         0x00005b62        0x2 
 .text.sprintf  0x00005b64       0x48 c:/program files (x86)/cypress/psoc creator/4.1/psoc creator/import/gnu/arm/5.4.1/bin/../lib/gcc/arm-none-eabi/5.4.1/../../../../arm-none-eabi/lib/armv7-m\libg_nano.a(lib_a-sprintf.o)
                0x00005b64                siprintf
                0x00005b64                sprintf
 .text.__ssputs_r
                0x00005bac       0xb2 c:/program files (x86)/cypress/psoc creator/4.1/psoc creator/import/gnu/arm/5.4.1/bin/../lib/gcc/arm-none-eabi/5.4.1/../../../../arm-none-eabi/lib/armv7-m\libg_nano.a(lib_a-nano-svfprintf.o)
                0x00005bac                __ssputs_r
 *fill*         0x00005c5e        0x2 
 .text._svfprintf_r
                0x00005c60      0x1e8 c:/program files (x86)/cypress/psoc creator/4.1/psoc creator/import/gnu/arm/5.4.1/bin/../lib/gcc/arm-none-eabi/5.4.1/../../../../arm-none-eabi/lib/armv7-m\libg_nano.a(lib_a-nano-svfprintf.o)
                0x00005c60                _svfiprintf_r
                0x00005c60                _svfprintf_r
 .text._printf_common
                0x00005e48       0xec c:/program files (x86)/cypress/psoc creator/4.1/psoc creator/import/gnu/arm/5.4.1/bin/../lib/gcc/arm-none-eabi/5.4.1/../../../../arm-none-eabi/lib/armv7-m\libg_nano.a(lib_a-nano-vfprintf_i.o)
                0x00005e48                _printf_common
 .text._printf_i
                0x00005f34      0x24c c:/program files (x86)/cypress/psoc creator/4.1/psoc creator/import/gnu/arm/5.4.1/bin/../lib/gcc/arm-none-eabi/5.4.1/../../../../arm-none-eabi/lib/armv7-m\libg_nano.a(lib_a-nano-vfprintf_i.o)
                0x00005f34                _printf_i
 .text.memchr   0x00006180       0x1c c:/program files (x86)/cypress/psoc creator/4.1/psoc creator/import/gnu/arm/5.4.1/bin/../lib/gcc/arm-none-eabi/5.4.1/../../../../arm-none-eabi/lib/armv7-m\libg_nano.a(lib_a-memchr-stub.o)
                0x00006180                memchr
 .text.memmove  0x0000619c       0x36 c:/program files (x86)/cypress/psoc creator/4.1/psoc creator/import/gnu/arm/5.4.1/bin/../lib/gcc/arm-none-eabi/5.4.1/../../../../arm-none-eabi/lib/armv7-m\libg_nano.a(lib_a-memmove.o)
                0x0000619c                memmove
 *fill*         0x000061d2        0x2 
 .text._free_r  0x000061d4       0x98 c:/program files (x86)/cypress/psoc creator/4.1/psoc creator/import/gnu/arm/5.4.1/bin/../lib/gcc/arm-none-eabi/5.4.1/../../../../arm-none-eabi/lib/armv7-m\libg_nano.a(lib_a-nano-freer.o)
                0x000061d4                _free_r
 .text._malloc_r
                0x0000626c       0xbc c:/program files (x86)/cypress/psoc creator/4.1/psoc creator/import/gnu/arm/5.4.1/bin/../lib/gcc/arm-none-eabi/5.4.1/../../../../arm-none-eabi/lib/armv7-m\libg_nano.a(lib_a-nano-mallocr.o)
                0x0000626c                _malloc_r
 .text._realloc_r
                0x00006328       0x4c c:/program files (x86)/cypress/psoc creator/4.1/psoc creator/import/gnu/arm/5.4.1/bin/../lib/gcc/arm-none-eabi/5.4.1/../../../../arm-none-eabi/lib/armv7-m\libg_nano.a(lib_a-nano-reallocr.o)
                0x00006328                _realloc_r
 .text._sbrk_r  0x00006374       0x20 c:/program files (x86)/cypress/psoc creator/4.1/psoc creator/import/gnu/arm/5.4.1/bin/../lib/gcc/arm-none-eabi/5.4.1/../../../../arm-none-eabi/lib/armv7-m\libg_nano.a(lib_a-sbrkr.o)
                0x00006374                _sbrk_r
 .text.__malloc_lock
                0x00006394        0x2 c:/program files (x86)/cypress/psoc creator/4.1/psoc creator/import/gnu/arm/5.4.1/bin/../lib/gcc/arm-none-eabi/5.4.1/../../../../arm-none-eabi/lib/armv7-m\libg_nano.a(lib_a-mlock.o)
                0x00006394                __malloc_lock
 .text.__malloc_unlock
                0x00006396        0x2 c:/program files (x86)/cypress/psoc creator/4.1/psoc creator/import/gnu/arm/5.4.1/bin/../lib/gcc/arm-none-eabi/5.4.1/../../../../arm-none-eabi/lib/armv7-m\libg_nano.a(lib_a-mlock.o)
                0x00006396                __malloc_unlock
 .text._malloc_usable_size_r
                0x00006398       0x14 c:/program files (x86)/cypress/psoc creator/4.1/psoc creator/import/gnu/arm/5.4.1/bin/../lib/gcc/arm-none-eabi/5.4.1/../../../../arm-none-eabi/lib/armv7-m\libg_nano.a(lib_a-nano-msizer.o)
                0x00006398                _malloc_usable_size_r
 *(.plt)
 *(.gnu.warning)
 *(.glue_7t)
 .glue_7t       0x000063ac        0x0 linker stubs
 *(.glue_7)
 .glue_7        0x000063ac        0x0 linker stubs
 *(.vfp11_veneer)
 .vfp11_veneer  0x000063ac        0x0 linker stubs
 *(.bootloader)
 *(.ARM.extab* .gnu.linkonce.armextab.*)
 *(.gcc_except_table)

.v4_bx          0x000063ac        0x0
 .v4_bx         0x000063ac        0x0 linker stubs

.iplt           0x000063ac        0x0
 .iplt          0x000063ac        0x0 c:/program files (x86)/cypress/psoc creator/4.1/psoc creator/import/gnu/arm/5.4.1/bin/../lib/gcc/arm-none-eabi/5.4.1/armv7-m/crtbegin.o

.eh_frame_hdr
 *(.eh_frame_hdr)

.eh_frame       0x000063ac        0x4
 *(.eh_frame)
 .eh_frame      0x000063ac        0x0 c:/program files (x86)/cypress/psoc creator/4.1/psoc creator/import/gnu/arm/5.4.1/bin/../lib/gcc/arm-none-eabi/5.4.1/armv7-m/crtbegin.o
 .eh_frame      0x000063ac        0x4 c:/program files (x86)/cypress/psoc creator/4.1/psoc creator/import/gnu/arm/5.4.1/bin/../lib/gcc/arm-none-eabi/5.4.1/armv7-m/crtend.o
                [!provide]                PROVIDE (__exidx_start, .)

.ARM.exidx
 *(.ARM.exidx* .gnu.linkonce.armexidx.*)
                0x000063b0                __exidx_end = .

.rodata         0x000063b0     0x1b40
 *(.rodata .rodata.* .gnu.linkonce.r.*)
 .rodata        0x000063b0      0x148 .\ARM_GCC_541\Debug\main.o
 .rodata        0x000064f8       0x42 .\ARM_GCC_541\Debug\cyfitter_cfg.o
                0x000064f8                ADC_DelSig_1_AMux__addrTable
                0x00006500                ADC_DelSig_1_AMux__maskTable
 *fill*         0x0000653a        0x2 
 .rodata        0x0000653c      0x4ee .\ARM_GCC_541\Debug\DTMF_TX.a(HF_DAC_1.o)
                0x0000653c                HF_DAC_1_wave1
                0x000067d4                HF_DAC_1_wave2
 *fill*         0x00006a2a        0x2 
 .rodata        0x00006a2c      0x889 .\ARM_GCC_541\Debug\DTMF_TX.a(LF_DAC_1.o)
                0x00006a2c                LF_DAC_1_wave1
                0x00006ea8                LF_DAC_1_wave2
 *fill*         0x000072b5        0x3 
 .rodata        0x000072b8      0x2e8 .\ARM_GCC_541\Debug\DTMF_TX.a(HF_DAC_2.o)
                0x000072b8                HF_DAC_2_wave1
                0x000074d8                HF_DAC_2_wave2
 .rodata        0x000075a0      0x6fd .\ARM_GCC_541\Debug\DTMF_TX.a(LF_DAC_2.o)
                0x000075a0                LF_DAC_2_wave1
                0x0000794c                LF_DAC_2_wave2
 *fill*         0x00007c9d        0x3 
 .rodata.str1.4
                0x00007ca0        0x8 c:/program files (x86)/cypress/psoc creator/4.1/psoc creator/import/gnu/arm/5.4.1/bin/../lib/gcc/arm-none-eabi/5.4.1/../../../../arm-none-eabi/lib/armv7-m\libm.a(lib_a-w_sqrt.o)
                                  0x5 (size before relaxing)
 .rodata.npio2_hw
                0x00007ca8       0x80 c:/program files (x86)/cypress/psoc creator/4.1/psoc creator/import/gnu/arm/5.4.1/bin/../lib/gcc/arm-none-eabi/5.4.1/../../../../arm-none-eabi/lib/armv7-m\libm.a(lib_a-e_rem_pio2.o)
 .rodata.two_over_pi
                0x00007d28      0x108 c:/program files (x86)/cypress/psoc creator/4.1/psoc creator/import/gnu/arm/5.4.1/bin/../lib/gcc/arm-none-eabi/5.4.1/../../../../arm-none-eabi/lib/armv7-m\libm.a(lib_a-e_rem_pio2.o)
 .rodata.init_jk
                0x00007e30       0x10 c:/program files (x86)/cypress/psoc creator/4.1/psoc creator/import/gnu/arm/5.4.1/bin/../lib/gcc/arm-none-eabi/5.4.1/../../../../arm-none-eabi/lib/armv7-m\libm.a(lib_a-k_rem_pio2.o)
 .rodata.PIo2   0x00007e40       0x40 c:/program files (x86)/cypress/psoc creator/4.1/psoc creator/import/gnu/arm/5.4.1/bin/../lib/gcc/arm-none-eabi/5.4.1/../../../../arm-none-eabi/lib/armv7-m\libm.a(lib_a-k_rem_pio2.o)
 .rodata.str1.1
                0x00007e80        0x2 c:/program files (x86)/cypress/psoc creator/4.1/psoc creator/import/gnu/arm/5.4.1/bin/../lib/gcc/arm-none-eabi/5.4.1/../../../../arm-none-eabi/lib/armv7-m\libg_nano.a(lib_a-impure.o)
 .rodata.str1.1
                0x00007e82       0x11 c:/program files (x86)/cypress/psoc creator/4.1/psoc creator/import/gnu/arm/5.4.1/bin/../lib/gcc/arm-none-eabi/5.4.1/../../../../arm-none-eabi/lib/armv7-m\libg_nano.a(lib_a-nano-svfprintf.o)
 .rodata.str1.1
                0x00007e93       0x22 c:/program files (x86)/cypress/psoc creator/4.1/psoc creator/import/gnu/arm/5.4.1/bin/../lib/gcc/arm-none-eabi/5.4.1/../../../../arm-none-eabi/lib/armv7-m\libg_nano.a(lib_a-nano-vfprintf_i.o)
                0x00007eb8                . = ALIGN (0x4)
 *fill*         0x00007eb5        0x3 
 *(.init)
 .init          0x00007eb8        0x4 c:/program files (x86)/cypress/psoc creator/4.1/psoc creator/import/gnu/arm/5.4.1/bin/../lib/gcc/arm-none-eabi/5.4.1/armv7-m/crti.o
                0x00007eb8                _init
 .init          0x00007ebc        0x8 c:/program files (x86)/cypress/psoc creator/4.1/psoc creator/import/gnu/arm/5.4.1/bin/../lib/gcc/arm-none-eabi/5.4.1/armv7-m/crtn.o
                0x00007ec4                . = ALIGN (0x4)
                0x00007ec4                __preinit_array_start = .
 *(.preinit_array)
                0x00007ec4                __preinit_array_end = .
                0x00007ec4                . = ALIGN (0x4)
                0x00007ec4                __init_array_start = .
 *(SORT(.init_array.*))
 *(.init_array)
 .init_array    0x00007ec4        0x4 c:/program files (x86)/cypress/psoc creator/4.1/psoc creator/import/gnu/arm/5.4.1/bin/../lib/gcc/arm-none-eabi/5.4.1/armv7-m/crtbegin.o
 .init_array    0x00007ec8        0x4 .\ARM_GCC_541\Debug\Cm3Start.o
                0x00007ecc                __init_array_end = .
                0x00007ecc                . = ALIGN (0x4)
 *(.fini)
 .fini          0x00007ecc        0x4 c:/program files (x86)/cypress/psoc creator/4.1/psoc creator/import/gnu/arm/5.4.1/bin/../lib/gcc/arm-none-eabi/5.4.1/armv7-m/crti.o
                0x00007ecc                _fini
 .fini          0x00007ed0        0x8 c:/program files (x86)/cypress/psoc creator/4.1/psoc creator/import/gnu/arm/5.4.1/bin/../lib/gcc/arm-none-eabi/5.4.1/armv7-m/crtn.o
                0x00007ed8                . = ALIGN (0x4)
                0x00007ed8                __fini_array_start = .
 *(.fini_array)
 .fini_array    0x00007ed8        0x4 c:/program files (x86)/cypress/psoc creator/4.1/psoc creator/import/gnu/arm/5.4.1/bin/../lib/gcc/arm-none-eabi/5.4.1/armv7-m/crtbegin.o
 *(SORT(.fini_array.*))
                0x00007edc                __fini_array_end = .
                0x00007edc                . = ALIGN (0x4)
 *crtbegin.o(.ctors)
 *(EXCLUDE_FILE(*crtend.o) .ctors)
 *(SORT(.ctors.*))
 *crtend.o(.ctors)
                0x00007edc                . = ALIGN (0x4)
 *crtbegin.o(.dtors)
 *(EXCLUDE_FILE(*crtend.o) .dtors)
 *(SORT(.dtors.*))
 *crtend.o(.dtors)
                0x00007edc                . = ALIGN (0x4)
                0x00007edc                __cy_regions = .
                0x00007edc        0x4 LONG 0x7ef0 __cy_region_init_ram
                0x00007ee0        0x4 LONG 0x1fff80c8 __cy_region_start_data
                0x00007ee4        0x4 LONG 0xb8 __cy_region_init_size_ram
                0x00007ee8        0x4 LONG 0x1020 __cy_region_zero_size_ram
                0x00007eec                __cy_regions_end = .
                0x00007ef0                . = ALIGN (0x8)
 *fill*         0x00007eec        0x4 
                0x00007ef0                _etext = .

.cy_checksum_exclude
                0x00007ef0        0x0
 *(.cy_checksum_exclude)

.ramvectors     0x1fff8000       0xc0
                0x1fff8000                __cy_region_start_ram = .
 *(.ramvectors)
 .ramvectors    0x1fff8000       0xc0 .\ARM_GCC_541\Debug\Cm3Start.o
                0x1fff8000                CyRamVectors

.noinit         0x1fff80c0        0x5
 *(.noinit)
 .noinit        0x1fff80c0        0x4 .\ARM_GCC_541\Debug\Cm3Start.o
 .noinit        0x1fff80c4        0x1 .\ARM_GCC_541\Debug\DTMF_TX.a(CyLib.o)
                0x1fff80c4                CyResetStatus

.data           0x1fff80c8       0xb8 load address 0x00007ef0
                0x1fff80c8                __cy_region_start_data = .
 *(.jcr)
 .jcr           0x1fff80c8        0x0 c:/program files (x86)/cypress/psoc creator/4.1/psoc creator/import/gnu/arm/5.4.1/bin/../lib/gcc/arm-none-eabi/5.4.1/armv7-m/crtbegin.o
 .jcr           0x1fff80c8        0x4 c:/program files (x86)/cypress/psoc creator/4.1/psoc creator/import/gnu/arm/5.4.1/bin/../lib/gcc/arm-none-eabi/5.4.1/armv7-m/crtend.o
 *(.got.plt)
 *(.got)
 *(.shdata)
 *(.data .data.* .gnu.linkonce.d.*)
 .data          0x1fff80cc       0x20 .\ARM_GCC_541\Debug\main.o
                0x1fff80cc                loFrequency
                0x1fff80dc                hiFrequency
 .data          0x1fff80ec        0x4 .\ARM_GCC_541\Debug\Cm3Start.o
 .data          0x1fff80f0        0x1 .\ARM_GCC_541\Debug\DTMF_TX.a(ADC_DelSig_1.o)
                0x1fff80f0                ADC_DelSig_1_Config
 .data          0x1fff80f1        0x1 .\ARM_GCC_541\Debug\DTMF_TX.a(ADC_DelSig_1_AMux.o)
 *fill*         0x1fff80f2        0x2 
 .data          0x1fff80f4        0x8 .\ARM_GCC_541\Debug\DTMF_TX.a(CyDmac.o)
 .data          0x1fff80fc       0x10 .\ARM_GCC_541\Debug\DTMF_TX.a(CyLib.o)
                0x1fff80fc                cydelay_freq_hz
                0x1fff8100                cydelay_freq_khz
                0x1fff8104                cydelay_freq_mhz
                0x1fff8108                cydelay_32k_ms
 .data          0x1fff810c        0x1 .\ARM_GCC_541\Debug\DTMF_TX.a(HF_DAC_1_Wave1_DMA_dma.o)
                0x1fff810c                HF_DAC_1_Wave1_DMA_DmaHandle
 .data          0x1fff810d        0x1 .\ARM_GCC_541\Debug\DTMF_TX.a(HF_DAC_1_Wave2_DMA_dma.o)
                0x1fff810d                HF_DAC_1_Wave2_DMA_DmaHandle
 .data          0x1fff810e        0x1 .\ARM_GCC_541\Debug\DTMF_TX.a(LF_DAC_1_Wave1_DMA_dma.o)
                0x1fff810e                LF_DAC_1_Wave1_DMA_DmaHandle
 .data          0x1fff810f        0x1 .\ARM_GCC_541\Debug\DTMF_TX.a(LF_DAC_1_Wave2_DMA_dma.o)
                0x1fff810f                LF_DAC_1_Wave2_DMA_DmaHandle
 .data          0x1fff8110        0x1 .\ARM_GCC_541\Debug\DTMF_TX.a(HF_DAC_2_Wave1_DMA_dma.o)
                0x1fff8110                HF_DAC_2_Wave1_DMA_DmaHandle
 .data          0x1fff8111        0x1 .\ARM_GCC_541\Debug\DTMF_TX.a(HF_DAC_2_Wave2_DMA_dma.o)
                0x1fff8111                HF_DAC_2_Wave2_DMA_DmaHandle
 .data          0x1fff8112        0x1 .\ARM_GCC_541\Debug\DTMF_TX.a(LF_DAC_2_Wave1_DMA_dma.o)
                0x1fff8112                LF_DAC_2_Wave1_DMA_DmaHandle
 .data          0x1fff8113        0x1 .\ARM_GCC_541\Debug\DTMF_TX.a(LF_DAC_2_Wave2_DMA_dma.o)
                0x1fff8113                LF_DAC_2_Wave2_DMA_DmaHandle
 .data.__fdlib_version
                0x1fff8114        0x1 c:/program files (x86)/cypress/psoc creator/4.1/psoc creator/import/gnu/arm/5.4.1/bin/../lib/gcc/arm-none-eabi/5.4.1/../../../../arm-none-eabi/lib/armv7-m\libm.a(lib_a-s_lib_ver.o)
                0x1fff8114                __fdlib_version
 *fill*         0x1fff8115        0x3 
 .data.impure_data
                0x1fff8118       0x60 c:/program files (x86)/cypress/psoc creator/4.1/psoc creator/import/gnu/arm/5.4.1/bin/../lib/gcc/arm-none-eabi/5.4.1/../../../../arm-none-eabi/lib/armv7-m\libg_nano.a(lib_a-impure.o)
 .data._impure_ptr
                0x1fff8178        0x4 c:/program files (x86)/cypress/psoc creator/4.1/psoc creator/import/gnu/arm/5.4.1/bin/../lib/gcc/arm-none-eabi/5.4.1/../../../../arm-none-eabi/lib/armv7-m\libg_nano.a(lib_a-impure.o)
                0x1fff8178                _impure_ptr
                0x1fff8180                . = ALIGN (0x8)
 *fill*         0x1fff817c        0x4 
 *(.ram)
                0x1fff8180                _edata = .

.igot.plt       0x1fff8180        0x0 load address 0x00007fa8
 .igot.plt      0x1fff8180        0x0 c:/program files (x86)/cypress/psoc creator/4.1/psoc creator/import/gnu/arm/5.4.1/bin/../lib/gcc/arm-none-eabi/5.4.1/armv7-m/crtbegin.o

.bss            0x1fff8180     0x1020 load address 0x00007fa8
                0x1fff8180                PROVIDE (__bss_start__, .)
 *(.shbss)
 *(.bss .bss.* .gnu.linkonce.b.*)
 .bss           0x1fff8180       0x1c c:/program files (x86)/cypress/psoc creator/4.1/psoc creator/import/gnu/arm/5.4.1/bin/../lib/gcc/arm-none-eabi/5.4.1/armv7-m/crtbegin.o
 .bss           0x1fff819c        0xc .\ARM_GCC_541\Debug\DTMF_TX.a(ADC_DelSig_1.o)
                0x1fff819c                ADC_DelSig_1_convDone
                0x1fff819d                ADC_DelSig_1_stopConversion
                0x1fff819e                ADC_DelSig_1_initVar
                0x1fff819f                ADC_DelSig_1_started
                0x1fff81a0                ADC_DelSig_1_Offset
 .bss           0x1fff81a8        0x2 .\ARM_GCC_541\Debug\DTMF_TX.a(UART_1.o)
                0x1fff81a8                UART_1_initVar
 .bss           0x1fff81aa        0x1 .\ARM_GCC_541\Debug\DTMF_TX.a(Timer.o)
                0x1fff81aa                Timer_initVar
 .bss           0x1fff81ab        0x5 .\ARM_GCC_541\Debug\DTMF_TX.a(HF_DAC_1.o)
                0x1fff81ab                HF_DAC_1_initVar
 .bss           0x1fff81b0        0x1 .\ARM_GCC_541\Debug\DTMF_TX.a(HF_DAC_1_PM.o)
 .bss           0x1fff81b1        0x5 .\ARM_GCC_541\Debug\DTMF_TX.a(LF_DAC_1.o)
                0x1fff81b1                LF_DAC_1_initVar
 *fill*         0x1fff81b6        0x2 
 .bss           0x1fff81b8        0x1 .\ARM_GCC_541\Debug\DTMF_TX.a(LF_DAC_1_PM.o)
 .bss           0x1fff81b9        0x5 .\ARM_GCC_541\Debug\DTMF_TX.a(HF_DAC_2.o)
                0x1fff81b9                HF_DAC_2_initVar
 *fill*         0x1fff81be        0x2 
 .bss           0x1fff81c0        0x1 .\ARM_GCC_541\Debug\DTMF_TX.a(HF_DAC_2_PM.o)
 .bss           0x1fff81c1        0x5 .\ARM_GCC_541\Debug\DTMF_TX.a(LF_DAC_2.o)
                0x1fff81c1                LF_DAC_2_initVar
 *fill*         0x1fff81c6        0x2 
 .bss           0x1fff81c8        0x1 .\ARM_GCC_541\Debug\DTMF_TX.a(LF_DAC_2_PM.o)
 *fill*         0x1fff81c9        0x3 
 .bss           0x1fff81cc        0x2 .\ARM_GCC_541\Debug\DTMF_TX.a(HF_DAC_1_VDAC8_PM.o)
 *fill*         0x1fff81ce        0x2 
 .bss           0x1fff81d0        0x2 .\ARM_GCC_541\Debug\DTMF_TX.a(LF_DAC_1_VDAC8_PM.o)
 *fill*         0x1fff81d2        0x2 
 .bss           0x1fff81d4        0x2 .\ARM_GCC_541\Debug\DTMF_TX.a(HF_DAC_2_VDAC8_PM.o)
 *fill*         0x1fff81d6        0x2 
 .bss           0x1fff81d8        0x2 .\ARM_GCC_541\Debug\DTMF_TX.a(LF_DAC_2_VDAC8_PM.o)
 *fill*         0x1fff81da        0x2 
 .bss.__malloc_sbrk_start
                0x1fff81dc        0x4 c:/program files (x86)/cypress/psoc creator/4.1/psoc creator/import/gnu/arm/5.4.1/bin/../lib/gcc/arm-none-eabi/5.4.1/../../../../arm-none-eabi/lib/armv7-m\libg_nano.a(lib_a-nano-mallocr.o)
                0x1fff81dc                __malloc_sbrk_start
 .bss.__malloc_free_list
                0x1fff81e0        0x4 c:/program files (x86)/cypress/psoc creator/4.1/psoc creator/import/gnu/arm/5.4.1/bin/../lib/gcc/arm-none-eabi/5.4.1/../../../../arm-none-eabi/lib/armv7-m\libg_nano.a(lib_a-nano-mallocr.o)
                0x1fff81e0                __malloc_free_list
 *(COMMON)
 COMMON         0x1fff81e4      0xfb4 .\ARM_GCC_541\Debug\main.o
                0x1fff81e4                TransmitBuffer
                0x1fff81f4                Output
                0x1fff81f8                array
 COMMON         0x1fff9198        0x4 .\ARM_GCC_541\Debug\DTMF_TX.a(ADC_DelSig_1.o)
                0x1fff9198                ADC_DelSig_1_CountsPerVolt
 COMMON         0x1fff919c        0x4 c:/program files (x86)/cypress/psoc creator/4.1/psoc creator/import/gnu/arm/5.4.1/bin/../lib/gcc/arm-none-eabi/5.4.1/../../../../arm-none-eabi/lib/armv7-m\libg_nano.a(lib_a-reent.o)
                0x1fff919c                errno
                0x1fff91a0                . = ALIGN (0x8)
 *(.ram.b)
                0x1fff91a0                _end = .
                0x1fff91a0                __end = .
                0x1fff91a0                PROVIDE (end, .)
                0x1fff91a0                PROVIDE (__bss_end__, .)
                0x00007ef0                __cy_region_init_ram = LOADADDR (.data)
                0x000000b8                __cy_region_init_size_ram = (_edata - ADDR (.data))
                0x00001020                __cy_region_zero_size_ram = (_end - _edata)

.heap           0x1fff91a0       0x80 load address 0x00007fa8
                0x1fff91a0                . = _end
                0x1fff9220                . = (. + 0x80)
 *fill*         0x1fff91a0       0x80 
                0x1fff9220                __cy_heap_limit = .

.stack          0x20007800      0x800
                0x20007800                __cy_stack_limit = .
                0x20008000                . = (. + 0x800)
 *fill*         0x20007800      0x800 
                0x00000001                ASSERT ((__cy_stack_limit >= __cy_heap_limit), region RAM overflowed with stack)
                0x00000000                cy_checksum_exclude_size = (CY_APPL_LOADABLE == 0x1)?SIZEOF (.cy_checksum_exclude):0x0
                0x00000001                ASSERT ((cy_checksum_exclude_size <= CY_CHECKSUM_EXCLUDE_SIZE), CY_BOOT: Section .cy_checksum_exclude size exceedes specified limit.)

.cyloadermeta
 *(.cyloadermeta)

.cyloadablemeta
 *(.cyloadablemeta)

.cyconfigecc    0x80000000      0x5e0
 *(.cyconfigecc)
 .cyconfigecc   0x80000000      0x5e0 .\ARM_GCC_541\Debug\cymetadata.o
                0x80000000                cy_meta_configecc

.cycustnvl      0x90000000        0x4
 *(.cycustnvl)
 .cycustnvl     0x90000000        0x4 .\ARM_GCC_541\Debug\cymetadata.o
                0x90000000                cy_meta_custnvl

.cywolatch      0x90100000        0x4
 *(.cywolatch)
 .cywolatch     0x90100000        0x4 .\ARM_GCC_541\Debug\cymetadata.o
                0x90100000                cy_meta_wonvl

.cyeeprom       0x90200000        0x0
 *(.cyeeprom)
                0x00000001                ASSERT ((. <= ((0x90200000 + ee_offset) + ee_size)), .cyeeprom data will not fit in EEPROM)

.cyflashprotect
                0x90400000      0x100
 *(.cyflashprotect)
 .cyflashprotect
                0x90400000      0x100 .\ARM_GCC_541\Debug\cymetadata.o
                0x90400000                cy_meta_flashprotect

.cymeta         0x90500000        0xc
 *(.cymeta)
 .cymeta        0x90500000        0xc .\ARM_GCC_541\Debug\cymetadata.o
                0x90500000                cy_metadata

.rel.dyn        0x00007fa8        0x0 load address 0x9050000c
 .rel.iplt      0x00007fa8        0x0 c:/program files (x86)/cypress/psoc creator/4.1/psoc creator/import/gnu/arm/5.4.1/bin/../lib/gcc/arm-none-eabi/5.4.1/armv7-m/crtbegin.o

.stab
 *(.stab)

.stabstr
 *(.stabstr)

.debug
 *(.debug)

.line
 *(.line)

.debug_srcinfo
 *(.debug_srcinfo)

.debug_sfnames
 *(.debug_sfnames)

.debug_aranges  0x00000000     0x13b8
 *(.debug_aranges)
 .debug_aranges
                0x00000000       0x60 .\ARM_GCC_541\Debug\main.o
 .debug_aranges
                0x00000060       0x70 .\ARM_GCC_541\Debug\cyfitter_cfg.o
 .debug_aranges
                0x000000d0       0x18 .\ARM_GCC_541\Debug\cymetadata.o
 .debug_aranges
                0x000000e8       0x48 .\ARM_GCC_541\Debug\Cm3Start.o
 .debug_aranges
                0x00000130       0xe8 .\ARM_GCC_541\Debug\DTMF_TX.a(ADC_DelSig_1.o)
 .debug_aranges
                0x00000218       0x38 .\ARM_GCC_541\Debug\DTMF_TX.a(ADC_DelSig_1_INT.o)
 .debug_aranges
                0x00000250       0x30 .\ARM_GCC_541\Debug\DTMF_TX.a(ADC_DelSig_1_AMux.o)
 .debug_aranges
                0x00000280       0x70 .\ARM_GCC_541\Debug\DTMF_TX.a(ADC_DelSig_1_Ext_CP_Clk.o)
 .debug_aranges
                0x000002f0       0x80 .\ARM_GCC_541\Debug\DTMF_TX.a(ADC_DelSig_1_theACLK.o)
 .debug_aranges
                0x00000370       0xd8 .\ARM_GCC_541\Debug\DTMF_TX.a(CyDmac.o)
 .debug_aranges
                0x00000448      0x2a0 .\ARM_GCC_541\Debug\DTMF_TX.a(CyLib.o)
 .debug_aranges
                0x000006e8       0x98 .\ARM_GCC_541\Debug\DTMF_TX.a(cyPm.o)
 .debug_aranges
                0x00000780       0xf0 .\ARM_GCC_541\Debug\DTMF_TX.a(UART_1.o)
 .debug_aranges
                0x00000870       0x70 .\ARM_GCC_541\Debug\DTMF_TX.a(UART_1_IntClock.o)
 .debug_aranges
                0x000008e0       0x88 .\ARM_GCC_541\Debug\DTMF_TX.a(Timer.o)
 .debug_aranges
                0x00000968       0x80 .\ARM_GCC_541\Debug\DTMF_TX.a(isr.o)
 .debug_aranges
                0x000009e8       0x38 .\ARM_GCC_541\Debug\DTMF_TX.a(HF_SW1.o)
 .debug_aranges
                0x00000a20       0x38 .\ARM_GCC_541\Debug\DTMF_TX.a(HF_SW2.o)
 .debug_aranges
                0x00000a58       0x38 .\ARM_GCC_541\Debug\DTMF_TX.a(LF_SW1.o)
 .debug_aranges
                0x00000a90       0x38 .\ARM_GCC_541\Debug\DTMF_TX.a(LF_SW2.o)
 .debug_aranges
                0x00000ac8       0x50 .\ARM_GCC_541\Debug\DTMF_TX.a(HF_DAC_1.o)
 .debug_aranges
                0x00000b18       0x28 .\ARM_GCC_541\Debug\DTMF_TX.a(HF_DAC_1_PM.o)
 .debug_aranges
                0x00000b40       0x50 .\ARM_GCC_541\Debug\DTMF_TX.a(LF_DAC_1.o)
 .debug_aranges
                0x00000b90       0x28 .\ARM_GCC_541\Debug\DTMF_TX.a(LF_DAC_1_PM.o)
 .debug_aranges
                0x00000bb8       0x50 .\ARM_GCC_541\Debug\DTMF_TX.a(HF_DAC_2.o)
 .debug_aranges
                0x00000c08       0x28 .\ARM_GCC_541\Debug\DTMF_TX.a(HF_DAC_2_PM.o)
 .debug_aranges
                0x00000c30       0x50 .\ARM_GCC_541\Debug\DTMF_TX.a(LF_DAC_2.o)
 .debug_aranges
                0x00000c80       0x28 .\ARM_GCC_541\Debug\DTMF_TX.a(LF_DAC_2_PM.o)
 .debug_aranges
                0x00000ca8       0x70 .\ARM_GCC_541\Debug\DTMF_TX.a(HF_DAC_1_DacClk.o)
 .debug_aranges
                0x00000d18       0x28 .\ARM_GCC_541\Debug\DTMF_TX.a(HF_DAC_1_Wave1_DMA_dma.o)
 .debug_aranges
                0x00000d40       0x28 .\ARM_GCC_541\Debug\DTMF_TX.a(HF_DAC_1_Wave2_DMA_dma.o)
 .debug_aranges
                0x00000d68       0x58 .\ARM_GCC_541\Debug\DTMF_TX.a(HF_DAC_1_VDAC8.o)
 .debug_aranges
                0x00000dc0       0x38 .\ARM_GCC_541\Debug\DTMF_TX.a(HF_DAC_1_VDAC8_PM.o)
 .debug_aranges
                0x00000df8       0x70 .\ARM_GCC_541\Debug\DTMF_TX.a(LF_DAC_1_DacClk.o)
 .debug_aranges
                0x00000e68       0x28 .\ARM_GCC_541\Debug\DTMF_TX.a(LF_DAC_1_Wave1_DMA_dma.o)
 .debug_aranges
                0x00000e90       0x28 .\ARM_GCC_541\Debug\DTMF_TX.a(LF_DAC_1_Wave2_DMA_dma.o)
 .debug_aranges
                0x00000eb8       0x58 .\ARM_GCC_541\Debug\DTMF_TX.a(LF_DAC_1_VDAC8.o)
 .debug_aranges
                0x00000f10       0x38 .\ARM_GCC_541\Debug\DTMF_TX.a(LF_DAC_1_VDAC8_PM.o)
 .debug_aranges
                0x00000f48       0x70 .\ARM_GCC_541\Debug\DTMF_TX.a(HF_DAC_2_DacClk.o)
 .debug_aranges
                0x00000fb8       0x28 .\ARM_GCC_541\Debug\DTMF_TX.a(HF_DAC_2_Wave1_DMA_dma.o)
 .debug_aranges
                0x00000fe0       0x28 .\ARM_GCC_541\Debug\DTMF_TX.a(HF_DAC_2_Wave2_DMA_dma.o)
 .debug_aranges
                0x00001008       0x58 .\ARM_GCC_541\Debug\DTMF_TX.a(HF_DAC_2_VDAC8.o)
 .debug_aranges
                0x00001060       0x38 .\ARM_GCC_541\Debug\DTMF_TX.a(HF_DAC_2_VDAC8_PM.o)
 .debug_aranges
                0x00001098       0x70 .\ARM_GCC_541\Debug\DTMF_TX.a(LF_DAC_2_DacClk.o)
 .debug_aranges
                0x00001108       0x28 .\ARM_GCC_541\Debug\DTMF_TX.a(LF_DAC_2_Wave1_DMA_dma.o)
 .debug_aranges
                0x00001130       0x28 .\ARM_GCC_541\Debug\DTMF_TX.a(LF_DAC_2_Wave2_DMA_dma.o)
 .debug_aranges
                0x00001158       0x58 .\ARM_GCC_541\Debug\DTMF_TX.a(LF_DAC_2_VDAC8.o)
 .debug_aranges
                0x000011b0       0x38 .\ARM_GCC_541\Debug\DTMF_TX.a(LF_DAC_2_VDAC8_PM.o)
 .debug_aranges
                0x000011e8       0x80 .\ARM_GCC_541\Debug\DTMF_TX.a(Input_ISR.o)
 .debug_aranges
                0x00001268       0x38 .\ARM_GCC_541\Debug\DTMF_TX.a(Input_Flag.o)
 .debug_aranges
                0x000012a0       0x20 .\ARM_GCC_541\Debug\DTMF_TX.a(CyBootAsmGnu.o)
 .debug_aranges
                0x000012c0       0x80 .\ARM_GCC_541\Debug\DTMF_TX.a(CyFlash.o)
 .debug_aranges
                0x00001340       0x78 .\ARM_GCC_541\Debug\DTMF_TX.a(CySpc.o)

.debug_pubnames
 *(.debug_pubnames)

.debug_info     0x00000000     0x7fab
 *(.debug_info .gnu.linkonce.wi.*)
 .debug_info    0x00000000      0x512 .\ARM_GCC_541\Debug\main.o
 .debug_info    0x00000512      0x500 .\ARM_GCC_541\Debug\cyfitter_cfg.o
 .debug_info    0x00000a12      0x137 .\ARM_GCC_541\Debug\cymetadata.o
 .debug_info    0x00000b49      0x32b .\ARM_GCC_541\Debug\Cm3Start.o
 .debug_info    0x00000e74      0x72c .\ARM_GCC_541\Debug\DTMF_TX.a(ADC_DelSig_1.o)
 .debug_info    0x000015a0       0xd3 .\ARM_GCC_541\Debug\DTMF_TX.a(ADC_DelSig_1_INT.o)
 .debug_info    0x00001673      0x10a .\ARM_GCC_541\Debug\DTMF_TX.a(ADC_DelSig_1_AMux.o)
 .debug_info    0x0000177d      0x25d .\ARM_GCC_541\Debug\DTMF_TX.a(ADC_DelSig_1_Ext_CP_Clk.o)
 .debug_info    0x000019da      0x299 .\ARM_GCC_541\Debug\DTMF_TX.a(ADC_DelSig_1_theACLK.o)
 .debug_info    0x00001c73      0x8c0 .\ARM_GCC_541\Debug\DTMF_TX.a(CyDmac.o)
 .debug_info    0x00002533      0xe51 .\ARM_GCC_541\Debug\DTMF_TX.a(CyLib.o)
 .debug_info    0x00003384      0x57a .\ARM_GCC_541\Debug\DTMF_TX.a(cyPm.o)
 .debug_info    0x000038fe      0x50a .\ARM_GCC_541\Debug\DTMF_TX.a(UART_1.o)
 .debug_info    0x00003e08      0x25d .\ARM_GCC_541\Debug\DTMF_TX.a(UART_1_IntClock.o)
 .debug_info    0x00004065      0x245 .\ARM_GCC_541\Debug\DTMF_TX.a(Timer.o)
 .debug_info    0x000042aa      0x241 .\ARM_GCC_541\Debug\DTMF_TX.a(isr.o)
 .debug_info    0x000044eb      0x11e .\ARM_GCC_541\Debug\DTMF_TX.a(HF_SW1.o)
 .debug_info    0x00004609      0x11e .\ARM_GCC_541\Debug\DTMF_TX.a(HF_SW2.o)
 .debug_info    0x00004727      0x11e .\ARM_GCC_541\Debug\DTMF_TX.a(LF_SW1.o)
 .debug_info    0x00004845      0x11e .\ARM_GCC_541\Debug\DTMF_TX.a(LF_SW2.o)
 .debug_info    0x00004963      0x25a .\ARM_GCC_541\Debug\DTMF_TX.a(HF_DAC_1.o)
 .debug_info    0x00004bbd       0xff .\ARM_GCC_541\Debug\DTMF_TX.a(HF_DAC_1_PM.o)
 .debug_info    0x00004cbc      0x25a .\ARM_GCC_541\Debug\DTMF_TX.a(LF_DAC_1.o)
 .debug_info    0x00004f16       0xff .\ARM_GCC_541\Debug\DTMF_TX.a(LF_DAC_1_PM.o)
 .debug_info    0x00005015      0x259 .\ARM_GCC_541\Debug\DTMF_TX.a(HF_DAC_2.o)
 .debug_info    0x0000526e       0xff .\ARM_GCC_541\Debug\DTMF_TX.a(HF_DAC_2_PM.o)
 .debug_info    0x0000536d      0x25a .\ARM_GCC_541\Debug\DTMF_TX.a(LF_DAC_2.o)
 .debug_info    0x000055c7       0xff .\ARM_GCC_541\Debug\DTMF_TX.a(LF_DAC_2_PM.o)
 .debug_info    0x000056c6      0x25d .\ARM_GCC_541\Debug\DTMF_TX.a(HF_DAC_1_DacClk.o)
 .debug_info    0x00005923      0x11b .\ARM_GCC_541\Debug\DTMF_TX.a(HF_DAC_1_Wave1_DMA_dma.o)
 .debug_info    0x00005a3e      0x11b .\ARM_GCC_541\Debug\DTMF_TX.a(HF_DAC_1_Wave2_DMA_dma.o)
 .debug_info    0x00005b59      0x185 .\ARM_GCC_541\Debug\DTMF_TX.a(HF_DAC_1_VDAC8.o)
 .debug_info    0x00005cde      0x11f .\ARM_GCC_541\Debug\DTMF_TX.a(HF_DAC_1_VDAC8_PM.o)
 .debug_info    0x00005dfd      0x25d .\ARM_GCC_541\Debug\DTMF_TX.a(LF_DAC_1_DacClk.o)
 .debug_info    0x0000605a      0x11b .\ARM_GCC_541\Debug\DTMF_TX.a(LF_DAC_1_Wave1_DMA_dma.o)
 .debug_info    0x00006175      0x11b .\ARM_GCC_541\Debug\DTMF_TX.a(LF_DAC_1_Wave2_DMA_dma.o)
 .debug_info    0x00006290      0x185 .\ARM_GCC_541\Debug\DTMF_TX.a(LF_DAC_1_VDAC8.o)
 .debug_info    0x00006415      0x11f .\ARM_GCC_541\Debug\DTMF_TX.a(LF_DAC_1_VDAC8_PM.o)
 .debug_info    0x00006534      0x25d .\ARM_GCC_541\Debug\DTMF_TX.a(HF_DAC_2_DacClk.o)
 .debug_info    0x00006791      0x11b .\ARM_GCC_541\Debug\DTMF_TX.a(HF_DAC_2_Wave1_DMA_dma.o)
 .debug_info    0x000068ac      0x11b .\ARM_GCC_541\Debug\DTMF_TX.a(HF_DAC_2_Wave2_DMA_dma.o)
 .debug_info    0x000069c7      0x185 .\ARM_GCC_541\Debug\DTMF_TX.a(HF_DAC_2_VDAC8.o)
 .debug_info    0x00006b4c      0x11f .\ARM_GCC_541\Debug\DTMF_TX.a(HF_DAC_2_VDAC8_PM.o)
 .debug_info    0x00006c6b      0x25d .\ARM_GCC_541\Debug\DTMF_TX.a(LF_DAC_2_DacClk.o)
 .debug_info    0x00006ec8      0x11b .\ARM_GCC_541\Debug\DTMF_TX.a(LF_DAC_2_Wave1_DMA_dma.o)
 .debug_info    0x00006fe3      0x11b .\ARM_GCC_541\Debug\DTMF_TX.a(LF_DAC_2_Wave2_DMA_dma.o)
 .debug_info    0x000070fe      0x185 .\ARM_GCC_541\Debug\DTMF_TX.a(LF_DAC_2_VDAC8.o)
 .debug_info    0x00007283      0x11f .\ARM_GCC_541\Debug\DTMF_TX.a(LF_DAC_2_VDAC8_PM.o)
 .debug_info    0x000073a2      0x241 .\ARM_GCC_541\Debug\DTMF_TX.a(Input_ISR.o)
 .debug_info    0x000075e3      0x11e .\ARM_GCC_541\Debug\DTMF_TX.a(Input_Flag.o)
 .debug_info    0x00007701       0xdf .\ARM_GCC_541\Debug\DTMF_TX.a(CyBootAsmGnu.o)
 .debug_info    0x000077e0      0x371 .\ARM_GCC_541\Debug\DTMF_TX.a(CyFlash.o)
 .debug_info    0x00007b51      0x45a .\ARM_GCC_541\Debug\DTMF_TX.a(CySpc.o)

.debug_abbrev   0x00000000     0x2fde
 *(.debug_abbrev)
 .debug_abbrev  0x00000000      0x17d .\ARM_GCC_541\Debug\main.o
 .debug_abbrev  0x0000017d      0x1ca .\ARM_GCC_541\Debug\cyfitter_cfg.o
 .debug_abbrev  0x00000347       0x77 .\ARM_GCC_541\Debug\cymetadata.o
 .debug_abbrev  0x000003be      0x1d6 .\ARM_GCC_541\Debug\Cm3Start.o
 .debug_abbrev  0x00000594      0x19d .\ARM_GCC_541\Debug\DTMF_TX.a(ADC_DelSig_1.o)
 .debug_abbrev  0x00000731       0x42 .\ARM_GCC_541\Debug\DTMF_TX.a(ADC_DelSig_1_INT.o)
 .debug_abbrev  0x00000773       0x6f .\ARM_GCC_541\Debug\DTMF_TX.a(ADC_DelSig_1_AMux.o)
 .debug_abbrev  0x000007e2      0x11d .\ARM_GCC_541\Debug\DTMF_TX.a(ADC_DelSig_1_Ext_CP_Clk.o)
 .debug_abbrev  0x000008ff      0x11d .\ARM_GCC_541\Debug\DTMF_TX.a(ADC_DelSig_1_theACLK.o)
 .debug_abbrev  0x00000a1c      0x194 .\ARM_GCC_541\Debug\DTMF_TX.a(CyDmac.o)
 .debug_abbrev  0x00000bb0      0x217 .\ARM_GCC_541\Debug\DTMF_TX.a(CyLib.o)
 .debug_abbrev  0x00000dc7      0x161 .\ARM_GCC_541\Debug\DTMF_TX.a(cyPm.o)
 .debug_abbrev  0x00000f28      0x163 .\ARM_GCC_541\Debug\DTMF_TX.a(UART_1.o)
 .debug_abbrev  0x0000108b      0x11d .\ARM_GCC_541\Debug\DTMF_TX.a(UART_1_IntClock.o)
 .debug_abbrev  0x000011a8       0xe9 .\ARM_GCC_541\Debug\DTMF_TX.a(Timer.o)
 .debug_abbrev  0x00001291      0x172 .\ARM_GCC_541\Debug\DTMF_TX.a(isr.o)
 .debug_abbrev  0x00001403       0x90 .\ARM_GCC_541\Debug\DTMF_TX.a(HF_SW1.o)
 .debug_abbrev  0x00001493       0x90 .\ARM_GCC_541\Debug\DTMF_TX.a(HF_SW2.o)
 .debug_abbrev  0x00001523       0x90 .\ARM_GCC_541\Debug\DTMF_TX.a(LF_SW1.o)
 .debug_abbrev  0x000015b3       0x90 .\ARM_GCC_541\Debug\DTMF_TX.a(LF_SW2.o)
 .debug_abbrev  0x00001643       0xe3 .\ARM_GCC_541\Debug\DTMF_TX.a(HF_DAC_1.o)
 .debug_abbrev  0x00001726       0x8e .\ARM_GCC_541\Debug\DTMF_TX.a(HF_DAC_1_PM.o)
 .debug_abbrev  0x000017b4       0xe3 .\ARM_GCC_541\Debug\DTMF_TX.a(LF_DAC_1.o)
 .debug_abbrev  0x00001897       0x8e .\ARM_GCC_541\Debug\DTMF_TX.a(LF_DAC_1_PM.o)
 .debug_abbrev  0x00001925       0xec .\ARM_GCC_541\Debug\DTMF_TX.a(HF_DAC_2.o)
 .debug_abbrev  0x00001a11       0x8e .\ARM_GCC_541\Debug\DTMF_TX.a(HF_DAC_2_PM.o)
 .debug_abbrev  0x00001a9f       0xe3 .\ARM_GCC_541\Debug\DTMF_TX.a(LF_DAC_2.o)
 .debug_abbrev  0x00001b82       0x8e .\ARM_GCC_541\Debug\DTMF_TX.a(LF_DAC_2_PM.o)
 .debug_abbrev  0x00001c10      0x11d .\ARM_GCC_541\Debug\DTMF_TX.a(HF_DAC_1_DacClk.o)
 .debug_abbrev  0x00001d2d       0x8b .\ARM_GCC_541\Debug\DTMF_TX.a(HF_DAC_1_Wave1_DMA_dma.o)
 .debug_abbrev  0x00001db8       0x8b .\ARM_GCC_541\Debug\DTMF_TX.a(HF_DAC_1_Wave2_DMA_dma.o)
 .debug_abbrev  0x00001e43       0xeb .\ARM_GCC_541\Debug\DTMF_TX.a(HF_DAC_1_VDAC8.o)
 .debug_abbrev  0x00001f2e       0xa6 .\ARM_GCC_541\Debug\DTMF_TX.a(HF_DAC_1_VDAC8_PM.o)
 .debug_abbrev  0x00001fd4      0x11d .\ARM_GCC_541\Debug\DTMF_TX.a(LF_DAC_1_DacClk.o)
 .debug_abbrev  0x000020f1       0x8b .\ARM_GCC_541\Debug\DTMF_TX.a(LF_DAC_1_Wave1_DMA_dma.o)
 .debug_abbrev  0x0000217c       0x8b .\ARM_GCC_541\Debug\DTMF_TX.a(LF_DAC_1_Wave2_DMA_dma.o)
 .debug_abbrev  0x00002207       0xeb .\ARM_GCC_541\Debug\DTMF_TX.a(LF_DAC_1_VDAC8.o)
 .debug_abbrev  0x000022f2       0xa6 .\ARM_GCC_541\Debug\DTMF_TX.a(LF_DAC_1_VDAC8_PM.o)
 .debug_abbrev  0x00002398      0x11d .\ARM_GCC_541\Debug\DTMF_TX.a(HF_DAC_2_DacClk.o)
 .debug_abbrev  0x000024b5       0x8b .\ARM_GCC_541\Debug\DTMF_TX.a(HF_DAC_2_Wave1_DMA_dma.o)
 .debug_abbrev  0x00002540       0x8b .\ARM_GCC_541\Debug\DTMF_TX.a(HF_DAC_2_Wave2_DMA_dma.o)
 .debug_abbrev  0x000025cb       0xeb .\ARM_GCC_541\Debug\DTMF_TX.a(HF_DAC_2_VDAC8.o)
 .debug_abbrev  0x000026b6       0xa6 .\ARM_GCC_541\Debug\DTMF_TX.a(HF_DAC_2_VDAC8_PM.o)
 .debug_abbrev  0x0000275c      0x11d .\ARM_GCC_541\Debug\DTMF_TX.a(LF_DAC_2_DacClk.o)
 .debug_abbrev  0x00002879       0x8b .\ARM_GCC_541\Debug\DTMF_TX.a(LF_DAC_2_Wave1_DMA_dma.o)
 .debug_abbrev  0x00002904       0x8b .\ARM_GCC_541\Debug\DTMF_TX.a(LF_DAC_2_Wave2_DMA_dma.o)
 .debug_abbrev  0x0000298f       0xeb .\ARM_GCC_541\Debug\DTMF_TX.a(LF_DAC_2_VDAC8.o)
 .debug_abbrev  0x00002a7a       0xa6 .\ARM_GCC_541\Debug\DTMF_TX.a(LF_DAC_2_VDAC8_PM.o)
 .debug_abbrev  0x00002b20      0x172 .\ARM_GCC_541\Debug\DTMF_TX.a(Input_ISR.o)
 .debug_abbrev  0x00002c92       0x90 .\ARM_GCC_541\Debug\DTMF_TX.a(Input_Flag.o)
 .debug_abbrev  0x00002d22       0x14 .\ARM_GCC_541\Debug\DTMF_TX.a(CyBootAsmGnu.o)
 .debug_abbrev  0x00002d36      0x13c .\ARM_GCC_541\Debug\DTMF_TX.a(CyFlash.o)
 .debug_abbrev  0x00002e72      0x16c .\ARM_GCC_541\Debug\DTMF_TX.a(CySpc.o)

.debug_line     0x00000000     0x4851
 *(.debug_line)
 .debug_line    0x00000000      0x3df .\ARM_GCC_541\Debug\main.o
 .debug_line    0x000003df      0x264 .\ARM_GCC_541\Debug\cyfitter_cfg.o
 .debug_line    0x00000643      0x141 .\ARM_GCC_541\Debug\cymetadata.o
 .debug_line    0x00000784      0x1db .\ARM_GCC_541\Debug\Cm3Start.o
 .debug_line    0x0000095f      0x365 .\ARM_GCC_541\Debug\DTMF_TX.a(ADC_DelSig_1.o)
 .debug_line    0x00000cc4       0x95 .\ARM_GCC_541\Debug\DTMF_TX.a(ADC_DelSig_1_INT.o)
 .debug_line    0x00000d59       0xa6 .\ARM_GCC_541\Debug\DTMF_TX.a(ADC_DelSig_1_AMux.o)
 .debug_line    0x00000dff      0x1b6 .\ARM_GCC_541\Debug\DTMF_TX.a(ADC_DelSig_1_Ext_CP_Clk.o)
 .debug_line    0x00000fb5      0x1d7 .\ARM_GCC_541\Debug\DTMF_TX.a(ADC_DelSig_1_theACLK.o)
 .debug_line    0x0000118c      0x2b6 .\ARM_GCC_541\Debug\DTMF_TX.a(CyDmac.o)
 .debug_line    0x00001442      0x883 .\ARM_GCC_541\Debug\DTMF_TX.a(CyLib.o)
 .debug_line    0x00001cc5      0x38e .\ARM_GCC_541\Debug\DTMF_TX.a(cyPm.o)
 .debug_line    0x00002053      0x2e4 .\ARM_GCC_541\Debug\DTMF_TX.a(UART_1.o)
 .debug_line    0x00002337      0x1ae .\ARM_GCC_541\Debug\DTMF_TX.a(UART_1_IntClock.o)
 .debug_line    0x000024e5      0x15d .\ARM_GCC_541\Debug\DTMF_TX.a(Timer.o)
 .debug_line    0x00002642      0x14e .\ARM_GCC_541\Debug\DTMF_TX.a(isr.o)
 .debug_line    0x00002790       0x96 .\ARM_GCC_541\Debug\DTMF_TX.a(HF_SW1.o)
 .debug_line    0x00002826       0x96 .\ARM_GCC_541\Debug\DTMF_TX.a(HF_SW2.o)
 .debug_line    0x000028bc       0x96 .\ARM_GCC_541\Debug\DTMF_TX.a(LF_SW1.o)
 .debug_line    0x00002952       0x96 .\ARM_GCC_541\Debug\DTMF_TX.a(LF_SW2.o)
 .debug_line    0x000029e8       0xf2 .\ARM_GCC_541\Debug\DTMF_TX.a(HF_DAC_1.o)
 .debug_line    0x00002ada       0xa5 .\ARM_GCC_541\Debug\DTMF_TX.a(HF_DAC_1_PM.o)
 .debug_line    0x00002b7f       0xf2 .\ARM_GCC_541\Debug\DTMF_TX.a(LF_DAC_1.o)
 .debug_line    0x00002c71       0xa5 .\ARM_GCC_541\Debug\DTMF_TX.a(LF_DAC_1_PM.o)
 .debug_line    0x00002d16       0xf2 .\ARM_GCC_541\Debug\DTMF_TX.a(HF_DAC_2.o)
 .debug_line    0x00002e08       0xa5 .\ARM_GCC_541\Debug\DTMF_TX.a(HF_DAC_2_PM.o)
 .debug_line    0x00002ead       0xf2 .\ARM_GCC_541\Debug\DTMF_TX.a(LF_DAC_2.o)
 .debug_line    0x00002f9f       0x88 .\ARM_GCC_541\Debug\DTMF_TX.a(LF_DAC_2_PM.o)
 .debug_line    0x00003027      0x1ae .\ARM_GCC_541\Debug\DTMF_TX.a(HF_DAC_1_DacClk.o)
 .debug_line    0x000031d5       0x85 .\ARM_GCC_541\Debug\DTMF_TX.a(HF_DAC_1_Wave1_DMA_dma.o)
 .debug_line    0x0000325a       0x85 .\ARM_GCC_541\Debug\DTMF_TX.a(HF_DAC_1_Wave2_DMA_dma.o)
 .debug_line    0x000032df       0xf6 .\ARM_GCC_541\Debug\DTMF_TX.a(HF_DAC_1_VDAC8.o)
 .debug_line    0x000033d5       0xc0 .\ARM_GCC_541\Debug\DTMF_TX.a(HF_DAC_1_VDAC8_PM.o)
 .debug_line    0x00003495      0x1ae .\ARM_GCC_541\Debug\DTMF_TX.a(LF_DAC_1_DacClk.o)
 .debug_line    0x00003643       0x85 .\ARM_GCC_541\Debug\DTMF_TX.a(LF_DAC_1_Wave1_DMA_dma.o)
 .debug_line    0x000036c8       0x85 .\ARM_GCC_541\Debug\DTMF_TX.a(LF_DAC_1_Wave2_DMA_dma.o)
 .debug_line    0x0000374d       0xf6 .\ARM_GCC_541\Debug\DTMF_TX.a(LF_DAC_1_VDAC8.o)
 .debug_line    0x00003843       0xc0 .\ARM_GCC_541\Debug\DTMF_TX.a(LF_DAC_1_VDAC8_PM.o)
 .debug_line    0x00003903      0x1ae .\ARM_GCC_541\Debug\DTMF_TX.a(HF_DAC_2_DacClk.o)
 .debug_line    0x00003ab1       0x85 .\ARM_GCC_541\Debug\DTMF_TX.a(HF_DAC_2_Wave1_DMA_dma.o)
 .debug_line    0x00003b36       0x85 .\ARM_GCC_541\Debug\DTMF_TX.a(HF_DAC_2_Wave2_DMA_dma.o)
 .debug_line    0x00003bbb       0xf6 .\ARM_GCC_541\Debug\DTMF_TX.a(HF_DAC_2_VDAC8.o)
 .debug_line    0x00003cb1       0xc0 .\ARM_GCC_541\Debug\DTMF_TX.a(HF_DAC_2_VDAC8_PM.o)
 .debug_line    0x00003d71      0x1ae .\ARM_GCC_541\Debug\DTMF_TX.a(LF_DAC_2_DacClk.o)
 .debug_line    0x00003f1f       0x85 .\ARM_GCC_541\Debug\DTMF_TX.a(LF_DAC_2_Wave1_DMA_dma.o)
 .debug_line    0x00003fa4       0x85 .\ARM_GCC_541\Debug\DTMF_TX.a(LF_DAC_2_Wave2_DMA_dma.o)
 .debug_line    0x00004029       0xf6 .\ARM_GCC_541\Debug\DTMF_TX.a(LF_DAC_2_VDAC8.o)
 .debug_line    0x0000411f       0xc0 .\ARM_GCC_541\Debug\DTMF_TX.a(LF_DAC_2_VDAC8_PM.o)
 .debug_line    0x000041df      0x144 .\ARM_GCC_541\Debug\DTMF_TX.a(Input_ISR.o)
 .debug_line    0x00004323       0x9a .\ARM_GCC_541\Debug\DTMF_TX.a(Input_Flag.o)
 .debug_line    0x000043bd       0x7d .\ARM_GCC_541\Debug\DTMF_TX.a(CyBootAsmGnu.o)
 .debug_line    0x0000443a      0x205 .\ARM_GCC_541\Debug\DTMF_TX.a(CyFlash.o)
 .debug_line    0x0000463f      0x212 .\ARM_GCC_541\Debug\DTMF_TX.a(CySpc.o)

.debug_frame    0x00000000     0x4e3c
 *(.debug_frame)
 .debug_frame   0x00000000      0x160 .\ARM_GCC_541\Debug\main.o
 .debug_frame   0x00000160      0x1bc .\ARM_GCC_541\Debug\cyfitter_cfg.o
 .debug_frame   0x0000031c       0xd8 .\ARM_GCC_541\Debug\Cm3Start.o
 .debug_frame   0x000003f4      0x40c .\ARM_GCC_541\Debug\DTMF_TX.a(ADC_DelSig_1.o)
 .debug_frame   0x00000800       0xa0 .\ARM_GCC_541\Debug\DTMF_TX.a(ADC_DelSig_1_INT.o)
 .debug_frame   0x000008a0       0x88 .\ARM_GCC_541\Debug\DTMF_TX.a(ADC_DelSig_1_AMux.o)
 .debug_frame   0x00000928      0x1b4 .\ARM_GCC_541\Debug\DTMF_TX.a(ADC_DelSig_1_Ext_CP_Clk.o)
 .debug_frame   0x00000adc      0x200 .\ARM_GCC_541\Debug\DTMF_TX.a(ADC_DelSig_1_theACLK.o)
 .debug_frame   0x00000cdc      0x3d0 .\ARM_GCC_541\Debug\DTMF_TX.a(CyDmac.o)
 .debug_frame   0x000010ac      0xc0c .\ARM_GCC_541\Debug\DTMF_TX.a(CyLib.o)
 .debug_frame   0x00001cb8      0x234 .\ARM_GCC_541\Debug\DTMF_TX.a(cyPm.o)
 .debug_frame   0x00001eec      0x42c .\ARM_GCC_541\Debug\DTMF_TX.a(UART_1.o)
 .debug_frame   0x00002318      0x1b4 .\ARM_GCC_541\Debug\DTMF_TX.a(UART_1_IntClock.o)
 .debug_frame   0x000024cc      0x208 .\ARM_GCC_541\Debug\DTMF_TX.a(Timer.o)
 .debug_frame   0x000026d4      0x1e8 .\ARM_GCC_541\Debug\DTMF_TX.a(isr.o)
 .debug_frame   0x000028bc       0xa8 .\ARM_GCC_541\Debug\DTMF_TX.a(HF_SW1.o)
 .debug_frame   0x00002964       0xa8 .\ARM_GCC_541\Debug\DTMF_TX.a(HF_SW2.o)
 .debug_frame   0x00002a0c       0xa8 .\ARM_GCC_541\Debug\DTMF_TX.a(LF_SW1.o)
 .debug_frame   0x00002ab4       0xa8 .\ARM_GCC_541\Debug\DTMF_TX.a(LF_SW2.o)
 .debug_frame   0x00002b5c       0xf8 .\ARM_GCC_541\Debug\DTMF_TX.a(HF_DAC_1.o)
 .debug_frame   0x00002c54       0x48 .\ARM_GCC_541\Debug\DTMF_TX.a(HF_DAC_1_PM.o)
 .debug_frame   0x00002c9c       0xf8 .\ARM_GCC_541\Debug\DTMF_TX.a(LF_DAC_1.o)
 .debug_frame   0x00002d94       0x48 .\ARM_GCC_541\Debug\DTMF_TX.a(LF_DAC_1_PM.o)
 .debug_frame   0x00002ddc       0xf8 .\ARM_GCC_541\Debug\DTMF_TX.a(HF_DAC_2.o)
 .debug_frame   0x00002ed4       0x48 .\ARM_GCC_541\Debug\DTMF_TX.a(HF_DAC_2_PM.o)
 .debug_frame   0x00002f1c       0xf8 .\ARM_GCC_541\Debug\DTMF_TX.a(LF_DAC_2.o)
 .debug_frame   0x00003014       0x48 .\ARM_GCC_541\Debug\DTMF_TX.a(LF_DAC_2_PM.o)
 .debug_frame   0x0000305c      0x1b4 .\ARM_GCC_541\Debug\DTMF_TX.a(HF_DAC_1_DacClk.o)
 .debug_frame   0x00003210       0x58 .\ARM_GCC_541\Debug\DTMF_TX.a(HF_DAC_1_Wave1_DMA_dma.o)
 .debug_frame   0x00003268       0x58 .\ARM_GCC_541\Debug\DTMF_TX.a(HF_DAC_1_Wave2_DMA_dma.o)
 .debug_frame   0x000032c0      0x130 .\ARM_GCC_541\Debug\DTMF_TX.a(HF_DAC_1_VDAC8.o)
 .debug_frame   0x000033f0       0x90 .\ARM_GCC_541\Debug\DTMF_TX.a(HF_DAC_1_VDAC8_PM.o)
 .debug_frame   0x00003480      0x1b4 .\ARM_GCC_541\Debug\DTMF_TX.a(LF_DAC_1_DacClk.o)
 .debug_frame   0x00003634       0x58 .\ARM_GCC_541\Debug\DTMF_TX.a(LF_DAC_1_Wave1_DMA_dma.o)
 .debug_frame   0x0000368c       0x58 .\ARM_GCC_541\Debug\DTMF_TX.a(LF_DAC_1_Wave2_DMA_dma.o)
 .debug_frame   0x000036e4      0x130 .\ARM_GCC_541\Debug\DTMF_TX.a(LF_DAC_1_VDAC8.o)
 .debug_frame   0x00003814       0x90 .\ARM_GCC_541\Debug\DTMF_TX.a(LF_DAC_1_VDAC8_PM.o)
 .debug_frame   0x000038a4      0x1b4 .\ARM_GCC_541\Debug\DTMF_TX.a(HF_DAC_2_DacClk.o)
 .debug_frame   0x00003a58       0x58 .\ARM_GCC_541\Debug\DTMF_TX.a(HF_DAC_2_Wave1_DMA_dma.o)
 .debug_frame   0x00003ab0       0x58 .\ARM_GCC_541\Debug\DTMF_TX.a(HF_DAC_2_Wave2_DMA_dma.o)
 .debug_frame   0x00003b08      0x130 .\ARM_GCC_541\Debug\DTMF_TX.a(HF_DAC_2_VDAC8.o)
 .debug_frame   0x00003c38       0x90 .\ARM_GCC_541\Debug\DTMF_TX.a(HF_DAC_2_VDAC8_PM.o)
 .debug_frame   0x00003cc8      0x1b4 .\ARM_GCC_541\Debug\DTMF_TX.a(LF_DAC_2_DacClk.o)
 .debug_frame   0x00003e7c       0x58 .\ARM_GCC_541\Debug\DTMF_TX.a(LF_DAC_2_Wave1_DMA_dma.o)
 .debug_frame   0x00003ed4       0x58 .\ARM_GCC_541\Debug\DTMF_TX.a(LF_DAC_2_Wave2_DMA_dma.o)
 .debug_frame   0x00003f2c      0x130 .\ARM_GCC_541\Debug\DTMF_TX.a(LF_DAC_2_VDAC8.o)
 .debug_frame   0x0000405c       0x90 .\ARM_GCC_541\Debug\DTMF_TX.a(LF_DAC_2_VDAC8_PM.o)
 .debug_frame   0x000040ec      0x1e8 .\ARM_GCC_541\Debug\DTMF_TX.a(Input_ISR.o)
 .debug_frame   0x000042d4       0xa8 .\ARM_GCC_541\Debug\DTMF_TX.a(Input_Flag.o)
 .debug_frame   0x0000437c      0x210 .\ARM_GCC_541\Debug\DTMF_TX.a(CyFlash.o)
 .debug_frame   0x0000458c      0x1f8 .\ARM_GCC_541\Debug\DTMF_TX.a(CySpc.o)
 .debug_frame   0x00004784       0x38 c:/program files (x86)/cypress/psoc creator/4.1/psoc creator/import/gnu/arm/5.4.1/bin/../lib/gcc/arm-none-eabi/5.4.1/../../../../arm-none-eabi/lib/armv7-m\libm.a(lib_a-s_cos.o)
 .debug_frame   0x000047bc       0x38 c:/program files (x86)/cypress/psoc creator/4.1/psoc creator/import/gnu/arm/5.4.1/bin/../lib/gcc/arm-none-eabi/5.4.1/../../../../arm-none-eabi/lib/armv7-m\libm.a(lib_a-s_sin.o)
 .debug_frame   0x000047f4       0x44 c:/program files (x86)/cypress/psoc creator/4.1/psoc creator/import/gnu/arm/5.4.1/bin/../lib/gcc/arm-none-eabi/5.4.1/../../../../arm-none-eabi/lib/armv7-m\libm.a(lib_a-w_sqrt.o)
 .debug_frame   0x00004838       0x48 c:/program files (x86)/cypress/psoc creator/4.1/psoc creator/import/gnu/arm/5.4.1/bin/../lib/gcc/arm-none-eabi/5.4.1/../../../../arm-none-eabi/lib/armv7-m\libm.a(lib_a-e_rem_pio2.o)
 .debug_frame   0x00004880       0x30 c:/program files (x86)/cypress/psoc creator/4.1/psoc creator/import/gnu/arm/5.4.1/bin/../lib/gcc/arm-none-eabi/5.4.1/../../../../arm-none-eabi/lib/armv7-m\libm.a(lib_a-e_sqrt.o)
 .debug_frame   0x000048b0       0x4c c:/program files (x86)/cypress/psoc creator/4.1/psoc creator/import/gnu/arm/5.4.1/bin/../lib/gcc/arm-none-eabi/5.4.1/../../../../arm-none-eabi/lib/armv7-m\libm.a(lib_a-k_cos.o)
 .debug_frame   0x000048fc       0x50 c:/program files (x86)/cypress/psoc creator/4.1/psoc creator/import/gnu/arm/5.4.1/bin/../lib/gcc/arm-none-eabi/5.4.1/../../../../arm-none-eabi/lib/armv7-m\libm.a(lib_a-k_rem_pio2.o)
 .debug_frame   0x0000494c       0x48 c:/program files (x86)/cypress/psoc creator/4.1/psoc creator/import/gnu/arm/5.4.1/bin/../lib/gcc/arm-none-eabi/5.4.1/../../../../arm-none-eabi/lib/armv7-m\libm.a(lib_a-k_sin.o)
 .debug_frame   0x00004994       0x20 c:/program files (x86)/cypress/psoc creator/4.1/psoc creator/import/gnu/arm/5.4.1/bin/../lib/gcc/arm-none-eabi/5.4.1/../../../../arm-none-eabi/lib/armv7-m\libm.a(lib_a-s_fabs.o)
 .debug_frame   0x000049b4       0x34 c:/program files (x86)/cypress/psoc creator/4.1/psoc creator/import/gnu/arm/5.4.1/bin/../lib/gcc/arm-none-eabi/5.4.1/../../../../arm-none-eabi/lib/armv7-m\libm.a(lib_a-s_floor.o)
 .debug_frame   0x000049e8       0x20 c:/program files (x86)/cypress/psoc creator/4.1/psoc creator/import/gnu/arm/5.4.1/bin/../lib/gcc/arm-none-eabi/5.4.1/../../../../arm-none-eabi/lib/armv7-m\libm.a(lib_a-s_matherr.o)
 .debug_frame   0x00004a08       0x30 c:/program files (x86)/cypress/psoc creator/4.1/psoc creator/import/gnu/arm/5.4.1/bin/../lib/gcc/arm-none-eabi/5.4.1/../../../../arm-none-eabi/lib/armv7-m\libm.a(lib_a-s_scalbn.o)
 .debug_frame   0x00004a38       0x20 c:/program files (x86)/cypress/psoc creator/4.1/psoc creator/import/gnu/arm/5.4.1/bin/../lib/gcc/arm-none-eabi/5.4.1/../../../../arm-none-eabi/lib/armv7-m\libm.a(lib_a-s_copysign.o)
 .debug_frame   0x00004a58       0x20 c:/program files (x86)/cypress/psoc creator/4.1/psoc creator/import/gnu/arm/5.4.1/bin/../lib/gcc/arm-none-eabi/5.4.1/../../../../arm-none-eabi/lib/armv7-m\libg_nano.a(lib_a-errno.o)
 .debug_frame   0x00004a78       0x28 c:/program files (x86)/cypress/psoc creator/4.1/psoc creator/import/gnu/arm/5.4.1/bin/../lib/gcc/arm-none-eabi/5.4.1/../../../../arm-none-eabi/lib/armv7-m\libg_nano.a(lib_a-exit.o)
 .debug_frame   0x00004aa0       0x2c c:/program files (x86)/cypress/psoc creator/4.1/psoc creator/import/gnu/arm/5.4.1/bin/../lib/gcc/arm-none-eabi/5.4.1/../../../../arm-none-eabi/lib/armv7-m\libg_nano.a(lib_a-init.o)
 .debug_frame   0x00004acc       0x28 c:/program files (x86)/cypress/psoc creator/4.1/psoc creator/import/gnu/arm/5.4.1/bin/../lib/gcc/arm-none-eabi/5.4.1/../../../../arm-none-eabi/lib/armv7-m\libg_nano.a(lib_a-memcpy-stub.o)
 .debug_frame   0x00004af4       0x20 c:/program files (x86)/cypress/psoc creator/4.1/psoc creator/import/gnu/arm/5.4.1/bin/../lib/gcc/arm-none-eabi/5.4.1/../../../../arm-none-eabi/lib/armv7-m\libg_nano.a(lib_a-memset.o)
 .debug_frame   0x00004b14       0x70 c:/program files (x86)/cypress/psoc creator/4.1/psoc creator/import/gnu/arm/5.4.1/bin/../lib/gcc/arm-none-eabi/5.4.1/../../../../arm-none-eabi/lib/armv7-m\libg_nano.a(lib_a-sprintf.o)
 .debug_frame   0x00004b84       0x90 c:/program files (x86)/cypress/psoc creator/4.1/psoc creator/import/gnu/arm/5.4.1/bin/../lib/gcc/arm-none-eabi/5.4.1/../../../../arm-none-eabi/lib/armv7-m\libg_nano.a(lib_a-nano-svfprintf.o)
 .debug_frame   0x00004c14       0x60 c:/program files (x86)/cypress/psoc creator/4.1/psoc creator/import/gnu/arm/5.4.1/bin/../lib/gcc/arm-none-eabi/5.4.1/../../../../arm-none-eabi/lib/armv7-m\libg_nano.a(lib_a-nano-vfprintf_i.o)
 .debug_frame   0x00004c74       0x28 c:/program files (x86)/cypress/psoc creator/4.1/psoc creator/import/gnu/arm/5.4.1/bin/../lib/gcc/arm-none-eabi/5.4.1/../../../../arm-none-eabi/lib/armv7-m\libg_nano.a(lib_a-memchr-stub.o)
 .debug_frame   0x00004c9c       0x28 c:/program files (x86)/cypress/psoc creator/4.1/psoc creator/import/gnu/arm/5.4.1/bin/../lib/gcc/arm-none-eabi/5.4.1/../../../../arm-none-eabi/lib/armv7-m\libg_nano.a(lib_a-memmove.o)
 .debug_frame   0x00004cc4       0x38 c:/program files (x86)/cypress/psoc creator/4.1/psoc creator/import/gnu/arm/5.4.1/bin/../lib/gcc/arm-none-eabi/5.4.1/../../../../arm-none-eabi/lib/armv7-m\libg_nano.a(lib_a-nano-freer.o)
 .debug_frame   0x00004cfc       0x2c c:/program files (x86)/cypress/psoc creator/4.1/psoc creator/import/gnu/arm/5.4.1/bin/../lib/gcc/arm-none-eabi/5.4.1/../../../../arm-none-eabi/lib/armv7-m\libg_nano.a(lib_a-nano-mallocr.o)
 .debug_frame   0x00004d28       0x3c c:/program files (x86)/cypress/psoc creator/4.1/psoc creator/import/gnu/arm/5.4.1/bin/../lib/gcc/arm-none-eabi/5.4.1/../../../../arm-none-eabi/lib/armv7-m\libg_nano.a(lib_a-nano-reallocr.o)
 .debug_frame   0x00004d64       0x2c c:/program files (x86)/cypress/psoc creator/4.1/psoc creator/import/gnu/arm/5.4.1/bin/../lib/gcc/arm-none-eabi/5.4.1/../../../../arm-none-eabi/lib/armv7-m\libg_nano.a(lib_a-sbrkr.o)
 .debug_frame   0x00004d90       0x30 c:/program files (x86)/cypress/psoc creator/4.1/psoc creator/import/gnu/arm/5.4.1/bin/../lib/gcc/arm-none-eabi/5.4.1/../../../../arm-none-eabi/lib/armv7-m\libg_nano.a(lib_a-mlock.o)
 .debug_frame   0x00004dc0       0x20 c:/program files (x86)/cypress/psoc creator/4.1/psoc creator/import/gnu/arm/5.4.1/bin/../lib/gcc/arm-none-eabi/5.4.1/../../../../arm-none-eabi/lib/armv7-m\libg_nano.a(lib_a-nano-msizer.o)
 .debug_frame   0x00004de0       0x5c c:/program files (x86)/cypress/psoc creator/4.1/psoc creator/import/gnu/arm/5.4.1/bin/../lib/gcc/arm-none-eabi/5.4.1/../../../../arm-none-eabi/lib/armv7-m\libg_nano.a(lib_a-reent.o)

.debug_str      0x00000000     0x4211
 *(.debug_str)
 .debug_str     0x00000000      0x315 .\ARM_GCC_541\Debug\main.o
                                0x37d (size before relaxing)
 .debug_str     0x00000315      0x20d .\ARM_GCC_541\Debug\cyfitter_cfg.o
                                0x3f7 (size before relaxing)
 .debug_str     0x00000522       0x7f .\ARM_GCC_541\Debug\cymetadata.o
                                0x233 (size before relaxing)
 .debug_str     0x000005a1      0x123 .\ARM_GCC_541\Debug\Cm3Start.o
                                0x326 (size before relaxing)
 .debug_str     0x000006c4      0x43e .\ARM_GCC_541\Debug\DTMF_TX.a(ADC_DelSig_1.o)
                                0x672 (size before relaxing)
 .debug_str     0x00000b02       0x72 .\ARM_GCC_541\Debug\DTMF_TX.a(ADC_DelSig_1_INT.o)
                                0x23c (size before relaxing)