Archive member included to satisfy reference by file (symbol)

.\ARM_GCC_541\Debug\DualTone MultiFrequency Coder.a(ADC_DelSig_1.o)
                              .\ARM_GCC_541\Debug\main.o (ADC_DelSig_1_Start)
.\ARM_GCC_541\Debug\DualTone MultiFrequency Coder.a(ADC_DelSig_1_INT.o)
                              .\ARM_GCC_541\Debug\DualTone MultiFrequency Coder.a(ADC_DelSig_1.o) (ADC_DelSig_1_ISR1)
.\ARM_GCC_541\Debug\DualTone MultiFrequency Coder.a(ADC_DelSig_1_AMux.o)
                              .\ARM_GCC_541\Debug\DualTone MultiFrequency Coder.a(ADC_DelSig_1.o) (ADC_DelSig_1_AMux_Select)
.\ARM_GCC_541\Debug\DualTone MultiFrequency Coder.a(ADC_DelSig_1_Ext_CP_Clk.o)
                              .\ARM_GCC_541\Debug\DualTone MultiFrequency Coder.a(ADC_DelSig_1.o) (ADC_DelSig_1_Ext_CP_Clk_SetDividerRegister)
.\ARM_GCC_541\Debug\DualTone MultiFrequency Coder.a(ADC_DelSig_1_theACLK.o)
                              .\ARM_GCC_541\Debug\DualTone MultiFrequency Coder.a(ADC_DelSig_1.o) (ADC_DelSig_1_theACLK_SetDividerRegister)
.\ARM_GCC_541\Debug\DualTone MultiFrequency Coder.a(CyDmac.o)
                              .\ARM_GCC_541\Debug\Cm3Start.o (CyDmacConfigure)
.\ARM_GCC_541\Debug\DualTone MultiFrequency Coder.a(CyLib.o)
                              .\ARM_GCC_541\Debug\Cm3Start.o (CyResetStatus)
.\ARM_GCC_541\Debug\DualTone MultiFrequency Coder.a(cyPm.o)
                              .\ARM_GCC_541\Debug\DualTone MultiFrequency Coder.a(CyLib.o) (CyPmReadStatus)
.\ARM_GCC_541\Debug\DualTone MultiFrequency Coder.a(UART_1.o)
                              .\ARM_GCC_541\Debug\main.o (UART_1_Start)
.\ARM_GCC_541\Debug\DualTone MultiFrequency Coder.a(UART_1_IntClock.o)
                              .\ARM_GCC_541\Debug\DualTone MultiFrequency Coder.a(UART_1.o) (UART_1_IntClock_Start)
.\ARM_GCC_541\Debug\DualTone MultiFrequency Coder.a(Timer.o)
                              .\ARM_GCC_541\Debug\main.o (Timer_Start)
.\ARM_GCC_541\Debug\DualTone MultiFrequency Coder.a(isr.o)
                              .\ARM_GCC_541\Debug\main.o (isr_StartEx)
.\ARM_GCC_541\Debug\DualTone MultiFrequency Coder.a(HF_SW1.o)
                              .\ARM_GCC_541\Debug\main.o (HF_SW1_Write)
.\ARM_GCC_541\Debug\DualTone MultiFrequency Coder.a(HF_SW2.o)
                              .\ARM_GCC_541\Debug\main.o (HF_SW2_Write)
.\ARM_GCC_541\Debug\DualTone MultiFrequency Coder.a(LF_SW1.o)
                              .\ARM_GCC_541\Debug\main.o (LF_SW1_Write)
.\ARM_GCC_541\Debug\DualTone MultiFrequency Coder.a(LF_SW2.o)
                              .\ARM_GCC_541\Debug\main.o (LF_SW2_Write)
.\ARM_GCC_541\Debug\DualTone MultiFrequency Coder.a(HF_DAC_1.o)
                              .\ARM_GCC_541\Debug\main.o (HF_DAC_1_Start)
.\ARM_GCC_541\Debug\DualTone MultiFrequency Coder.a(HF_DAC_1_PM.o)
                              .\ARM_GCC_541\Debug\main.o (HF_DAC_1_Sleep)
.\ARM_GCC_541\Debug\DualTone MultiFrequency Coder.a(LF_DAC_1.o)
                              .\ARM_GCC_541\Debug\main.o (LF_DAC_1_Start)
.\ARM_GCC_541\Debug\DualTone MultiFrequency Coder.a(LF_DAC_1_PM.o)
                              .\ARM_GCC_541\Debug\main.o (LF_DAC_1_Sleep)
.\ARM_GCC_541\Debug\DualTone MultiFrequency Coder.a(HF_DAC_2.o)
                              .\ARM_GCC_541\Debug\main.o (HF_DAC_2_Start)
.\ARM_GCC_541\Debug\DualTone MultiFrequency Coder.a(HF_DAC_2_PM.o)
                              .\ARM_GCC_541\Debug\main.o (HF_DAC_2_Sleep)
.\ARM_GCC_541\Debug\DualTone MultiFrequency Coder.a(LF_DAC_2.o)
                              .\ARM_GCC_541\Debug\main.o (LF_DAC_2_Start)
.\ARM_GCC_541\Debug\DualTone MultiFrequency Coder.a(LF_DAC_2_PM.o)
                              .\ARM_GCC_541\Debug\main.o (LF_DAC_2_Sleep)
.\ARM_GCC_541\Debug\DualTone MultiFrequency Coder.a(HF_DAC_1_DacClk.o)
                              .\ARM_GCC_541\Debug\DualTone MultiFrequency Coder.a(HF_DAC_1.o) (HF_DAC_1_DacClk_Start)
.\ARM_GCC_541\Debug\DualTone MultiFrequency Coder.a(HF_DAC_1_Wave1_DMA_dma.o)
                              .\ARM_GCC_541\Debug\DualTone MultiFrequency Coder.a(HF_DAC_1.o) (HF_DAC_1_Wave1_DMA_DmaInitialize)
.\ARM_GCC_541\Debug\DualTone MultiFrequency Coder.a(HF_DAC_1_Wave2_DMA_dma.o)
                              .\ARM_GCC_541\Debug\DualTone MultiFrequency Coder.a(HF_DAC_1.o) (HF_DAC_1_Wave2_DMA_DmaInitialize)
.\ARM_GCC_541\Debug\DualTone MultiFrequency Coder.a(HF_DAC_1_VDAC8.o)
                              .\ARM_GCC_541\Debug\DualTone MultiFrequency Coder.a(HF_DAC_1.o) (HF_DAC_1_VDAC8_Init)
.\ARM_GCC_541\Debug\DualTone MultiFrequency Coder.a(HF_DAC_1_VDAC8_PM.o)
                              .\ARM_GCC_541\Debug\DualTone MultiFrequency Coder.a(HF_DAC_1_PM.o) (HF_DAC_1_VDAC8_SaveConfig)
.\ARM_GCC_541\Debug\DualTone MultiFrequency Coder.a(LF_DAC_1_DacClk.o)
                              .\ARM_GCC_541\Debug\DualTone MultiFrequency Coder.a(LF_DAC_1.o) (LF_DAC_1_DacClk_Start)
.\ARM_GCC_541\Debug\DualTone MultiFrequency Coder.a(LF_DAC_1_Wave1_DMA_dma.o)
[...]
Memory Configuration

Name             Origin             Length             Attributes
rom              0x00000000         0x00040000         xr
ram              0x1fff8000         0x00010000         xrw
*default*        0x00000000         0xffffffff

Linker script and memory map

LOAD c:/program files (x86)/cypress/psoc creator/4.1/psoc creator/import/gnu/arm/5.4.1/bin/../lib/gcc/arm-none-eabi/5.4.1/armv7-m/crti.o
LOAD c:/program files (x86)/cypress/psoc creator/4.1/psoc creator/import/gnu/arm/5.4.1/bin/../lib/gcc/arm-none-eabi/5.4.1/armv7-m/crtbegin.o
LOAD c:/program files (x86)/cypress/psoc creator/4.1/psoc creator/import/gnu/arm/5.4.1/bin/../lib/gcc/arm-none-eabi/5.4.1/../../../../arm-none-eabi/lib/armv7-m/crt0.o
START GROUP
LOAD .\ARM_GCC_541\Debug\main.o
LOAD .\ARM_GCC_541\Debug\cyfitter_cfg.o
LOAD .\ARM_GCC_541\Debug\cymetadata.o
LOAD .\ARM_GCC_541\Debug\Cm3Start.o
LOAD .\ARM_GCC_541\Debug\DualTone MultiFrequency Coder.a
LOAD C:\Program Files (x86)\Cypress\PSoC Creator\4.1\PSoC Creator\psoc\content\cycomponentlibrary\CyComponentLibrary.cylib\CortexM3\ARM_GCC_541\Debug\CyComponentLibrary.a
LOAD c:/program files (x86)/cypress/psoc creator/4.1/psoc creator/import/gnu/arm/5.4.1/bin/../lib/gcc/arm-none-eabi/5.4.1/../../../../arm-none-eabi/lib/armv7-m\libm.a
END GROUP
START GROUP
LOAD c:/program files (x86)/cypress/psoc creator/4.1/psoc creator/import/gnu/arm/5.4.1/bin/../lib/gcc/arm-none-eabi/5.4.1/armv7-m\libgcc.a
LOAD c:/program files (x86)/cypress/psoc creator/4.1/psoc creator/import/gnu/arm/5.4.1/bin/../lib/gcc/arm-none-eabi/5.4.1/../../../../arm-none-eabi/lib/armv7-m\libg_nano.a
LOAD c:/program files (x86)/cypress/psoc creator/4.1/psoc creator/import/gnu/arm/5.4.1/bin/../lib/gcc/arm-none-eabi/5.4.1/../../../../arm-none-eabi/lib/armv7-m\libc_nano.a
END GROUP
START GROUP
LOAD c:/program files (x86)/cypress/psoc creator/4.1/psoc creator/import/gnu/arm/5.4.1/bin/../lib/gcc/arm-none-eabi/5.4.1/armv7-m\libgcc.a
LOAD c:/program files (x86)/cypress/psoc creator/4.1/psoc creator/import/gnu/arm/5.4.1/bin/../lib/gcc/arm-none-eabi/5.4.1/../../../../arm-none-eabi/lib/armv7-m\libc_nano.a
END GROUP
LOAD c:/program files (x86)/cypress/psoc creator/4.1/psoc creator/import/gnu/arm/5.4.1/bin/../lib/gcc/arm-none-eabi/5.4.1/armv7-m/crtend.o
LOAD c:/program files (x86)/cypress/psoc creator/4.1/psoc creator/import/gnu/arm/5.4.1/bin/../lib/gcc/arm-none-eabi/5.4.1/armv7-m/crtn.o
START GROUP
LOAD c:/program files (x86)/cypress/psoc creator/4.1/psoc creator/import/gnu/arm/5.4.1/bin/../lib/gcc/arm-none-eabi/5.4.1/armv7-m\libgcc.a
LOAD c:/program files (x86)/cypress/psoc creator/4.1/psoc creator/import/gnu/arm/5.4.1/bin/../lib/gcc/arm-none-eabi/5.4.1/../../../../arm-none-eabi/lib/armv7-m\libc.a
LOAD c:/program files (x86)/cypress/psoc creator/4.1/psoc creator/import/gnu/arm/5.4.1/bin/../lib/gcc/arm-none-eabi/5.4.1/../../../../arm-none-eabi/lib/armv7-m\libnosys.a
END GROUP
                0x00000000                CY_APPL_ORIGIN = 0x0
                0x00000100                CY_FLASH_ROW_SIZE = 0x100
                0x00000020                CY_ECC_ROW_SIZE = 0x20
                0x00000000                CY_EE_IN_BTLDR = 0x0
                0x00000000                CY_APPL_LOADABLE = 0x0
                0x00000800                CY_EE_SIZE = 0x800
                0x00000001                CY_APPL_NUM = 0x1
                0x00000001                CY_APPL_MAX = 0x1
                0x00000040                CY_METADATA_SIZE = 0x40
                0x00000000                CY_APPL_LOADABLE = 0x0
                0x00000000                CY_CHECKSUM_EXCLUDE_SIZE = ALIGN (0x0, CY_FLASH_ROW_SIZE)
                [!provide]                PROVIDE (__cy_heap_start, _end)
                0x00000001                PROVIDE (__cy_region_num, ((__cy_regions_end - __cy_regions) / 0x10))
                0x20008000                PROVIDE (__cy_stack, (ORIGIN (ram) + LENGTH (ram)))
                [!provide]                PROVIDE (__cy_heap_end, (__cy_stack - 0x800))

.cybootloader   0x00000000        0x0
 *(.cybootloader)
                0x00000000                appl1_start = CY_APPL_ORIGIN?CY_APPL_ORIGIN:ALIGN (CY_FLASH_ROW_SIZE)
                0x0001ff00                appl2_start = (appl1_start + ALIGN ((((LENGTH (rom) - appl1_start) - (0x2 * CY_FLASH_ROW_SIZE)) / 0x2), CY_FLASH_ROW_SIZE))
                0x00000000                appl_start = (CY_APPL_NUM == 0x1)?appl1_start:appl2_start
                0x00000000                ecc_offset = ((appl_start / CY_FLASH_ROW_SIZE) * CY_ECC_ROW_SIZE)
                0x00000000                ee_offset = (CY_APPL_LOADABLE && ! (CY_EE_IN_BTLDR))?((CY_EE_SIZE / CY_APPL_MAX) * (CY_APPL_NUM - 0x1)):0x0
                0x00000800                ee_size = (CY_APPL_LOADABLE && ! (CY_EE_IN_BTLDR))?(CY_EE_SIZE / CY_APPL_MAX):CY_EE_SIZE
                [!provide]                PROVIDE (CY_ECC_OFFSET, ecc_offset)

.text           0x00000000     0x61c4
 CREATE_OBJECT_SYMBOLS
                0x00000000                PROVIDE (__cy_interrupt_vector, RomVectors)
 *(.romvectors)
 .romvectors    0x00000000       0x10 .\ARM_GCC_541\Debug\Cm3Start.o
                0x00000000                RomVectors
                0x00000001                ASSERT ((. != __cy_interrupt_vector), No interrupt vector)
                0x00000001                ASSERT (CY_APPL_ORIGIN?(SIZEOF (.cybootloader) <= CY_APPL_ORIGIN):0x1, Wrong image location)
                0x00000010                PROVIDE (__cy_reset, Reset)
 *(.text.Reset)
 .text.Reset    0x00000010       0x18 .\ARM_GCC_541\Debug\Cm3Start.o
                0x00000010                Reset
                0x00000001                ASSERT ((. != __cy_reset), No reset code)
 *(.dma_init)
                0x00000001                ASSERT ((((appl_start + .) <= 0x10000) || 0x1), DMA Init must be within the first 64k of flash)
 *(.text .text.* .gnu.linkonce.t.*)
 .text          0x00000028       0x5c c:/program files (x86)/cypress/psoc creator/4.1/psoc creator/import/gnu/arm/5.4.1/bin/../lib/gcc/arm-none-eabi/5.4.1/armv7-m/crtbegin.o
 .text.Transmit
                0x00000084        0xc .\ARM_GCC_541\Debug\main.o
                0x00000084                Transmit
 .text.UserInput
                0x00000090        0xc .\ARM_GCC_541\Debug\main.o
                0x00000090                UserInput
 .text.main     0x0000009c      0x4a8 .\ARM_GCC_541\Debug\main.o
                0x0000009c                main
 .text.InitSettings
                0x00000544       0x20 .\ARM_GCC_541\Debug\main.o
                0x00000544                InitSettings
 .text.DisableAllDigitalToAnalogConverters
                0x00000564       0x20 .\ARM_GCC_541\Debug\main.o
                0x00000564                DisableAllDigitalToAnalogConverters
 .text.DTMF     0x00000584      0x2b4 .\ARM_GCC_541\Debug\main.o
                0x00000584                DTMF
 .text.Goertzel
                0x00000838      0x21c .\ARM_GCC_541\Debug\main.o
                0x00000838                Goertzel
 .text.getMaxValue
                0x00000a54       0x64 .\ARM_GCC_541\Debug\main.o
                0x00000a54                getMaxValue
 .text.CYMEMZERO
                0x00000ab8       0x1c .\ARM_GCC_541\Debug\cyfitter_cfg.o
 .text.CYCONFIGCPY
                0x00000ad4       0x20 .\ARM_GCC_541\Debug\cyfitter_cfg.o
 .text.CyClockStartupError
                0x00000af4        0xc .\ARM_GCC_541\Debug\cyfitter_cfg.o
 .text.cfg_write_bytes32
                0x00000b00       0x74 .\ARM_GCC_541\Debug\cyfitter_cfg.o
 .text.ClockSetup
                0x00000b74      0x1bc .\ARM_GCC_541\Debug\cyfitter_cfg.o
 .text.AnalogSetDefault
                0x00000d30       0x88 .\ARM_GCC_541\Debug\cyfitter_cfg.o
 .text.ADC_DelSig_1_AMux_Set
                0x00000db8       0x40 .\ARM_GCC_541\Debug\cyfitter_cfg.o
                0x00000db8                ADC_DelSig_1_AMux_Set
 .text.ADC_DelSig_1_AMux_Unset
                0x00000df8       0x44 .\ARM_GCC_541\Debug\cyfitter_cfg.o
                0x00000df8                ADC_DelSig_1_AMux_Unset
 .text.cyfitter_cfg
                0x00000e3c      0x220 .\ARM_GCC_541\Debug\cyfitter_cfg.o
                0x00000e3c                cyfitter_cfg
 .text.IntDefaultHandler
                0x0000105c       0x14 .\ARM_GCC_541\Debug\Cm3Start.o
                0x0000105c                IntDefaultHandler
 .text._sbrk    0x00001070       0x50 .\ARM_GCC_541\Debug\Cm3Start.o
                0x00001070                _sbrk
 .text.Start_c  0x000010c0       0x98 .\ARM_GCC_541\Debug\Cm3Start.o
                0x000010c0                Start_c
 .text.initialize_psoc
                0x00001158       0x94 .\ARM_GCC_541\Debug\Cm3Start.o
                0x00001158                initialize_psoc
 .text.ADC_DelSig_1_Init
                0x000011ec      0x11c .\ARM_GCC_541\Debug\DualTone MultiFrequency Coder.a(ADC_DelSig_1.o)
                0x000011ec                ADC_DelSig_1_Init
 .text.ADC_DelSig_1_Enable
                0x00001308      0x158 .\ARM_GCC_541\Debug\DualTone MultiFrequency Coder.a(ADC_DelSig_1.o)
                0x00001308                ADC_DelSig_1_Enable
 .text.ADC_DelSig_1_Start
                0x00001460       0x30 .\ARM_GCC_541\Debug\DualTone MultiFrequency Coder.a(ADC_DelSig_1.o)
                0x00001460                ADC_DelSig_1_Start
 .text.ADC_DelSig_1_StartConvert
                0x00001490       0x20 .\ARM_GCC_541\Debug\DualTone MultiFrequency Coder.a(ADC_DelSig_1.o)
                0x00001490                ADC_DelSig_1_StartConvert
 .text.ADC_DelSig_1_IsEndConversion
                0x000014b0       0x4c .\ARM_GCC_541\Debug\DualTone MultiFrequency Coder.a(ADC_DelSig_1.o)
                0x000014b0                ADC_DelSig_1_IsEndConversion
 .text.ADC_DelSig_1_GetResult16
                0x000014fc       0x7c .\ARM_GCC_541\Debug\DualTone MultiFrequency Coder.a(ADC_DelSig_1.o)
                0x000014fc                ADC_DelSig_1_GetResult16
 .text.ADC_DelSig_1_InitConfig
                0x00001578      0x164 .\ARM_GCC_541\Debug\DualTone MultiFrequency Coder.a(ADC_DelSig_1.o)
 .text.ADC_DelSig_1_GainCompensation
                0x000016dc      0x170 .\ARM_GCC_541\Debug\DualTone MultiFrequency Coder.a(ADC_DelSig_1.o)
 .text.ADC_DelSig_1_SetDSMRef0Reg
                0x0000184c       0x7c .\ARM_GCC_541\Debug\DualTone MultiFrequency Coder.a(ADC_DelSig_1.o)
 .text.ADC_DelSig_1_ISR1
                0x000018c8        0xc .\ARM_GCC_541\Debug\DualTone MultiFrequency Coder.a(ADC_DelSig_1_INT.o)
                0x000018c8                ADC_DelSig_1_ISR1
 .text.ADC_DelSig_1_AMux_Start
                0x000018d4       0x34 .\ARM_GCC_541\Debug\DualTone MultiFrequency Coder.a(ADC_DelSig_1_AMux.o)
                0x000018d4                ADC_DelSig_1_AMux_Start
 .text.ADC_DelSig_1_AMux_Select
                0x00001908       0x28 .\ARM_GCC_541\Debug\DualTone MultiFrequency Coder.a(ADC_DelSig_1_AMux.o)
                0x00001908                ADC_DelSig_1_AMux_Select
 .text.ADC_DelSig_1_Ext_CP_Clk_SetDividerRegister
                0x00001930      0x164 .\ARM_GCC_541\Debug\DualTone MultiFrequency Coder.a(ADC_DelSig_1_Ext_CP_Clk.o)
                0x00001930                ADC_DelSig_1_Ext_CP_Clk_SetDividerRegister
 .text.ADC_DelSig_1_Ext_CP_Clk_GetDividerRegister
                0x00001a94       0x18 .\ARM_GCC_541\Debug\DualTone MultiFrequency Coder.a(ADC_DelSig_1_Ext_CP_Clk.o)
                0x00001a94                ADC_DelSig_1_Ext_CP_Clk_GetDividerRegister
 .text.ADC_DelSig_1_Ext_CP_Clk_SetModeRegister
                0x00001aac       0x34 .\ARM_GCC_541\Debug\DualTone MultiFrequency Coder.a(ADC_DelSig_1_Ext_CP_Clk.o)
                0x00001aac                ADC_DelSig_1_Ext_CP_Clk_SetModeRegister
 .text.ADC_DelSig_1_Ext_CP_Clk_GetSourceRegister
                0x00001ae0       0x1c .\ARM_GCC_541\Debug\DualTone MultiFrequency Coder.a(ADC_DelSig_1_Ext_CP_Clk.o)
                0x00001ae0                ADC_DelSig_1_Ext_CP_Clk_GetSourceRegister
 .text.ADC_DelSig_1_theACLK_SetDividerRegister
                0x00001afc      0x164 .\ARM_GCC_541\Debug\DualTone MultiFrequency Coder.a(ADC_DelSig_1_theACLK.o)
                0x00001afc                ADC_DelSig_1_theACLK_SetDividerRegister
 .text.ADC_DelSig_1_theACLK_GetDividerRegister
                0x00001c60       0x18 .\ARM_GCC_541\Debug\DualTone MultiFrequency Coder.a(ADC_DelSig_1_theACLK.o)
                0x00001c60                ADC_DelSig_1_theACLK_GetDividerRegister
 .text.ADC_DelSig_1_theACLK_SetModeRegister
                0x00001c78       0x34 .\ARM_GCC_541\Debug\DualTone MultiFrequency Coder.a(ADC_DelSig_1_theACLK.o)
                0x00001c78                ADC_DelSig_1_theACLK_SetModeRegister
 .text.ADC_DelSig_1_theACLK_GetSourceRegister
                0x00001cac       0x1c .\ARM_GCC_541\Debug\DualTone MultiFrequency Coder.a(ADC_DelSig_1_theACLK.o)
                0x00001cac                ADC_DelSig_1_theACLK_GetSourceRegister
 .text.CyDmacConfigure
                0x00001cc8       0x5c .\ARM_GCC_541\Debug\DualTone MultiFrequency Coder.a(CyDmac.o)
                0x00001cc8                CyDmacConfigure
 .text.CyDmaChEnable
                0x00001d24       0x8c .\ARM_GCC_541\Debug\DualTone MultiFrequency Coder.a(CyDmac.o)
                0x00001d24                CyDmaChEnable
 .text.CyDmaChDisable
                0x00001db0       0x60 .\ARM_GCC_541\Debug\DualTone MultiFrequency Coder.a(CyDmac.o)
                0x00001db0                CyDmaChDisable
 .text.CyDmaChPriority
                0x00001e10       0x64 .\ARM_GCC_541\Debug\DualTone MultiFrequency Coder.a(CyDmac.o)
                0x00001e10                CyDmaChPriority
 .text.CyDmaChSetExtendedAddress
                0x00001e74       0x78 .\ARM_GCC_541\Debug\DualTone MultiFrequency Coder.a(CyDmac.o)
                0x00001e74                CyDmaChSetExtendedAddress
 .text.CyDmaChSetInitialTd
                0x00001eec       0x3c .\ARM_GCC_541\Debug\DualTone MultiFrequency Coder.a(CyDmac.o)
                0x00001eec                CyDmaChSetInitialTd
 .text.CyDmaChSetConfiguration
                0x00001f28       0xa0 .\ARM_GCC_541\Debug\DualTone MultiFrequency Coder.a(CyDmac.o)
                0x00001f28                CyDmaChSetConfiguration
 .text.CyDmaTdAllocate
                0x00001fc8       0x5c .\ARM_GCC_541\Debug\DualTone MultiFrequency Coder.a(CyDmac.o)
                0x00001fc8                CyDmaTdAllocate
 .text.CyDmaTdSetConfiguration
                0x00002024       0x80 .\ARM_GCC_541\Debug\DualTone MultiFrequency Coder.a(CyDmac.o)
                0x00002024                CyDmaTdSetConfiguration
 .text.CyDmaTdSetAddress
                0x000020a4       0x5c .\ARM_GCC_541\Debug\DualTone MultiFrequency Coder.a(CyDmac.o)
                0x000020a4                CyDmaTdSetAddress
 .text.CyHalt   0x00002100       0x18 .\ARM_GCC_541\Debug\DualTone MultiFrequency Coder.a(CyLib.o)
                0x00002100                CyHalt
 .text.CyDelayUs
                0x00002118       0x28 .\ARM_GCC_541\Debug\DualTone MultiFrequency Coder.a(CyLib.o)
                0x00002118                CyDelayUs
 .text.CyIntSetVector
                0x00002140       0x50 .\ARM_GCC_541\Debug\DualTone MultiFrequency Coder.a(CyLib.o)
                0x00002140                CyIntSetVector
 .text.CyIntSetPriority
                0x00002190       0x48 .\ARM_GCC_541\Debug\DualTone MultiFrequency Coder.a(CyLib.o)
                0x00002190                CyIntSetPriority
 .text.UART_1_Start
                0x000021d8       0x24 .\ARM_GCC_541\Debug\DualTone MultiFrequency Coder.a(UART_1.o)
                0x000021d8                UART_1_Start
 .text.UART_1_Init
                0x000021fc       0x40 .\ARM_GCC_541\Debug\DualTone MultiFrequency Coder.a(UART_1.o)
                0x000021fc                UART_1_Init
 .text.UART_1_Enable
                0x0000223c       0x60 .\ARM_GCC_541\Debug\DualTone MultiFrequency Coder.a(UART_1.o)
                0x0000223c                UART_1_Enable
 .text.UART_1_GetChar
                0x0000229c       0x44 .\ARM_GCC_541\Debug\DualTone MultiFrequency Coder.a(UART_1.o)
                0x0000229c                UART_1_GetChar
 .text.UART_1_PutChar
                0x000022e0       0x34 .\ARM_GCC_541\Debug\DualTone MultiFrequency Coder.a(UART_1.o)
                0x000022e0                UART_1_PutChar
 .text.UART_1_PutString
                0x00002314       0x44 .\ARM_GCC_541\Debug\DualTone MultiFrequency Coder.a(UART_1.o)
                0x00002314                UART_1_PutString
 .text.UART_1_IntClock_Start
                0x00002358       0x34 .\ARM_GCC_541\Debug\DualTone MultiFrequency Coder.a(UART_1_IntClock.o)
                0x00002358                UART_1_IntClock_Start
 .text.Timer_Init
                0x0000238c       0xa0 .\ARM_GCC_541\Debug\DualTone MultiFrequency Coder.a(Timer.o)
                0x0000238c                Timer_Init
 .text.Timer_Enable
                0x0000242c       0x48 .\ARM_GCC_541\Debug\DualTone MultiFrequency Coder.a(Timer.o)
                0x0000242c                Timer_Enable
 .text.Timer_Start
                0x00002474       0x24 .\ARM_GCC_541\Debug\DualTone MultiFrequency Coder.a(Timer.o)
                0x00002474                Timer_Start
 .text.Timer_SetInterruptMode
                0x00002498       0x20 .\ARM_GCC_541\Debug\DualTone MultiFrequency Coder.a(Timer.o)
                0x00002498                Timer_SetInterruptMode
 .text.Timer_WritePeriod
                0x000024b8       0x24 .\ARM_GCC_541\Debug\DualTone MultiFrequency Coder.a(Timer.o)
                0x000024b8                Timer_WritePeriod
 .text.Timer_WriteCounter
                0x000024dc       0x20 .\ARM_GCC_541\Debug\DualTone MultiFrequency Coder.a(Timer.o)
                0x000024dc                Timer_WriteCounter
 .text.isr_StartEx
                0x000024fc       0x24 .\ARM_GCC_541\Debug\DualTone MultiFrequency Coder.a(isr.o)
                0x000024fc                isr_StartEx
 .text.isr_SetVector
                0x00002520       0x24 .\ARM_GCC_541\Debug\DualTone MultiFrequency Coder.a(isr.o)
                0x00002520                isr_SetVector
 .text.isr_SetPriority
                0x00002544       0x24 .\ARM_GCC_541\Debug\DualTone MultiFrequency Coder.a(isr.o)
                0x00002544                isr_SetPriority
 .text.isr_Enable
                0x00002568       0x18 .\ARM_GCC_541\Debug\DualTone MultiFrequency Coder.a(isr.o)
                0x00002568                isr_Enable
 .text.isr_Disable
                0x00002580       0x18 .\ARM_GCC_541\Debug\DualTone MultiFrequency Coder.a(isr.o)
                0x00002580                isr_Disable
 .text.HF_SW1_Write
                0x00002598       0x38 .\ARM_GCC_541\Debug\DualTone MultiFrequency Coder.a(HF_SW1.o)
                0x00002598                HF_SW1_Write
 .text.HF_SW2_Write
                0x000025d0       0x38 .\ARM_GCC_541\Debug\DualTone MultiFrequency Coder.a(HF_SW2.o)
                0x000025d0                HF_SW2_Write
 .text.LF_SW1_Write
                0x00002608       0x34 .\ARM_GCC_541\Debug\DualTone MultiFrequency Coder.a(LF_SW1.o)
                0x00002608                LF_SW1_Write
 .text.LF_SW2_Write
                0x0000263c       0x3c .\ARM_GCC_541\Debug\DualTone MultiFrequency Coder.a(LF_SW2.o)
                0x0000263c                LF_SW2_Write
 .text.HF_DAC_1_Init
                0x00002678       0x54 .\ARM_GCC_541\Debug\DualTone MultiFrequency Coder.a(HF_DAC_1.o)
                0x00002678                HF_DAC_1_Init
 .text.HF_DAC_1_Enable
                0x000026cc       0x38 .\ARM_GCC_541\Debug\DualTone MultiFrequency Coder.a(HF_DAC_1.o)
                0x000026cc                HF_DAC_1_Enable
 .text.HF_DAC_1_Start
                0x00002704       0x24 .\ARM_GCC_541\Debug\DualTone MultiFrequency Coder.a(HF_DAC_1.o)
                0x00002704                HF_DAC_1_Start
 .text.HF_DAC_1_Stop
                0x00002728       0x2c .\ARM_GCC_541\Debug\DualTone MultiFrequency Coder.a(HF_DAC_1.o)
                0x00002728                HF_DAC_1_Stop
 .text.HF_DAC_1_Wave1Setup
                0x00002754       0x68 .\ARM_GCC_541\Debug\DualTone MultiFrequency Coder.a(HF_DAC_1.o)
                0x00002754                HF_DAC_1_Wave1Setup
 .text.HF_DAC_1_Wave2Setup
                0x000027bc       0x68 .\ARM_GCC_541\Debug\DualTone MultiFrequency Coder.a(HF_DAC_1.o)
                0x000027bc                HF_DAC_1_Wave2Setup
 .text.HF_DAC_1_Sleep
                0x00002824       0x30 .\ARM_GCC_541\Debug\DualTone MultiFrequency Coder.a(HF_DAC_1_PM.o)
                0x00002824                HF_DAC_1_Sleep
 .text.LF_DAC_1_Init
                0x00002854       0x54 .\ARM_GCC_541\Debug\DualTone MultiFrequency Coder.a(LF_DAC_1.o)
                0x00002854                LF_DAC_1_Init
 .text.LF_DAC_1_Enable
                0x000028a8       0x38 .\ARM_GCC_541\Debug\DualTone MultiFrequency Coder.a(LF_DAC_1.o)
                0x000028a8                LF_DAC_1_Enable
 .text.LF_DAC_1_Start
                0x000028e0       0x24 .\ARM_GCC_541\Debug\DualTone MultiFrequency Coder.a(LF_DAC_1.o)
                0x000028e0                LF_DAC_1_Start
 .text.LF_DAC_1_Stop
                0x00002904       0x2c .\ARM_GCC_541\Debug\DualTone MultiFrequency Coder.a(LF_DAC_1.o)
                0x00002904                LF_DAC_1_Stop
 .text.LF_DAC_1_Wave1Setup
                0x00002930       0x68 .\ARM_GCC_541\Debug\DualTone MultiFrequency Coder.a(LF_DAC_1.o)
                0x00002930                LF_DAC_1_Wave1Setup
 .text.LF_DAC_1_Wave2Setup
                0x00002998       0x68 .\ARM_GCC_541\Debug\DualTone MultiFrequency Coder.a(LF_DAC_1.o)
                0x00002998                LF_DAC_1_Wave2Setup
 .text.LF_DAC_1_Sleep
                0x00002a00       0x30 .\ARM_GCC_541\Debug\DualTone MultiFrequency Coder.a(LF_DAC_1_PM.o)
                0x00002a00                LF_DAC_1_Sleep
 .text.HF_DAC_2_Init
                0x00002a30       0x54 .\ARM_GCC_541\Debug\DualTone MultiFrequency Coder.a(HF_DAC_2.o)
                0x00002a30                HF_DAC_2_Init
 .text.HF_DAC_2_Enable
                0x00002a84       0x38 .\ARM_GCC_541\Debug\DualTone MultiFrequency Coder.a(HF_DAC_2.o)
                0x00002a84                HF_DAC_2_Enable
 .text.HF_DAC_2_Start
                0x00002abc       0x24 .\ARM_GCC_541\Debug\DualTone MultiFrequency Coder.a(HF_DAC_2.o)
                0x00002abc                HF_DAC_2_Start
 .text.HF_DAC_2_Stop
                0x00002ae0       0x2c .\ARM_GCC_541\Debug\DualTone MultiFrequency Coder.a(HF_DAC_2.o)
                0x00002ae0                HF_DAC_2_Stop
 .text.HF_DAC_2_Wave1Setup
                0x00002b0c       0x68 .\ARM_GCC_541\Debug\DualTone MultiFrequency Coder.a(HF_DAC_2.o)
                0x00002b0c                HF_DAC_2_Wave1Setup
 .text.HF_DAC_2_Wave2Setup
                0x00002b74       0x68 .\ARM_GCC_541\Debug\DualTone MultiFrequency Coder.a(HF_DAC_2.o)
                0x00002b74                HF_DAC_2_Wave2Setup
 .text.HF_DAC_2_Sleep
                0x00002bdc       0x30 .\ARM_GCC_541\Debug\DualTone MultiFrequency Coder.a(HF_DAC_2_PM.o)
                0x00002bdc                HF_DAC_2_Sleep
 .text.LF_DAC_2_Init
                0x00002c0c       0x54 .\ARM_GCC_541\Debug\DualTone MultiFrequency Coder.a(LF_DAC_2.o)
                0x00002c0c                LF_DAC_2_Init
 .text.LF_DAC_2_Enable
                0x00002c60       0x38 .\ARM_GCC_541\Debug\DualTone MultiFrequency Coder.a(LF_DAC_2.o)
                0x00002c60                LF_DAC_2_Enable
 .text.LF_DAC_2_Start
                0x00002c98       0x24 .\ARM_GCC_541\Debug\DualTone MultiFrequency Coder.a(LF_DAC_2.o)
                0x00002c98                LF_DAC_2_Start
 .text.LF_DAC_2_Stop
                0x00002cbc       0x2c .\ARM_GCC_541\Debug\DualTone MultiFrequency Coder.a(LF_DAC_2.o)
                0x00002cbc                LF_DAC_2_Stop
 .text.LF_DAC_2_Wave1Setup
                0x00002ce8       0x68 .\ARM_GCC_541\Debug\DualTone MultiFrequency Coder.a(LF_DAC_2.o)
                0x00002ce8                LF_DAC_2_Wave1Setup
 .text.LF_DAC_2_Wave2Setup
                0x00002d50       0x68 .\ARM_GCC_541\Debug\DualTone MultiFrequency Coder.a(LF_DAC_2.o)
                0x00002d50                LF_DAC_2_Wave2Setup
 .text.LF_DAC_2_Sleep
                0x00002db8       0x28 .\ARM_GCC_541\Debug\DualTone MultiFrequency Coder.a(LF_DAC_2_PM.o)
                0x00002db8                LF_DAC_2_Sleep
 .text.HF_DAC_1_DacClk_Start
                0x00002de0       0x34 .\ARM_GCC_541\Debug\DualTone MultiFrequency Coder.a(HF_DAC_1_DacClk.o)
                0x00002de0                HF_DAC_1_DacClk_Start
 .text.HF_DAC_1_DacClk_Stop
                0x00002e14       0x34 .\ARM_GCC_541\Debug\DualTone MultiFrequency Coder.a(HF_DAC_1_DacClk.o)
                0x00002e14                HF_DAC_1_DacClk_Stop
 .text.HF_DAC_1_Wave1_DMA_DmaInitialize
                0x00002e48       0x64 .\ARM_GCC_541\Debug\DualTone MultiFrequency Coder.a(HF_DAC_1_Wave1_DMA_dma.o)
                0x00002e48                HF_DAC_1_Wave1_DMA_DmaInitialize
 .text.HF_DAC_1_Wave2_DMA_DmaInitialize
                0x00002eac       0x64 .\ARM_GCC_541\Debug\DualTone MultiFrequency Coder.a(HF_DAC_1_Wave2_DMA_dma.o)
                0x00002eac                HF_DAC_1_Wave2_DMA_DmaInitialize
 .text.HF_DAC_1_VDAC8_Init
                0x00002f10       0x3c .\ARM_GCC_541\Debug\DualTone MultiFrequency Coder.a(HF_DAC_1_VDAC8.o)
                0x00002f10                HF_DAC_1_VDAC8_Init
 .text.HF_DAC_1_VDAC8_Enable
                0x00002f4c       0x34 .\ARM_GCC_541\Debug\DualTone MultiFrequency Coder.a(HF_DAC_1_VDAC8.o)
                0x00002f4c                HF_DAC_1_VDAC8_Enable
 .text.HF_DAC_1_VDAC8_Stop
                0x00002f80       0x34 .\ARM_GCC_541\Debug\DualTone MultiFrequency Coder.a(HF_DAC_1_VDAC8.o)
                0x00002f80                HF_DAC_1_VDAC8_Stop
 .text.HF_DAC_1_VDAC8_SetSpeed
                0x00002fb4       0x40 .\ARM_GCC_541\Debug\DualTone MultiFrequency Coder.a(HF_DAC_1_VDAC8.o)
                0x00002fb4                HF_DAC_1_VDAC8_SetSpeed
 .text.HF_DAC_1_VDAC8_SetRange
                0x00002ff4       0x40 .\ARM_GCC_541\Debug\DualTone MultiFrequency Coder.a(HF_DAC_1_VDAC8.o)
                0x00002ff4                HF_DAC_1_VDAC8_SetRange
 .text.HF_DAC_1_VDAC8_SetValue
                0x00003034       0x20 .\ARM_GCC_541\Debug\DualTone MultiFrequency Coder.a(HF_DAC_1_VDAC8.o)
                0x00003034                HF_DAC_1_VDAC8_SetValue
 .text.HF_DAC_1_VDAC8_DacTrim
                0x00003054       0x3c .\ARM_GCC_541\Debug\DualTone MultiFrequency Coder.a(HF_DAC_1_VDAC8.o)
                0x00003054                HF_DAC_1_VDAC8_DacTrim
 .text.HF_DAC_1_VDAC8_SaveConfig
                0x00003090       0x30 .\ARM_GCC_541\Debug\DualTone MultiFrequency Coder.a(HF_DAC_1_VDAC8_PM.o)
                0x00003090                HF_DAC_1_VDAC8_SaveConfig
 .text.LF_DAC_1_DacClk_Start
                0x000030c0       0x34 .\ARM_GCC_541\Debug\DualTone MultiFrequency Coder.a(LF_DAC_1_DacClk.o)
                0x000030c0                LF_DAC_1_DacClk_Start
 .text.LF_DAC_1_DacClk_Stop
                0x000030f4       0x34 .\ARM_GCC_541\Debug\DualTone MultiFrequency Coder.a(LF_DAC_1_DacClk.o)
                0x000030f4                LF_DAC_1_DacClk_Stop
 .text.LF_DAC_1_Wave1_DMA_DmaInitialize
                0x00003128       0x64 .\ARM_GCC_541\Debug\DualTone MultiFrequency Coder.a(LF_DAC_1_Wave1_DMA_dma.o)
                0x00003128                LF_DAC_1_Wave1_DMA_DmaInitialize
 .text.LF_DAC_1_Wave2_DMA_DmaInitialize
                0x0000318c       0x64 .\ARM_GCC_541\Debug\DualTone MultiFrequency Coder.a(LF_DAC_1_Wave2_DMA_dma.o)
                0x0000318c                LF_DAC_1_Wave2_DMA_DmaInitialize
 .text.LF_DAC_1_VDAC8_Init
                0x000031f0       0x3c .\ARM_GCC_541\Debug\DualTone MultiFrequency Coder.a(LF_DAC_1_VDAC8.o)
                0x000031f0                LF_DAC_1_VDAC8_Init
 .text.LF_DAC_1_VDAC8_Enable
                0x0000322c       0x34 .\ARM_GCC_541\Debug\DualTone MultiFrequency Coder.a(LF_DAC_1_VDAC8.o)
                0x0000322c                LF_DAC_1_VDAC8_Enable
 .text.LF_DAC_1_VDAC8_Stop
                0x00003260       0x34 .\ARM_GCC_541\Debug\DualTone MultiFrequency Coder.a(LF_DAC_1_VDAC8.o)
                0x00003260                LF_DAC_1_VDAC8_Stop
 .text.LF_DAC_1_VDAC8_SetSpeed
                0x00003294       0x40 .\ARM_GCC_541\Debug\DualTone MultiFrequency Coder.a(LF_DAC_1_VDAC8.o)
                0x00003294                LF_DAC_1_VDAC8_SetSpeed
 .text.LF_DAC_1_VDAC8_SetRange
                0x000032d4       0x40 .\ARM_GCC_541\Debug\DualTone MultiFrequency Coder.a(LF_DAC_1_VDAC8.o)
                0x000032d4                LF_DAC_1_VDAC8_SetRange
 .text.LF_DAC_1_VDAC8_SetValue
                0x00003314       0x20 .\ARM_GCC_541\Debug\DualTone MultiFrequency Coder.a(LF_DAC_1_VDAC8.o)
                0x00003314                LF_DAC_1_VDAC8_SetValue
 .text.LF_DAC_1_VDAC8_DacTrim
                0x00003334       0x3c .\ARM_GCC_541\Debug\DualTone MultiFrequency Coder.a(LF_DAC_1_VDAC8.o)
                0x00003334                LF_DAC_1_VDAC8_DacTrim
 .text.LF_DAC_1_VDAC8_SaveConfig
                0x00003370       0x30 .\ARM_GCC_541\Debug\DualTone MultiFrequency Coder.a(LF_DAC_1_VDAC8_PM.o)
                0x00003370                LF_DAC_1_VDAC8_SaveConfig
 .text.HF_DAC_2_DacClk_Start
                0x000033a0       0x34 .\ARM_GCC_541\Debug\DualTone MultiFrequency Coder.a(HF_DAC_2_DacClk.o)
                0x000033a0                HF_DAC_2_DacClk_Start
 .text.HF_DAC_2_DacClk_Stop
                0x000033d4       0x34 .\ARM_GCC_541\Debug\DualTone MultiFrequency Coder.a(HF_DAC_2_DacClk.o)
                0x000033d4                HF_DAC_2_DacClk_Stop
 .text.HF_DAC_2_Wave1_DMA_DmaInitialize
                0x00003408       0x64 .\ARM_GCC_541\Debug\DualTone MultiFrequency Coder.a(HF_DAC_2_Wave1_DMA_dma.o)
                0x00003408                HF_DAC_2_Wave1_DMA_DmaInitialize
 .text.HF_DAC_2_Wave2_DMA_DmaInitialize
                0x0000346c       0x64 .\ARM_GCC_541\Debug\DualTone MultiFrequency Coder.a(HF_DAC_2_Wave2_DMA_dma.o)
                0x0000346c                HF_DAC_2_Wave2_DMA_DmaInitialize
 .text.HF_DAC_2_VDAC8_Init
                0x000034d0       0x3c .\ARM_GCC_541\Debug\DualTone MultiFrequency Coder.a(HF_DAC_2_VDAC8.o)
                0x000034d0                HF_DAC_2_VDAC8_Init
 .text.HF_DAC_2_VDAC8_Enable
                0x0000350c       0x34 .\ARM_GCC_541\Debug\DualTone MultiFrequency Coder.a(HF_DAC_2_VDAC8.o)
                0x0000350c                HF_DAC_2_VDAC8_Enable
 .text.HF_DAC_2_VDAC8_Stop
                0x00003540       0x34 .\ARM_GCC_541\Debug\DualTone MultiFrequency Coder.a(HF_DAC_2_VDAC8.o)
                0x00003540                HF_DAC_2_VDAC8_Stop
 .text.HF_DAC_2_VDAC8_SetSpeed
                0x00003574       0x40 .\ARM_GCC_541\Debug\DualTone MultiFrequency Coder.a(HF_DAC_2_VDAC8.o)
                0x00003574                HF_DAC_2_VDAC8_SetSpeed
 .text.HF_DAC_2_VDAC8_SetRange
                0x000035b4       0x40 .\ARM_GCC_541\Debug\DualTone MultiFrequency Coder.a(HF_DAC_2_VDAC8.o)
                0x000035b4                HF_DAC_2_VDAC8_SetRange
 .text.HF_DAC_2_VDAC8_SetValue
                0x000035f4       0x20 .\ARM_GCC_541\Debug\DualTone MultiFrequency Coder.a(HF_DAC_2_VDAC8.o)
                0x000035f4                HF_DAC_2_VDAC8_SetValue
 .text.HF_DAC_2_VDAC8_DacTrim
                0x00003614       0x3c .\ARM_GCC_541\Debug\DualTone MultiFrequency Coder.a(HF_DAC_2_VDAC8.o)
                0x00003614                HF_DAC_2_VDAC8_DacTrim
 .text.HF_DAC_2_VDAC8_SaveConfig
                0x00003650       0x30 .\ARM_GCC_541\Debug\DualTone MultiFrequency Coder.a(HF_DAC_2_VDAC8_PM.o)
                0x00003650                HF_DAC_2_VDAC8_SaveConfig
 .text.LF_DAC_2_DacClk_Start
                0x00003680       0x34 .\ARM_GCC_541\Debug\DualTone MultiFrequency Coder.a(LF_DAC_2_DacClk.o)
                0x00003680                LF_DAC_2_DacClk_Start
 .text.LF_DAC_2_DacClk_Stop
                0x000036b4       0x34 .\ARM_GCC_541\Debug\DualTone MultiFrequency Coder.a(LF_DAC_2_DacClk.o)
                0x000036b4                LF_DAC_2_DacClk_Stop
 .text.LF_DAC_2_Wave1_DMA_DmaInitialize
                0x000036e8       0x64 .\ARM_GCC_541\Debug\DualTone MultiFrequency Coder.a(LF_DAC_2_Wave1_DMA_dma.o)
                0x000036e8                LF_DAC_2_Wave1_DMA_DmaInitialize
 .text.LF_DAC_2_Wave2_DMA_DmaInitialize
                0x0000374c       0x64 .\ARM_GCC_541\Debug\DualTone MultiFrequency Coder.a(LF_DAC_2_Wave2_DMA_dma.o)
                0x0000374c                LF_DAC_2_Wave2_DMA_DmaInitialize
 .text.LF_DAC_2_VDAC8_Init
                0x000037b0       0x3c .\ARM_GCC_541\Debug\DualTone MultiFrequency Coder.a(LF_DAC_2_VDAC8.o)
                0x000037b0                LF_DAC_2_VDAC8_Init
 .text.LF_DAC_2_VDAC8_Enable
                0x000037ec       0x34 .\ARM_GCC_541\Debug\DualTone MultiFrequency Coder.a(LF_DAC_2_VDAC8.o)
                0x000037ec                LF_DAC_2_VDAC8_Enable
 .text.LF_DAC_2_VDAC8_Stop
                0x00003820       0x34 .\ARM_GCC_541\Debug\DualTone MultiFrequency Coder.a(LF_DAC_2_VDAC8.o)
                0x00003820                LF_DAC_2_VDAC8_Stop
 .text.LF_DAC_2_VDAC8_SetSpeed
                0x00003854       0x40 .\ARM_GCC_541\Debug\DualTone MultiFrequency Coder.a(LF_DAC_2_VDAC8.o)
                0x00003854                LF_DAC_2_VDAC8_SetSpeed
 .text.LF_DAC_2_VDAC8_SetRange
                0x00003894       0x40 .\ARM_GCC_541\Debug\DualTone MultiFrequency Coder.a(LF_DAC_2_VDAC8.o)
                0x00003894                LF_DAC_2_VDAC8_SetRange
 .text.LF_DAC_2_VDAC8_SetValue
                0x000038d4       0x20 .\ARM_GCC_541\Debug\DualTone MultiFrequency Coder.a(LF_DAC_2_VDAC8.o)
                0x000038d4                LF_DAC_2_VDAC8_SetValue
 .text.LF_DAC_2_VDAC8_DacTrim
                0x000038f4       0x3c .\ARM_GCC_541\Debug\DualTone MultiFrequency Coder.a(LF_DAC_2_VDAC8.o)
                0x000038f4                LF_DAC_2_VDAC8_DacTrim
 .text.LF_DAC_2_VDAC8_SaveConfig
                0x00003930       0x30 .\ARM_GCC_541\Debug\DualTone MultiFrequency Coder.a(LF_DAC_2_VDAC8_PM.o)
                0x00003930                LF_DAC_2_VDAC8_SaveConfig
 .text.Input_ISR_StartEx
                0x00003960       0x24 .\ARM_GCC_541\Debug\DualTone MultiFrequency Coder.a(Input_ISR.o)
                0x00003960                Input_ISR_StartEx
 .text.Input_ISR_SetVector
                0x00003984       0x24 .\ARM_GCC_541\Debug\DualTone MultiFrequency Coder.a(Input_ISR.o)
                0x00003984                Input_ISR_SetVector
 .text.Input_ISR_SetPriority
                0x000039a8       0x24 .\ARM_GCC_541\Debug\DualTone MultiFrequency Coder.a(Input_ISR.o)
                0x000039a8                Input_ISR_SetPriority
 .text.Input_ISR_Enable
                0x000039cc       0x18 .\ARM_GCC_541\Debug\DualTone MultiFrequency Coder.a(Input_ISR.o)
                0x000039cc                Input_ISR_Enable
 .text.Input_ISR_Disable
                0x000039e4       0x18 .\ARM_GCC_541\Debug\DualTone MultiFrequency Coder.a(Input_ISR.o)
                0x000039e4                Input_ISR_Disable
 .text.Input_Flag_Write
                0x000039fc       0x3c .\ARM_GCC_541\Debug\DualTone MultiFrequency Coder.a(Input_Flag.o)
                0x000039fc                Input_Flag_Write
 .text          0x00003a38       0x54 .\ARM_GCC_541\Debug\DualTone MultiFrequency Coder.a(CyBootAsmGnu.o)
                0x00003a38                CyDelayCycles
                0x00003a76                CyEnterCriticalSection
                0x00003a7e                CyExitCriticalSection
 .text.cos      0x00003a8c       0x90 c:/program files (x86)/cypress/psoc creator/4.1/psoc creator/import/gnu/arm/5.4.1/bin/../lib/gcc/arm-none-eabi/5.4.1/../../../../arm-none-eabi/lib/armv7-m\libm.a(lib_a-s_cos.o)
                0x00003a8c                cos
 .text.sin      0x00003b1c       0x90 c:/program files (x86)/cypress/psoc creator/4.1/psoc creator/import/gnu/arm/5.4.1/bin/../lib/gcc/arm-none-eabi/5.4.1/../../../../arm-none-eabi/lib/armv7-m\libm.a(lib_a-s_sin.o)
                0x00003b1c                sin
 .text.sqrt     0x00003bac       0xb8 c:/program files (x86)/cypress/psoc creator/4.1/psoc creator/import/gnu/arm/5.4.1/bin/../lib/gcc/arm-none-eabi/5.4.1/../../../../arm-none-eabi/lib/armv7-m\libm.a(lib_a-w_sqrt.o)
                0x00003bac                sqrt
 *fill*         0x00003c64        0x4 
 .text.__ieee754_rem_pio2
                0x00003c68      0x42c c:/program files (x86)/cypress/psoc creator/4.1/psoc creator/import/gnu/arm/5.4.1/bin/../lib/gcc/arm-none-eabi/5.4.1/../../../../arm-none-eabi/lib/armv7-m\libm.a(lib_a-e_rem_pio2.o)
                0x00003c68                __ieee754_rem_pio2
 .text.__ieee754_sqrt
                0x00004094      0x188 c:/program files (x86)/cypress/psoc creator/4.1/psoc creator/import/gnu/arm/5.4.1/bin/../lib/gcc/arm-none-eabi/5.4.1/../../../../arm-none-eabi/lib/armv7-m\libm.a(lib_a-e_sqrt.o)
                0x00004094                __ieee754_sqrt
 *fill*         0x0000421c        0x4 
 .text.__kernel_cos
                0x00004220      0x248 c:/program files (x86)/cypress/psoc creator/4.1/psoc creator/import/gnu/arm/5.4.1/bin/../lib/gcc/arm-none-eabi/5.4.1/../../../../arm-none-eabi/lib/armv7-m\libm.a(lib_a-k_cos.o)
                0x00004220                __kernel_cos
 .text.__kernel_rem_pio2
                0x00004468      0x7f0 c:/program files (x86)/cypress/psoc creator/4.1/psoc creator/import/gnu/arm/5.4.1/bin/../lib/gcc/arm-none-eabi/5.4.1/../../../../arm-none-eabi/lib/armv7-m\libm.a(lib_a-k_rem_pio2.o)
                0x00004468                __kernel_rem_pio2
 .text.__kernel_sin
                0x00004c58      0x16c c:/program files (x86)/cypress/psoc creator/4.1/psoc creator/import/gnu/arm/5.4.1/bin/../lib/gcc/arm-none-eabi/5.4.1/../../../../arm-none-eabi/lib/armv7-m\libm.a(lib_a-k_sin.o)
                0x00004c58                __kernel_sin
 .text.fabs     0x00004dc4        0x8 c:/program files (x86)/cypress/psoc creator/4.1/psoc creator/import/gnu/arm/5.4.1/bin/../lib/gcc/arm-none-eabi/5.4.1/../../../../arm-none-eabi/lib/armv7-m\libm.a(lib_a-s_fabs.o)
                0x00004dc4                fabs
 *fill*         0x00004dcc        0x4 
 .text.floor    0x00004dd0      0x110 c:/program files (x86)/cypress/psoc creator/4.1/psoc creator/import/gnu/arm/5.4.1/bin/../lib/gcc/arm-none-eabi/5.4.1/../../../../arm-none-eabi/lib/armv7-m\libm.a(lib_a-s_floor.o)
                0x00004dd0                floor
 .text.matherr  0x00004ee0        0x4 c:/program files (x86)/cypress/psoc creator/4.1/psoc creator/import/gnu/arm/5.4.1/bin/../lib/gcc/arm-none-eabi/5.4.1/../../../../arm-none-eabi/lib/armv7-m\libm.a(lib_a-s_matherr.o)
                0x00004ee0                matherr
 *fill*         0x00004ee4        0x4 
 .text.scalbn   0x00004ee8       0xe4 c:/program files (x86)/cypress/psoc creator/4.1/psoc creator/import/gnu/arm/5.4.1/bin/../lib/gcc/arm-none-eabi/5.4.1/../../../../arm-none-eabi/lib/armv7-m\libm.a(lib_a-s_scalbn.o)
                0x00004ee8                scalbn
 .text.copysign
                0x00004fcc       0x10 c:/program files (x86)/cypress/psoc creator/4.1/psoc creator/import/gnu/arm/5.4.1/bin/../lib/gcc/arm-none-eabi/5.4.1/../../../../arm-none-eabi/lib/armv7-m\libm.a(lib_a-s_copysign.o)
                0x00004fcc                copysign
 .text          0x00004fdc      0x370 c:/program files (x86)/cypress/psoc creator/4.1/psoc creator/import/gnu/arm/5.4.1/bin/../lib/gcc/arm-none-eabi/5.4.1/armv7-m\libgcc.a(_arm_addsubdf3.o)
                0x00004fdc                __aeabi_drsub
                0x00004fe4                __aeabi_dsub
                0x00004fe4                __subdf3
                0x00004fe8                __aeabi_dadd
                0x00004fe8                __adddf3
                0x00005260                __floatunsidf
                0x00005260                __aeabi_ui2d
                0x00005280                __floatsidf
                0x00005280                __aeabi_i2d
                0x000052a4                __aeabi_f2d
                0x000052a4                __extendsfdf2
                0x000052e0                __floatundidf
                0x000052e0                __aeabi_ul2d
                0x000052f0                __floatdidf
                0x000052f0                __aeabi_l2d
 .text          0x0000534c      0x424 c:/program files (x86)/cypress/psoc creator/4.1/psoc creator/import/gnu/arm/5.4.1/bin/../lib/gcc/arm-none-eabi/5.4.1/armv7-m\libgcc.a(_arm_muldivdf3.o)
                0x0000534c                __aeabi_dmul
                0x0000534c                __muldf3
                0x000055a0                __divdf3
                0x000055a0                __aeabi_ddiv
 .text          0x00005770      0x110 c:/program files (x86)/cypress/psoc creator/4.1/psoc creator/import/gnu/arm/5.4.1/bin/../lib/gcc/arm-none-eabi/5.4.1/armv7-m\libgcc.a(_arm_cmpdf2.o)
                0x00005770                __gtdf2
                0x00005770                __gedf2
                0x00005778                __ltdf2
                0x00005778                __ledf2
                0x00005780                __nedf2
                0x00005780                __eqdf2
                0x00005780                __cmpdf2
                0x000057fc                __aeabi_cdrcmple
                0x0000580c                __aeabi_cdcmpeq
                0x0000580c                __aeabi_cdcmple
                0x0000581c                __aeabi_dcmpeq
                0x00005830                __aeabi_dcmplt
                0x00005844                __aeabi_dcmple
                0x00005858                __aeabi_dcmpge
                0x0000586c                __aeabi_dcmpgt
 .text          0x00005880       0x2c c:/program files (x86)/cypress/psoc creator/4.1/psoc creator/import/gnu/arm/5.4.1/bin/../lib/gcc/arm-none-eabi/5.4.1/armv7-m\libgcc.a(_arm_unorddf2.o)
                0x00005880                __unorddf2
                0x00005880                __aeabi_dcmpun
 .text          0x000058ac       0x50 c:/program files (x86)/cypress/psoc creator/4.1/psoc creator/import/gnu/arm/5.4.1/bin/../lib/gcc/arm-none-eabi/5.4.1/armv7-m\libgcc.a(_arm_fixdfsi.o)
                0x000058ac                __aeabi_d2iz
                0x000058ac                __fixdfsi
 .text.__errno  0x000058fc        0xc c:/program files (x86)/cypress/psoc creator/4.1/psoc creator/import/gnu/arm/5.4.1/bin/../lib/gcc/arm-none-eabi/5.4.1/../../../../arm-none-eabi/lib/armv7-m\libg_nano.a(lib_a-errno.o)
                0x000058fc                __errno
 .text.__libc_init_array
                0x00005908       0x4c c:/program files (x86)/cypress/psoc creator/4.1/psoc creator/import/gnu/arm/5.4.1/bin/../lib/gcc/arm-none-eabi/5.4.1/../../../../arm-none-eabi/lib/armv7-m\libg_nano.a(lib_a-init.o)
                0x00005908                __libc_init_array
 .text.memcpy   0x00005954       0x16 c:/program files (x86)/cypress/psoc creator/4.1/psoc creator/import/gnu/arm/5.4.1/bin/../lib/gcc/arm-none-eabi/5.4.1/../../../../arm-none-eabi/lib/armv7-m\libg_nano.a(lib_a-memcpy-stub.o)
                0x00005954                memcpy
 .text.memset   0x0000596a       0x10 c:/program files (x86)/cypress/psoc creator/4.1/psoc creator/import/gnu/arm/5.4.1/bin/../lib/gcc/arm-none-eabi/5.4.1/../../../../arm-none-eabi/lib/armv7-m\libg_nano.a(lib_a-memset.o)
                0x0000596a                memset
 *fill*         0x0000597a        0x2 
 .text.sprintf  0x0000597c       0x48 c:/program files (x86)/cypress/psoc creator/4.1/psoc creator/import/gnu/arm/5.4.1/bin/../lib/gcc/arm-none-eabi/5.4.1/../../../../arm-none-eabi/lib/armv7-m\libg_nano.a(lib_a-sprintf.o)
                0x0000597c                siprintf
                0x0000597c                sprintf
 .text.__ssputs_r
                0x000059c4       0xb2 c:/program files (x86)/cypress/psoc creator/4.1/psoc creator/import/gnu/arm/5.4.1/bin/../lib/gcc/arm-none-eabi/5.4.1/../../../../arm-none-eabi/lib/armv7-m\libg_nano.a(lib_a-nano-svfprintf.o)
                0x000059c4                __ssputs_r
 *fill*         0x00005a76        0x2 
 .text._svfprintf_r
                0x00005a78      0x1e8 c:/program files (x86)/cypress/psoc creator/4.1/psoc creator/import/gnu/arm/5.4.1/bin/../lib/gcc/arm-none-eabi/5.4.1/../../../../arm-none-eabi/lib/armv7-m\libg_nano.a(lib_a-nano-svfprintf.o)
                0x00005a78                _svfiprintf_r
                0x00005a78                _svfprintf_r
 .text._printf_common
                0x00005c60       0xec c:/program files (x86)/cypress/psoc creator/4.1/psoc creator/import/gnu/arm/5.4.1/bin/../lib/gcc/arm-none-eabi/5.4.1/../../../../arm-none-eabi/lib/armv7-m\libg_nano.a(lib_a-nano-vfprintf_i.o)
                0x00005c60                _printf_common
 .text._printf_i
                0x00005d4c      0x24c c:/program files (x86)/cypress/psoc creator/4.1/psoc creator/import/gnu/arm/5.4.1/bin/../lib/gcc/arm-none-eabi/5.4.1/../../../../arm-none-eabi/lib/armv7-m\libg_nano.a(lib_a-nano-vfprintf_i.o)
                0x00005d4c                _printf_i
 .text.memchr   0x00005f98       0x1c c:/program files (x86)/cypress/psoc creator/4.1/psoc creator/import/gnu/arm/5.4.1/bin/../lib/gcc/arm-none-eabi/5.4.1/../../../../arm-none-eabi/lib/armv7-m\libg_nano.a(lib_a-memchr-stub.o)
                0x00005f98                memchr
 .text.memmove  0x00005fb4       0x36 c:/program files (x86)/cypress/psoc creator/4.1/psoc creator/import/gnu/arm/5.4.1/bin/../lib/gcc/arm-none-eabi/5.4.1/../../../../arm-none-eabi/lib/armv7-m\libg_nano.a(lib_a-memmove.o)
                0x00005fb4                memmove
 *fill*         0x00005fea        0x2 
 .text._free_r  0x00005fec       0x98 c:/program files (x86)/cypress/psoc creator/4.1/psoc creator/import/gnu/arm/5.4.1/bin/../lib/gcc/arm-none-eabi/5.4.1/../../../../arm-none-eabi/lib/armv7-m\libg_nano.a(lib_a-nano-freer.o)
                0x00005fec                _free_r
 .text._malloc_r
                0x00006084       0xbc c:/program files (x86)/cypress/psoc creator/4.1/psoc creator/import/gnu/arm/5.4.1/bin/../lib/gcc/arm-none-eabi/5.4.1/../../../../arm-none-eabi/lib/armv7-m\libg_nano.a(lib_a-nano-mallocr.o)
                0x00006084                _malloc_r
 .text._realloc_r
                0x00006140       0x4c c:/program files (x86)/cypress/psoc creator/4.1/psoc creator/import/gnu/arm/5.4.1/bin/../lib/gcc/arm-none-eabi/5.4.1/../../../../arm-none-eabi/lib/armv7-m\libg_nano.a(lib_a-nano-reallocr.o)
                0x00006140                _realloc_r
 .text._sbrk_r  0x0000618c       0x20 c:/program files (x86)/cypress/psoc creator/4.1/psoc creator/import/gnu/arm/5.4.1/bin/../lib/gcc/arm-none-eabi/5.4.1/../../../../arm-none-eabi/lib/armv7-m\libg_nano.a(lib_a-sbrkr.o)
                0x0000618c                _sbrk_r
 .text.__malloc_lock
                0x000061ac        0x2 c:/program files (x86)/cypress/psoc creator/4.1/psoc creator/import/gnu/arm/5.4.1/bin/../lib/gcc/arm-none-eabi/5.4.1/../../../../arm-none-eabi/lib/armv7-m\libg_nano.a(lib_a-mlock.o)
                0x000061ac                __malloc_lock
 .text.__malloc_unlock
                0x000061ae        0x2 c:/program files (x86)/cypress/psoc creator/4.1/psoc creator/import/gnu/arm/5.4.1/bin/../lib/gcc/arm-none-eabi/5.4.1/../../../../arm-none-eabi/lib/armv7-m\libg_nano.a(lib_a-mlock.o)
                0x000061ae                __malloc_unlock
 .text._malloc_usable_size_r
                0x000061b0       0x14 c:/program files (x86)/cypress/psoc creator/4.1/psoc creator/import/gnu/arm/5.4.1/bin/../lib/gcc/arm-none-eabi/5.4.1/../../../../arm-none-eabi/lib/armv7-m\libg_nano.a(lib_a-nano-msizer.o)
                0x000061b0                _malloc_usable_size_r
 *(.plt)
 *(.gnu.warning)
 *(.glue_7t)
 .glue_7t       0x000061c4        0x0 linker stubs
 *(.glue_7)
 .glue_7        0x000061c4        0x0 linker stubs
 *(.vfp11_veneer)
 .vfp11_veneer  0x000061c4        0x0 linker stubs
 *(.bootloader)
 *(.ARM.extab* .gnu.linkonce.armextab.*)
 *(.gcc_except_table)

.v4_bx          0x000061c4        0x0
 .v4_bx         0x000061c4        0x0 linker stubs

.iplt           0x000061c4        0x0
 .iplt          0x000061c4        0x0 c:/program files (x86)/cypress/psoc creator/4.1/psoc creator/import/gnu/arm/5.4.1/bin/../lib/gcc/arm-none-eabi/5.4.1/armv7-m/crtbegin.o

.eh_frame_hdr
 *(.eh_frame_hdr)

.eh_frame       0x000061c4        0x4
 *(.eh_frame)
 .eh_frame      0x000061c4        0x0 c:/program files (x86)/cypress/psoc creator/4.1/psoc creator/import/gnu/arm/5.4.1/bin/../lib/gcc/arm-none-eabi/5.4.1/armv7-m/crtbegin.o
 .eh_frame      0x000061c4        0x4 c:/program files (x86)/cypress/psoc creator/4.1/psoc creator/import/gnu/arm/5.4.1/bin/../lib/gcc/arm-none-eabi/5.4.1/armv7-m/crtend.o
                [!provide]                PROVIDE (__exidx_start, .)

.ARM.exidx
 *(.ARM.exidx* .gnu.linkonce.armexidx.*)
                0x000061c8                __exidx_end = .

.rodata         0x000061c8     0x1ac0
 *(.rodata .rodata.* .gnu.linkonce.r.*)
 .rodata        0x000061c8       0xc8 .\ARM_GCC_541\Debug\main.o
 .rodata        0x00006290       0x42 .\ARM_GCC_541\Debug\cyfitter_cfg.o
                0x00006290                ADC_DelSig_1_AMux__addrTable
                0x00006298                ADC_DelSig_1_AMux__maskTable
 *fill*         0x000062d2        0x2 
 .rodata        0x000062d4      0x4ee .\ARM_GCC_541\Debug\DualTone MultiFrequency Coder.a(HF_DAC_1.o)
                0x000062d4                HF_DAC_1_wave1
                0x0000656c                HF_DAC_1_wave2
 *fill*         0x000067c2        0x2 
 .rodata        0x000067c4      0x889 .\ARM_GCC_541\Debug\DualTone MultiFrequency Coder.a(LF_DAC_1.o)
                0x000067c4                LF_DAC_1_wave1
                0x00006c40                LF_DAC_1_wave2
 *fill*         0x0000704d        0x3 
 .rodata        0x00007050      0x2e8 .\ARM_GCC_541\Debug\DualTone MultiFrequency Coder.a(HF_DAC_2.o)
                0x00007050                HF_DAC_2_wave1
                0x00007270                HF_DAC_2_wave2
 .rodata        0x00007338      0x6fd .\ARM_GCC_541\Debug\DualTone MultiFrequency Coder.a(LF_DAC_2.o)
                0x00007338                LF_DAC_2_wave1
                0x000076e4                LF_DAC_2_wave2
 *fill*         0x00007a35        0x3 
 .rodata.str1.4
                0x00007a38        0x8 c:/program files (x86)/cypress/psoc creator/4.1/psoc creator/import/gnu/arm/5.4.1/bin/../lib/gcc/arm-none-eabi/5.4.1/../../../../arm-none-eabi/lib/armv7-m\libm.a(lib_a-w_sqrt.o)
                                  0x5 (size before relaxing)
 .rodata.npio2_hw
                0x00007a40       0x80 c:/program files (x86)/cypress/psoc creator/4.1/psoc creator/import/gnu/arm/5.4.1/bin/../lib/gcc/arm-none-eabi/5.4.1/../../../../arm-none-eabi/lib/armv7-m\libm.a(lib_a-e_rem_pio2.o)
 .rodata.two_over_pi
                0x00007ac0      0x108 c:/program files (x86)/cypress/psoc creator/4.1/psoc creator/import/gnu/arm/5.4.1/bin/../lib/gcc/arm-none-eabi/5.4.1/../../../../arm-none-eabi/lib/armv7-m\libm.a(lib_a-e_rem_pio2.o)
 .rodata.init_jk
                0x00007bc8       0x10 c:/program files (x86)/cypress/psoc creator/4.1/psoc creator/import/gnu/arm/5.4.1/bin/../lib/gcc/arm-none-eabi/5.4.1/../../../../arm-none-eabi/lib/armv7-m\libm.a(lib_a-k_rem_pio2.o)
 .rodata.PIo2   0x00007bd8       0x40 c:/program files (x86)/cypress/psoc creator/4.1/psoc creator/import/gnu/arm/5.4.1/bin/../lib/gcc/arm-none-eabi/5.4.1/../../../../arm-none-eabi/lib/armv7-m\libm.a(lib_a-k_rem_pio2.o)
 .rodata.str1.1
                0x00007c18        0x2 c:/program files (x86)/cypress/psoc creator/4.1/psoc creator/import/gnu/arm/5.4.1/bin/../lib/gcc/arm-none-eabi/5.4.1/../../../../arm-none-eabi/lib/armv7-m\libg_nano.a(lib_a-impure.o)
 .rodata.str1.1
                0x00007c1a       0x11 c:/program files (x86)/cypress/psoc creator/4.1/psoc creator/import/gnu/arm/5.4.1/bin/../lib/gcc/arm-none-eabi/5.4.1/../../../../arm-none-eabi/lib/armv7-m\libg_nano.a(lib_a-nano-svfprintf.o)
 .rodata.str1.1
                0x00007c2b       0x22 c:/program files (x86)/cypress/psoc creator/4.1/psoc creator/import/gnu/arm/5.4.1/bin/../lib/gcc/arm-none-eabi/5.4.1/../../../../arm-none-eabi/lib/armv7-m\libg_nano.a(lib_a-nano-vfprintf_i.o)
                0x00007c50                . = ALIGN (0x4)
 *fill*         0x00007c4d        0x3 
 *(.init)
 .init          0x00007c50        0x4 c:/program files (x86)/cypress/psoc creator/4.1/psoc creator/import/gnu/arm/5.4.1/bin/../lib/gcc/arm-none-eabi/5.4.1/armv7-m/crti.o
                0x00007c50                _init
 .init          0x00007c54        0x8 c:/program files (x86)/cypress/psoc creator/4.1/psoc creator/import/gnu/arm/5.4.1/bin/../lib/gcc/arm-none-eabi/5.4.1/armv7-m/crtn.o
                0x00007c5c                . = ALIGN (0x4)
                0x00007c5c                __preinit_array_start = .
 *(.preinit_array)
                0x00007c5c                __preinit_array_end = .
                0x00007c5c                . = ALIGN (0x4)
                0x00007c5c                __init_array_start = .
 *(SORT(.init_array.*))
 *(.init_array)
 .init_array    0x00007c5c        0x4 c:/program files (x86)/cypress/psoc creator/4.1/psoc creator/import/gnu/arm/5.4.1/bin/../lib/gcc/arm-none-eabi/5.4.1/armv7-m/crtbegin.o
 .init_array    0x00007c60        0x4 .\ARM_GCC_541\Debug\Cm3Start.o
                0x00007c64                __init_array_end = .
                0x00007c64                . = ALIGN (0x4)
 *(.fini)
 .fini          0x00007c64        0x4 c:/program files (x86)/cypress/psoc creator/4.1/psoc creator/import/gnu/arm/5.4.1/bin/../lib/gcc/arm-none-eabi/5.4.1/armv7-m/crti.o
                0x00007c64                _fini
 .fini          0x00007c68        0x8 c:/program files (x86)/cypress/psoc creator/4.1/psoc creator/import/gnu/arm/5.4.1/bin/../lib/gcc/arm-none-eabi/5.4.1/armv7-m/crtn.o
                0x00007c70                . = ALIGN (0x4)
                0x00007c70                __fini_array_start = .
 *(.fini_array)
 .fini_array    0x00007c70        0x4 c:/program files (x86)/cypress/psoc creator/4.1/psoc creator/import/gnu/arm/5.4.1/bin/../lib/gcc/arm-none-eabi/5.4.1/armv7-m/crtbegin.o
 *(SORT(.fini_array.*))
                0x00007c74                __fini_array_end = .
                0x00007c74                . = ALIGN (0x4)
 *crtbegin.o(.ctors)
 *(EXCLUDE_FILE(*crtend.o) .ctors)
 *(SORT(.ctors.*))
 *crtend.o(.ctors)
                0x00007c74                . = ALIGN (0x4)
 *crtbegin.o(.dtors)
 *(EXCLUDE_FILE(*crtend.o) .dtors)
 *(SORT(.dtors.*))
 *crtend.o(.dtors)
                0x00007c74                . = ALIGN (0x4)
                0x00007c74                __cy_regions = .
                0x00007c74        0x4 LONG 0x7c88 __cy_region_init_ram
                0x00007c78        0x4 LONG 0x1fff80c8 __cy_region_start_data
                0x00007c7c        0x4 LONG 0x98 __cy_region_init_size_ram
                0x00007c80        0x4 LONG 0x1020 __cy_region_zero_size_ram
                0x00007c84                __cy_regions_end = .
                0x00007c88                . = ALIGN (0x8)
 *fill*         0x00007c84        0x4 
                0x00007c88                _etext = .

.cy_checksum_exclude
                0x00007c88        0x0
 *(.cy_checksum_exclude)

.ramvectors     0x1fff8000       0xc0
                0x1fff8000                __cy_region_start_ram = .
 *(.ramvectors)
 .ramvectors    0x1fff8000       0xc0 .\ARM_GCC_541\Debug\Cm3Start.o
                0x1fff8000                CyRamVectors

.noinit         0x1fff80c0        0x5
 *(.noinit)
 .noinit        0x1fff80c0        0x4 .\ARM_GCC_541\Debug\Cm3Start.o
 .noinit        0x1fff80c4        0x1 .\ARM_GCC_541\Debug\DualTone MultiFrequency Coder.a(CyLib.o)
                0x1fff80c4                CyResetStatus

.data           0x1fff80c8       0x98 load address 0x00007c88
                0x1fff80c8                __cy_region_start_data = .
 *(.jcr)
 .jcr           0x1fff80c8        0x0 c:/program files (x86)/cypress/psoc creator/4.1/psoc creator/import/gnu/arm/5.4.1/bin/../lib/gcc/arm-none-eabi/5.4.1/armv7-m/crtbegin.o
 .jcr           0x1fff80c8        0x4 c:/program files (x86)/cypress/psoc creator/4.1/psoc creator/import/gnu/arm/5.4.1/bin/../lib/gcc/arm-none-eabi/5.4.1/armv7-m/crtend.o
 *(.got.plt)
 *(.got)
 *(.shdata)
 *(.data .data.* .gnu.linkonce.d.*)
 .data          0x1fff80cc        0x4 .\ARM_GCC_541\Debug\Cm3Start.o
 .data          0x1fff80d0        0x1 .\ARM_GCC_541\Debug\DualTone MultiFrequency Coder.a(ADC_DelSig_1.o)
                0x1fff80d0                ADC_DelSig_1_Config
 .data          0x1fff80d1        0x1 .\ARM_GCC_541\Debug\DualTone MultiFrequency Coder.a(ADC_DelSig_1_AMux.o)
 *fill*         0x1fff80d2        0x2 
 .data          0x1fff80d4        0x8 .\ARM_GCC_541\Debug\DualTone MultiFrequency Coder.a(CyDmac.o)
 .data          0x1fff80dc       0x10 .\ARM_GCC_541\Debug\DualTone MultiFrequency Coder.a(CyLib.o)
                0x1fff80dc                cydelay_freq_hz
                0x1fff80e0                cydelay_freq_khz
                0x1fff80e4                cydelay_freq_mhz
                0x1fff80e8                cydelay_32k_ms
 .data          0x1fff80ec        0x1 .\ARM_GCC_541\Debug\DualTone MultiFrequency Coder.a(HF_DAC_1_Wave1_DMA_dma.o)
                0x1fff80ec                HF_DAC_1_Wave1_DMA_DmaHandle
 .data          0x1fff80ed        0x1 .\ARM_GCC_541\Debug\DualTone MultiFrequency Coder.a(HF_DAC_1_Wave2_DMA_dma.o)
                0x1fff80ed                HF_DAC_1_Wave2_DMA_DmaHandle
 .data          0x1fff80ee        0x1 .\ARM_GCC_541\Debug\DualTone MultiFrequency Coder.a(LF_DAC_1_Wave1_DMA_dma.o)
                0x1fff80ee                LF_DAC_1_Wave1_DMA_DmaHandle
 .data          0x1fff80ef        0x1 .\ARM_GCC_541\Debug\DualTone MultiFrequency Coder.a(LF_DAC_1_Wave2_DMA_dma.o)
                0x1fff80ef                LF_DAC_1_Wave2_DMA_DmaHandle
 .data          0x1fff80f0        0x1 .\ARM_GCC_541\Debug\DualTone MultiFrequency Coder.a(HF_DAC_2_Wave1_DMA_dma.o)
                0x1fff80f0                HF_DAC_2_Wave1_DMA_DmaHandle
 .data          0x1fff80f1        0x1 .\ARM_GCC_541\Debug\DualTone MultiFrequency Coder.a(HF_DAC_2_Wave2_DMA_dma.o)
                0x1fff80f1                HF_DAC_2_Wave2_DMA_DmaHandle
 .data          0x1fff80f2        0x1 .\ARM_GCC_541\Debug\DualTone MultiFrequency Coder.a(LF_DAC_2_Wave1_DMA_dma.o)
                0x1fff80f2                LF_DAC_2_Wave1_DMA_DmaHandle
 .data          0x1fff80f3        0x1 .\ARM_GCC_541\Debug\DualTone MultiFrequency Coder.a(LF_DAC_2_Wave2_DMA_dma.o)
                0x1fff80f3                LF_DAC_2_Wave2_DMA_DmaHandle
 .data.__fdlib_version
                0x1fff80f4        0x1 c:/program files (x86)/cypress/psoc creator/4.1/psoc creator/import/gnu/arm/5.4.1/bin/../lib/gcc/arm-none-eabi/5.4.1/../../../../arm-none-eabi/lib/armv7-m\libm.a(lib_a-s_lib_ver.o)
                0x1fff80f4                __fdlib_version
 *fill*         0x1fff80f5        0x3 
 .data.impure_data
                0x1fff80f8       0x60 c:/program files (x86)/cypress/psoc creator/4.1/psoc creator/import/gnu/arm/5.4.1/bin/../lib/gcc/arm-none-eabi/5.4.1/../../../../arm-none-eabi/lib/armv7-m\libg_nano.a(lib_a-impure.o)
 .data._impure_ptr
                0x1fff8158        0x4 c:/program files (x86)/cypress/psoc creator/4.1/psoc creator/import/gnu/arm/5.4.1/bin/../lib/gcc/arm-none-eabi/5.4.1/../../../../arm-none-eabi/lib/armv7-m\libg_nano.a(lib_a-impure.o)
                0x1fff8158                _impure_ptr
                0x1fff8160                . = ALIGN (0x8)
 *fill*         0x1fff815c        0x4 
 *(.ram)
                0x1fff8160                _edata = .

.igot.plt       0x1fff8160        0x0 load address 0x00007d20
 .igot.plt      0x1fff8160        0x0 c:/program files (x86)/cypress/psoc creator/4.1/psoc creator/import/gnu/arm/5.4.1/bin/../lib/gcc/arm-none-eabi/5.4.1/armv7-m/crtbegin.o

.bss            0x1fff8160     0x1020 load address 0x00007d20
                0x1fff8160                PROVIDE (__bss_start__, .)
 *(.shbss)
 *(.bss .bss.* .gnu.linkonce.b.*)
 .bss           0x1fff8160       0x1c c:/program files (x86)/cypress/psoc creator/4.1/psoc creator/import/gnu/arm/5.4.1/bin/../lib/gcc/arm-none-eabi/5.4.1/armv7-m/crtbegin.o
 .bss           0x1fff817c        0xc .\ARM_GCC_541\Debug\DualTone MultiFrequency Coder.a(ADC_DelSig_1.o)
                0x1fff817c                ADC_DelSig_1_convDone
                0x1fff817d                ADC_DelSig_1_stopConversion
                0x1fff817e                ADC_DelSig_1_initVar
                0x1fff817f                ADC_DelSig_1_started
                0x1fff8180                ADC_DelSig_1_Offset
 .bss           0x1fff8188        0x2 .\ARM_GCC_541\Debug\DualTone MultiFrequency Coder.a(UART_1.o)
                0x1fff8188                UART_1_initVar
 .bss           0x1fff818a        0x1 .\ARM_GCC_541\Debug\DualTone MultiFrequency Coder.a(Timer.o)
                0x1fff818a                Timer_initVar
 .bss           0x1fff818b        0x5 .\ARM_GCC_541\Debug\DualTone MultiFrequency Coder.a(HF_DAC_1.o)
                0x1fff818b                HF_DAC_1_initVar
 .bss           0x1fff8190        0x1 .\ARM_GCC_541\Debug\DualTone MultiFrequency Coder.a(HF_DAC_1_PM.o)
 .bss           0x1fff8191        0x5 .\ARM_GCC_541\Debug\DualTone MultiFrequency Coder.a(LF_DAC_1.o)
                0x1fff8191                LF_DAC_1_initVar
 *fill*         0x1fff8196        0x2 
 .bss           0x1fff8198        0x1 .\ARM_GCC_541\Debug\DualTone MultiFrequency Coder.a(LF_DAC_1_PM.o)
 .bss           0x1fff8199        0x5 .\ARM_GCC_541\Debug\DualTone MultiFrequency Coder.a(HF_DAC_2.o)
                0x1fff8199                HF_DAC_2_initVar
 *fill*         0x1fff819e        0x2 
 .bss           0x1fff81a0        0x1 .\ARM_GCC_541\Debug\DualTone MultiFrequency Coder.a(HF_DAC_2_PM.o)
 .bss           0x1fff81a1        0x5 .\ARM_GCC_541\Debug\DualTone MultiFrequency Coder.a(LF_DAC_2.o)
                0x1fff81a1                LF_DAC_2_initVar
 *fill*         0x1fff81a6        0x2 
 .bss           0x1fff81a8        0x1 .\ARM_GCC_541\Debug\DualTone MultiFrequency Coder.a(LF_DAC_2_PM.o)
 *fill*         0x1fff81a9        0x3 
 .bss           0x1fff81ac        0x2 .\ARM_GCC_541\Debug\DualTone MultiFrequency Coder.a(HF_DAC_1_VDAC8_PM.o)
 *fill*         0x1fff81ae        0x2 
 .bss           0x1fff81b0        0x2 .\ARM_GCC_541\Debug\DualTone MultiFrequency Coder.a(LF_DAC_1_VDAC8_PM.o)
 *fill*         0x1fff81b2        0x2 
 .bss           0x1fff81b4        0x2 .\ARM_GCC_541\Debug\DualTone MultiFrequency Coder.a(HF_DAC_2_VDAC8_PM.o)
 *fill*         0x1fff81b6        0x2 
 .bss           0x1fff81b8        0x2 .\ARM_GCC_541\Debug\DualTone MultiFrequency Coder.a(LF_DAC_2_VDAC8_PM.o)
 *fill*         0x1fff81ba        0x2 
 .bss.__malloc_sbrk_start
                0x1fff81bc        0x4 c:/program files (x86)/cypress/psoc creator/4.1/psoc creator/import/gnu/arm/5.4.1/bin/../lib/gcc/arm-none-eabi/5.4.1/../../../../arm-none-eabi/lib/armv7-m\libg_nano.a(lib_a-nano-mallocr.o)
                0x1fff81bc                __malloc_sbrk_start
 .bss.__malloc_free_list
                0x1fff81c0        0x4 c:/program files (x86)/cypress/psoc creator/4.1/psoc creator/import/gnu/arm/5.4.1/bin/../lib/gcc/arm-none-eabi/5.4.1/../../../../arm-none-eabi/lib/armv7-m\libg_nano.a(lib_a-nano-mallocr.o)
                0x1fff81c0                __malloc_free_list
 *(COMMON)
 COMMON         0x1fff81c4      0xfb4 .\ARM_GCC_541\Debug\main.o
                0x1fff81c4                TransmitBuffer
                0x1fff81d4                Output
                0x1fff81d8                array
 COMMON         0x1fff9178        0x4 .\ARM_GCC_541\Debug\DualTone MultiFrequency Coder.a(ADC_DelSig_1.o)
                0x1fff9178                ADC_DelSig_1_CountsPerVolt
 COMMON         0x1fff917c        0x4 c:/program files (x86)/cypress/psoc creator/4.1/psoc creator/import/gnu/arm/5.4.1/bin/../lib/gcc/arm-none-eabi/5.4.1/../../../../arm-none-eabi/lib/armv7-m\libg_nano.a(lib_a-reent.o)
                0x1fff917c                errno
                0x1fff9180                . = ALIGN (0x8)
 *(.ram.b)
                0x1fff9180                _end = .
                0x1fff9180                __end = .
                0x1fff9180                PROVIDE (end, .)
                0x1fff9180                PROVIDE (__bss_end__, .)
                0x00007c88                __cy_region_init_ram = LOADADDR (.data)
                0x00000098                __cy_region_init_size_ram = (_edata - ADDR (.data))
                0x00001020                __cy_region_zero_size_ram = (_end - _edata)

.heap           0x1fff9180       0x80 load address 0x00007d20
                0x1fff9180                . = _end
                0x1fff9200                . = (. + 0x80)
 *fill*         0x1fff9180       0x80 
                0x1fff9200                __cy_heap_limit = .

.stack          0x20007800      0x800
                0x20007800                __cy_stack_limit = .
                0x20008000                . = (. + 0x800)
 *fill*         0x20007800      0x800 
                0x00000001                ASSERT ((__cy_stack_limit >= __cy_heap_limit), region RAM overflowed with stack)
                0x00000000                cy_checksum_exclude_size = (CY_APPL_LOADABLE == 0x1)?SIZEOF (.cy_checksum_exclude):0x0
                0x00000001                ASSERT ((cy_checksum_exclude_size <= CY_CHECKSUM_EXCLUDE_SIZE), CY_BOOT: Section .cy_checksum_exclude size exceedes specified limit.)

.cyloadermeta
 *(.cyloadermeta)

.cyloadablemeta
 *(.cyloadablemeta)

.cyconfigecc    0x80000000      0x5e0
 *(.cyconfigecc)
 .cyconfigecc   0x80000000      0x5e0 .\ARM_GCC_541\Debug\cymetadata.o
                0x80000000                cy_meta_configecc

.cycustnvl      0x90000000        0x4
 *(.cycustnvl)
 .cycustnvl     0x90000000        0x4 .\ARM_GCC_541\Debug\cymetadata.o
                0x90000000                cy_meta_custnvl

.cywolatch      0x90100000        0x4
 *(.cywolatch)
 .cywolatch     0x90100000        0x4 .\ARM_GCC_541\Debug\cymetadata.o
                0x90100000                cy_meta_wonvl

.cyeeprom       0x90200000        0x0
 *(.cyeeprom)
                0x00000001                ASSERT ((. <= ((0x90200000 + ee_offset) + ee_size)), .cyeeprom data will not fit in EEPROM)

.cyflashprotect
                0x90400000      0x100
 *(.cyflashprotect)
 .cyflashprotect
                0x90400000      0x100 .\ARM_GCC_541\Debug\cymetadata.o
                0x90400000                cy_meta_flashprotect

.cymeta         0x90500000        0xc
 *(.cymeta)
 .cymeta        0x90500000        0xc .\ARM_GCC_541\Debug\cymetadata.o
                0x90500000                cy_metadata

.rel.dyn        0x00007d20        0x0 load address 0x9050000c
 .rel.iplt      0x00007d20        0x0 c:/program files (x86)/cypress/psoc creator/4.1/psoc creator/import/gnu/arm/5.4.1/bin/../lib/gcc/arm-none-eabi/5.4.1/armv7-m/crtbegin.o

.stab
 *(.stab)

.stabstr
 *(.stabstr)

.debug
 *(.debug)

.line
 *(.line)

.debug_srcinfo
 *(.debug_srcinfo)

.debug_sfnames
 *(.debug_sfnames)

.debug_aranges  0x00000000     0x13b0
 *(.debug_aranges)
 .debug_aranges
                0x00000000       0x58 .\ARM_GCC_541\Debug\main.o
 .debug_aranges
                0x00000058       0x70 .\ARM_GCC_541\Debug\cyfitter_cfg.o
 .debug_aranges
                0x000000c8       0x18 .\ARM_GCC_541\Debug\cymetadata.o
 .debug_aranges
                0x000000e0       0x48 .\ARM_GCC_541\Debug\Cm3Start.o
 .debug_aranges
                0x00000128       0xe8 .\ARM_GCC_541\Debug\DualTone MultiFrequency Coder.a(ADC_DelSig_1.o)
 .debug_aranges
                0x00000210       0x38 .\ARM_GCC_541\Debug\DualTone MultiFrequency Coder.a(ADC_DelSig_1_INT.o)
 .debug_aranges
                0x00000248       0x30 .\ARM_GCC_541\Debug\DualTone MultiFrequency Coder.a(ADC_DelSig_1_AMux.o)
 .debug_aranges
                0x00000278       0x70 .\ARM_GCC_541\Debug\DualTone MultiFrequency Coder.a(ADC_DelSig_1_Ext_CP_Clk.o)
 .debug_aranges
                0x000002e8       0x80 .\ARM_GCC_541\Debug\DualTone MultiFrequency Coder.a(ADC_DelSig_1_theACLK.o)
 .debug_aranges
                0x00000368       0xd8 .\ARM_GCC_541\Debug\DualTone MultiFrequency Coder.a(CyDmac.o)
 .debug_aranges
                0x00000440      0x2a0 .\ARM_GCC_541\Debug\DualTone MultiFrequency Coder.a(CyLib.o)
 .debug_aranges
                0x000006e0       0x98 .\ARM_GCC_541\Debug\DualTone MultiFrequency Coder.a(cyPm.o)
 .debug_aranges
                0x00000778       0xf0 .\ARM_GCC_541\Debug\DualTone MultiFrequency Coder.a(UART_1.o)
 .debug_aranges
                0x00000868       0x70 .\ARM_GCC_541\Debug\DualTone MultiFrequency Coder.a(UART_1_IntClock.o)
 .debug_aranges
                0x000008d8       0x88 .\ARM_GCC_541\Debug\DualTone MultiFrequency Coder.a(Timer.o)
 .debug_aranges
                0x00000960       0x80 .\ARM_GCC_541\Debug\DualTone MultiFrequency Coder.a(isr.o)
 .debug_aranges
                0x000009e0       0x38 .\ARM_GCC_541\Debug\DualTone MultiFrequency Coder.a(HF_SW1.o)
 .debug_aranges
                0x00000a18       0x38 .\ARM_GCC_541\Debug\DualTone MultiFrequency Coder.a(HF_SW2.o)
 .debug_aranges
                0x00000a50       0x38 .\ARM_GCC_541\Debug\DualTone MultiFrequency Coder.a(LF_SW1.o)
 .debug_aranges
                0x00000a88       0x38 .\ARM_GCC_541\Debug\DualTone MultiFrequency Coder.a(LF_SW2.o)
 .debug_aranges
                0x00000ac0       0x50 .\ARM_GCC_541\Debug\DualTone MultiFrequency Coder.a(HF_DAC_1.o)
 .debug_aranges
                0x00000b10       0x28 .\ARM_GCC_541\Debug\DualTone MultiFrequency Coder.a(HF_DAC_1_PM.o)
 .debug_aranges
                0x00000b38       0x50 .\ARM_GCC_541\Debug\DualTone MultiFrequency Coder.a(LF_DAC_1.o)
 .debug_aranges
                0x00000b88       0x28 .\ARM_GCC_541\Debug\DualTone MultiFrequency Coder.a(LF_DAC_1_PM.o)
 .debug_aranges
                0x00000bb0       0x50 .\ARM_GCC_541\Debug\DualTone MultiFrequency Coder.a(HF_DAC_2.o)
 .debug_aranges
                0x00000c00       0x28 .\ARM_GCC_541\Debug\DualTone MultiFrequency Coder.a(HF_DAC_2_PM.o)
 .debug_aranges
                0x00000c28       0x50 .\ARM_GCC_541\Debug\DualTone MultiFrequency Coder.a(LF_DAC_2.o)
 .debug_aranges
                0x00000c78       0x28 .\ARM_GCC_541\Debug\DualTone MultiFrequency Coder.a(LF_DAC_2_PM.o)
 .debug_aranges
                0x00000ca0       0x70 .\ARM_GCC_541\Debug\DualTone MultiFrequency Coder.a(HF_DAC_1_DacClk.o)
 .debug_aranges
                0x00000d10       0x28 .\ARM_GCC_541\Debug\DualTone MultiFrequency Coder.a(HF_DAC_1_Wave1_DMA_dma.o)
 .debug_aranges
                0x00000d38       0x28 .\ARM_GCC_541\Debug\DualTone MultiFrequency Coder.a(HF_DAC_1_Wave2_DMA_dma.o)
 .debug_aranges
                0x00000d60       0x58 .\ARM_GCC_541\Debug\DualTone MultiFrequency Coder.a(HF_DAC_1_VDAC8.o)
 .debug_aranges
                0x00000db8       0x38 .\ARM_GCC_541\Debug\DualTone MultiFrequency Coder.a(HF_DAC_1_VDAC8_PM.o)
 .debug_aranges
                0x00000df0       0x70 .\ARM_GCC_541\Debug\DualTone MultiFrequency Coder.a(LF_DAC_1_DacClk.o)
 .debug_aranges
                0x00000e60       0x28 .\ARM_GCC_541\Debug\DualTone MultiFrequency Coder.a(LF_DAC_1_Wave1_DMA_dma.o)
 .debug_aranges
                0x00000e88       0x28 .\ARM_GCC_541\Debug\DualTone MultiFrequency Coder.a(LF_DAC_1_Wave2_DMA_dma.o)
 .debug_aranges
                0x00000eb0       0x58 .\ARM_GCC_541\Debug\DualTone MultiFrequency Coder.a(LF_DAC_1_VDAC8.o)
 .debug_aranges
                0x00000f08       0x38 .\ARM_GCC_541\Debug\DualTone MultiFrequency Coder.a(LF_DAC_1_VDAC8_PM.o)
 .debug_aranges
                0x00000f40       0x70 .\ARM_GCC_541\Debug\DualTone MultiFrequency Coder.a(HF_DAC_2_DacClk.o)
 .debug_aranges
                0x00000fb0       0x28 .\ARM_GCC_541\Debug\DualTone MultiFrequency Coder.a(HF_DAC_2_Wave1_DMA_dma.o)
 .debug_aranges
                0x00000fd8       0x28 .\ARM_GCC_541\Debug\DualTone MultiFrequency Coder.a(HF_DAC_2_Wave2_DMA_dma.o)
 .debug_aranges
                0x00001000       0x58 .\ARM_GCC_541\Debug\DualTone MultiFrequency Coder.a(HF_DAC_2_VDAC8.o)
 .debug_aranges
                0x00001058       0x38 .\ARM_GCC_541\Debug\DualTone MultiFrequency Coder.a(HF_DAC_2_VDAC8_PM.o)
 .debug_aranges
                0x00001090       0x70 .\ARM_GCC_541\Debug\DualTone MultiFrequency Coder.a(LF_DAC_2_DacClk.o)
 .debug_aranges
                0x00001100       0x28 .\ARM_GCC_541\Debug\DualTone MultiFrequency Coder.a(LF_DAC_2_Wave1_DMA_dma.o)
 .debug_aranges
                0x00001128       0x28 .\ARM_GCC_541\Debug\DualTone MultiFrequency Coder.a(LF_DAC_2_Wave2_DMA_dma.o)
 .debug_aranges
                0x00001150       0x58 .\ARM_GCC_541\Debug\DualTone MultiFrequency Coder.a(LF_DAC_2_VDAC8.o)
 .debug_aranges
                0x000011a8       0x38 .\ARM_GCC_541\Debug\DualTone MultiFrequency Coder.a(LF_DAC_2_VDAC8_PM.o)
 .debug_aranges
                0x000011e0       0x80 .\ARM_GCC_541\Debug\DualTone MultiFrequency Coder.a(Input_ISR.o)
 .debug_aranges
                0x00001260       0x38 .\ARM_GCC_541\Debug\DualTone MultiFrequency Coder.a(Input_Flag.o)
 .debug_aranges
                0x00001298       0x20 .\ARM_GCC_541\Debug\DualTone MultiFrequency Coder.a(CyBootAsmGnu.o)
 .debug_aranges
                0x000012b8       0x80 .\ARM_GCC_541\Debug\DualTone MultiFrequency Coder.a(CyFlash.o)
 .debug_aranges
                0x00001338       0x78 .\ARM_GCC_541\Debug\DualTone MultiFrequency Coder.a(CySpc.o)

.debug_pubnames
 *(.debug_pubnames)

.debug_info     0x00000000     0x7f85
 *(.debug_info .gnu.linkonce.wi.*)
 .debug_info    0x00000000      0x4df .\ARM_GCC_541\Debug\main.o
 .debug_info    0x000004df      0x500 .\ARM_GCC_541\Debug\cyfitter_cfg.o
 .debug_info    0x000009df      0x137 .\ARM_GCC_541\Debug\cymetadata.o
 .debug_info    0x00000b16      0x32b .\ARM_GCC_541\Debug\Cm3Start.o
 .debug_info    0x00000e41      0x72c .\ARM_GCC_541\Debug\DualTone MultiFrequency Coder.a(ADC_DelSig_1.o)
 .debug_info    0x0000156d       0xd3 .\ARM_GCC_541\Debug\DualTone MultiFrequency Coder.a(ADC_DelSig_1_INT.o)
 .debug_info    0x00001640      0x10a .\ARM_GCC_541\Debug\DualTone MultiFrequency Coder.a(ADC_DelSig_1_AMux.o)
 .debug_info    0x0000174a      0x25d .\ARM_GCC_541\Debug\DualTone MultiFrequency Coder.a(ADC_DelSig_1_Ext_CP_Clk.o)
 .debug_info    0x000019a7      0x299 .\ARM_GCC_541\Debug\DualTone MultiFrequency Coder.a(ADC_DelSig_1_theACLK.o)
 .debug_info    0x00001c40      0x8c0 .\ARM_GCC_541\Debug\DualTone MultiFrequency Coder.a(CyDmac.o)
 .debug_info    0x00002500      0xe51 .\ARM_GCC_541\Debug\DualTone MultiFrequency Coder.a(CyLib.o)
 .debug_info    0x00003351      0x57a .\ARM_GCC_541\Debug\DualTone MultiFrequency Coder.a(cyPm.o)
 .debug_info    0x000038cb      0x50a .\ARM_GCC_541\Debug\DualTone MultiFrequency Coder.a(UART_1.o)
 .debug_info    0x00003dd5      0x25d .\ARM_GCC_541\Debug\DualTone MultiFrequency Coder.a(UART_1_IntClock.o)
 .debug_info    0x00004032      0x245 .\ARM_GCC_541\Debug\DualTone MultiFrequency Coder.a(Timer.o)
 .debug_info    0x00004277      0x241 .\ARM_GCC_541\Debug\DualTone MultiFrequency Coder.a(isr.o)
 .debug_info    0x000044b8      0x11e .\ARM_GCC_541\Debug\DualTone MultiFrequency Coder.a(HF_SW1.o)
 .debug_info    0x000045d6      0x11e .\ARM_GCC_541\Debug\DualTone MultiFrequency Coder.a(HF_SW2.o)
 .debug_info    0x000046f4      0x11e .\ARM_GCC_541\Debug\DualTone MultiFrequency Coder.a(LF_SW1.o)
 .debug_info    0x00004812      0x11e .\ARM_GCC_541\Debug\DualTone MultiFrequency Coder.a(LF_SW2.o)
 .debug_info    0x00004930      0x25a .\ARM_GCC_541\Debug\DualTone MultiFrequency Coder.a(HF_DAC_1.o)
 .debug_info    0x00004b8a       0xff .\ARM_GCC_541\Debug\DualTone MultiFrequency Coder.a(HF_DAC_1_PM.o)
 .debug_info    0x00004c89      0x25a .\ARM_GCC_541\Debug\DualTone MultiFrequency Coder.a(LF_DAC_1.o)
 .debug_info    0x00004ee3       0xff .\ARM_GCC_541\Debug\DualTone MultiFrequency Coder.a(LF_DAC_1_PM.o)
 .debug_info    0x00004fe2      0x259 .\ARM_GCC_541\Debug\DualTone MultiFrequency Coder.a(HF_DAC_2.o)
 .debug_info    0x0000523b       0xff .\ARM_GCC_541\Debug\DualTone MultiFrequency Coder.a(HF_DAC_2_PM.o)
 .debug_info    0x0000533a      0x25a .\ARM_GCC_541\Debug\DualTone MultiFrequency Coder.a(LF_DAC_2.o)
 .debug_info    0x00005594       0xff .\ARM_GCC_541\Debug\DualTone MultiFrequency Coder.a(LF_DAC_2_PM.o)
 .debug_info    0x00005693      0x25d .\ARM_GCC_541\Debug\DualTone MultiFrequency Coder.a(HF_DAC_1_DacClk.o)
 .debug_info    0x000058f0      0x11b .\ARM_GCC_541\Debug\DualTone MultiFrequency Coder.a(HF_DAC_1_Wave1_DMA_dma.o)
 .debug_info    0x00005a0b      0x11b .\ARM_GCC_541\Debug\DualTone MultiFrequency Coder.a(HF_DAC_1_Wave2_DMA_dma.o)
 .debug_info    0x00005b26      0x185 .\ARM_GCC_541\Debug\DualTone MultiFrequency Coder.a(HF_DAC_1_VDAC8.o)
 .debug_info    0x00005cab      0x11f .\ARM_GCC_541\Debug\DualTone MultiFrequency Coder.a(HF_DAC_1_VDAC8_PM.o)
 .debug_info    0x00005dca      0x25d .\ARM_GCC_541\Debug\DualTone MultiFrequency Coder.a(LF_DAC_1_DacClk.o)
 .debug_info    0x00006027      0x11b .\ARM_GCC_541\Debug\DualTone MultiFrequency Coder.a(LF_DAC_1_Wave1_DMA_dma.o)
 .debug_info    0x00006142      0x11b .\ARM_GCC_541\Debug\DualTone MultiFrequency Coder.a(LF_DAC_1_Wave2_DMA_dma.o)
 .debug_info    0x0000625d      0x185 .\ARM_GCC_541\Debug\DualTone MultiFrequency Coder.a(LF_DAC_1_VDAC8.o)
 .debug_info    0x000063e2      0x11f .\ARM_GCC_541\Debug\DualTone MultiFrequency Coder.a(LF_DAC_1_VDAC8_PM.o)
 .debug_info    0x00006501      0x25d .\ARM_GCC_541\Debug\DualTone MultiFrequency Coder.a(HF_DAC_2_DacClk.o)
 .debug_info    0x0000675e      0x11b .\ARM_GCC_541\Debug\DualTone MultiFrequency Coder.a(HF_DAC_2_Wave1_DMA_dma.o)
 .debug_info    0x00006879      0x11b .\ARM_GCC_541\Debug\DualTone MultiFrequency Coder.a(HF_DAC_2_Wave2_DMA_dma.o)
 .debug_info    0x00006994      0x185 .\ARM_GCC_541\Debug\DualTone MultiFrequency Coder.a(HF_DAC_2_VDAC8.o)
 .debug_info    0x00006b19      0x11f .\ARM_GCC_541\Debug\DualTone MultiFrequency Coder.a(HF_DAC_2_VDAC8_PM.o)
 .debug_info    0x00006c38      0x25d .\ARM_GCC_541\Debug\DualTone MultiFrequency Coder.a(LF_DAC_2_DacClk.o)
 .debug_info    0x00006e95      0x11b .\ARM_GCC_541\Debug\DualTone MultiFrequency Coder.a(LF_DAC_2_Wave1_DMA_dma.o)
 .debug_info    0x00006fb0      0x11b .\ARM_GCC_541\Debug\DualTone MultiFrequency Coder.a(LF_DAC_2_Wave2_DMA_dma.o)
 .debug_info    0x000070cb      0x185 .\ARM_GCC_541\Debug\DualTone MultiFrequency Coder.a(LF_DAC_2_VDAC8.o)
 .debug_info    0x00007250      0x11f .\ARM_GCC_541\Debug\DualTone MultiFrequency Coder.a(LF_DAC_2_VDAC8_PM.o)
 .debug_info    0x0000736f      0x241 .\ARM_GCC_541\Debug\DualTone MultiFrequency Coder.a(Input_ISR.o)
 .debug_info    0x000075b0      0x11e .\ARM_GCC_541\Debug\DualTone MultiFrequency Coder.a(Input_Flag.o)
 .debug_info    0x000076ce       0xec .\ARM_GCC_541\Debug\DualTone MultiFrequency Coder.a(CyBootAsmGnu.o)
 .debug_info    0x000077ba      0x371 .\ARM_GCC_541\Debug\DualTone MultiFrequency Coder.a(CyFlash.o)
 .debug_info    0x00007b2b      0x45a .\ARM_GCC_541\Debug\DualTone MultiFrequency Coder.a(CySpc.o)

.debug_abbrev   0x00000000     0x2fcf
 *(.debug_abbrev)
 .debug_abbrev  0x00000000      0x16e .\ARM_GCC_541\Debug\main.o
 .debug_abbrev  0x0000016e      0x1ca .\ARM_GCC_541\Debug\cyfitter_cfg.o
 .debug_abbrev  0x00000338       0x77 .\ARM_GCC_541\Debug\cymetadata.o
 .debug_abbrev  0x000003af      0x1d6 .\ARM_GCC_541\Debug\Cm3Start.o
 .debug_abbrev  0x00000585      0x19d .\ARM_GCC_541\Debug\DualTone MultiFrequency Coder.a(ADC_DelSig_1.o)
 .debug_abbrev  0x00000722       0x42 .\ARM_GCC_541\Debug\DualTone MultiFrequency Coder.a(ADC_DelSig_1_INT.o)
 .debug_abbrev  0x00000764       0x6f .\ARM_GCC_541\Debug\DualTone MultiFrequency Coder.a(ADC_DelSig_1_AMux.o)
 .debug_abbrev  0x000007d3      0x11d .\ARM_GCC_541\Debug\DualTone MultiFrequency Coder.a(ADC_DelSig_1_Ext_CP_Clk.o)
 .debug_abbrev  0x000008f0      0x11d .\ARM_GCC_541\Debug\DualTone MultiFrequency Coder.a(ADC_DelSig_1_theACLK.o)
 .debug_abbrev  0x00000a0d      0x194 .\ARM_GCC_541\Debug\DualTone MultiFrequency Coder.a(CyDmac.o)
 .debug_abbrev  0x00000ba1      0x217 .\ARM_GCC_541\Debug\DualTone MultiFrequency Coder.a(CyLib.o)
 .debug_abbrev  0x00000db8      0x161 .\ARM_GCC_541\Debug\DualTone MultiFrequency Coder.a(cyPm.o)
 .debug_abbrev  0x00000f19      0x163 .\ARM_GCC_541\Debug\DualTone MultiFrequency Coder.a(UART_1.o)
 .debug_abbrev  0x0000107c      0x11d .\ARM_GCC_541\Debug\DualTone MultiFrequency Coder.a(UART_1_IntClock.o)
 .debug_abbrev  0x00001199       0xe9 .\ARM_GCC_541\Debug\DualTone MultiFrequency Coder.a(Timer.o)
 .debug_abbrev  0x00001282      0x172 .\ARM_GCC_541\Debug\DualTone MultiFrequency Coder.a(isr.o)
 .debug_abbrev  0x000013f4       0x90 .\ARM_GCC_541\Debug\DualTone MultiFrequency Coder.a(HF_SW1.o)
 .debug_abbrev  0x00001484       0x90 .\ARM_GCC_541\Debug\DualTone MultiFrequency Coder.a(HF_SW2.o)
 .debug_abbrev  0x00001514       0x90 .\ARM_GCC_541\Debug\DualTone MultiFrequency Coder.a(LF_SW1.o)
 .debug_abbrev  0x000015a4       0x90 .\ARM_GCC_541\Debug\DualTone MultiFrequency Coder.a(LF_SW2.o)
 .debug_abbrev  0x00001634       0xe3 .\ARM_GCC_541\Debug\DualTone MultiFrequency Coder.a(HF_DAC_1.o)
 .debug_abbrev  0x00001717       0x8e .\ARM_GCC_541\Debug\DualTone MultiFrequency Coder.a(HF_DAC_1_PM.o)
 .debug_abbrev  0x000017a5       0xe3 .\ARM_GCC_541\Debug\DualTone MultiFrequency Coder.a(LF_DAC_1.o)
 .debug_abbrev  0x00001888       0x8e .\ARM_GCC_541\Debug\DualTone MultiFrequency Coder.a(LF_DAC_1_PM.o)
 .debug_abbrev  0x00001916       0xec .\ARM_GCC_541\Debug\DualTone MultiFrequency Coder.a(HF_DAC_2.o)
 .debug_abbrev  0x00001a02       0x8e .\ARM_GCC_541\Debug\DualTone MultiFrequency Coder.a(HF_DAC_2_PM.o)
 .debug_abbrev  0x00001a90       0xe3 .\ARM_GCC_541\Debug\DualTone MultiFrequency Coder.a(LF_DAC_2.o)
 .debug_abbrev  0x00001b73       0x8e .\ARM_GCC_541\Debug\DualTone MultiFrequency Coder.a(LF_DAC_2_PM.o)
 .debug_abbrev  0x00001c01      0x11d .\ARM_GCC_541\Debug\DualTone MultiFrequency Coder.a(HF_DAC_1_DacClk.o)
 .debug_abbrev  0x00001d1e       0x8b .\ARM_GCC_541\Debug\DualTone MultiFrequency Coder.a(HF_DAC_1_Wave1_DMA_dma.o)
 .debug_abbrev  0x00001da9       0x8b .\ARM_GCC_541\Debug\DualTone MultiFrequency Coder.a(HF_DAC_1_Wave2_DMA_dma.o)
 .debug_abbrev  0x00001e34       0xeb .\ARM_GCC_541\Debug\DualTone MultiFrequency Coder.a(HF_DAC_1_VDAC8.o)
 .debug_abbrev  0x00001f1f       0xa6 .\ARM_GCC_541\Debug\DualTone MultiFrequency Coder.a(HF_DAC_1_VDAC8_PM.o)
 .debug_abbrev  0x00001fc5      0x11d .\ARM_GCC_541\Debug\DualTone MultiFrequency Coder.a(LF_DAC_1_DacClk.o)
 .debug_abbrev  0x000020e2       0x8b .\ARM_GCC_541\Debug\DualTone MultiFrequency Coder.a(LF_DAC_1_Wave1_DMA_dma.o)
 .debug_abbrev  0x0000216d       0x8b .\ARM_GCC_541\Debug\DualTone MultiFrequency Coder.a(LF_DAC_1_Wave2_DMA_dma.o)
 .debug_abbrev  0x000021f8       0xeb .\ARM_GCC_541\Debug\DualTone MultiFrequency Coder.a(LF_DAC_1_VDAC8.o)
 .debug_abbrev  0x000022e3       0xa6 .\ARM_GCC_541\Debug\DualTone MultiFrequency Coder.a(LF_DAC_1_VDAC8_PM.o)
 .debug_abbrev  0x00002389      0x11d .\ARM_GCC_541\Debug\DualTone MultiFrequency Coder.a(HF_DAC_2_DacClk.o)
 .debug_abbrev  0x000024a6       0x8b .\ARM_GCC_541\Debug\DualTone MultiFrequency Coder.a(HF_DAC_2_Wave1_DMA_dma.o)
 .debug_abbrev  0x00002531       0x8b .\ARM_GCC_541\Debug\DualTone MultiFrequency Coder.a(HF_DAC_2_Wave2_DMA_dma.o)
 .debug_abbrev  0x000025bc       0xeb .\ARM_GCC_541\Debug\DualTone MultiFrequency Coder.a(HF_DAC_2_VDAC8.o)
 .debug_abbrev  0x000026a7       0xa6 .\ARM_GCC_541\Debug\DualTone MultiFrequency Coder.a(HF_DAC_2_VDAC8_PM.o)
 .debug_abbrev  0x0000274d      0x11d .\ARM_GCC_541\Debug\DualTone MultiFrequency Coder.a(LF_DAC_2_DacClk.o)
 .debug_abbrev  0x0000286a       0x8b .\ARM_GCC_541\Debug\DualTone MultiFrequency Coder.a(LF_DAC_2_Wave1_DMA_dma.o)
 .debug_abbrev  0x000028f5       0x8b .\ARM_GCC_541\Debug\DualTone MultiFrequency Coder.a(LF_DAC_2_Wave2_DMA_dma.o)
 .debug_abbrev  0x00002980       0xeb .\ARM_GCC_541\Debug\DualTone MultiFrequency Coder.a(LF_DAC_2_VDAC8.o)
 .debug_abbrev  0x00002a6b       0xa6 .\ARM_GCC_541\Debug\DualTone MultiFrequency Coder.a(LF_DAC_2_VDAC8_PM.o)
 .debug_abbrev  0x00002b11      0x172 .\ARM_GCC_541\Debug\DualTone MultiFrequency Coder.a(Input_ISR.o)
 .debug_abbrev  0x00002c83       0x90 .\ARM_GCC_541\Debug\DualTone MultiFrequency Coder.a(Input_Flag.o)
 .debug_abbrev  0x00002d13       0x14 .\ARM_GCC_541\Debug\DualTone MultiFrequency Coder.a(CyBootAsmGnu.o)
 .debug_abbrev  0x00002d27      0x13c .\ARM_GCC_541\Debug\DualTone MultiFrequency Coder.a(CyFlash.o)
 .debug_abbrev  0x00002e63      0x16c .\ARM_GCC_541\Debug\DualTone MultiFrequency Coder.a(CySpc.o)

.debug_line     0x00000000     0x47b3
 *(.debug_line)
 .debug_line    0x00000000      0x341 .\ARM_GCC_541\Debug\main.o
 .debug_line    0x00000341      0x264 .\ARM_GCC_541\Debug\cyfitter_cfg.o
 .debug_line    0x000005a5      0x141 .\ARM_GCC_541\Debug\cymetadata.o
 .debug_line    0x000006e6      0x1db .\ARM_GCC_541\Debug\Cm3Start.o
 .debug_line    0x000008c1      0x365 .\ARM_GCC_541\Debug\DualTone MultiFrequency Coder.a(ADC_DelSig_1.o)
 .debug_line    0x00000c26       0x95 .\ARM_GCC_541\Debug\DualTone MultiFrequency Coder.a(ADC_DelSig_1_INT.o)
 .debug_line    0x00000cbb       0xa6 .\ARM_GCC_541\Debug\DualTone MultiFrequency Coder.a(ADC_DelSig_1_AMux.o)
 .debug_line    0x00000d61      0x1b6 .\ARM_GCC_541\Debug\DualTone MultiFrequency Coder.a(ADC_DelSig_1_Ext_CP_Clk.o)
 .debug_line    0x00000f17      0x1d7 .\ARM_GCC_541\Debug\DualTone MultiFrequency Coder.a(ADC_DelSig_1_theACLK.o)
 .debug_line    0x000010ee      0x2b6 .\ARM_GCC_541\Debug\DualTone MultiFrequency Coder.a(CyDmac.o)
 .debug_line    0x000013a4      0x883 .\ARM_GCC_541\Debug\DualTone MultiFrequency Coder.a(CyLib.o)
 .debug_line    0x00001c27      0x38e .\ARM_GCC_541\Debug\DualTone MultiFrequency Coder.a(cyPm.o)
 .debug_line    0x00001fb5      0x2e4 .\ARM_GCC_541\Debug\DualTone MultiFrequency Coder.a(UART_1.o)
 .debug_line    0x00002299      0x1ae .\ARM_GCC_541\Debug\DualTone MultiFrequency Coder.a(UART_1_IntClock.o)
 .debug_line    0x00002447      0x15d .\ARM_GCC_541\Debug\DualTone MultiFrequency Coder.a(Timer.o)
 .debug_line    0x000025a4      0x14e .\ARM_GCC_541\Debug\DualTone MultiFrequency Coder.a(isr.o)
 .debug_line    0x000026f2       0x96 .\ARM_GCC_541\Debug\DualTone MultiFrequency Coder.a(HF_SW1.o)
 .debug_line    0x00002788       0x96 .\ARM_GCC_541\Debug\DualTone MultiFrequency Coder.a(HF_SW2.o)
 .debug_line    0x0000281e       0x96 .\ARM_GCC_541\Debug\DualTone MultiFrequency Coder.a(LF_SW1.o)
 .debug_line    0x000028b4       0x96 .\ARM_GCC_541\Debug\DualTone MultiFrequency Coder.a(LF_SW2.o)
 .debug_line    0x0000294a       0xf2 .\ARM_GCC_541\Debug\DualTone MultiFrequency Coder.a(HF_DAC_1.o)
 .debug_line    0x00002a3c       0xa5 .\ARM_GCC_541\Debug\DualTone MultiFrequency Coder.a(HF_DAC_1_PM.o)
 .debug_line    0x00002ae1       0xf2 .\ARM_GCC_541\Debug\DualTone MultiFrequency Coder.a(LF_DAC_1.o)
 .debug_line    0x00002bd3       0xa5 .\ARM_GCC_541\Debug\DualTone MultiFrequency Coder.a(LF_DAC_1_PM.o)
 .debug_line    0x00002c78       0xf2 .\ARM_GCC_541\Debug\DualTone MultiFrequency Coder.a(HF_DAC_2.o)
 .debug_line    0x00002d6a       0xa5 .\ARM_GCC_541\Debug\DualTone MultiFrequency Coder.a(HF_DAC_2_PM.o)
 .debug_line    0x00002e0f       0xf2 .\ARM_GCC_541\Debug\DualTone MultiFrequency Coder.a(LF_DAC_2.o)
 .debug_line    0x00002f01       0x88 .\ARM_GCC_541\Debug\DualTone MultiFrequency Coder.a(LF_DAC_2_PM.o)
 .debug_line    0x00002f89      0x1ae .\ARM_GCC_541\Debug\DualTone MultiFrequency Coder.a(HF_DAC_1_DacClk.o)
 .debug_line    0x00003137       0x85 .\ARM_GCC_541\Debug\DualTone MultiFrequency Coder.a(HF_DAC_1_Wave1_DMA_dma.o)
 .debug_line    0x000031bc       0x85 .\ARM_GCC_541\Debug\DualTone MultiFrequency Coder.a(HF_DAC_1_Wave2_DMA_dma.o)
 .debug_line    0x00003241       0xf6 .\ARM_GCC_541\Debug\DualTone MultiFrequency Coder.a(HF_DAC_1_VDAC8.o)
 .debug_line    0x00003337       0xc0 .\ARM_GCC_541\Debug\DualTone MultiFrequency Coder.a(HF_DAC_1_VDAC8_PM.o)
 .debug_line    0x000033f7      0x1ae .\ARM_GCC_541\Debug\DualTone MultiFrequency Coder.a(LF_DAC_1_DacClk.o)
 .debug_line    0x000035a5       0x85 .\ARM_GCC_541\Debug\DualTone MultiFrequency Coder.a(LF_DAC_1_Wave1_DMA_dma.o)
 .debug_line    0x0000362a       0x85 .\ARM_GCC_541\Debug\DualTone MultiFrequency Coder.a(LF_DAC_1_Wave2_DMA_dma.o)
 .debug_line    0x000036af       0xf6 .\ARM_GCC_541\Debug\DualTone MultiFrequency Coder.a(LF_DAC_1_VDAC8.o)
 .debug_line    0x000037a5       0xc0 .\ARM_GCC_541\Debug\DualTone MultiFrequency Coder.a(LF_DAC_1_VDAC8_PM.o)
 .debug_line    0x00003865      0x1ae .\ARM_GCC_541\Debug\DualTone MultiFrequency Coder.a(HF_DAC_2_DacClk.o)
 .debug_line    0x00003a13       0x85 .\ARM_GCC_541\Debug\DualTone MultiFrequency Coder.a(HF_DAC_2_Wave1_DMA_dma.o)
 .debug_line    0x00003a98       0x85 .\ARM_GCC_541\Debug\DualTone MultiFrequency Coder.a(HF_DAC_2_Wave2_DMA_dma.o)
 .debug_line    0x00003b1d       0xf6 .\ARM_GCC_541\Debug\DualTone MultiFrequency Coder.a(HF_DAC_2_VDAC8.o)
 .debug_line    0x00003c13       0xc0 .\ARM_GCC_541\Debug\DualTone MultiFrequency Coder.a(HF_DAC_2_VDAC8_PM.o)
 .debug_line    0x00003cd3      0x1ae .\ARM_GCC_541\Debug\DualTone MultiFrequency Coder.a(LF_DAC_2_DacClk.o)
 .debug_line    0x00003e81       0x85 .\ARM_GCC_541\Debug\DualTone MultiFrequency Coder.a(LF_DAC_2_Wave1_DMA_dma.o)
 .debug_line    0x00003f06       0x85 .\ARM_GCC_541\Debug\DualTone MultiFrequency Coder.a(LF_DAC_2_Wave2_DMA_dma.o)
 .debug_line    0x00003f8b       0xf6 .\ARM_GCC_541\Debug\DualTone MultiFrequency Coder.a(LF_DAC_2_VDAC8.o)
 .debug_line    0x00004081       0xc0 .\ARM_GCC_541\Debug\DualTone MultiFrequency Coder.a(LF_DAC_2_VDAC8_PM.o)
 .debug_line    0x00004141      0x144 .\ARM_GCC_541\Debug\DualTone MultiFrequency Coder.a(Input_ISR.o)
 .debug_line    0x00004285       0x9a .\ARM_GCC_541\Debug\DualTone MultiFrequency Coder.a(Input_Flag.o)
 .debug_line    0x0000431f       0x7d .\ARM_GCC_541\Debug\DualTone MultiFrequency Coder.a(CyBootAsmGnu.o)
 .debug_line    0x0000439c      0x205 .\ARM_GCC_541\Debug\DualTone MultiFrequency Coder.a(CyFlash.o)
 .debug_line    0x000045a1      0x212 .\ARM_GCC_541\Debug\DualTone MultiFrequency Coder.a(CySpc.o)

.debug_frame    0x00000000     0x4e14
 *(.debug_frame)
 .debug_frame   0x00000000      0x138 .\ARM_GCC_541\Debug\main.o
 .debug_frame   0x00000138      0x1bc .\ARM_GCC_541\Debug\cyfitter_cfg.o
 .debug_frame   0x000002f4       0xd8 .\ARM_GCC_541\Debug\Cm3Start.o
 .debug_frame   0x000003cc      0x40c .\ARM_GCC_541\Debug\DualTone MultiFrequency Coder.a(ADC_DelSig_1.o)
 .debug_frame   0x000007d8       0xa0 .\ARM_GCC_541\Debug\DualTone MultiFrequency Coder.a(ADC_DelSig_1_INT.o)
 .debug_frame   0x00000878       0x88 .\ARM_GCC_541\Debug\DualTone MultiFrequency Coder.a(ADC_DelSig_1_AMux.o)
 .debug_frame   0x00000900      0x1b4 .\ARM_GCC_541\Debug\DualTone MultiFrequency Coder.a(ADC_DelSig_1_Ext_CP_Clk.o)
 .debug_frame   0x00000ab4      0x200 .\ARM_GCC_541\Debug\DualTone MultiFrequency Coder.a(ADC_DelSig_1_theACLK.o)
 .debug_frame   0x00000cb4      0x3d0 .\ARM_GCC_541\Debug\DualTone MultiFrequency Coder.a(CyDmac.o)
 .debug_frame   0x00001084      0xc0c .\ARM_GCC_541\Debug\DualTone MultiFrequency Coder.a(CyLib.o)
 .debug_frame   0x00001c90      0x234 .\ARM_GCC_541\Debug\DualTone MultiFrequency Coder.a(cyPm.o)
 .debug_frame   0x00001ec4      0x42c .\ARM_GCC_541\Debug\DualTone MultiFrequency Coder.a(UART_1.o)
 .debug_frame   0x000022f0      0x1b4 .\ARM_GCC_541\Debug\DualTone MultiFrequency Coder.a(UART_1_IntClock.o)
 .debug_frame   0x000024a4      0x208 .\ARM_GCC_541\Debug\DualTone MultiFrequency Coder.a(Timer.o)
 .debug_frame   0x000026ac      0x1e8 .\ARM_GCC_541\Debug\DualTone MultiFrequency Coder.a(isr.o)
 .debug_frame   0x00002894       0xa8 .\ARM_GCC_541\Debug\DualTone MultiFrequency Coder.a(HF_SW1.o)
 .debug_frame   0x0000293c       0xa8 .\ARM_GCC_541\Debug\DualTone MultiFrequency Coder.a(HF_SW2.o)
 .debug_frame   0x000029e4       0xa8 .\ARM_GCC_541\Debug\DualTone MultiFrequency Coder.a(LF_SW1.o)
 .debug_frame   0x00002a8c       0xa8 .\ARM_GCC_541\Debug\DualTone MultiFrequency Coder.a(LF_SW2.o)
 .debug_frame   0x00002b34       0xf8 .\ARM_GCC_541\Debug\DualTone MultiFrequency Coder.a(HF_DAC_1.o)
 .debug_frame   0x00002c2c       0x48 .\ARM_GCC_541\Debug\DualTone MultiFrequency Coder.a(HF_DAC_1_PM.o)
 .debug_frame   0x00002c74       0xf8 .\ARM_GCC_541\Debug\DualTone MultiFrequency Coder.a(LF_DAC_1.o)
 .debug_frame   0x00002d6c       0x48 .\ARM_GCC_541\Debug\DualTone MultiFrequency Coder.a(LF_DAC_1_PM.o)
 .debug_frame   0x00002db4       0xf8 .\ARM_GCC_541\Debug\DualTone MultiFrequency Coder.a(HF_DAC_2.o)
 .debug_frame   0x00002eac       0x48 .\ARM_GCC_541\Debug\DualTone MultiFrequency Coder.a(HF_DAC_2_PM.o)
 .debug_frame   0x00002ef4       0xf8 .\ARM_GCC_541\Debug\DualTone MultiFrequency Coder.a(LF_DAC_2.o)
 .debug_frame   0x00002fec       0x48 .\ARM_GCC_541\Debug\DualTone MultiFrequency Coder.a(LF_DAC_2_PM.o)
 .debug_frame   0x00003034      0x1b4 .\ARM_GCC_541\Debug\DualTone MultiFrequency Coder.a(HF_DAC_1_DacClk.o)
 .debug_frame   0x000031e8       0x58 .\ARM_GCC_541\Debug\DualTone MultiFrequency Coder.a(HF_DAC_1_Wave1_DMA_dma.o)
 .debug_frame   0x00003240       0x58 .\ARM_GCC_541\Debug\DualTone MultiFrequency Coder.a(HF_DAC_1_Wave2_DMA_dma.o)
 .debug_frame   0x00003298      0x130 .\ARM_GCC_541\Debug\DualTone MultiFrequency Coder.a(HF_DAC_1_VDAC8.o)
 .debug_frame   0x000033c8       0x90 .\ARM_GCC_541\Debug\DualTone MultiFrequency Coder.a(HF_DAC_1_VDAC8_PM.o)
 .debug_frame   0x00003458      0x1b4 .\ARM_GCC_541\Debug\DualTone MultiFrequency Coder.a(LF_DAC_1_DacClk.o)
 .debug_frame   0x0000360c       0x58 .\ARM_GCC_541\Debug\DualTone MultiFrequency Coder.a(LF_DAC_1_Wave1_DMA_dma.o)
 .debug_frame   0x00003664       0x58 .\ARM_GCC_541\Debug\DualTone MultiFrequency Coder.a(LF_DAC_1_Wave2_DMA_dma.o)
 .debug_frame   0x000036bc      0x130 .\ARM_GCC_541\Debug\DualTone MultiFrequency Coder.a(LF_DAC_1_VDAC8.o)
 .debug_frame   0x000037ec       0x90 .\ARM_GCC_541\Debug\DualTone MultiFrequency Coder.a(LF_DAC_1_VDAC8_PM.o)
 .debug_frame   0x0000387c      0x1b4 .\ARM_GCC_541\Debug\DualTone MultiFrequency Coder.a(HF_DAC_2_DacClk.o)
 .debug_frame   0x00003a30       0x58 .\ARM_GCC_541\Debug\DualTone MultiFrequency Coder.a(HF_DAC_2_Wave1_DMA_dma.o)