ARM GAS  C:\Users\riveraes\AppData\Local\Temp\cchRvcsA.s 			page 1


   1              		.syntax unified
   2              		.cpu cortex-m3
   3              		.fpu softvfp
   4              		.eabi_attribute 20, 1
   5              		.eabi_attribute 21, 1
   6              		.eabi_attribute 23, 3
   7              		.eabi_attribute 24, 1
   8              		.eabi_attribute 25, 1
   9              		.eabi_attribute 26, 1
  10              		.eabi_attribute 30, 6
  11              		.eabi_attribute 34, 1
  12              		.eabi_attribute 18, 4
  13              		.thumb
  14              		.syntax unified
  15              		.file	"HighFrequencies_2.c"
  16              		.text
  17              	.Ltext0:
  18              		.cfi_sections	.debug_frame
  19              		.global	HighFrequencies_2_initVar
  20              		.bss
  21              		.type	HighFrequencies_2_initVar, %object
  22              		.size	HighFrequencies_2_initVar, 1
  23              	HighFrequencies_2_initVar:
  24 0000 00       		.space	1
  25              		.global	HighFrequencies_2_wave1
  26              		.section	.rodata
  27              		.align	2
  28              		.type	HighFrequencies_2_wave1, %object
  29              		.size	HighFrequencies_2_wave1, 541
  30              	HighFrequencies_2_wave1:
  31 0000 80       		.byte	-128
  32 0001 80       		.byte	-128
  33 0002 81       		.byte	-127
  34 0003 82       		.byte	-126
  35 0004 82       		.byte	-126
  36 0005 83       		.byte	-125
  37 0006 84       		.byte	-124
  38 0007 85       		.byte	-123
  39 0008 85       		.byte	-123
  40 0009 86       		.byte	-122
  41 000a 87       		.byte	-121
  42 000b 87       		.byte	-121
  43 000c 88       		.byte	-120
  44 000d 89       		.byte	-119
  45 000e 8A       		.byte	-118
  46 000f 8A       		.byte	-118
  47 0010 8B       		.byte	-117
  48 0011 8C       		.byte	-116
  49 0012 8C       		.byte	-116
  50 0013 8D       		.byte	-115
  51 0014 8E       		.byte	-114
  52 0015 8F       		.byte	-113
  53 0016 8F       		.byte	-113
  54 0017 90       		.byte	-112
  55 0018 91       		.byte	-111
  56 0019 91       		.byte	-111
  57 001a 92       		.byte	-110
ARM GAS  C:\Users\riveraes\AppData\Local\Temp\cchRvcsA.s 			page 2


  58 001b 93       		.byte	-109
  59 001c 93       		.byte	-109
  60 001d 94       		.byte	-108
  61 001e 95       		.byte	-107
  62 001f 96       		.byte	-106
  63 0020 96       		.byte	-106
  64 0021 97       		.byte	-105
  65 0022 98       		.byte	-104
  66 0023 98       		.byte	-104
  67 0024 99       		.byte	-103
  68 0025 9A       		.byte	-102
  69 0026 9A       		.byte	-102
  70 0027 9B       		.byte	-101
  71 0028 9C       		.byte	-100
  72 0029 9C       		.byte	-100
  73 002a 9D       		.byte	-99
  74 002b 9D       		.byte	-99
  75 002c 9E       		.byte	-98
  76 002d 9F       		.byte	-97
  77 002e 9F       		.byte	-97
  78 002f A0       		.byte	-96
  79 0030 A1       		.byte	-95
  80 0031 A1       		.byte	-95
  81 0032 A2       		.byte	-94
  82 0033 A2       		.byte	-94
  83 0034 A3       		.byte	-93
  84 0035 A4       		.byte	-92
  85 0036 A4       		.byte	-92
  86 0037 A5       		.byte	-91
  87 0038 A5       		.byte	-91
  88 0039 A6       		.byte	-90
  89 003a A6       		.byte	-90
  90 003b A7       		.byte	-89
  91 003c A8       		.byte	-88
  92 003d A8       		.byte	-88
  93 003e A9       		.byte	-87
  94 003f A9       		.byte	-87
  95 0040 AA       		.byte	-86
  96 0041 AA       		.byte	-86
  97 0042 AB       		.byte	-85
  98 0043 AB       		.byte	-85
  99 0044 AC       		.byte	-84
 100 0045 AC       		.byte	-84
 101 0046 AD       		.byte	-83
 102 0047 AD       		.byte	-83
 103 0048 AE       		.byte	-82
 104 0049 AE       		.byte	-82
 105 004a AF       		.byte	-81
 106 004b AF       		.byte	-81
 107 004c B0       		.byte	-80
 108 004d B0       		.byte	-80
 109 004e B1       		.byte	-79
 110 004f B1       		.byte	-79
 111 0050 B2       		.byte	-78
 112 0051 B2       		.byte	-78
 113 0052 B2       		.byte	-78
 114 0053 B3       		.byte	-77
ARM GAS  C:\Users\riveraes\AppData\Local\Temp\cchRvcsA.s 			page 3


 115 0054 B3       		.byte	-77
 116 0055 B4       		.byte	-76
 117 0056 B4       		.byte	-76
 118 0057 B4       		.byte	-76
 119 0058 B5       		.byte	-75
 120 0059 B5       		.byte	-75
 121 005a B6       		.byte	-74
 122 005b B6       		.byte	-74
 123 005c B6       		.byte	-74
 124 005d B7       		.byte	-73
 125 005e B7       		.byte	-73
 126 005f B7       		.byte	-73
 127 0060 B8       		.byte	-72
 128 0061 B8       		.byte	-72
 129 0062 B8       		.byte	-72
 130 0063 B9       		.byte	-71
 131 0064 B9       		.byte	-71
 132 0065 B9       		.byte	-71
 133 0066 B9       		.byte	-71
 134 0067 BA       		.byte	-70
 135 0068 BA       		.byte	-70
 136 0069 BA       		.byte	-70
 137 006a BA       		.byte	-70
 138 006b BB       		.byte	-69
 139 006c BB       		.byte	-69
 140 006d BB       		.byte	-69
 141 006e BB       		.byte	-69
 142 006f BC       		.byte	-68
 143 0070 BC       		.byte	-68
 144 0071 BC       		.byte	-68
 145 0072 BC       		.byte	-68
 146 0073 BC       		.byte	-68
 147 0074 BC       		.byte	-68
 148 0075 BD       		.byte	-67
 149 0076 BD       		.byte	-67
 150 0077 BD       		.byte	-67
 151 0078 BD       		.byte	-67
 152 0079 BD       		.byte	-67
 153 007a BD       		.byte	-67
 154 007b BD       		.byte	-67
 155 007c BD       		.byte	-67
 156 007d BE       		.byte	-66
 157 007e BE       		.byte	-66
 158 007f BE       		.byte	-66
 159 0080 BE       		.byte	-66
 160 0081 BE       		.byte	-66
 161 0082 BE       		.byte	-66
 162 0083 BE       		.byte	-66
 163 0084 BE       		.byte	-66
 164 0085 BE       		.byte	-66
 165 0086 BE       		.byte	-66
 166 0087 BE       		.byte	-66
 167 0088 BE       		.byte	-66
 168 0089 BE       		.byte	-66
 169 008a BE       		.byte	-66
 170 008b BE       		.byte	-66
 171 008c BE       		.byte	-66
ARM GAS  C:\Users\riveraes\AppData\Local\Temp\cchRvcsA.s 			page 4


 172 008d BE       		.byte	-66
 173 008e BE       		.byte	-66
 174 008f BE       		.byte	-66
 175 0090 BE       		.byte	-66
 176 0091 BE       		.byte	-66
 177 0092 BE       		.byte	-66
 178 0093 BD       		.byte	-67
 179 0094 BD       		.byte	-67
 180 0095 BD       		.byte	-67
 181 0096 BD       		.byte	-67
 182 0097 BD       		.byte	-67
 183 0098 BD       		.byte	-67
 184 0099 BD       		.byte	-67
 185 009a BD       		.byte	-67
 186 009b BC       		.byte	-68
 187 009c BC       		.byte	-68
 188 009d BC       		.byte	-68
 189 009e BC       		.byte	-68
 190 009f BC       		.byte	-68
 191 00a0 BB       		.byte	-69
 192 00a1 BB       		.byte	-69
 193 00a2 BB       		.byte	-69
 194 00a3 BB       		.byte	-69
 195 00a4 BB       		.byte	-69
 196 00a5 BA       		.byte	-70
 197 00a6 BA       		.byte	-70
 198 00a7 BA       		.byte	-70
 199 00a8 BA       		.byte	-70
 200 00a9 B9       		.byte	-71
 201 00aa B9       		.byte	-71
 202 00ab B9       		.byte	-71
 203 00ac B8       		.byte	-72
 204 00ad B8       		.byte	-72
 205 00ae B8       		.byte	-72
 206 00af B7       		.byte	-73
 207 00b0 B7       		.byte	-73
 208 00b1 B7       		.byte	-73
 209 00b2 B6       		.byte	-74
 210 00b3 B6       		.byte	-74
 211 00b4 B6       		.byte	-74
 212 00b5 B5       		.byte	-75
 213 00b6 B5       		.byte	-75
 214 00b7 B5       		.byte	-75
 215 00b8 B4       		.byte	-76
 216 00b9 B4       		.byte	-76
 217 00ba B3       		.byte	-77
 218 00bb B3       		.byte	-77
 219 00bc B3       		.byte	-77
 220 00bd B2       		.byte	-78
 221 00be B2       		.byte	-78
 222 00bf B1       		.byte	-79
 223 00c0 B1       		.byte	-79
 224 00c1 B0       		.byte	-80
 225 00c2 B0       		.byte	-80
 226 00c3 B0       		.byte	-80
 227 00c4 AF       		.byte	-81
 228 00c5 AF       		.byte	-81
ARM GAS  C:\Users\riveraes\AppData\Local\Temp\cchRvcsA.s 			page 5


 229 00c6 AE       		.byte	-82
 230 00c7 AE       		.byte	-82
 231 00c8 AD       		.byte	-83
 232 00c9 AD       		.byte	-83
 233 00ca AC       		.byte	-84
 234 00cb AC       		.byte	-84
 235 00cc AB       		.byte	-85
 236 00cd AB       		.byte	-85
 237 00ce AA       		.byte	-86
 238 00cf AA       		.byte	-86
 239 00d0 A9       		.byte	-87
 240 00d1 A8       		.byte	-88
 241 00d2 A8       		.byte	-88
 242 00d3 A7       		.byte	-89
 243 00d4 A7       		.byte	-89
 244 00d5 A6       		.byte	-90
 245 00d6 A6       		.byte	-90
 246 00d7 A5       		.byte	-91
 247 00d8 A4       		.byte	-92
 248 00d9 A4       		.byte	-92
 249 00da A3       		.byte	-93
 250 00db A3       		.byte	-93
 251 00dc A2       		.byte	-94
 252 00dd A1       		.byte	-95
 253 00de A1       		.byte	-95
 254 00df A0       		.byte	-96
 255 00e0 A0       		.byte	-96
 256 00e1 9F       		.byte	-97
 257 00e2 9E       		.byte	-98
 258 00e3 9E       		.byte	-98
 259 00e4 9D       		.byte	-99
 260 00e5 9C       		.byte	-100
 261 00e6 9C       		.byte	-100
 262 00e7 9B       		.byte	-101
 263 00e8 9B       		.byte	-101
 264 00e9 9A       		.byte	-102
 265 00ea 99       		.byte	-103
 266 00eb 99       		.byte	-103
 267 00ec 98       		.byte	-104
 268 00ed 97       		.byte	-105
 269 00ee 97       		.byte	-105
 270 00ef 96       		.byte	-106
 271 00f0 95       		.byte	-107
 272 00f1 94       		.byte	-108
 273 00f2 94       		.byte	-108
 274 00f3 93       		.byte	-109
 275 00f4 92       		.byte	-110
 276 00f5 92       		.byte	-110
 277 00f6 91       		.byte	-111
 278 00f7 90       		.byte	-112
 279 00f8 90       		.byte	-112
 280 00f9 8F       		.byte	-113
 281 00fa 8E       		.byte	-114
 282 00fb 8E       		.byte	-114
 283 00fc 8D       		.byte	-115
 284 00fd 8C       		.byte	-116
 285 00fe 8B       		.byte	-117
ARM GAS  C:\Users\riveraes\AppData\Local\Temp\cchRvcsA.s 			page 6


 286 00ff 8B       		.byte	-117
 287 0100 8A       		.byte	-118
 288 0101 89       		.byte	-119
 289 0102 89       		.byte	-119
 290 0103 88       		.byte	-120
 291 0104 87       		.byte	-121
 292 0105 86       		.byte	-122
 293 0106 86       		.byte	-122
 294 0107 85       		.byte	-123
 295 0108 84       		.byte	-124
 296 0109 83       		.byte	-125
 297 010a 83       		.byte	-125
 298 010b 82       		.byte	-126
 299 010c 81       		.byte	-127
 300 010d 81       		.byte	-127
 301 010e 80       		.byte	-128
 302 010f 7F       		.byte	127
 303 0110 7E       		.byte	126
 304 0111 7E       		.byte	126
 305 0112 7D       		.byte	125
 306 0113 7C       		.byte	124
 307 0114 7C       		.byte	124
 308 0115 7B       		.byte	123
 309 0116 7A       		.byte	122
 310 0117 79       		.byte	121
 311 0118 79       		.byte	121
 312 0119 78       		.byte	120
 313 011a 77       		.byte	119
 314 011b 76       		.byte	118
 315 011c 76       		.byte	118
 316 011d 75       		.byte	117
 317 011e 74       		.byte	116
 318 011f 74       		.byte	116
 319 0120 73       		.byte	115
 320 0121 72       		.byte	114
 321 0122 71       		.byte	113
 322 0123 71       		.byte	113
 323 0124 70       		.byte	112
 324 0125 6F       		.byte	111
 325 0126 6F       		.byte	111
 326 0127 6E       		.byte	110
 327 0128 6D       		.byte	109
 328 0129 6D       		.byte	109
 329 012a 6C       		.byte	108
 330 012b 6B       		.byte	107
 331 012c 6B       		.byte	107
 332 012d 6A       		.byte	106
 333 012e 69       		.byte	105
 334 012f 68       		.byte	104
 335 0130 68       		.byte	104
 336 0131 67       		.byte	103
 337 0132 66       		.byte	102
 338 0133 66       		.byte	102
 339 0134 65       		.byte	101
 340 0135 64       		.byte	100
 341 0136 64       		.byte	100
 342 0137 63       		.byte	99
ARM GAS  C:\Users\riveraes\AppData\Local\Temp\cchRvcsA.s 			page 7


 343 0138 63       		.byte	99
 344 0139 62       		.byte	98
 345 013a 61       		.byte	97
 346 013b 61       		.byte	97
 347 013c 60       		.byte	96
 348 013d 5F       		.byte	95
 349 013e 5F       		.byte	95
 350 013f 5E       		.byte	94
 351 0140 5E       		.byte	94
 352 0141 5D       		.byte	93
 353 0142 5C       		.byte	92
 354 0143 5C       		.byte	92
 355 0144 5B       		.byte	91
 356 0145 5B       		.byte	91
 357 0146 5A       		.byte	90
 358 0147 59       		.byte	89
 359 0148 59       		.byte	89
 360 0149 58       		.byte	88
 361 014a 58       		.byte	88
 362 014b 57       		.byte	87
 363 014c 57       		.byte	87
 364 014d 56       		.byte	86
 365 014e 55       		.byte	85
 366 014f 55       		.byte	85
 367 0150 54       		.byte	84
 368 0151 54       		.byte	84
 369 0152 53       		.byte	83
 370 0153 53       		.byte	83
 371 0154 52       		.byte	82
 372 0155 52       		.byte	82
 373 0156 51       		.byte	81
 374 0157 51       		.byte	81
 375 0158 50       		.byte	80
 376 0159 50       		.byte	80
 377 015a 4F       		.byte	79
 378 015b 4F       		.byte	79
 379 015c 4F       		.byte	79
 380 015d 4E       		.byte	78
 381 015e 4E       		.byte	78
 382 015f 4D       		.byte	77
 383 0160 4D       		.byte	77
 384 0161 4C       		.byte	76
 385 0162 4C       		.byte	76
 386 0163 4C       		.byte	76
 387 0164 4B       		.byte	75
 388 0165 4B       		.byte	75
 389 0166 4A       		.byte	74
 390 0167 4A       		.byte	74
 391 0168 4A       		.byte	74
 392 0169 49       		.byte	73
 393 016a 49       		.byte	73
 394 016b 49       		.byte	73
 395 016c 48       		.byte	72
 396 016d 48       		.byte	72
 397 016e 48       		.byte	72
 398 016f 47       		.byte	71
 399 0170 47       		.byte	71
ARM GAS  C:\Users\riveraes\AppData\Local\Temp\cchRvcsA.s 			page 8


 400 0171 47       		.byte	71
 401 0172 46       		.byte	70
 402 0173 46       		.byte	70
 403 0174 46       		.byte	70
 404 0175 45       		.byte	69
 405 0176 45       		.byte	69
 406 0177 45       		.byte	69
 407 0178 45       		.byte	69
 408 0179 44       		.byte	68
 409 017a 44       		.byte	68
 410 017b 44       		.byte	68
 411 017c 44       		.byte	68
 412 017d 44       		.byte	68
 413 017e 43       		.byte	67
 414 017f 43       		.byte	67
 415 0180 43       		.byte	67
 416 0181 43       		.byte	67
 417 0182 43       		.byte	67
 418 0183 42       		.byte	66
 419 0184 42       		.byte	66
 420 0185 42       		.byte	66
 421 0186 42       		.byte	66
 422 0187 42       		.byte	66
 423 0188 42       		.byte	66
 424 0189 42       		.byte	66
 425 018a 42       		.byte	66
 426 018b 41       		.byte	65
 427 018c 41       		.byte	65
 428 018d 41       		.byte	65
 429 018e 41       		.byte	65
 430 018f 41       		.byte	65
 431 0190 41       		.byte	65
 432 0191 41       		.byte	65
 433 0192 41       		.byte	65
 434 0193 41       		.byte	65
 435 0194 41       		.byte	65
 436 0195 41       		.byte	65
 437 0196 41       		.byte	65
 438 0197 41       		.byte	65
 439 0198 41       		.byte	65
 440 0199 41       		.byte	65
 441 019a 41       		.byte	65
 442 019b 41       		.byte	65
 443 019c 41       		.byte	65
 444 019d 41       		.byte	65
 445 019e 41       		.byte	65
 446 019f 41       		.byte	65
 447 01a0 41       		.byte	65
 448 01a1 42       		.byte	66
 449 01a2 42       		.byte	66
 450 01a3 42       		.byte	66
 451 01a4 42       		.byte	66
 452 01a5 42       		.byte	66
 453 01a6 42       		.byte	66
 454 01a7 42       		.byte	66
 455 01a8 42       		.byte	66
 456 01a9 43       		.byte	67
ARM GAS  C:\Users\riveraes\AppData\Local\Temp\cchRvcsA.s 			page 9


 457 01aa 43       		.byte	67
 458 01ab 43       		.byte	67
 459 01ac 43       		.byte	67
 460 01ad 43       		.byte	67
 461 01ae 43       		.byte	67
 462 01af 44       		.byte	68
 463 01b0 44       		.byte	68
 464 01b1 44       		.byte	68
 465 01b2 44       		.byte	68
 466 01b3 45       		.byte	69
 467 01b4 45       		.byte	69
 468 01b5 45       		.byte	69
 469 01b6 45       		.byte	69
 470 01b7 46       		.byte	70
 471 01b8 46       		.byte	70
 472 01b9 46       		.byte	70
 473 01ba 46       		.byte	70
 474 01bb 47       		.byte	71
 475 01bc 47       		.byte	71
 476 01bd 47       		.byte	71
 477 01be 48       		.byte	72
 478 01bf 48       		.byte	72
 479 01c0 48       		.byte	72
 480 01c1 49       		.byte	73
 481 01c2 49       		.byte	73
 482 01c3 49       		.byte	73
 483 01c4 4A       		.byte	74
 484 01c5 4A       		.byte	74
 485 01c6 4B       		.byte	75
 486 01c7 4B       		.byte	75
 487 01c8 4B       		.byte	75
 488 01c9 4C       		.byte	76
 489 01ca 4C       		.byte	76
 490 01cb 4D       		.byte	77
 491 01cc 4D       		.byte	77
 492 01cd 4D       		.byte	77
 493 01ce 4E       		.byte	78
 494 01cf 4E       		.byte	78
 495 01d0 4F       		.byte	79
 496 01d1 4F       		.byte	79
 497 01d2 50       		.byte	80
 498 01d3 50       		.byte	80
 499 01d4 51       		.byte	81
 500 01d5 51       		.byte	81
 501 01d6 52       		.byte	82
 502 01d7 52       		.byte	82
 503 01d8 53       		.byte	83
 504 01d9 53       		.byte	83
 505 01da 54       		.byte	84
 506 01db 54       		.byte	84
 507 01dc 55       		.byte	85
 508 01dd 55       		.byte	85
 509 01de 56       		.byte	86
 510 01df 56       		.byte	86
 511 01e0 57       		.byte	87
 512 01e1 57       		.byte	87
 513 01e2 58       		.byte	88
ARM GAS  C:\Users\riveraes\AppData\Local\Temp\cchRvcsA.s 			page 10


 514 01e3 59       		.byte	89
 515 01e4 59       		.byte	89
 516 01e5 5A       		.byte	90
 517 01e6 5A       		.byte	90
 518 01e7 5B       		.byte	91
 519 01e8 5B       		.byte	91
 520 01e9 5C       		.byte	92
 521 01ea 5D       		.byte	93
 522 01eb 5D       		.byte	93
 523 01ec 5E       		.byte	94
 524 01ed 5E       		.byte	94
 525 01ee 5F       		.byte	95
 526 01ef 60       		.byte	96
 527 01f0 60       		.byte	96
 528 01f1 61       		.byte	97
 529 01f2 62       		.byte	98
 530 01f3 62       		.byte	98
 531 01f4 63       		.byte	99
 532 01f5 63       		.byte	99
 533 01f6 64       		.byte	100
 534 01f7 65       		.byte	101
 535 01f8 65       		.byte	101
 536 01f9 66       		.byte	102
 537 01fa 67       		.byte	103
 538 01fb 67       		.byte	103
 539 01fc 68       		.byte	104
 540 01fd 69       		.byte	105
 541 01fe 69       		.byte	105
 542 01ff 6A       		.byte	106
 543 0200 6B       		.byte	107
 544 0201 6C       		.byte	108
 545 0202 6C       		.byte	108
 546 0203 6D       		.byte	109
 547 0204 6E       		.byte	110
 548 0205 6E       		.byte	110
 549 0206 6F       		.byte	111
 550 0207 70       		.byte	112
 551 0208 70       		.byte	112
 552 0209 71       		.byte	113
 553 020a 72       		.byte	114
 554 020b 73       		.byte	115
 555 020c 73       		.byte	115
 556 020d 74       		.byte	116
 557 020e 75       		.byte	117
 558 020f 75       		.byte	117
 559 0210 76       		.byte	118
 560 0211 77       		.byte	119
 561 0212 78       		.byte	120
 562 0213 78       		.byte	120
 563 0214 79       		.byte	121
 564 0215 7A       		.byte	122
 565 0216 7A       		.byte	122
 566 0217 7B       		.byte	123
 567 0218 7C       		.byte	124
 568 0219 7D       		.byte	125
 569 021a 7D       		.byte	125
 570 021b 7E       		.byte	126
ARM GAS  C:\Users\riveraes\AppData\Local\Temp\cchRvcsA.s 			page 11


 571 021c 7F       		.byte	127
 572              		.global	HighFrequencies_2_wave2
 573 021d 000000   		.align	2
 574              		.type	HighFrequencies_2_wave2, %object
 575              		.size	HighFrequencies_2_wave2, 4
 576              	HighFrequencies_2_wave2:
 577 0220 80       		.byte	-128
 578 0221 80       		.byte	-128
 579 0222 80       		.byte	-128
 580 0223 80       		.byte	-128
 581              		.bss
 582              	HighFrequencies_2_Wave1Chan:
 583 0001 00       		.space	1
 584              	HighFrequencies_2_Wave2Chan:
 585 0002 00       		.space	1
 586              	HighFrequencies_2_Wave1TD:
 587 0003 00       		.space	1
 588              	HighFrequencies_2_Wave2TD:
 589 0004 00       		.space	1
 590              		.section	.text.HighFrequencies_2_Init,"ax",%progbits
 591              		.align	2
 592              		.global	HighFrequencies_2_Init
 593              		.thumb
 594              		.thumb_func
 595              		.type	HighFrequencies_2_Init, %function
 596              	HighFrequencies_2_Init:
 597              	.LFB0:
 598              		.file 1 "Generated_Source\\PSoC5\\HighFrequencies_2.c"
   1:Generated_Source\PSoC5/HighFrequencies_2.c **** /*******************************************************************************
   2:Generated_Source\PSoC5/HighFrequencies_2.c **** * File Name: HighFrequencies_2.c
   3:Generated_Source\PSoC5/HighFrequencies_2.c **** * Version 2.10
   4:Generated_Source\PSoC5/HighFrequencies_2.c **** *
   5:Generated_Source\PSoC5/HighFrequencies_2.c **** * Description:
   6:Generated_Source\PSoC5/HighFrequencies_2.c **** *  This file provides the source code for the 8-bit Waveform DAC 
   7:Generated_Source\PSoC5/HighFrequencies_2.c **** *  (WaveDAC8) Component.
   8:Generated_Source\PSoC5/HighFrequencies_2.c **** *
   9:Generated_Source\PSoC5/HighFrequencies_2.c **** ********************************************************************************
  10:Generated_Source\PSoC5/HighFrequencies_2.c **** * Copyright 2013, Cypress Semiconductor Corporation.  All rights reserved.
  11:Generated_Source\PSoC5/HighFrequencies_2.c **** * You may use this file only in accordance with the license, terms, conditions,
  12:Generated_Source\PSoC5/HighFrequencies_2.c **** * disclaimers, and limitations in the end user license agreement accompanying
  13:Generated_Source\PSoC5/HighFrequencies_2.c **** * the software package with which this file was provided.
  14:Generated_Source\PSoC5/HighFrequencies_2.c **** *******************************************************************************/
  15:Generated_Source\PSoC5/HighFrequencies_2.c **** 
  16:Generated_Source\PSoC5/HighFrequencies_2.c **** #include "HighFrequencies_2.h"
  17:Generated_Source\PSoC5/HighFrequencies_2.c **** 
  18:Generated_Source\PSoC5/HighFrequencies_2.c **** uint8  HighFrequencies_2_initVar = 0u;
  19:Generated_Source\PSoC5/HighFrequencies_2.c **** 
  20:Generated_Source\PSoC5/HighFrequencies_2.c **** const uint8 CYCODE HighFrequencies_2_wave1[HighFrequencies_2_WAVE1_LENGTH] = { 128u,128u,129u,130u,
  21:Generated_Source\PSoC5/HighFrequencies_2.c **** const uint8 CYCODE HighFrequencies_2_wave2[HighFrequencies_2_WAVE2_LENGTH] = { 128u,128u,128u,128u 
  22:Generated_Source\PSoC5/HighFrequencies_2.c **** 
  23:Generated_Source\PSoC5/HighFrequencies_2.c **** static uint8  HighFrequencies_2_Wave1Chan;
  24:Generated_Source\PSoC5/HighFrequencies_2.c **** static uint8  HighFrequencies_2_Wave2Chan;
  25:Generated_Source\PSoC5/HighFrequencies_2.c **** static uint8  HighFrequencies_2_Wave1TD;
  26:Generated_Source\PSoC5/HighFrequencies_2.c **** static uint8  HighFrequencies_2_Wave2TD;
  27:Generated_Source\PSoC5/HighFrequencies_2.c **** 
  28:Generated_Source\PSoC5/HighFrequencies_2.c **** 
  29:Generated_Source\PSoC5/HighFrequencies_2.c **** /*******************************************************************************
ARM GAS  C:\Users\riveraes\AppData\Local\Temp\cchRvcsA.s 			page 12


  30:Generated_Source\PSoC5/HighFrequencies_2.c **** * Function Name: HighFrequencies_2_Init
  31:Generated_Source\PSoC5/HighFrequencies_2.c **** ********************************************************************************
  32:Generated_Source\PSoC5/HighFrequencies_2.c **** *
  33:Generated_Source\PSoC5/HighFrequencies_2.c **** * Summary:
  34:Generated_Source\PSoC5/HighFrequencies_2.c **** *  Initializes component with parameters set in the customizer.
  35:Generated_Source\PSoC5/HighFrequencies_2.c **** *
  36:Generated_Source\PSoC5/HighFrequencies_2.c **** * Parameters:  
  37:Generated_Source\PSoC5/HighFrequencies_2.c **** *  None
  38:Generated_Source\PSoC5/HighFrequencies_2.c **** *
  39:Generated_Source\PSoC5/HighFrequencies_2.c **** * Return: 
  40:Generated_Source\PSoC5/HighFrequencies_2.c **** *  None
  41:Generated_Source\PSoC5/HighFrequencies_2.c **** *
  42:Generated_Source\PSoC5/HighFrequencies_2.c **** *******************************************************************************/
  43:Generated_Source\PSoC5/HighFrequencies_2.c **** void HighFrequencies_2_Init(void) 
  44:Generated_Source\PSoC5/HighFrequencies_2.c **** {
 599              		.loc 1 44 0
 600              		.cfi_startproc
 601              		@ args = 0, pretend = 0, frame = 0
 602              		@ frame_needed = 1, uses_anonymous_args = 0
 603 0000 80B5     		push	{r7, lr}
 604              		.cfi_def_cfa_offset 8
 605              		.cfi_offset 7, -8
 606              		.cfi_offset 14, -4
 607 0002 00AF     		add	r7, sp, #0
 608              		.cfi_def_cfa_register 7
  45:Generated_Source\PSoC5/HighFrequencies_2.c **** 	HighFrequencies_2_VDAC8_Init();
 609              		.loc 1 45 0
 610 0004 FFF7FEFF 		bl	HighFrequencies_2_VDAC8_Init
  46:Generated_Source\PSoC5/HighFrequencies_2.c **** 	HighFrequencies_2_VDAC8_SetSpeed(HighFrequencies_2_HIGHSPEED);
 611              		.loc 1 46 0
 612 0008 0220     		movs	r0, #2
 613 000a FFF7FEFF 		bl	HighFrequencies_2_VDAC8_SetSpeed
  47:Generated_Source\PSoC5/HighFrequencies_2.c **** 	HighFrequencies_2_VDAC8_SetRange(HighFrequencies_2_DAC_RANGE);
 614              		.loc 1 47 0
 615 000e 0020     		movs	r0, #0
 616 0010 FFF7FEFF 		bl	HighFrequencies_2_VDAC8_SetRange
  48:Generated_Source\PSoC5/HighFrequencies_2.c **** 
  49:Generated_Source\PSoC5/HighFrequencies_2.c **** 	#if(HighFrequencies_2_DAC_MODE == HighFrequencies_2_CURRENT_MODE)
  50:Generated_Source\PSoC5/HighFrequencies_2.c **** 		HighFrequencies_2_IDAC8_SetPolarity(HighFrequencies_2_DAC_POL);
  51:Generated_Source\PSoC5/HighFrequencies_2.c **** 	#endif /* HighFrequencies_2_DAC_MODE == HighFrequencies_2_CURRENT_MODE */
  52:Generated_Source\PSoC5/HighFrequencies_2.c **** 
  53:Generated_Source\PSoC5/HighFrequencies_2.c **** 	#if(HighFrequencies_2_OUT_MODE == HighFrequencies_2_BUFFER_MODE)
  54:Generated_Source\PSoC5/HighFrequencies_2.c **** 	   HighFrequencies_2_BuffAmp_Init();
  55:Generated_Source\PSoC5/HighFrequencies_2.c **** 	#endif /* HighFrequencies_2_OUT_MODE == HighFrequencies_2_BUFFER_MODE */
  56:Generated_Source\PSoC5/HighFrequencies_2.c **** 
  57:Generated_Source\PSoC5/HighFrequencies_2.c **** 	/* Get the TD Number for the DMA channel 1 and 2   */
  58:Generated_Source\PSoC5/HighFrequencies_2.c **** 	HighFrequencies_2_Wave1TD = CyDmaTdAllocate();
 617              		.loc 1 58 0
 618 0014 FFF7FEFF 		bl	CyDmaTdAllocate
 619 0018 0346     		mov	r3, r0
 620 001a 1A46     		mov	r2, r3
 621 001c 094B     		ldr	r3, .L2
 622 001e 1A70     		strb	r2, [r3]
  59:Generated_Source\PSoC5/HighFrequencies_2.c **** 	HighFrequencies_2_Wave2TD = CyDmaTdAllocate();
 623              		.loc 1 59 0
 624 0020 FFF7FEFF 		bl	CyDmaTdAllocate
 625 0024 0346     		mov	r3, r0
ARM GAS  C:\Users\riveraes\AppData\Local\Temp\cchRvcsA.s 			page 13


 626 0026 1A46     		mov	r2, r3
 627 0028 074B     		ldr	r3, .L2+4
 628 002a 1A70     		strb	r2, [r3]
  60:Generated_Source\PSoC5/HighFrequencies_2.c **** 	
  61:Generated_Source\PSoC5/HighFrequencies_2.c **** 	/* Initialize waveform pointers  */
  62:Generated_Source\PSoC5/HighFrequencies_2.c **** 	HighFrequencies_2_Wave1Setup(HighFrequencies_2_wave1, HighFrequencies_2_WAVE1_LENGTH) ;
 629              		.loc 1 62 0
 630 002c 40F21D21 		movw	r1, #541
 631 0030 0648     		ldr	r0, .L2+8
 632 0032 FFF7FEFF 		bl	HighFrequencies_2_Wave1Setup
  63:Generated_Source\PSoC5/HighFrequencies_2.c **** 	HighFrequencies_2_Wave2Setup(HighFrequencies_2_wave2, HighFrequencies_2_WAVE2_LENGTH) ;
 633              		.loc 1 63 0
 634 0036 0421     		movs	r1, #4
 635 0038 0548     		ldr	r0, .L2+12
 636 003a FFF7FEFF 		bl	HighFrequencies_2_Wave2Setup
  64:Generated_Source\PSoC5/HighFrequencies_2.c **** 	
  65:Generated_Source\PSoC5/HighFrequencies_2.c **** 	/* Initialize the internal clock if one present  */
  66:Generated_Source\PSoC5/HighFrequencies_2.c **** 	#if defined(HighFrequencies_2_DacClk_PHASE)
  67:Generated_Source\PSoC5/HighFrequencies_2.c **** 	   HighFrequencies_2_DacClk_SetPhase(HighFrequencies_2_CLK_PHASE_0nS);
  68:Generated_Source\PSoC5/HighFrequencies_2.c **** 	#endif /* defined(HighFrequencies_2_DacClk_PHASE) */
  69:Generated_Source\PSoC5/HighFrequencies_2.c **** }
 637              		.loc 1 69 0
 638 003e 00BF     		nop
 639 0040 80BD     		pop	{r7, pc}
 640              	.L3:
 641 0042 00BF     		.align	2
 642              	.L2:
 643 0044 03000000 		.word	HighFrequencies_2_Wave1TD
 644 0048 04000000 		.word	HighFrequencies_2_Wave2TD
 645 004c 00000000 		.word	HighFrequencies_2_wave1
 646 0050 00000000 		.word	HighFrequencies_2_wave2
 647              		.cfi_endproc
 648              	.LFE0:
 649              		.size	HighFrequencies_2_Init, .-HighFrequencies_2_Init
 650              		.section	.text.HighFrequencies_2_Enable,"ax",%progbits
 651              		.align	2
 652              		.global	HighFrequencies_2_Enable
 653              		.thumb
 654              		.thumb_func
 655              		.type	HighFrequencies_2_Enable, %function
 656              	HighFrequencies_2_Enable:
 657              	.LFB1:
  70:Generated_Source\PSoC5/HighFrequencies_2.c **** 
  71:Generated_Source\PSoC5/HighFrequencies_2.c **** 
  72:Generated_Source\PSoC5/HighFrequencies_2.c **** /*******************************************************************************
  73:Generated_Source\PSoC5/HighFrequencies_2.c **** * Function Name: HighFrequencies_2_Enable
  74:Generated_Source\PSoC5/HighFrequencies_2.c **** ********************************************************************************
  75:Generated_Source\PSoC5/HighFrequencies_2.c **** *  
  76:Generated_Source\PSoC5/HighFrequencies_2.c **** * Summary: 
  77:Generated_Source\PSoC5/HighFrequencies_2.c **** *  Enables the DAC block and DMA operation.
  78:Generated_Source\PSoC5/HighFrequencies_2.c **** *
  79:Generated_Source\PSoC5/HighFrequencies_2.c **** * Parameters:  
  80:Generated_Source\PSoC5/HighFrequencies_2.c **** *  None
  81:Generated_Source\PSoC5/HighFrequencies_2.c **** *
  82:Generated_Source\PSoC5/HighFrequencies_2.c **** * Return: 
  83:Generated_Source\PSoC5/HighFrequencies_2.c **** *  None
  84:Generated_Source\PSoC5/HighFrequencies_2.c **** *
ARM GAS  C:\Users\riveraes\AppData\Local\Temp\cchRvcsA.s 			page 14


  85:Generated_Source\PSoC5/HighFrequencies_2.c **** *******************************************************************************/
  86:Generated_Source\PSoC5/HighFrequencies_2.c **** void HighFrequencies_2_Enable(void) 
  87:Generated_Source\PSoC5/HighFrequencies_2.c **** {
 658              		.loc 1 87 0
 659              		.cfi_startproc
 660              		@ args = 0, pretend = 0, frame = 0
 661              		@ frame_needed = 1, uses_anonymous_args = 0
 662 0000 80B5     		push	{r7, lr}
 663              		.cfi_def_cfa_offset 8
 664              		.cfi_offset 7, -8
 665              		.cfi_offset 14, -4
 666 0002 00AF     		add	r7, sp, #0
 667              		.cfi_def_cfa_register 7
  88:Generated_Source\PSoC5/HighFrequencies_2.c **** 	HighFrequencies_2_VDAC8_Enable();
 668              		.loc 1 88 0
 669 0004 FFF7FEFF 		bl	HighFrequencies_2_VDAC8_Enable
  89:Generated_Source\PSoC5/HighFrequencies_2.c **** 
  90:Generated_Source\PSoC5/HighFrequencies_2.c **** 	#if(HighFrequencies_2_OUT_MODE == HighFrequencies_2_BUFFER_MODE)
  91:Generated_Source\PSoC5/HighFrequencies_2.c **** 	   HighFrequencies_2_BuffAmp_Enable();
  92:Generated_Source\PSoC5/HighFrequencies_2.c **** 	#endif /* HighFrequencies_2_OUT_MODE == HighFrequencies_2_BUFFER_MODE */
  93:Generated_Source\PSoC5/HighFrequencies_2.c **** 
  94:Generated_Source\PSoC5/HighFrequencies_2.c **** 	/* 
  95:Generated_Source\PSoC5/HighFrequencies_2.c **** 	* Enable the channel. It is configured to remember the TD value so that
  96:Generated_Source\PSoC5/HighFrequencies_2.c **** 	* it can be restored from the place where it has been stopped.
  97:Generated_Source\PSoC5/HighFrequencies_2.c **** 	*/
  98:Generated_Source\PSoC5/HighFrequencies_2.c **** 	(void)CyDmaChEnable(HighFrequencies_2_Wave1Chan, 1u);
 670              		.loc 1 98 0
 671 0008 094B     		ldr	r3, .L5
 672 000a 1B78     		ldrb	r3, [r3]	@ zero_extendqisi2
 673 000c 0121     		movs	r1, #1
 674 000e 1846     		mov	r0, r3
 675 0010 FFF7FEFF 		bl	CyDmaChEnable
  99:Generated_Source\PSoC5/HighFrequencies_2.c **** 	(void)CyDmaChEnable(HighFrequencies_2_Wave2Chan, 1u);
 676              		.loc 1 99 0
 677 0014 074B     		ldr	r3, .L5+4
 678 0016 1B78     		ldrb	r3, [r3]	@ zero_extendqisi2
 679 0018 0121     		movs	r1, #1
 680 001a 1846     		mov	r0, r3
 681 001c FFF7FEFF 		bl	CyDmaChEnable
 100:Generated_Source\PSoC5/HighFrequencies_2.c **** 	
 101:Generated_Source\PSoC5/HighFrequencies_2.c **** 	/* set the initial value */
 102:Generated_Source\PSoC5/HighFrequencies_2.c **** 	HighFrequencies_2_SetValue(0u);
 682              		.loc 1 102 0
 683 0020 0020     		movs	r0, #0
 684 0022 FFF7FEFF 		bl	HighFrequencies_2_VDAC8_SetValue
 103:Generated_Source\PSoC5/HighFrequencies_2.c **** 	
 104:Generated_Source\PSoC5/HighFrequencies_2.c **** 	#if(HighFrequencies_2_CLOCK_SRC == HighFrequencies_2_CLOCK_INT)  	
 105:Generated_Source\PSoC5/HighFrequencies_2.c **** 	   HighFrequencies_2_DacClk_Start();
 685              		.loc 1 105 0
 686 0026 FFF7FEFF 		bl	HighFrequencies_2_DacClk_Start
 106:Generated_Source\PSoC5/HighFrequencies_2.c **** 	#endif /* HighFrequencies_2_CLOCK_SRC == HighFrequencies_2_CLOCK_INT */
 107:Generated_Source\PSoC5/HighFrequencies_2.c **** }
 687              		.loc 1 107 0
 688 002a 00BF     		nop
 689 002c 80BD     		pop	{r7, pc}
 690              	.L6:
 691 002e 00BF     		.align	2
ARM GAS  C:\Users\riveraes\AppData\Local\Temp\cchRvcsA.s 			page 15


 692              	.L5:
 693 0030 01000000 		.word	HighFrequencies_2_Wave1Chan
 694 0034 02000000 		.word	HighFrequencies_2_Wave2Chan
 695              		.cfi_endproc
 696              	.LFE1:
 697              		.size	HighFrequencies_2_Enable, .-HighFrequencies_2_Enable
 698              		.section	.text.HighFrequencies_2_Start,"ax",%progbits
 699              		.align	2
 700              		.global	HighFrequencies_2_Start
 701              		.thumb
 702              		.thumb_func
 703              		.type	HighFrequencies_2_Start, %function
 704              	HighFrequencies_2_Start:
 705              	.LFB2:
 108:Generated_Source\PSoC5/HighFrequencies_2.c **** 
 109:Generated_Source\PSoC5/HighFrequencies_2.c **** 
 110:Generated_Source\PSoC5/HighFrequencies_2.c **** /*******************************************************************************
 111:Generated_Source\PSoC5/HighFrequencies_2.c **** * Function Name: HighFrequencies_2_Start
 112:Generated_Source\PSoC5/HighFrequencies_2.c **** ********************************************************************************
 113:Generated_Source\PSoC5/HighFrequencies_2.c **** *
 114:Generated_Source\PSoC5/HighFrequencies_2.c **** * Summary:
 115:Generated_Source\PSoC5/HighFrequencies_2.c **** *  The start function initializes the voltage DAC with the default values, 
 116:Generated_Source\PSoC5/HighFrequencies_2.c **** *  and sets the power to the given level.  A power level of 0, is the same as 
 117:Generated_Source\PSoC5/HighFrequencies_2.c **** *  executing the stop function.
 118:Generated_Source\PSoC5/HighFrequencies_2.c **** *
 119:Generated_Source\PSoC5/HighFrequencies_2.c **** * Parameters:  
 120:Generated_Source\PSoC5/HighFrequencies_2.c **** *  None
 121:Generated_Source\PSoC5/HighFrequencies_2.c **** *
 122:Generated_Source\PSoC5/HighFrequencies_2.c **** * Return: 
 123:Generated_Source\PSoC5/HighFrequencies_2.c **** *  None
 124:Generated_Source\PSoC5/HighFrequencies_2.c **** *
 125:Generated_Source\PSoC5/HighFrequencies_2.c **** * Reentrant:
 126:Generated_Source\PSoC5/HighFrequencies_2.c **** *  No
 127:Generated_Source\PSoC5/HighFrequencies_2.c **** *
 128:Generated_Source\PSoC5/HighFrequencies_2.c **** *******************************************************************************/
 129:Generated_Source\PSoC5/HighFrequencies_2.c **** void HighFrequencies_2_Start(void) 
 130:Generated_Source\PSoC5/HighFrequencies_2.c **** {
 706              		.loc 1 130 0
 707              		.cfi_startproc
 708              		@ args = 0, pretend = 0, frame = 0
 709              		@ frame_needed = 1, uses_anonymous_args = 0
 710 0000 80B5     		push	{r7, lr}
 711              		.cfi_def_cfa_offset 8
 712              		.cfi_offset 7, -8
 713              		.cfi_offset 14, -4
 714 0002 00AF     		add	r7, sp, #0
 715              		.cfi_def_cfa_register 7
 131:Generated_Source\PSoC5/HighFrequencies_2.c **** 	/* If not Initialized then initialize all required hardware and software */
 132:Generated_Source\PSoC5/HighFrequencies_2.c **** 	if(HighFrequencies_2_initVar == 0u)
 716              		.loc 1 132 0
 717 0004 064B     		ldr	r3, .L9
 718 0006 1B78     		ldrb	r3, [r3]	@ zero_extendqisi2
 719 0008 002B     		cmp	r3, #0
 720 000a 04D1     		bne	.L8
 133:Generated_Source\PSoC5/HighFrequencies_2.c **** 	{
 134:Generated_Source\PSoC5/HighFrequencies_2.c **** 		HighFrequencies_2_Init();
 721              		.loc 1 134 0
ARM GAS  C:\Users\riveraes\AppData\Local\Temp\cchRvcsA.s 			page 16


 722 000c FFF7FEFF 		bl	HighFrequencies_2_Init
 135:Generated_Source\PSoC5/HighFrequencies_2.c **** 		HighFrequencies_2_initVar = 1u;
 723              		.loc 1 135 0
 724 0010 034B     		ldr	r3, .L9
 725 0012 0122     		movs	r2, #1
 726 0014 1A70     		strb	r2, [r3]
 727              	.L8:
 136:Generated_Source\PSoC5/HighFrequencies_2.c **** 	}
 137:Generated_Source\PSoC5/HighFrequencies_2.c **** 	
 138:Generated_Source\PSoC5/HighFrequencies_2.c **** 	HighFrequencies_2_Enable();
 728              		.loc 1 138 0
 729 0016 FFF7FEFF 		bl	HighFrequencies_2_Enable
 139:Generated_Source\PSoC5/HighFrequencies_2.c **** }
 730              		.loc 1 139 0
 731 001a 00BF     		nop
 732 001c 80BD     		pop	{r7, pc}
 733              	.L10:
 734 001e 00BF     		.align	2
 735              	.L9:
 736 0020 00000000 		.word	HighFrequencies_2_initVar
 737              		.cfi_endproc
 738              	.LFE2:
 739              		.size	HighFrequencies_2_Start, .-HighFrequencies_2_Start
 740              		.section	.text.HighFrequencies_2_StartEx,"ax",%progbits
 741              		.align	2
 742              		.global	HighFrequencies_2_StartEx
 743              		.thumb
 744              		.thumb_func
 745              		.type	HighFrequencies_2_StartEx, %function
 746              	HighFrequencies_2_StartEx:
 747              	.LFB3:
 140:Generated_Source\PSoC5/HighFrequencies_2.c **** 
 141:Generated_Source\PSoC5/HighFrequencies_2.c **** 
 142:Generated_Source\PSoC5/HighFrequencies_2.c **** /*******************************************************************************
 143:Generated_Source\PSoC5/HighFrequencies_2.c **** * Function Name: HighFrequencies_2_StartEx
 144:Generated_Source\PSoC5/HighFrequencies_2.c **** ********************************************************************************
 145:Generated_Source\PSoC5/HighFrequencies_2.c **** *
 146:Generated_Source\PSoC5/HighFrequencies_2.c **** * Summary:
 147:Generated_Source\PSoC5/HighFrequencies_2.c **** *  The StartEx function sets pointers and sizes for both waveforms
 148:Generated_Source\PSoC5/HighFrequencies_2.c **** *  and then starts the component.
 149:Generated_Source\PSoC5/HighFrequencies_2.c **** *
 150:Generated_Source\PSoC5/HighFrequencies_2.c **** * Parameters:  
 151:Generated_Source\PSoC5/HighFrequencies_2.c **** *   uint8 * wavePtr1:     Pointer to the waveform 1 array.
 152:Generated_Source\PSoC5/HighFrequencies_2.c **** *   uint16  sampleSize1:  The amount of samples in the waveform 1.
 153:Generated_Source\PSoC5/HighFrequencies_2.c **** *   uint8 * wavePtr2:     Pointer to the waveform 2 array.
 154:Generated_Source\PSoC5/HighFrequencies_2.c **** *   uint16  sampleSize2:  The amount of samples in the waveform 2.
 155:Generated_Source\PSoC5/HighFrequencies_2.c **** *
 156:Generated_Source\PSoC5/HighFrequencies_2.c **** * Return: 
 157:Generated_Source\PSoC5/HighFrequencies_2.c **** *  None
 158:Generated_Source\PSoC5/HighFrequencies_2.c **** *
 159:Generated_Source\PSoC5/HighFrequencies_2.c **** * Reentrant:
 160:Generated_Source\PSoC5/HighFrequencies_2.c **** *  No
 161:Generated_Source\PSoC5/HighFrequencies_2.c **** *
 162:Generated_Source\PSoC5/HighFrequencies_2.c **** *******************************************************************************/
 163:Generated_Source\PSoC5/HighFrequencies_2.c **** void HighFrequencies_2_StartEx(const uint8 * wavePtr1, uint16 sampleSize1, const uint8 * wavePtr2, 
 164:Generated_Source\PSoC5/HighFrequencies_2.c **** 
 165:Generated_Source\PSoC5/HighFrequencies_2.c **** {
ARM GAS  C:\Users\riveraes\AppData\Local\Temp\cchRvcsA.s 			page 17


 748              		.loc 1 165 0
 749              		.cfi_startproc
 750              		@ args = 0, pretend = 0, frame = 16
 751              		@ frame_needed = 1, uses_anonymous_args = 0
 752 0000 80B5     		push	{r7, lr}
 753              		.cfi_def_cfa_offset 8
 754              		.cfi_offset 7, -8
 755              		.cfi_offset 14, -4
 756 0002 84B0     		sub	sp, sp, #16
 757              		.cfi_def_cfa_offset 24
 758 0004 00AF     		add	r7, sp, #0
 759              		.cfi_def_cfa_register 7
 760 0006 F860     		str	r0, [r7, #12]
 761 0008 7A60     		str	r2, [r7, #4]
 762 000a 1A46     		mov	r2, r3
 763 000c 0B46     		mov	r3, r1	@ movhi
 764 000e 7B81     		strh	r3, [r7, #10]	@ movhi
 765 0010 1346     		mov	r3, r2	@ movhi
 766 0012 3B81     		strh	r3, [r7, #8]	@ movhi
 166:Generated_Source\PSoC5/HighFrequencies_2.c **** 	HighFrequencies_2_Wave1Setup(wavePtr1, sampleSize1);
 767              		.loc 1 166 0
 768 0014 7B89     		ldrh	r3, [r7, #10]
 769 0016 1946     		mov	r1, r3
 770 0018 F868     		ldr	r0, [r7, #12]
 771 001a FFF7FEFF 		bl	HighFrequencies_2_Wave1Setup
 167:Generated_Source\PSoC5/HighFrequencies_2.c **** 	HighFrequencies_2_Wave2Setup(wavePtr2, sampleSize2);
 772              		.loc 1 167 0
 773 001e 3B89     		ldrh	r3, [r7, #8]
 774 0020 1946     		mov	r1, r3
 775 0022 7868     		ldr	r0, [r7, #4]
 776 0024 FFF7FEFF 		bl	HighFrequencies_2_Wave2Setup
 168:Generated_Source\PSoC5/HighFrequencies_2.c **** 	HighFrequencies_2_Start();
 777              		.loc 1 168 0
 778 0028 FFF7FEFF 		bl	HighFrequencies_2_Start
 169:Generated_Source\PSoC5/HighFrequencies_2.c **** }
 779              		.loc 1 169 0
 780 002c 00BF     		nop
 781 002e 1037     		adds	r7, r7, #16
 782              		.cfi_def_cfa_offset 8
 783 0030 BD46     		mov	sp, r7
 784              		.cfi_def_cfa_register 13
 785              		@ sp needed
 786 0032 80BD     		pop	{r7, pc}
 787              		.cfi_endproc
 788              	.LFE3:
 789              		.size	HighFrequencies_2_StartEx, .-HighFrequencies_2_StartEx
 790              		.section	.text.HighFrequencies_2_Stop,"ax",%progbits
 791              		.align	2
 792              		.global	HighFrequencies_2_Stop
 793              		.thumb
 794              		.thumb_func
 795              		.type	HighFrequencies_2_Stop, %function
 796              	HighFrequencies_2_Stop:
 797              	.LFB4:
 170:Generated_Source\PSoC5/HighFrequencies_2.c **** 
 171:Generated_Source\PSoC5/HighFrequencies_2.c **** 
 172:Generated_Source\PSoC5/HighFrequencies_2.c **** /*******************************************************************************
ARM GAS  C:\Users\riveraes\AppData\Local\Temp\cchRvcsA.s 			page 18


 173:Generated_Source\PSoC5/HighFrequencies_2.c **** * Function Name: HighFrequencies_2_Stop
 174:Generated_Source\PSoC5/HighFrequencies_2.c **** ********************************************************************************
 175:Generated_Source\PSoC5/HighFrequencies_2.c **** *
 176:Generated_Source\PSoC5/HighFrequencies_2.c **** * Summary:
 177:Generated_Source\PSoC5/HighFrequencies_2.c **** *  Stops the clock (if internal), disables the DMA channels
 178:Generated_Source\PSoC5/HighFrequencies_2.c **** *  and powers down the DAC.
 179:Generated_Source\PSoC5/HighFrequencies_2.c **** *
 180:Generated_Source\PSoC5/HighFrequencies_2.c **** * Parameters:  
 181:Generated_Source\PSoC5/HighFrequencies_2.c **** *  None  
 182:Generated_Source\PSoC5/HighFrequencies_2.c **** *
 183:Generated_Source\PSoC5/HighFrequencies_2.c **** * Return: 
 184:Generated_Source\PSoC5/HighFrequencies_2.c **** *  None
 185:Generated_Source\PSoC5/HighFrequencies_2.c **** *
 186:Generated_Source\PSoC5/HighFrequencies_2.c **** *******************************************************************************/
 187:Generated_Source\PSoC5/HighFrequencies_2.c **** void HighFrequencies_2_Stop(void) 
 188:Generated_Source\PSoC5/HighFrequencies_2.c **** {
 798              		.loc 1 188 0
 799              		.cfi_startproc
 800              		@ args = 0, pretend = 0, frame = 0
 801              		@ frame_needed = 1, uses_anonymous_args = 0
 802 0000 80B5     		push	{r7, lr}
 803              		.cfi_def_cfa_offset 8
 804              		.cfi_offset 7, -8
 805              		.cfi_offset 14, -4
 806 0002 00AF     		add	r7, sp, #0
 807              		.cfi_def_cfa_register 7
 189:Generated_Source\PSoC5/HighFrequencies_2.c **** 	/* Turn off internal clock, if one present */
 190:Generated_Source\PSoC5/HighFrequencies_2.c **** 	#if(HighFrequencies_2_CLOCK_SRC == HighFrequencies_2_CLOCK_INT)  	
 191:Generated_Source\PSoC5/HighFrequencies_2.c **** 	   HighFrequencies_2_DacClk_Stop();
 808              		.loc 1 191 0
 809 0004 FFF7FEFF 		bl	HighFrequencies_2_DacClk_Stop
 192:Generated_Source\PSoC5/HighFrequencies_2.c **** 	#endif /* HighFrequencies_2_CLOCK_SRC == HighFrequencies_2_CLOCK_INT */
 193:Generated_Source\PSoC5/HighFrequencies_2.c **** 	
 194:Generated_Source\PSoC5/HighFrequencies_2.c **** 	/* Disble DMA channels */
 195:Generated_Source\PSoC5/HighFrequencies_2.c **** 	(void)CyDmaChDisable(HighFrequencies_2_Wave1Chan);
 810              		.loc 1 195 0
 811 0008 064B     		ldr	r3, .L13
 812 000a 1B78     		ldrb	r3, [r3]	@ zero_extendqisi2
 813 000c 1846     		mov	r0, r3
 814 000e FFF7FEFF 		bl	CyDmaChDisable
 196:Generated_Source\PSoC5/HighFrequencies_2.c **** 	(void)CyDmaChDisable(HighFrequencies_2_Wave2Chan);
 815              		.loc 1 196 0
 816 0012 054B     		ldr	r3, .L13+4
 817 0014 1B78     		ldrb	r3, [r3]	@ zero_extendqisi2
 818 0016 1846     		mov	r0, r3
 819 0018 FFF7FEFF 		bl	CyDmaChDisable
 197:Generated_Source\PSoC5/HighFrequencies_2.c **** 
 198:Generated_Source\PSoC5/HighFrequencies_2.c **** 	/* Disable power to DAC */
 199:Generated_Source\PSoC5/HighFrequencies_2.c **** 	HighFrequencies_2_VDAC8_Stop();
 820              		.loc 1 199 0
 821 001c FFF7FEFF 		bl	HighFrequencies_2_VDAC8_Stop
 200:Generated_Source\PSoC5/HighFrequencies_2.c **** }
 822              		.loc 1 200 0
 823 0020 00BF     		nop
 824 0022 80BD     		pop	{r7, pc}
 825              	.L14:
 826              		.align	2
ARM GAS  C:\Users\riveraes\AppData\Local\Temp\cchRvcsA.s 			page 19


 827              	.L13:
 828 0024 01000000 		.word	HighFrequencies_2_Wave1Chan
 829 0028 02000000 		.word	HighFrequencies_2_Wave2Chan
 830              		.cfi_endproc
 831              	.LFE4:
 832              		.size	HighFrequencies_2_Stop, .-HighFrequencies_2_Stop
 833              		.section	.text.HighFrequencies_2_Wave1Setup,"ax",%progbits
 834              		.align	2
 835              		.global	HighFrequencies_2_Wave1Setup
 836              		.thumb
 837              		.thumb_func
 838              		.type	HighFrequencies_2_Wave1Setup, %function
 839              	HighFrequencies_2_Wave1Setup:
 840              	.LFB5:
 201:Generated_Source\PSoC5/HighFrequencies_2.c **** 
 202:Generated_Source\PSoC5/HighFrequencies_2.c **** 
 203:Generated_Source\PSoC5/HighFrequencies_2.c **** /*******************************************************************************
 204:Generated_Source\PSoC5/HighFrequencies_2.c **** * Function Name: HighFrequencies_2_Wave1Setup
 205:Generated_Source\PSoC5/HighFrequencies_2.c **** ********************************************************************************
 206:Generated_Source\PSoC5/HighFrequencies_2.c **** *
 207:Generated_Source\PSoC5/HighFrequencies_2.c **** * Summary:
 208:Generated_Source\PSoC5/HighFrequencies_2.c **** *  Sets pointer and size for waveform 1.                                    
 209:Generated_Source\PSoC5/HighFrequencies_2.c **** *
 210:Generated_Source\PSoC5/HighFrequencies_2.c **** * Parameters:  
 211:Generated_Source\PSoC5/HighFrequencies_2.c **** *  uint8 * WavePtr:     Pointer to the waveform array.
 212:Generated_Source\PSoC5/HighFrequencies_2.c **** *  uint16  SampleSize:  The amount of samples in the waveform.
 213:Generated_Source\PSoC5/HighFrequencies_2.c **** *
 214:Generated_Source\PSoC5/HighFrequencies_2.c **** * Return: 
 215:Generated_Source\PSoC5/HighFrequencies_2.c **** *  None 
 216:Generated_Source\PSoC5/HighFrequencies_2.c **** *
 217:Generated_Source\PSoC5/HighFrequencies_2.c **** *******************************************************************************/
 218:Generated_Source\PSoC5/HighFrequencies_2.c **** void HighFrequencies_2_Wave1Setup(const uint8 * wavePtr, uint16 sampleSize)
 219:Generated_Source\PSoC5/HighFrequencies_2.c **** 
 220:Generated_Source\PSoC5/HighFrequencies_2.c **** {
 841              		.loc 1 220 0
 842              		.cfi_startproc
 843              		@ args = 0, pretend = 0, frame = 8
 844              		@ frame_needed = 1, uses_anonymous_args = 0
 845 0000 80B5     		push	{r7, lr}
 846              		.cfi_def_cfa_offset 8
 847              		.cfi_offset 7, -8
 848              		.cfi_offset 14, -4
 849 0002 82B0     		sub	sp, sp, #8
 850              		.cfi_def_cfa_offset 16
 851 0004 00AF     		add	r7, sp, #0
 852              		.cfi_def_cfa_register 7
 853 0006 7860     		str	r0, [r7, #4]
 854 0008 0B46     		mov	r3, r1
 855 000a 7B80     		strh	r3, [r7, #2]	@ movhi
 221:Generated_Source\PSoC5/HighFrequencies_2.c **** 	#if (CY_PSOC3)
 222:Generated_Source\PSoC5/HighFrequencies_2.c **** 		uint16 memoryType; /* determining the source memory type */
 223:Generated_Source\PSoC5/HighFrequencies_2.c **** 		memoryType = (HighFrequencies_2_HI16FLASHPTR == HI16(wavePtr)) ? HI16(CYDEV_FLS_BASE) : HI16(CYDE
 224:Generated_Source\PSoC5/HighFrequencies_2.c **** 		
 225:Generated_Source\PSoC5/HighFrequencies_2.c **** 		HighFrequencies_2_Wave1Chan = HighFrequencies_2_Wave1_DMA_DmaInitialize(
 226:Generated_Source\PSoC5/HighFrequencies_2.c **** 		HighFrequencies_2_Wave1_DMA_BYTES_PER_BURST, HighFrequencies_2_Wave1_DMA_REQUEST_PER_BURST,
 227:Generated_Source\PSoC5/HighFrequencies_2.c **** 		memoryType, HI16(CYDEV_PERIPH_BASE));
 228:Generated_Source\PSoC5/HighFrequencies_2.c **** 	#else /* PSoC 5 */
ARM GAS  C:\Users\riveraes\AppData\Local\Temp\cchRvcsA.s 			page 20


 229:Generated_Source\PSoC5/HighFrequencies_2.c **** 		HighFrequencies_2_Wave1Chan = HighFrequencies_2_Wave1_DMA_DmaInitialize(
 230:Generated_Source\PSoC5/HighFrequencies_2.c **** 		HighFrequencies_2_Wave1_DMA_BYTES_PER_BURST, HighFrequencies_2_Wave1_DMA_REQUEST_PER_BURST,
 231:Generated_Source\PSoC5/HighFrequencies_2.c **** 		HI16(wavePtr), HI16(HighFrequencies_2_DAC8__D));
 856              		.loc 1 231 0
 857 000c 7B68     		ldr	r3, [r7, #4]
 858 000e 1B0C     		lsrs	r3, r3, #16
 229:Generated_Source\PSoC5/HighFrequencies_2.c **** 		HighFrequencies_2_Wave1_DMA_BYTES_PER_BURST, HighFrequencies_2_Wave1_DMA_REQUEST_PER_BURST,
 859              		.loc 1 229 0
 860 0010 9AB2     		uxth	r2, r3
 861 0012 4FF48043 		mov	r3, #16384
 862 0016 0121     		movs	r1, #1
 863 0018 0120     		movs	r0, #1
 864 001a FFF7FEFF 		bl	HighFrequencies_2_Wave1_DMA_DmaInitialize
 865 001e 0346     		mov	r3, r0
 866 0020 1A46     		mov	r2, r3
 867 0022 0F4B     		ldr	r3, .L16
 868 0024 1A70     		strb	r2, [r3]
 232:Generated_Source\PSoC5/HighFrequencies_2.c **** 	#endif /* CY_PSOC3 */
 233:Generated_Source\PSoC5/HighFrequencies_2.c **** 	
 234:Generated_Source\PSoC5/HighFrequencies_2.c **** 	/*
 235:Generated_Source\PSoC5/HighFrequencies_2.c **** 	* TD is looping on itself. 
 236:Generated_Source\PSoC5/HighFrequencies_2.c ****     * Increment the source address, but not the destination address. 
 237:Generated_Source\PSoC5/HighFrequencies_2.c **** 	*/
 238:Generated_Source\PSoC5/HighFrequencies_2.c **** 	(void)CyDmaTdSetConfiguration(HighFrequencies_2_Wave1TD, sampleSize, HighFrequencies_2_Wave1TD, 
 869              		.loc 1 238 0
 870 0026 0F4B     		ldr	r3, .L16+4
 871 0028 1878     		ldrb	r0, [r3]	@ zero_extendqisi2
 872 002a 0E4B     		ldr	r3, .L16+4
 873 002c 1A78     		ldrb	r2, [r3]	@ zero_extendqisi2
 874 002e 7988     		ldrh	r1, [r7, #2]
 875 0030 0123     		movs	r3, #1
 876 0032 FFF7FEFF 		bl	CyDmaTdSetConfiguration
 239:Generated_Source\PSoC5/HighFrequencies_2.c ****                                     (uint8)CY_DMA_TD_INC_SRC_ADR | (uint8)HighFrequencies_2_Wave1_D
 240:Generated_Source\PSoC5/HighFrequencies_2.c **** 	
 241:Generated_Source\PSoC5/HighFrequencies_2.c **** 	/* Set the TD source and destination address */
 242:Generated_Source\PSoC5/HighFrequencies_2.c **** 	(void)CyDmaTdSetAddress(HighFrequencies_2_Wave1TD, LO16((uint32)wavePtr), LO16(HighFrequencies_2_D
 877              		.loc 1 242 0
 878 0036 0B4B     		ldr	r3, .L16+4
 879 0038 1B78     		ldrb	r3, [r3]	@ zero_extendqisi2
 880 003a 7A68     		ldr	r2, [r7, #4]
 881 003c 91B2     		uxth	r1, r2
 882 003e 45F68132 		movw	r2, #23425
 883 0042 1846     		mov	r0, r3
 884 0044 FFF7FEFF 		bl	CyDmaTdSetAddress
 243:Generated_Source\PSoC5/HighFrequencies_2.c **** 	
 244:Generated_Source\PSoC5/HighFrequencies_2.c **** 	/* Associate the TD with the channel */
 245:Generated_Source\PSoC5/HighFrequencies_2.c **** 	(void)CyDmaChSetInitialTd(HighFrequencies_2_Wave1Chan, HighFrequencies_2_Wave1TD);
 885              		.loc 1 245 0
 886 0048 054B     		ldr	r3, .L16
 887 004a 1A78     		ldrb	r2, [r3]	@ zero_extendqisi2
 888 004c 054B     		ldr	r3, .L16+4
 889 004e 1B78     		ldrb	r3, [r3]	@ zero_extendqisi2
 890 0050 1946     		mov	r1, r3
 891 0052 1046     		mov	r0, r2
 892 0054 FFF7FEFF 		bl	CyDmaChSetInitialTd
 246:Generated_Source\PSoC5/HighFrequencies_2.c **** }
 893              		.loc 1 246 0
ARM GAS  C:\Users\riveraes\AppData\Local\Temp\cchRvcsA.s 			page 21


 894 0058 00BF     		nop
 895 005a 0837     		adds	r7, r7, #8
 896              		.cfi_def_cfa_offset 8
 897 005c BD46     		mov	sp, r7
 898              		.cfi_def_cfa_register 13
 899              		@ sp needed
 900 005e 80BD     		pop	{r7, pc}
 901              	.L17:
 902              		.align	2
 903              	.L16:
 904 0060 01000000 		.word	HighFrequencies_2_Wave1Chan
 905 0064 03000000 		.word	HighFrequencies_2_Wave1TD
 906              		.cfi_endproc
 907              	.LFE5:
 908              		.size	HighFrequencies_2_Wave1Setup, .-HighFrequencies_2_Wave1Setup
 909              		.section	.text.HighFrequencies_2_Wave2Setup,"ax",%progbits
 910              		.align	2
 911              		.global	HighFrequencies_2_Wave2Setup
 912              		.thumb
 913              		.thumb_func
 914              		.type	HighFrequencies_2_Wave2Setup, %function
 915              	HighFrequencies_2_Wave2Setup:
 916              	.LFB6:
 247:Generated_Source\PSoC5/HighFrequencies_2.c **** 
 248:Generated_Source\PSoC5/HighFrequencies_2.c **** 
 249:Generated_Source\PSoC5/HighFrequencies_2.c **** /*******************************************************************************
 250:Generated_Source\PSoC5/HighFrequencies_2.c **** * Function Name: HighFrequencies_2_Wave2Setup
 251:Generated_Source\PSoC5/HighFrequencies_2.c **** ********************************************************************************
 252:Generated_Source\PSoC5/HighFrequencies_2.c **** *
 253:Generated_Source\PSoC5/HighFrequencies_2.c **** * Summary:
 254:Generated_Source\PSoC5/HighFrequencies_2.c **** *  Sets pointer and size for waveform 2.                                    
 255:Generated_Source\PSoC5/HighFrequencies_2.c **** *
 256:Generated_Source\PSoC5/HighFrequencies_2.c **** * Parameters:  
 257:Generated_Source\PSoC5/HighFrequencies_2.c **** *  uint8 * WavePtr:     Pointer to the waveform array.
 258:Generated_Source\PSoC5/HighFrequencies_2.c **** *  uint16  SampleSize:  The amount of samples in the waveform.
 259:Generated_Source\PSoC5/HighFrequencies_2.c **** *
 260:Generated_Source\PSoC5/HighFrequencies_2.c **** * Return: 
 261:Generated_Source\PSoC5/HighFrequencies_2.c **** *  None
 262:Generated_Source\PSoC5/HighFrequencies_2.c **** *
 263:Generated_Source\PSoC5/HighFrequencies_2.c **** *******************************************************************************/
 264:Generated_Source\PSoC5/HighFrequencies_2.c **** void HighFrequencies_2_Wave2Setup(const uint8 * wavePtr, uint16 sampleSize)
 265:Generated_Source\PSoC5/HighFrequencies_2.c ****  
 266:Generated_Source\PSoC5/HighFrequencies_2.c **** {
 917              		.loc 1 266 0
 918              		.cfi_startproc
 919              		@ args = 0, pretend = 0, frame = 8
 920              		@ frame_needed = 1, uses_anonymous_args = 0
 921 0000 80B5     		push	{r7, lr}
 922              		.cfi_def_cfa_offset 8
 923              		.cfi_offset 7, -8
 924              		.cfi_offset 14, -4
 925 0002 82B0     		sub	sp, sp, #8
 926              		.cfi_def_cfa_offset 16
 927 0004 00AF     		add	r7, sp, #0
 928              		.cfi_def_cfa_register 7
 929 0006 7860     		str	r0, [r7, #4]
 930 0008 0B46     		mov	r3, r1
ARM GAS  C:\Users\riveraes\AppData\Local\Temp\cchRvcsA.s 			page 22


 931 000a 7B80     		strh	r3, [r7, #2]	@ movhi
 267:Generated_Source\PSoC5/HighFrequencies_2.c **** 	#if (CY_PSOC3)
 268:Generated_Source\PSoC5/HighFrequencies_2.c **** 		uint16 memoryType; /* determining the source memory type */
 269:Generated_Source\PSoC5/HighFrequencies_2.c **** 		memoryType = (HighFrequencies_2_HI16FLASHPTR == HI16(wavePtr)) ? HI16(CYDEV_FLS_BASE) : HI16(CYDE
 270:Generated_Source\PSoC5/HighFrequencies_2.c **** 			
 271:Generated_Source\PSoC5/HighFrequencies_2.c **** 		HighFrequencies_2_Wave2Chan = HighFrequencies_2_Wave2_DMA_DmaInitialize(
 272:Generated_Source\PSoC5/HighFrequencies_2.c **** 		HighFrequencies_2_Wave2_DMA_BYTES_PER_BURST, HighFrequencies_2_Wave2_DMA_REQUEST_PER_BURST,
 273:Generated_Source\PSoC5/HighFrequencies_2.c **** 		memoryType, HI16(CYDEV_PERIPH_BASE));
 274:Generated_Source\PSoC5/HighFrequencies_2.c **** 	#else /* PSoC 5 */
 275:Generated_Source\PSoC5/HighFrequencies_2.c **** 		HighFrequencies_2_Wave2Chan = HighFrequencies_2_Wave2_DMA_DmaInitialize(
 276:Generated_Source\PSoC5/HighFrequencies_2.c **** 		HighFrequencies_2_Wave2_DMA_BYTES_PER_BURST, HighFrequencies_2_Wave2_DMA_REQUEST_PER_BURST,
 277:Generated_Source\PSoC5/HighFrequencies_2.c **** 		HI16(wavePtr), HI16(HighFrequencies_2_DAC8__D));
 932              		.loc 1 277 0
 933 000c 7B68     		ldr	r3, [r7, #4]
 934 000e 1B0C     		lsrs	r3, r3, #16
 275:Generated_Source\PSoC5/HighFrequencies_2.c **** 		HighFrequencies_2_Wave2_DMA_BYTES_PER_BURST, HighFrequencies_2_Wave2_DMA_REQUEST_PER_BURST,
 935              		.loc 1 275 0
 936 0010 9AB2     		uxth	r2, r3
 937 0012 4FF48043 		mov	r3, #16384
 938 0016 0121     		movs	r1, #1
 939 0018 0120     		movs	r0, #1
 940 001a FFF7FEFF 		bl	HighFrequencies_2_Wave2_DMA_DmaInitialize
 941 001e 0346     		mov	r3, r0
 942 0020 1A46     		mov	r2, r3
 943 0022 0F4B     		ldr	r3, .L19
 944 0024 1A70     		strb	r2, [r3]
 278:Generated_Source\PSoC5/HighFrequencies_2.c **** 	#endif /* CY_PSOC3 */
 279:Generated_Source\PSoC5/HighFrequencies_2.c **** 	
 280:Generated_Source\PSoC5/HighFrequencies_2.c **** 	/*
 281:Generated_Source\PSoC5/HighFrequencies_2.c **** 	* TD is looping on itself. 
 282:Generated_Source\PSoC5/HighFrequencies_2.c **** 	* Increment the source address, but not the destination address. 
 283:Generated_Source\PSoC5/HighFrequencies_2.c **** 	*/
 284:Generated_Source\PSoC5/HighFrequencies_2.c **** 	(void)CyDmaTdSetConfiguration(HighFrequencies_2_Wave2TD, sampleSize, HighFrequencies_2_Wave2TD, 
 945              		.loc 1 284 0
 946 0026 0F4B     		ldr	r3, .L19+4
 947 0028 1878     		ldrb	r0, [r3]	@ zero_extendqisi2
 948 002a 0E4B     		ldr	r3, .L19+4
 949 002c 1A78     		ldrb	r2, [r3]	@ zero_extendqisi2
 950 002e 7988     		ldrh	r1, [r7, #2]
 951 0030 0123     		movs	r3, #1
 952 0032 FFF7FEFF 		bl	CyDmaTdSetConfiguration
 285:Generated_Source\PSoC5/HighFrequencies_2.c ****                                     (uint8)CY_DMA_TD_INC_SRC_ADR | (uint8)HighFrequencies_2_Wave2_D
 286:Generated_Source\PSoC5/HighFrequencies_2.c **** 	
 287:Generated_Source\PSoC5/HighFrequencies_2.c **** 	/* Set the TD source and destination address */
 288:Generated_Source\PSoC5/HighFrequencies_2.c **** 	(void)CyDmaTdSetAddress(HighFrequencies_2_Wave2TD, LO16((uint32)wavePtr), LO16(HighFrequencies_2_D
 953              		.loc 1 288 0
 954 0036 0B4B     		ldr	r3, .L19+4
 955 0038 1B78     		ldrb	r3, [r3]	@ zero_extendqisi2
 956 003a 7A68     		ldr	r2, [r7, #4]
 957 003c 91B2     		uxth	r1, r2
 958 003e 45F68132 		movw	r2, #23425
 959 0042 1846     		mov	r0, r3
 960 0044 FFF7FEFF 		bl	CyDmaTdSetAddress
 289:Generated_Source\PSoC5/HighFrequencies_2.c **** 	
 290:Generated_Source\PSoC5/HighFrequencies_2.c **** 	/* Associate the TD with the channel */
 291:Generated_Source\PSoC5/HighFrequencies_2.c **** 	(void)CyDmaChSetInitialTd(HighFrequencies_2_Wave2Chan, HighFrequencies_2_Wave2TD);
 961              		.loc 1 291 0
ARM GAS  C:\Users\riveraes\AppData\Local\Temp\cchRvcsA.s 			page 23


 962 0048 054B     		ldr	r3, .L19
 963 004a 1A78     		ldrb	r2, [r3]	@ zero_extendqisi2
 964 004c 054B     		ldr	r3, .L19+4
 965 004e 1B78     		ldrb	r3, [r3]	@ zero_extendqisi2
 966 0050 1946     		mov	r1, r3
 967 0052 1046     		mov	r0, r2
 968 0054 FFF7FEFF 		bl	CyDmaChSetInitialTd
 292:Generated_Source\PSoC5/HighFrequencies_2.c **** }
 969              		.loc 1 292 0
 970 0058 00BF     		nop
 971 005a 0837     		adds	r7, r7, #8
 972              		.cfi_def_cfa_offset 8
 973 005c BD46     		mov	sp, r7
 974              		.cfi_def_cfa_register 13
 975              		@ sp needed
 976 005e 80BD     		pop	{r7, pc}
 977              	.L20:
 978              		.align	2
 979              	.L19:
 980 0060 02000000 		.word	HighFrequencies_2_Wave2Chan
 981 0064 04000000 		.word	HighFrequencies_2_Wave2TD
 982              		.cfi_endproc
 983              	.LFE6:
 984              		.size	HighFrequencies_2_Wave2Setup, .-HighFrequencies_2_Wave2Setup
 985              		.text
 986              	.Letext0:
 987              		.file 2 "Generated_Source\\PSoC5\\cytypes.h"
 988              		.section	.debug_info,"",%progbits
 989              	.Ldebug_info0:
 990 0000 55020000 		.4byte	0x255
 991 0004 0400     		.2byte	0x4
 992 0006 00000000 		.4byte	.Ldebug_abbrev0
 993 000a 04       		.byte	0x4
 994 000b 01       		.uleb128 0x1
 995 000c 48000000 		.4byte	.LASF37
 996 0010 0C       		.byte	0xc
 997 0011 1D000000 		.4byte	.LASF38
 998 0015 77010000 		.4byte	.LASF39
 999 0019 00000000 		.4byte	.Ldebug_ranges0+0
 1000 001d 00000000 		.4byte	0
 1001 0021 00000000 		.4byte	.Ldebug_line0
 1002 0025 02       		.uleb128 0x2
 1003 0026 01       		.byte	0x1
 1004 0027 06       		.byte	0x6
 1005 0028 5F030000 		.4byte	.LASF0
 1006 002c 02       		.uleb128 0x2
 1007 002d 01       		.byte	0x1
 1008 002e 08       		.byte	0x8
 1009 002f 0F020000 		.4byte	.LASF1
 1010 0033 02       		.uleb128 0x2
 1011 0034 02       		.byte	0x2
 1012 0035 05       		.byte	0x5
 1013 0036 28030000 		.4byte	.LASF2
 1014 003a 02       		.uleb128 0x2
 1015 003b 02       		.byte	0x2
 1016 003c 07       		.byte	0x7
 1017 003d D6000000 		.4byte	.LASF3
ARM GAS  C:\Users\riveraes\AppData\Local\Temp\cchRvcsA.s 			page 24


 1018 0041 02       		.uleb128 0x2
 1019 0042 04       		.byte	0x4
 1020 0043 05       		.byte	0x5
 1021 0044 4A030000 		.4byte	.LASF4
 1022 0048 02       		.uleb128 0x2
 1023 0049 04       		.byte	0x4
 1024 004a 07       		.byte	0x7
 1025 004b 3F010000 		.4byte	.LASF5
 1026 004f 02       		.uleb128 0x2
 1027 0050 08       		.byte	0x8
 1028 0051 05       		.byte	0x5
 1029 0052 15030000 		.4byte	.LASF6
 1030 0056 02       		.uleb128 0x2
 1031 0057 08       		.byte	0x8
 1032 0058 07       		.byte	0x7
 1033 0059 A4020000 		.4byte	.LASF7
 1034 005d 03       		.uleb128 0x3
 1035 005e 04       		.byte	0x4
 1036 005f 05       		.byte	0x5
 1037 0060 696E7400 		.ascii	"int\000"
 1038 0064 02       		.uleb128 0x2
 1039 0065 04       		.byte	0x4
 1040 0066 07       		.byte	0x7
 1041 0067 61020000 		.4byte	.LASF8
 1042 006b 04       		.uleb128 0x4
 1043 006c 59010000 		.4byte	.LASF9
 1044 0070 02       		.byte	0x2
 1045 0071 9201     		.2byte	0x192
 1046 0073 2C000000 		.4byte	0x2c
 1047 0077 04       		.uleb128 0x4
 1048 0078 53020000 		.4byte	.LASF10
 1049 007c 02       		.byte	0x2
 1050 007d 9301     		.2byte	0x193
 1051 007f 3A000000 		.4byte	0x3a
 1052 0083 04       		.uleb128 0x4
 1053 0084 5A020000 		.4byte	.LASF11
 1054 0088 02       		.byte	0x2
 1055 0089 9401     		.2byte	0x194
 1056 008b 48000000 		.4byte	0x48
 1057 008f 02       		.uleb128 0x2
 1058 0090 04       		.byte	0x4
 1059 0091 04       		.byte	0x4
 1060 0092 12010000 		.4byte	.LASF12
 1061 0096 02       		.uleb128 0x2
 1062 0097 08       		.byte	0x8
 1063 0098 04       		.byte	0x4
 1064 0099 1D020000 		.4byte	.LASF13
 1065 009d 02       		.uleb128 0x2
 1066 009e 01       		.byte	0x1
 1067 009f 08       		.byte	0x8
 1068 00a0 23030000 		.4byte	.LASF14
 1069 00a4 02       		.uleb128 0x2
 1070 00a5 08       		.byte	0x8
 1071 00a6 04       		.byte	0x4
 1072 00a7 53030000 		.4byte	.LASF15
 1073 00ab 02       		.uleb128 0x2
 1074 00ac 04       		.byte	0x4
ARM GAS  C:\Users\riveraes\AppData\Local\Temp\cchRvcsA.s 			page 25


 1075 00ad 07       		.byte	0x7
 1076 00ae F2020000 		.4byte	.LASF16
 1077 00b2 05       		.uleb128 0x5
 1078 00b3 E9000000 		.4byte	.LASF17
 1079 00b7 01       		.byte	0x1
 1080 00b8 2B       		.byte	0x2b
 1081 00b9 00000000 		.4byte	.LFB0
 1082 00bd 54000000 		.4byte	.LFE0-.LFB0
 1083 00c1 01       		.uleb128 0x1
 1084 00c2 9C       		.byte	0x9c
 1085 00c3 05       		.uleb128 0x5
 1086 00c4 6B030000 		.4byte	.LASF18
 1087 00c8 01       		.byte	0x1
 1088 00c9 56       		.byte	0x56
 1089 00ca 00000000 		.4byte	.LFB1
 1090 00ce 38000000 		.4byte	.LFE1-.LFB1
 1091 00d2 01       		.uleb128 0x1
 1092 00d3 9C       		.byte	0x9c
 1093 00d4 05       		.uleb128 0x5
 1094 00d5 32030000 		.4byte	.LASF19
 1095 00d9 01       		.byte	0x1
 1096 00da 81       		.byte	0x81
 1097 00db 00000000 		.4byte	.LFB2
 1098 00df 24000000 		.4byte	.LFE2-.LFB2
 1099 00e3 01       		.uleb128 0x1
 1100 00e4 9C       		.byte	0x9c
 1101 00e5 06       		.uleb128 0x6
 1102 00e6 8A020000 		.4byte	.LASF25
 1103 00ea 01       		.byte	0x1
 1104 00eb A3       		.byte	0xa3
 1105 00ec 00000000 		.4byte	.LFB3
 1106 00f0 34000000 		.4byte	.LFE3-.LFB3
 1107 00f4 01       		.uleb128 0x1
 1108 00f5 9C       		.byte	0x9c
 1109 00f6 33010000 		.4byte	0x133
 1110 00fa 07       		.uleb128 0x7
 1111 00fb 00010000 		.4byte	.LASF20
 1112 00ff 01       		.byte	0x1
 1113 0100 A3       		.byte	0xa3
 1114 0101 33010000 		.4byte	0x133
 1115 0105 02       		.uleb128 0x2
 1116 0106 91       		.byte	0x91
 1117 0107 74       		.sleb128 -12
 1118 0108 07       		.uleb128 0x7
 1119 0109 5F010000 		.4byte	.LASF21
 1120 010d 01       		.byte	0x1
 1121 010e A3       		.byte	0xa3
 1122 010f 77000000 		.4byte	0x77
 1123 0113 02       		.uleb128 0x2
 1124 0114 91       		.byte	0x91
 1125 0115 72       		.sleb128 -14
 1126 0116 07       		.uleb128 0x7
 1127 0117 09010000 		.4byte	.LASF22
 1128 011b 01       		.byte	0x1
 1129 011c A3       		.byte	0xa3
 1130 011d 33010000 		.4byte	0x133
 1131 0121 02       		.uleb128 0x2
ARM GAS  C:\Users\riveraes\AppData\Local\Temp\cchRvcsA.s 			page 26


 1132 0122 91       		.byte	0x91
 1133 0123 6C       		.sleb128 -20
 1134 0124 07       		.uleb128 0x7
 1135 0125 6B010000 		.4byte	.LASF23
 1136 0129 01       		.byte	0x1
 1137 012a A3       		.byte	0xa3
 1138 012b 77000000 		.4byte	0x77
 1139 012f 02       		.uleb128 0x2
 1140 0130 91       		.byte	0x91
 1141 0131 70       		.sleb128 -16
 1142 0132 00       		.byte	0
 1143 0133 08       		.uleb128 0x8
 1144 0134 04       		.byte	0x4
 1145 0135 39010000 		.4byte	0x139
 1146 0139 09       		.uleb128 0x9
 1147 013a 6B000000 		.4byte	0x6b
 1148 013e 05       		.uleb128 0x5
 1149 013f 3C020000 		.4byte	.LASF24
 1150 0143 01       		.byte	0x1
 1151 0144 BB       		.byte	0xbb
 1152 0145 00000000 		.4byte	.LFB4
 1153 0149 2C000000 		.4byte	.LFE4-.LFB4
 1154 014d 01       		.uleb128 0x1
 1155 014e 9C       		.byte	0x9c
 1156 014f 06       		.uleb128 0x6
 1157 0150 D5020000 		.4byte	.LASF26
 1158 0154 01       		.byte	0x1
 1159 0155 DA       		.byte	0xda
 1160 0156 00000000 		.4byte	.LFB5
 1161 015a 68000000 		.4byte	.LFE5-.LFB5
 1162 015e 01       		.uleb128 0x1
 1163 015f 9C       		.byte	0x9c
 1164 0160 81010000 		.4byte	0x181
 1165 0164 07       		.uleb128 0x7
 1166 0165 51010000 		.4byte	.LASF27
 1167 0169 01       		.byte	0x1
 1168 016a DA       		.byte	0xda
 1169 016b 33010000 		.4byte	0x133
 1170 016f 02       		.uleb128 0x2
 1171 0170 91       		.byte	0x91
 1172 0171 74       		.sleb128 -12
 1173 0172 07       		.uleb128 0x7
 1174 0173 18010000 		.4byte	.LASF28
 1175 0177 01       		.byte	0x1
 1176 0178 DA       		.byte	0xda
 1177 0179 77000000 		.4byte	0x77
 1178 017d 02       		.uleb128 0x2
 1179 017e 91       		.byte	0x91
 1180 017f 72       		.sleb128 -14
 1181 0180 00       		.byte	0
 1182 0181 0A       		.uleb128 0xa
 1183 0182 00000000 		.4byte	.LASF29
 1184 0186 01       		.byte	0x1
 1185 0187 0801     		.2byte	0x108
 1186 0189 00000000 		.4byte	.LFB6
 1187 018d 68000000 		.4byte	.LFE6-.LFB6
 1188 0191 01       		.uleb128 0x1
ARM GAS  C:\Users\riveraes\AppData\Local\Temp\cchRvcsA.s 			page 27


 1189 0192 9C       		.byte	0x9c
 1190 0193 B6010000 		.4byte	0x1b6
 1191 0197 0B       		.uleb128 0xb
 1192 0198 51010000 		.4byte	.LASF27
 1193 019c 01       		.byte	0x1
 1194 019d 0801     		.2byte	0x108
 1195 019f 33010000 		.4byte	0x133
 1196 01a3 02       		.uleb128 0x2
 1197 01a4 91       		.byte	0x91
 1198 01a5 74       		.sleb128 -12
 1199 01a6 0B       		.uleb128 0xb
 1200 01a7 18010000 		.4byte	.LASF28
 1201 01ab 01       		.byte	0x1
 1202 01ac 0801     		.2byte	0x108
 1203 01ae 77000000 		.4byte	0x77
 1204 01b2 02       		.uleb128 0x2
 1205 01b3 91       		.byte	0x91
 1206 01b4 72       		.sleb128 -14
 1207 01b5 00       		.byte	0
 1208 01b6 0C       		.uleb128 0xc
 1209 01b7 23010000 		.4byte	.LASF30
 1210 01bb 01       		.byte	0x1
 1211 01bc 17       		.byte	0x17
 1212 01bd 6B000000 		.4byte	0x6b
 1213 01c1 05       		.uleb128 0x5
 1214 01c2 03       		.byte	0x3
 1215 01c3 01000000 		.4byte	HighFrequencies_2_Wave1Chan
 1216 01c7 0C       		.uleb128 0xc
 1217 01c8 6E020000 		.4byte	.LASF31
 1218 01cc 01       		.byte	0x1
 1219 01cd 18       		.byte	0x18
 1220 01ce 6B000000 		.4byte	0x6b
 1221 01d2 05       		.uleb128 0x5
 1222 01d3 03       		.byte	0x3
 1223 01d4 02000000 		.4byte	HighFrequencies_2_Wave2Chan
 1224 01d8 0C       		.uleb128 0xc
 1225 01d9 BB020000 		.4byte	.LASF32
 1226 01dd 01       		.byte	0x1
 1227 01de 19       		.byte	0x19
 1228 01df 6B000000 		.4byte	0x6b
 1229 01e3 05       		.uleb128 0x5
 1230 01e4 03       		.byte	0x3
 1231 01e5 03000000 		.4byte	HighFrequencies_2_Wave1TD
 1232 01e9 0C       		.uleb128 0xc
 1233 01ea 84030000 		.4byte	.LASF33
 1234 01ee 01       		.byte	0x1
 1235 01ef 1A       		.byte	0x1a
 1236 01f0 6B000000 		.4byte	0x6b
 1237 01f4 05       		.uleb128 0x5
 1238 01f5 03       		.byte	0x3
 1239 01f6 04000000 		.4byte	HighFrequencies_2_Wave2TD
 1240 01fa 0D       		.uleb128 0xd
 1241 01fb FB020000 		.4byte	.LASF34
 1242 01ff 01       		.byte	0x1
 1243 0200 12       		.byte	0x12
 1244 0201 6B000000 		.4byte	0x6b
 1245 0205 05       		.uleb128 0x5
ARM GAS  C:\Users\riveraes\AppData\Local\Temp\cchRvcsA.s 			page 28


 1246 0206 03       		.byte	0x3
 1247 0207 00000000 		.4byte	HighFrequencies_2_initVar
 1248 020b 0E       		.uleb128 0xe
 1249 020c 39010000 		.4byte	0x139
 1250 0210 1C020000 		.4byte	0x21c
 1251 0214 0F       		.uleb128 0xf
 1252 0215 AB000000 		.4byte	0xab
 1253 0219 1C02     		.2byte	0x21c
 1254 021b 00       		.byte	0
 1255 021c 0D       		.uleb128 0xd
 1256 021d 9E030000 		.4byte	.LASF35
 1257 0221 01       		.byte	0x1
 1258 0222 14       		.byte	0x14
 1259 0223 2D020000 		.4byte	0x22d
 1260 0227 05       		.uleb128 0x5
 1261 0228 03       		.byte	0x3
 1262 0229 00000000 		.4byte	HighFrequencies_2_wave1
 1263 022d 09       		.uleb128 0x9
 1264 022e 0B020000 		.4byte	0x20b
 1265 0232 0E       		.uleb128 0xe
 1266 0233 39010000 		.4byte	0x139
 1267 0237 42020000 		.4byte	0x242
 1268 023b 10       		.uleb128 0x10
 1269 023c AB000000 		.4byte	0xab
 1270 0240 03       		.byte	0x3
 1271 0241 00       		.byte	0
 1272 0242 0D       		.uleb128 0xd
 1273 0243 24020000 		.4byte	.LASF36
 1274 0247 01       		.byte	0x1
 1275 0248 15       		.byte	0x15
 1276 0249 53020000 		.4byte	0x253
 1277 024d 05       		.uleb128 0x5
 1278 024e 03       		.byte	0x3
 1279 024f 00000000 		.4byte	HighFrequencies_2_wave2
 1280 0253 09       		.uleb128 0x9
 1281 0254 32020000 		.4byte	0x232
 1282 0258 00       		.byte	0
 1283              		.section	.debug_abbrev,"",%progbits
 1284              	.Ldebug_abbrev0:
 1285 0000 01       		.uleb128 0x1
 1286 0001 11       		.uleb128 0x11
 1287 0002 01       		.byte	0x1
 1288 0003 25       		.uleb128 0x25
 1289 0004 0E       		.uleb128 0xe
 1290 0005 13       		.uleb128 0x13
 1291 0006 0B       		.uleb128 0xb
 1292 0007 03       		.uleb128 0x3
 1293 0008 0E       		.uleb128 0xe
 1294 0009 1B       		.uleb128 0x1b
 1295 000a 0E       		.uleb128 0xe
 1296 000b 55       		.uleb128 0x55
 1297 000c 17       		.uleb128 0x17
 1298 000d 11       		.uleb128 0x11
 1299 000e 01       		.uleb128 0x1
 1300 000f 10       		.uleb128 0x10
 1301 0010 17       		.uleb128 0x17
 1302 0011 00       		.byte	0
ARM GAS  C:\Users\riveraes\AppData\Local\Temp\cchRvcsA.s 			page 29


 1303 0012 00       		.byte	0
 1304 0013 02       		.uleb128 0x2
 1305 0014 24       		.uleb128 0x24
 1306 0015 00       		.byte	0
 1307 0016 0B       		.uleb128 0xb
 1308 0017 0B       		.uleb128 0xb
 1309 0018 3E       		.uleb128 0x3e
 1310 0019 0B       		.uleb128 0xb
 1311 001a 03       		.uleb128 0x3
 1312 001b 0E       		.uleb128 0xe
 1313 001c 00       		.byte	0
 1314 001d 00       		.byte	0
 1315 001e 03       		.uleb128 0x3
 1316 001f 24       		.uleb128 0x24
 1317 0020 00       		.byte	0
 1318 0021 0B       		.uleb128 0xb
 1319 0022 0B       		.uleb128 0xb
 1320 0023 3E       		.uleb128 0x3e
 1321 0024 0B       		.uleb128 0xb
 1322 0025 03       		.uleb128 0x3
 1323 0026 08       		.uleb128 0x8
 1324 0027 00       		.byte	0
 1325 0028 00       		.byte	0
 1326 0029 04       		.uleb128 0x4
 1327 002a 16       		.uleb128 0x16
 1328 002b 00       		.byte	0
 1329 002c 03       		.uleb128 0x3
 1330 002d 0E       		.uleb128 0xe
 1331 002e 3A       		.uleb128 0x3a
 1332 002f 0B       		.uleb128 0xb
 1333 0030 3B       		.uleb128 0x3b
 1334 0031 05       		.uleb128 0x5
 1335 0032 49       		.uleb128 0x49
 1336 0033 13       		.uleb128 0x13
 1337 0034 00       		.byte	0
 1338 0035 00       		.byte	0
 1339 0036 05       		.uleb128 0x5
 1340 0037 2E       		.uleb128 0x2e
 1341 0038 00       		.byte	0
 1342 0039 3F       		.uleb128 0x3f
 1343 003a 19       		.uleb128 0x19
 1344 003b 03       		.uleb128 0x3
 1345 003c 0E       		.uleb128 0xe
 1346 003d 3A       		.uleb128 0x3a
 1347 003e 0B       		.uleb128 0xb
 1348 003f 3B       		.uleb128 0x3b
 1349 0040 0B       		.uleb128 0xb
 1350 0041 27       		.uleb128 0x27
 1351 0042 19       		.uleb128 0x19
 1352 0043 11       		.uleb128 0x11
 1353 0044 01       		.uleb128 0x1
 1354 0045 12       		.uleb128 0x12
 1355 0046 06       		.uleb128 0x6
 1356 0047 40       		.uleb128 0x40
 1357 0048 18       		.uleb128 0x18
 1358 0049 9642     		.uleb128 0x2116
 1359 004b 19       		.uleb128 0x19
ARM GAS  C:\Users\riveraes\AppData\Local\Temp\cchRvcsA.s 			page 30


 1360 004c 00       		.byte	0
 1361 004d 00       		.byte	0
 1362 004e 06       		.uleb128 0x6
 1363 004f 2E       		.uleb128 0x2e
 1364 0050 01       		.byte	0x1
 1365 0051 3F       		.uleb128 0x3f
 1366 0052 19       		.uleb128 0x19
 1367 0053 03       		.uleb128 0x3
 1368 0054 0E       		.uleb128 0xe
 1369 0055 3A       		.uleb128 0x3a
 1370 0056 0B       		.uleb128 0xb
 1371 0057 3B       		.uleb128 0x3b
 1372 0058 0B       		.uleb128 0xb
 1373 0059 27       		.uleb128 0x27
 1374 005a 19       		.uleb128 0x19
 1375 005b 11       		.uleb128 0x11
 1376 005c 01       		.uleb128 0x1
 1377 005d 12       		.uleb128 0x12
 1378 005e 06       		.uleb128 0x6
 1379 005f 40       		.uleb128 0x40
 1380 0060 18       		.uleb128 0x18
 1381 0061 9642     		.uleb128 0x2116
 1382 0063 19       		.uleb128 0x19
 1383 0064 01       		.uleb128 0x1
 1384 0065 13       		.uleb128 0x13
 1385 0066 00       		.byte	0
 1386 0067 00       		.byte	0
 1387 0068 07       		.uleb128 0x7
 1388 0069 05       		.uleb128 0x5
 1389 006a 00       		.byte	0
 1390 006b 03       		.uleb128 0x3
 1391 006c 0E       		.uleb128 0xe
 1392 006d 3A       		.uleb128 0x3a
 1393 006e 0B       		.uleb128 0xb
 1394 006f 3B       		.uleb128 0x3b
 1395 0070 0B       		.uleb128 0xb
 1396 0071 49       		.uleb128 0x49
 1397 0072 13       		.uleb128 0x13
 1398 0073 02       		.uleb128 0x2
 1399 0074 18       		.uleb128 0x18
 1400 0075 00       		.byte	0
 1401 0076 00       		.byte	0
 1402 0077 08       		.uleb128 0x8
 1403 0078 0F       		.uleb128 0xf
 1404 0079 00       		.byte	0
 1405 007a 0B       		.uleb128 0xb
 1406 007b 0B       		.uleb128 0xb
 1407 007c 49       		.uleb128 0x49
 1408 007d 13       		.uleb128 0x13
 1409 007e 00       		.byte	0
 1410 007f 00       		.byte	0
 1411 0080 09       		.uleb128 0x9
 1412 0081 26       		.uleb128 0x26
 1413 0082 00       		.byte	0
 1414 0083 49       		.uleb128 0x49
 1415 0084 13       		.uleb128 0x13
 1416 0085 00       		.byte	0
ARM GAS  C:\Users\riveraes\AppData\Local\Temp\cchRvcsA.s 			page 31


 1417 0086 00       		.byte	0
 1418 0087 0A       		.uleb128 0xa
 1419 0088 2E       		.uleb128 0x2e
 1420 0089 01       		.byte	0x1
 1421 008a 3F       		.uleb128 0x3f
 1422 008b 19       		.uleb128 0x19
 1423 008c 03       		.uleb128 0x3
 1424 008d 0E       		.uleb128 0xe
 1425 008e 3A       		.uleb128 0x3a
 1426 008f 0B       		.uleb128 0xb
 1427 0090 3B       		.uleb128 0x3b
 1428 0091 05       		.uleb128 0x5
 1429 0092 27       		.uleb128 0x27
 1430 0093 19       		.uleb128 0x19
 1431 0094 11       		.uleb128 0x11
 1432 0095 01       		.uleb128 0x1
 1433 0096 12       		.uleb128 0x12
 1434 0097 06       		.uleb128 0x6
 1435 0098 40       		.uleb128 0x40
 1436 0099 18       		.uleb128 0x18
 1437 009a 9642     		.uleb128 0x2116
 1438 009c 19       		.uleb128 0x19
 1439 009d 01       		.uleb128 0x1
 1440 009e 13       		.uleb128 0x13
 1441 009f 00       		.byte	0
 1442 00a0 00       		.byte	0
 1443 00a1 0B       		.uleb128 0xb
 1444 00a2 05       		.uleb128 0x5
 1445 00a3 00       		.byte	0
 1446 00a4 03       		.uleb128 0x3
 1447 00a5 0E       		.uleb128 0xe
 1448 00a6 3A       		.uleb128 0x3a
 1449 00a7 0B       		.uleb128 0xb
 1450 00a8 3B       		.uleb128 0x3b
 1451 00a9 05       		.uleb128 0x5
 1452 00aa 49       		.uleb128 0x49
 1453 00ab 13       		.uleb128 0x13
 1454 00ac 02       		.uleb128 0x2
 1455 00ad 18       		.uleb128 0x18
 1456 00ae 00       		.byte	0
 1457 00af 00       		.byte	0
 1458 00b0 0C       		.uleb128 0xc
 1459 00b1 34       		.uleb128 0x34
 1460 00b2 00       		.byte	0
 1461 00b3 03       		.uleb128 0x3
 1462 00b4 0E       		.uleb128 0xe
 1463 00b5 3A       		.uleb128 0x3a
 1464 00b6 0B       		.uleb128 0xb
 1465 00b7 3B       		.uleb128 0x3b
 1466 00b8 0B       		.uleb128 0xb
 1467 00b9 49       		.uleb128 0x49
 1468 00ba 13       		.uleb128 0x13
 1469 00bb 02       		.uleb128 0x2
 1470 00bc 18       		.uleb128 0x18
 1471 00bd 00       		.byte	0
 1472 00be 00       		.byte	0
 1473 00bf 0D       		.uleb128 0xd
ARM GAS  C:\Users\riveraes\AppData\Local\Temp\cchRvcsA.s 			page 32


 1474 00c0 34       		.uleb128 0x34
 1475 00c1 00       		.byte	0
 1476 00c2 03       		.uleb128 0x3
 1477 00c3 0E       		.uleb128 0xe
 1478 00c4 3A       		.uleb128 0x3a
 1479 00c5 0B       		.uleb128 0xb
 1480 00c6 3B       		.uleb128 0x3b
 1481 00c7 0B       		.uleb128 0xb
 1482 00c8 49       		.uleb128 0x49
 1483 00c9 13       		.uleb128 0x13
 1484 00ca 3F       		.uleb128 0x3f
 1485 00cb 19       		.uleb128 0x19
 1486 00cc 02       		.uleb128 0x2
 1487 00cd 18       		.uleb128 0x18
 1488 00ce 00       		.byte	0
 1489 00cf 00       		.byte	0
 1490 00d0 0E       		.uleb128 0xe
 1491 00d1 01       		.uleb128 0x1
 1492 00d2 01       		.byte	0x1
 1493 00d3 49       		.uleb128 0x49
 1494 00d4 13       		.uleb128 0x13
 1495 00d5 01       		.uleb128 0x1
 1496 00d6 13       		.uleb128 0x13
 1497 00d7 00       		.byte	0
 1498 00d8 00       		.byte	0
 1499 00d9 0F       		.uleb128 0xf
 1500 00da 21       		.uleb128 0x21
 1501 00db 00       		.byte	0
 1502 00dc 49       		.uleb128 0x49
 1503 00dd 13       		.uleb128 0x13
 1504 00de 2F       		.uleb128 0x2f
 1505 00df 05       		.uleb128 0x5
 1506 00e0 00       		.byte	0
 1507 00e1 00       		.byte	0
 1508 00e2 10       		.uleb128 0x10
 1509 00e3 21       		.uleb128 0x21
 1510 00e4 00       		.byte	0
 1511 00e5 49       		.uleb128 0x49
 1512 00e6 13       		.uleb128 0x13
 1513 00e7 2F       		.uleb128 0x2f
 1514 00e8 0B       		.uleb128 0xb
 1515 00e9 00       		.byte	0
 1516 00ea 00       		.byte	0
 1517 00eb 00       		.byte	0
 1518              		.section	.debug_aranges,"",%progbits
 1519 0000 4C000000 		.4byte	0x4c
 1520 0004 0200     		.2byte	0x2
 1521 0006 00000000 		.4byte	.Ldebug_info0
 1522 000a 04       		.byte	0x4
 1523 000b 00       		.byte	0
 1524 000c 0000     		.2byte	0
 1525 000e 0000     		.2byte	0
 1526 0010 00000000 		.4byte	.LFB0
 1527 0014 54000000 		.4byte	.LFE0-.LFB0
 1528 0018 00000000 		.4byte	.LFB1
 1529 001c 38000000 		.4byte	.LFE1-.LFB1
 1530 0020 00000000 		.4byte	.LFB2
ARM GAS  C:\Users\riveraes\AppData\Local\Temp\cchRvcsA.s 			page 33


 1531 0024 24000000 		.4byte	.LFE2-.LFB2
 1532 0028 00000000 		.4byte	.LFB3
 1533 002c 34000000 		.4byte	.LFE3-.LFB3
 1534 0030 00000000 		.4byte	.LFB4
 1535 0034 2C000000 		.4byte	.LFE4-.LFB4
 1536 0038 00000000 		.4byte	.LFB5
 1537 003c 68000000 		.4byte	.LFE5-.LFB5
 1538 0040 00000000 		.4byte	.LFB6
 1539 0044 68000000 		.4byte	.LFE6-.LFB6
 1540 0048 00000000 		.4byte	0
 1541 004c 00000000 		.4byte	0
 1542              		.section	.debug_ranges,"",%progbits
 1543              	.Ldebug_ranges0:
 1544 0000 00000000 		.4byte	.LFB0
 1545 0004 54000000 		.4byte	.LFE0
 1546 0008 00000000 		.4byte	.LFB1
 1547 000c 38000000 		.4byte	.LFE1
 1548 0010 00000000 		.4byte	.LFB2
 1549 0014 24000000 		.4byte	.LFE2
 1550 0018 00000000 		.4byte	.LFB3
 1551 001c 34000000 		.4byte	.LFE3
 1552 0020 00000000 		.4byte	.LFB4
 1553 0024 2C000000 		.4byte	.LFE4
 1554 0028 00000000 		.4byte	.LFB5
 1555 002c 68000000 		.4byte	.LFE5
 1556 0030 00000000 		.4byte	.LFB6
 1557 0034 68000000 		.4byte	.LFE6
 1558 0038 00000000 		.4byte	0
 1559 003c 00000000 		.4byte	0
 1560              		.section	.debug_line,"",%progbits
 1561              	.Ldebug_line0:
 1562 0000 F7000000 		.section	.debug_str,"MS",%progbits,1
 1562      02004E00 
 1562      00000201 
 1562      FB0E0D00 
 1562      01010101 
 1563              	.LASF29:
 1564 0000 48696768 		.ascii	"HighFrequencies_2_Wave2Setup\000"
 1564      46726571 
 1564      75656E63 
 1564      6965735F 
 1564      325F5761 
 1565              	.LASF38:
 1566 001d 47656E65 		.ascii	"Generated_Source\\PSoC5\\HighFrequencies_2.c\000"
 1566      72617465 
 1566      645F536F 
 1566      75726365 
 1566      5C50536F 
 1567              	.LASF37:
 1568 0048 474E5520 		.ascii	"GNU C11 5.4.1 20160609 (release) [ARM/embedded-5-br"
 1568      43313120 
 1568      352E342E 
 1568      31203230 
 1568      31363036 
 1569 007b 616E6368 		.ascii	"anch revision 237715] -mcpu=cortex-m3 -mthumb -g -O"
 1569      20726576 
 1569      6973696F 
ARM GAS  C:\Users\riveraes\AppData\Local\Temp\cchRvcsA.s 			page 34


 1569      6E203233 
 1569      37373135 
 1570 00ae 30202D66 		.ascii	"0 -ffunction-sections -ffat-lto-objects\000"
 1570      66756E63 
 1570      74696F6E 
 1570      2D736563 
 1570      74696F6E 
 1571              	.LASF3:
 1572 00d6 73686F72 		.ascii	"short unsigned int\000"
 1572      7420756E 
 1572      7369676E 
 1572      65642069 
 1572      6E7400
 1573              	.LASF17:
 1574 00e9 48696768 		.ascii	"HighFrequencies_2_Init\000"
 1574      46726571 
 1574      75656E63 
 1574      6965735F 
 1574      325F496E 
 1575              	.LASF20:
 1576 0100 77617665 		.ascii	"wavePtr1\000"
 1576      50747231 
 1576      00
 1577              	.LASF22:
 1578 0109 77617665 		.ascii	"wavePtr2\000"
 1578      50747232 
 1578      00
 1579              	.LASF12:
 1580 0112 666C6F61 		.ascii	"float\000"
 1580      7400
 1581              	.LASF28:
 1582 0118 73616D70 		.ascii	"sampleSize\000"
 1582      6C655369 
 1582      7A6500
 1583              	.LASF30:
 1584 0123 48696768 		.ascii	"HighFrequencies_2_Wave1Chan\000"
 1584      46726571 
 1584      75656E63 
 1584      6965735F 
 1584      325F5761 
 1585              	.LASF5:
 1586 013f 6C6F6E67 		.ascii	"long unsigned int\000"
 1586      20756E73 
 1586      69676E65 
 1586      6420696E 
 1586      7400
 1587              	.LASF27:
 1588 0151 77617665 		.ascii	"wavePtr\000"
 1588      50747200 
 1589              	.LASF9:
 1590 0159 75696E74 		.ascii	"uint8\000"
 1590      3800
 1591              	.LASF21:
 1592 015f 73616D70 		.ascii	"sampleSize1\000"
 1592      6C655369 
 1592      7A653100 
 1593              	.LASF23:
ARM GAS  C:\Users\riveraes\AppData\Local\Temp\cchRvcsA.s 			page 35


 1594 016b 73616D70 		.ascii	"sampleSize2\000"
 1594      6C655369 
 1594      7A653200 
 1595              	.LASF39:
 1596 0177 433A5C55 		.ascii	"C:\\Users\\riveraes\\Documents\\LaptopPublic\\Maest"
 1596      73657273 
 1596      5C726976 
 1596      65726165 
 1596      735C446F 
 1597 01a5 7269615C 		.ascii	"ria\\MP6157_Adquisicion y procesamiento de datos\\P"
 1597      4D503631 
 1597      35375F41 
 1597      64717569 
 1597      73696369 
 1598 01d6 726F7965 		.ascii	"royecto1\\CE95277 ADC and UART\\CE95277 ADC and UAR"
 1598      63746F31 
 1598      5C434539 
 1598      35323737 
 1598      20414443 
 1599 0207 542E6379 		.ascii	"T.cydsn\000"
 1599      64736E00 
 1600              	.LASF1:
 1601 020f 756E7369 		.ascii	"unsigned char\000"
 1601      676E6564 
 1601      20636861 
 1601      7200
 1602              	.LASF13:
 1603 021d 646F7562 		.ascii	"double\000"
 1603      6C6500
 1604              	.LASF36:
 1605 0224 48696768 		.ascii	"HighFrequencies_2_wave2\000"
 1605      46726571 
 1605      75656E63 
 1605      6965735F 
 1605      325F7761 
 1606              	.LASF24:
 1607 023c 48696768 		.ascii	"HighFrequencies_2_Stop\000"
 1607      46726571 
 1607      75656E63 
 1607      6965735F 
 1607      325F5374 
 1608              	.LASF10:
 1609 0253 75696E74 		.ascii	"uint16\000"
 1609      313600
 1610              	.LASF11:
 1611 025a 75696E74 		.ascii	"uint32\000"
 1611      333200
 1612              	.LASF8:
 1613 0261 756E7369 		.ascii	"unsigned int\000"
 1613      676E6564 
 1613      20696E74 
 1613      00
 1614              	.LASF31:
 1615 026e 48696768 		.ascii	"HighFrequencies_2_Wave2Chan\000"
 1615      46726571 
 1615      75656E63 
 1615      6965735F 
ARM GAS  C:\Users\riveraes\AppData\Local\Temp\cchRvcsA.s 			page 36


 1615      325F5761 
 1616              	.LASF25:
 1617 028a 48696768 		.ascii	"HighFrequencies_2_StartEx\000"
 1617      46726571 
 1617      75656E63 
 1617      6965735F 
 1617      325F5374 
 1618              	.LASF7:
 1619 02a4 6C6F6E67 		.ascii	"long long unsigned int\000"
 1619      206C6F6E 
 1619      6720756E 
 1619      7369676E 
 1619      65642069 
 1620              	.LASF32:
 1621 02bb 48696768 		.ascii	"HighFrequencies_2_Wave1TD\000"
 1621      46726571 
 1621      75656E63 
 1621      6965735F 
 1621      325F5761 
 1622              	.LASF26:
 1623 02d5 48696768 		.ascii	"HighFrequencies_2_Wave1Setup\000"
 1623      46726571 
 1623      75656E63 
 1623      6965735F 
 1623      325F5761 
 1624              	.LASF16:
 1625 02f2 73697A65 		.ascii	"sizetype\000"
 1625      74797065 
 1625      00
 1626              	.LASF34:
 1627 02fb 48696768 		.ascii	"HighFrequencies_2_initVar\000"
 1627      46726571 
 1627      75656E63 
 1627      6965735F 
 1627      325F696E 
 1628              	.LASF6:
 1629 0315 6C6F6E67 		.ascii	"long long int\000"
 1629      206C6F6E 
 1629      6720696E 
 1629      7400
 1630              	.LASF14:
 1631 0323 63686172 		.ascii	"char\000"
 1631      00
 1632              	.LASF2:
 1633 0328 73686F72 		.ascii	"short int\000"
 1633      7420696E 
 1633      7400
 1634              	.LASF19:
 1635 0332 48696768 		.ascii	"HighFrequencies_2_Start\000"
 1635      46726571 
 1635      75656E63 
 1635      6965735F 
 1635      325F5374 
 1636              	.LASF4:
 1637 034a 6C6F6E67 		.ascii	"long int\000"
 1637      20696E74 
 1637      00
ARM GAS  C:\Users\riveraes\AppData\Local\Temp\cchRvcsA.s 			page 37


 1638              	.LASF15:
 1639 0353 6C6F6E67 		.ascii	"long double\000"
 1639      20646F75 
 1639      626C6500 
 1640              	.LASF0:
 1641 035f 7369676E 		.ascii	"signed char\000"
 1641      65642063 
 1641      68617200 
 1642              	.LASF18:
 1643 036b 48696768 		.ascii	"HighFrequencies_2_Enable\000"
 1643      46726571 
 1643      75656E63 
 1643      6965735F 
 1643      325F456E 
 1644              	.LASF33:
 1645 0384 48696768 		.ascii	"HighFrequencies_2_Wave2TD\000"
 1645      46726571 
 1645      75656E63 
 1645      6965735F 
 1645      325F5761 
 1646              	.LASF35:
 1647 039e 48696768 		.ascii	"HighFrequencies_2_wave1\000"
 1647      46726571 
 1647      75656E63 
 1647      6965735F 
 1647      325F7761 
 1648              		.ident	"GCC: (GNU Tools for ARM Embedded Processors) 5.4.1 20160609 (release) [ARM/embedded-5-bran
